data/ecommerce_pricing_data.csv
product_id,product_name,price,units_sold,page_views,conversion_rate,product_category,date
P-1001,Wireless Earbuds,135.76,24,1564,0.0153,Electronics,2025-01-01
P-1001,Wireless Earbuds,140.96,31,1504,0.0206,Electronics,2025-01-02
P-1001,Wireless Earbuds,140.58,18,1268,0.0142,Electronics,2025-01-03
P-1001,Wireless Earbuds,142.02,25,1760,0.0142,Electronics,2025-01-04
P-1001,Wireless Earbuds,139.34,26,1663,0.0156,Electronics,2025-01-05
P-1001,Wireless Earbuds,133.58,17,1300,0.0131,Electronics,2025-01-06
P-1001,Wireless Earbuds,137.46,23,1191,0.0193,Electronics,2025-01-07
P-1001,Wireless Earbuds,137.64,19,1167,0.0163,Electronics,2025-01-08
P-1001,Wireless Earbuds,139.44,19,1011,0.0188,Electronics,2025-01-09
P-1001,Wireless Earbuds,139.91,22,1459,0.0151,Electronics,2025-01-10
P-1001,Wireless Earbuds,136.41,21,1201,0.0175,Electronics,2025-01-11
P-1001,Wireless Earbuds,137.09,17,1560,0.0109,Electronics,2025-01-12
P-1001,Wireless Earbuds,130.9,16,1064,0.015,Electronics,2025-01-13
P-1001,Wireless Earbuds,133.18,26,1902,0.0137,Electronics,2025-01-14
P-1001,Wireless Earbuds,138.94,22,1260,0.0175,Electronics,2025-01-15
P-1001,Wireless Earbuds,141.01,16,1250,0.0128,Electronics,2025-01-16
P-1001,Wireless Earbuds,134.37,22,1374,0.016,Electronics,2025-01-17
P-1001,Wireless Earbuds,137.41,26,1443,0.018,Electronics,2025-01-18
P-1001,Wireless Earbuds,148.47,21,1466,0.0143,Electronics,2025-01-19
P-1001,Wireless Earbuds,138.89,22,1035,0.0213,Electronics,2025-01-20
P-1001,Wireless Earbuds,151.01,15,1155,0.013,Electronics,2025-01-21
P-1001,Wireless Earbuds,142.08,20,1267,0.0158,Electronics,2025-01-22
P-1001,Wireless Earbuds,145.85,19,1321,0.0144,Electronics,2025-01-23
P-1001,Wireless Earbuds,147.86,22,1332,0.0165,Electronics,2025-01-24
P-1001,Wireless Earbuds,150.98,15,1200,0.0125,Electronics,2025-01-25
P-1001,Wireless Earbuds,144.06,17,980,0.0173,Electronics,2025-01-26
P-1001,Wireless Earbuds,132.58,19,1426,0.0133,Electronics,2025-01-27
P-1001,Wireless Earbuds,127.07,15,1137,0.0132,Electronics,2025-01-28
P-1001,Wireless Earbuds,131.07,19,991,0.0192,Electronics,2025-01-29
P-1001,Wireless Earbuds,137.69,22,1135,0.0194,Electronics,2025-01-30
P-1001,Wireless Earbuds,130.85,16,1143,0.014,Electronics,2025-01-31
P-1001,Wireless Earbuds,133.38,23,1439,0.016,Electronics,2025-02-01
P-1001,Wireless Earbuds,130.62,22,1334,0.0165,Electronics,2025-02-02
P-1001,Wireless Earbuds,134.88,22,1370,0.0161,Electronics,2025-02-03
P-1001,Wireless Earbuds,130.14,21,1151,0.0182,Electronics,2025-02-04
P-1001,Wireless Earbuds,133.29,22,1238,0.0178,Electronics,2025-02-05
P-1001,Wireless Earbuds,131.44,19,1169,0.0163,Electronics,2025-02-06
P-1001,Wireless Earbuds,120.6,19,1166,0.0163,Electronics,2025-02-07
P-1001,Wireless Earbuds,109.56,18,1294,0.0139,Electronics,2025-02-08
P-1001,Wireless Earbuds,102.68,30,1194,0.0251,Electronics,2025-02-09
P-1001,Wireless Earbuds,107.35,29,1077,0.0269,Electronics,2025-02-10
P-1001,Wireless Earbuds,110.5,16,923,0.0173,Electronics,2025-02-11
P-1001,Wireless Earbuds,108.89,28,1464,0.0191,Electronics,2025-02-12
P-1001,Wireless Earbuds,125.86,11,954,0.0115,Electronics,2025-02-13
P-1001,Wireless Earbuds,127.7,25,1269,0.0197,Electronics,2025-02-14
P-1001,Wireless Earbuds,131.35,16,1218,0.0131,Electronics,2025-02-15
P-1001,Wireless Earbuds,126.62,26,1269,0.0205,Electronics,2025-02-16
P-1001,Wireless Earbuds,136.8,21,1175,0.0179,Electronics,2025-02-17
P-1001,Wireless Earbuds,132.85,6,762,0.0079,Electronics,2025-02-18
P-1001,Wireless Earbuds,127.69,26,1153,0.0225,Electronics,2025-02-19
P-1001,Wireless Earbuds,134.39,18,1048,0.0172,Electronics,2025-02-20
P-1001,Wireless Earbuds,132.21,27,1228,0.022,Electronics,2025-02-21
P-1001,Wireless Earbuds,140.26,20,1529,0.0131,Electronics,2025-02-22
P-1001,Wireless Earbuds,134.65,21,1158,0.0181,Electronics,2025-02-23
P-1001,Wireless Earbuds,130.72,24,1288,0.0186,Electronics,2025-02-24
P-1001,Wireless Earbuds,132.88,14,898,0.0156,Electronics,2025-02-25
P-1001,Wireless Earbuds,137.77,13,1036,0.0125,Electronics,2025-02-26
P-1001,Wireless Earbuds,133.42,19,1013,0.0188,Electronics,2025-02-27
P-1001,Wireless Earbuds,135.09,24,1087,0.0221,Electronics,2025-02-28
P-1001,Wireless Earbuds,136.46,22,1131,0.0195,Electronics,2025-03-01
P-1001,Wireless Earbuds,133.59,30,1762,0.017,Electronics,2025-03-02
P-1001,Wireless Earbuds,138.97,25,1177,0.0212,Electronics,2025-03-03
P-1001,Wireless Earbuds,135.69,23,977,0.0235,Electronics,2025-03-04
P-1001,Wireless Earbuds,136.79,20,1233,0.0162,Electronics,2025-03-05
P-1001,Wireless Earbuds,139.79,13,910,0.0143,Electronics,2025-03-06
P-1001,Wireless Earbuds,140.37,20,1349,0.0148,Electronics,2025-03-07
P-1001,Wireless Earbuds,134.99,30,1389,0.0216,Electronics,2025-03-08
P-1001,Wireless Earbuds,139.34,17,1042,0.0163,Electronics,2025-03-09
P-1001,Wireless Earbuds,142.72,18,1140,0.0158,Electronics,2025-03-10
P-1001,Wireless Earbuds,137.78,23,1321,0.0174,Electronics,2025-03-11
P-1001,Wireless Earbuds,138.09,19,1110,0.0171,Electronics,2025-03-12
P-1001,Wireless Earbuds,141.11,16,1144,0.014,Electronics,2025-03-13
P-1001,Wireless Earbuds,138.96,20,1106,0.0181,Electronics,2025-03-14
P-1001,Wireless Earbuds,139.73,27,1418,0.019,Electronics,2025-03-15
P-1001,Wireless Earbuds,139.29,16,1027,0.0156,Electronics,2025-03-16
P-1001,Wireless Earbuds,140.98,15,1047,0.0143,Electronics,2025-03-17
P-1001,Wireless Earbuds,137.08,22,1098,0.02,Electronics,2025-03-18
P-1001,Wireless Earbuds,141.74,17,976,0.0174,Electronics,2025-03-19
P-1001,Wireless Earbuds,145.16,15,1038,0.0145,Electronics,2025-03-20
P-1001,Wireless Earbuds,138.98,15,1058,0.0142,Electronics,2025-03-21
P-1001,Wireless Earbuds,121.29,38,1538,0.0247,Electronics,2025-03-22
P-1001,Wireless Earbuds,113.81,43,1399,0.0307,Electronics,2025-03-23
P-1001,Wireless Earbuds,128.1,24,1337,0.018,Electronics,2025-03-24
P-1001,Wireless Earbuds,113.98,26,1157,0.0225,Electronics,2025-03-25
P-1001,Wireless Earbuds,119.85,21,876,0.024,Electronics,2025-03-26
P-1001,Wireless Earbuds,130.03,31,1221,0.0254,Electronics,2025-03-27
P-1001,Wireless Earbuds,153.64,13,1071,0.0121,Electronics,2025-03-28
P-1001,Wireless Earbuds,150.14,21,1205,0.0174,Electronics,2025-03-29
P-1001,Wireless Earbuds,149.44,13,1263,0.0103,Electronics,2025-03-30
P-1001,Wireless Earbuds,155.32,15,945,0.0159,Electronics,2025-03-31
P-1001,Wireless Earbuds,149.17,15,1101,0.0136,Electronics,2025-04-01
P-1001,Wireless Earbuds,152.37,23,1236,0.0186,Electronics,2025-04-02
P-1001,Wireless Earbuds,152.5,20,1214,0.0165,Electronics,2025-04-03
P-1001,Wireless Earbuds,137.02,20,1118,0.0179,Electronics,2025-04-04
P-1001,Wireless Earbuds,136.98,22,1608,0.0137,Electronics,2025-04-05
P-1001,Wireless Earbuds,137.2,31,1644,0.0189,Electronics,2025-04-06
P-1001,Wireless Earbuds,138.24,22,1267,0.0174,Electronics,2025-04-07
P-1001,Wireless Earbuds,138,24,1165,0.0206,Electronics,2025-04-08
P-1001,Wireless Earbuds,131.88,21,982,0.0214,Electronics,2025-04-09
P-1001,Wireless Earbuds,142.96,25,1293,0.0193,Electronics,2025-04-10
P-1001,Wireless Earbuds,135.75,30,1281,0.0234,Electronics,2025-04-11
P-1001,Wireless Earbuds,130.99,23,1643,0.014,Electronics,2025-04-12
P-1001,Wireless Earbuds,132.66,30,1467,0.0204,Electronics,2025-04-13
P-1001,Wireless Earbuds,133.17,15,1042,0.0144,Electronics,2025-04-14
P-1001,Wireless Earbuds,132.96,24,1517,0.0158,Electronics,2025-04-15
P-1001,Wireless Earbuds,138.18,21,990,0.0212,Electronics,2025-04-16
P-1001,Wireless Earbuds,134.29,25,1556,0.0161,Electronics,2025-04-17
P-1001,Wireless Earbuds,130.46,17,1178,0.0144,Electronics,2025-04-18
P-1001,Wireless Earbuds,130.62,25,1484,0.0168,Electronics,2025-04-19
P-1001,Wireless Earbuds,129.37,25,1198,0.0209,Electronics,2025-04-20
P-1001,Wireless Earbuds,132.45,28,1284,0.0218,Electronics,2025-04-21
P-1001,Wireless Earbuds,134.14,19,1282,0.0148,Electronics,2025-04-22
P-1001,Wireless Earbuds,133.09,16,1020,0.0157,Electronics,2025-04-23
P-1001,Wireless Earbuds,131.56,36,1419,0.0254,Electronics,2025-04-24
P-1001,Wireless Earbuds,132.15,15,1048,0.0143,Electronics,2025-04-25
P-1001,Wireless Earbuds,128.96,22,1346,0.0163,Electronics,2025-04-26
P-1001,Wireless Earbuds,132.46,25,1250,0.02,Electronics,2025-04-27
P-1001,Wireless Earbuds,133.34,26,1398,0.0186,Electronics,2025-04-28
P-1001,Wireless Earbuds,132.79,17,1092,0.0156,Electronics,2025-04-29
P-1001,Wireless Earbuds,129.92,27,1140,0.0237,Electronics,2025-04-30
P-1001,Wireless Earbuds,132.14,21,1260,0.0167,Electronics,2025-05-01
P-1001,Wireless Earbuds,128.18,24,1459,0.0164,Electronics,2025-05-02
P-1001,Wireless Earbuds,133.73,21,1570,0.0134,Electronics,2025-05-03
P-1001,Wireless Earbuds,106.68,37,1451,0.0255,Electronics,2025-05-04
P-1001,Wireless Earbuds,116.38,30,1670,0.018,Electronics,2025-05-05
P-1002,USB-C Docking Hub,180.45,86,2640,0.0326,Electronics,2025-01-01
P-1002,USB-C Docking Hub,180.99,94,2844,0.0331,Electronics,2025-01-02
P-1002,USB-C Docking Hub,181.21,80,2234,0.0358,Electronics,2025-01-03
P-1002,USB-C Docking Hub,183.83,79,2790,0.0283,Electronics,2025-01-04
P-1002,USB-C Docking Hub,182.69,102,3750,0.0272,Electronics,2025-01-05
P-1002,USB-C Docking Hub,174.55,67,2010,0.0333,Electronics,2025-01-06
P-1002,USB-C Docking Hub,175.23,61,2216,0.0275,Electronics,2025-01-07
P-1002,USB-C Docking Hub,180.09,59,2101,0.0281,Electronics,2025-01-08
P-1002,USB-C Docking Hub,173.62,70,2167,0.0323,Electronics,2025-01-09
P-1002,USB-C Docking Hub,196.74,50,1920,0.026,Electronics,2025-01-10
P-1002,USB-C Docking Hub,194.78,55,2583,0.0213,Electronics,2025-01-11
P-1002,USB-C Docking Hub,188.31,59,2273,0.026,Electronics,2025-01-12
P-1002,USB-C Docking Hub,187.6,92,3070,0.03,Electronics,2025-01-13
P-1002,USB-C Docking Hub,189.13,60,2520,0.0238,Electronics,2025-01-14
P-1002,USB-C Docking Hub,193.71,80,2376,0.0337,Electronics,2025-01-15
P-1002,USB-C Docking Hub,187.68,44,1699,0.0259,Electronics,2025-01-16
P-1002,USB-C Docking Hub,187.81,70,2259,0.031,Electronics,2025-01-17
P-1002,USB-C Docking Hub,169.56,124,3232,0.0384,Electronics,2025-01-18
P-1002,USB-C Docking Hub,175.19,84,2248,0.0374,Electronics,2025-01-19
P-1002,USB-C Docking Hub,166.24,99,2281,0.0434,Electronics,2025-01-20
P-1002,USB-C Docking Hub,167.17,74,2193,0.0337,Electronics,2025-01-21
P-1002,USB-C Docking Hub,169.71,49,2035,0.0241,Electronics,2025-01-22
P-1002,USB-C Docking Hub,168.23,78,2731,0.0286,Electronics,2025-01-23
P-1002,USB-C Docking Hub,167.42,103,2937,0.0351,Electronics,2025-01-24
P-1002,USB-C Docking Hub,168.88,90,2239,0.0402,Electronics,2025-01-25
P-1002,USB-C Docking Hub,175.34,95,3238,0.0293,Electronics,2025-01-26
P-1002,USB-C Docking Hub,169.22,78,1881,0.0415,Electronics,2025-01-27
P-1002,USB-C Docking Hub,169.72,69,2058,0.0335,Electronics,2025-01-28
P-1002,USB-C Docking Hub,168.02,73,1939,0.0376,Electronics,2025-01-29
P-1002,USB-C Docking Hub,164.33,82,2133,0.0384,Electronics,2025-01-30
P-1002,USB-C Docking Hub,162.43,89,2366,0.0376,Electronics,2025-01-31
P-1002,USB-C Docking Hub,162.49,100,2685,0.0372,Electronics,2025-02-01
P-1002,USB-C Docking Hub,151.36,127,3042,0.0417,Electronics,2025-02-02
P-1002,USB-C Docking Hub,130.12,119,2135,0.0557,Electronics,2025-02-03
P-1002,USB-C Docking Hub,139.63,111,2584,0.043,Electronics,2025-02-04
P-1002,USB-C Docking Hub,130.11,145,2345,0.0618,Electronics,2025-02-05
P-1002,USB-C Docking Hub,134.61,121,2397,0.0505,Electronics,2025-02-06
P-1002,USB-C Docking Hub,132.56,148,2284,0.0648,Electronics,2025-02-07
P-1002,USB-C Docking Hub,158.73,97,2742,0.0354,Electronics,2025-02-08
P-1002,USB-C Docking Hub,162.05,89,1981,0.0449,Electronics,2025-02-09
P-1002,USB-C Docking Hub,159.77,91,2396,0.038,Electronics,2025-02-10
P-1002,USB-C Docking Hub,166.9,73,2164,0.0337,Electronics,2025-02-11
P-1002,USB-C Docking Hub,169.07,80,2273,0.0352,Electronics,2025-02-12
P-1002,USB-C Docking Hub,166.3,81,2505,0.0323,Electronics,2025-02-13
P-1002,USB-C Docking Hub,159.76,81,2492,0.0325,Electronics,2025-02-14
P-1002,USB-C Docking Hub,162.98,88,2526,0.0348,Electronics,2025-02-15
P-1002,USB-C Docking Hub,161.25,99,2392,0.0414,Electronics,2025-02-16
P-1002,USB-C Docking Hub,176.01,71,1907,0.0372,Electronics,2025-02-17
P-1002,USB-C Docking Hub,169.69,97,2528,0.0384,Electronics,2025-02-18
P-1002,USB-C Docking Hub,158.96,76,1961,0.0388,Electronics,2025-02-19
P-1002,USB-C Docking Hub,164.67,99,2081,0.0476,Electronics,2025-02-20
P-1002,USB-C Docking Hub,170,82,2486,0.033,Electronics,2025-02-21
P-1002,USB-C Docking Hub,172.03,82,2205,0.0372,Electronics,2025-02-22
P-1002,USB-C Docking Hub,164.13,58,1938,0.0299,Electronics,2025-02-23
P-1002,USB-C Docking Hub,178.82,64,2432,0.0263,Electronics,2025-02-24
P-1002,USB-C Docking Hub,166.99,64,2273,0.0282,Electronics,2025-02-25
P-1002,USB-C Docking Hub,173.99,73,1838,0.0397,Electronics,2025-02-26
P-1002,USB-C Docking Hub,178.03,69,2569,0.0269,Electronics,2025-02-27
P-1002,USB-C Docking Hub,171.86,68,2113,0.0322,Electronics,2025-02-28
P-1002,USB-C Docking Hub,176.75,83,2524,0.0329,Electronics,2025-03-01
P-1002,USB-C Docking Hub,172.78,99,3100,0.0319,Electronics,2025-03-02
P-1002,USB-C Docking Hub,170.14,111,2477,0.0448,Electronics,2025-03-03
P-1002,USB-C Docking Hub,175.14,47,1576,0.0298,Electronics,2025-03-04
P-1002,USB-C Docking Hub,179.02,62,1732,0.0358,Electronics,2025-03-05
P-1002,USB-C Docking Hub,173.81,50,1796,0.0278,Electronics,2025-03-06
P-1002,USB-C Docking Hub,178.84,78,2393,0.0326,Electronics,2025-03-07
P-1002,USB-C Docking Hub,176.2,86,2402,0.0358,Electronics,2025-03-08
P-1002,USB-C Docking Hub,174.8,76,2354,0.0323,Electronics,2025-03-09
P-1002,USB-C Docking Hub,173.58,78,2313,0.0337,Electronics,2025-03-10
P-1002,USB-C Docking Hub,177.5,77,2025,0.038,Electronics,2025-03-11
P-1002,USB-C Docking Hub,172.73,69,1949,0.0354,Electronics,2025-03-12
P-1002,USB-C Docking Hub,175.48,65,1736,0.0374,Electronics,2025-03-13
P-1002,USB-C Docking Hub,180.32,43,1544,0.0278,Electronics,2025-03-14
P-1002,USB-C Docking Hub,176.81,75,2071,0.0362,Electronics,2025-03-15
P-1002,USB-C Docking Hub,182.8,69,2326,0.0297,Electronics,2025-03-16
P-1002,USB-C Docking Hub,147.53,88,1983,0.0444,Electronics,2025-03-17
P-1002,USB-C Docking Hub,165.09,73,1831,0.0399,Electronics,2025-03-18
P-1002,USB-C Docking Hub,160,70,1690,0.0414,Electronics,2025-03-19
P-1002,USB-C Docking Hub,184.87,73,2171,0.0336,Electronics,2025-03-20
P-1002,USB-C Docking Hub,158.77,89,2212,0.0402,Electronics,2025-03-21
P-1002,USB-C Docking Hub,160.79,129,2666,0.0484,Electronics,2025-03-22
P-1002,USB-C Docking Hub,202.54,64,2557,0.025,Electronics,2025-03-23
P-1002,USB-C Docking Hub,184.25,67,2051,0.0327,Electronics,2025-03-24
P-1002,USB-C Docking Hub,201.56,36,1960,0.0184,Electronics,2025-03-25
P-1002,USB-C Docking Hub,174.6,69,2180,0.0317,Electronics,2025-03-26
P-1002,USB-C Docking Hub,173.62,85,2515,0.0338,Electronics,2025-03-27
P-1002,USB-C Docking Hub,181.76,83,2461,0.0337,Electronics,2025-03-28
P-1002,USB-C Docking Hub,173.55,79,2311,0.0342,Electronics,2025-03-29
P-1002,USB-C Docking Hub,175.63,91,2199,0.0414,Electronics,2025-03-30
P-1002,USB-C Docking Hub,171.87,133,3162,0.0421,Electronics,2025-03-31
P-1002,USB-C Docking Hub,174.05,61,1918,0.0318,Electronics,2025-04-01
P-1002,USB-C Docking Hub,173.47,96,2495,0.0385,Electronics,2025-04-02
P-1002,USB-C Docking Hub,176.26,91,2609,0.0349,Electronics,2025-04-03
P-1002,USB-C Docking Hub,181.04,82,2510,0.0327,Electronics,2025-04-04
P-1002,USB-C Docking Hub,181.47,66,2144,0.0308,Electronics,2025-04-05
P-1002,USB-C Docking Hub,180.5,77,2332,0.033,Electronics,2025-04-06
P-1002,USB-C Docking Hub,167.79,66,2114,0.0312,Electronics,2025-04-07
P-1002,USB-C Docking Hub,170.05,103,2465,0.0418,Electronics,2025-04-08
P-1002,USB-C Docking Hub,167.53,112,2787,0.0402,Electronics,2025-04-09
P-1002,USB-C Docking Hub,171.7,64,2209,0.029,Electronics,2025-04-10
P-1002,USB-C Docking Hub,169.56,88,2253,0.0391,Electronics,2025-04-11
P-1002,USB-C Docking Hub,173.42,61,2454,0.0249,Electronics,2025-04-12
P-1002,USB-C Docking Hub,175.76,98,2606,0.0376,Electronics,2025-04-13
P-1002,USB-C Docking Hub,173.65,109,2190,0.0498,Electronics,2025-04-14
P-1002,USB-C Docking Hub,172.13,57,2020,0.0282,Electronics,2025-04-15
P-1002,USB-C Docking Hub,163.52,107,2394,0.0447,Electronics,2025-04-16
P-1002,USB-C Docking Hub,174.05,77,2457,0.0313,Electronics,2025-04-17
P-1002,USB-C Docking Hub,174.25,78,2213,0.0352,Electronics,2025-04-18
P-1002,USB-C Docking Hub,170.45,65,2097,0.031,Electronics,2025-04-19
P-1002,USB-C Docking Hub,163.31,121,2733,0.0443,Electronics,2025-04-20
P-1002,USB-C Docking Hub,169.88,87,2503,0.0348,Electronics,2025-04-21
P-1002,USB-C Docking Hub,169.35,75,2461,0.0305,Electronics,2025-04-22
P-1002,USB-C Docking Hub,167.86,80,2428,0.0329,Electronics,2025-04-23
P-1002,USB-C Docking Hub,170.24,71,2189,0.0324,Electronics,2025-04-24
P-1002,USB-C Docking Hub,164.59,78,2154,0.0362,Electronics,2025-04-25
P-1002,USB-C Docking Hub,163.35,118,2640,0.0447,Electronics,2025-04-26
P-1002,USB-C Docking Hub,167.26,99,2912,0.034,Electronics,2025-04-27
P-1002,USB-C Docking Hub,169.71,104,2656,0.0392,Electronics,2025-04-28
P-1002,USB-C Docking Hub,135.16,106,2020,0.0525,Electronics,2025-04-29
P-1002,USB-C Docking Hub,146.57,110,2352,0.0468,Electronics,2025-04-30
P-1002,USB-C Docking Hub,128.01,191,2867,0.0666,Electronics,2025-05-01
P-1002,USB-C Docking Hub,127.37,202,2517,0.0803,Electronics,2025-05-02
P-1002,USB-C Docking Hub,149.65,168,3488,0.0482,Electronics,2025-05-03
P-1002,USB-C Docking Hub,134.11,136,2404,0.0566,Electronics,2025-05-04
P-1002,USB-C Docking Hub,172.92,82,2511,0.0327,Electronics,2025-05-05
