data/ecommerce_pricing_data.csv
product_id,product_name,price,units_sold,page_views,conversion_rate,product_category,date
P-1003,Smart Home Camera,224.14,31,2315,0.0134,Electronics,2025-01-01
P-1003,Smart Home Camera,223.28,30,1927,0.0156,Electronics,2025-01-02
P-1003,Smart Home Camera,224.21,44,2684,0.0164,Electronics,2025-01-03
P-1003,Smart Home Camera,221.67,33,2556,0.0129,Electronics,2025-01-04
P-1003,Smart Home Camera,227.12,27,2750,0.0098,Electronics,2025-01-05
P-1003,Smart Home Camera,217,32,1915,0.0167,Electronics,2025-01-06
P-1003,Smart Home Camera,225.39,21,1849,0.0114,Electronics,2025-01-07
P-1003,Smart Home Camera,215.35,26,2011,0.0129,Electronics,2025-01-08
P-1003,Smart Home Camera,209.45,24,1764,0.0136,Electronics,2025-01-09
P-1003,Smart Home Camera,204.02,28,1470,0.019,Electronics,2025-01-10
P-1003,Smart Home Camera,204.33,31,2052,0.0151,Electronics,2025-01-11
P-1003,Smart Home Camera,211.95,33,2238,0.0147,Electronics,2025-01-12
P-1003,Smart Home Camera,200.64,23,1865,0.0123,Electronics,2025-01-13
P-1003,Smart Home Camera,203.22,44,2195,0.02,Electronics,2025-01-14
P-1003,Smart Home Camera,208.45,36,2206,0.0163,Electronics,2025-01-15
P-1003,Smart Home Camera,202.31,40,2476,0.0162,Electronics,2025-01-16
P-1003,Smart Home Camera,214.94,29,2306,0.0126,Electronics,2025-01-17
P-1003,Smart Home Camera,207.5,40,2760,0.0145,Electronics,2025-01-18
P-1003,Smart Home Camera,209.29,23,2197,0.0105,Electronics,2025-01-19
P-1003,Smart Home Camera,201.74,19,1482,0.0128,Electronics,2025-01-20
P-1003,Smart Home Camera,212.92,33,2260,0.0146,Electronics,2025-01-21
P-1003,Smart Home Camera,202.29,31,1788,0.0173,Electronics,2025-01-22
P-1003,Smart Home Camera,209.45,20,1764,0.0113,Electronics,2025-01-23
P-1003,Smart Home Camera,204.08,37,1821,0.0203,Electronics,2025-01-24
P-1003,Smart Home Camera,203.33,41,2710,0.0151,Electronics,2025-01-25
P-1003,Smart Home Camera,196.33,37,2242,0.0165,Electronics,2025-01-26
P-1003,Smart Home Camera,203.26,39,2201,0.0177,Electronics,2025-01-27
P-1003,Smart Home Camera,185.97,31,1802,0.0172,Electronics,2025-01-28
P-1003,Smart Home Camera,166.58,43,2331,0.0184,Electronics,2025-01-29
P-1003,Smart Home Camera,186.67,29,1579,0.0184,Electronics,2025-01-30
P-1003,Smart Home Camera,176.64,34,1804,0.0188,Electronics,2025-01-31
P-1003,Smart Home Camera,166.71,32,1992,0.0161,Electronics,2025-02-01
P-1003,Smart Home Camera,173.42,43,2497,0.0172,Electronics,2025-02-02
P-1003,Smart Home Camera,196.42,34,1991,0.0171,Electronics,2025-02-03
P-1003,Smart Home Camera,205.95,24,2350,0.0102,Electronics,2025-02-04
P-1003,Smart Home Camera,198.62,48,2578,0.0186,Electronics,2025-02-05
P-1003,Smart Home Camera,212.27,36,2275,0.0158,Electronics,2025-02-06
P-1003,Smart Home Camera,203.11,25,1835,0.0136,Electronics,2025-02-07
P-1003,Smart Home Camera,196.65,38,2279,0.0167,Electronics,2025-02-08
P-1003,Smart Home Camera,202.72,28,1886,0.0148,Electronics,2025-02-09
P-1003,Smart Home Camera,194.54,20,1458,0.0137,Electronics,2025-02-10
P-1003,Smart Home Camera,195.04,36,2049,0.0176,Electronics,2025-02-11
P-1003,Smart Home Camera,196.33,24,1665,0.0144,Electronics,2025-02-12
P-1003,Smart Home Camera,193.44,26,2005,0.013,Electronics,2025-02-13
P-1003,Smart Home Camera,199.55,37,2325,0.0159,Electronics,2025-02-14
P-1003,Smart Home Camera,195.24,40,2422,0.0165,Electronics,2025-02-15
P-1003,Smart Home Camera,200.01,20,2213,0.009,Electronics,2025-02-16
P-1003,Smart Home Camera,192.93,33,2260,0.0146,Electronics,2025-02-17
P-1003,Smart Home Camera,191.8,30,1970,0.0152,Electronics,2025-02-18
P-1003,Smart Home Camera,194.22,35,2541,0.0138,Electronics,2025-02-19
P-1003,Smart Home Camera,188.88,40,2221,0.018,Electronics,2025-02-20
P-1003,Smart Home Camera,188.9,32,1710,0.0187,Electronics,2025-02-21
P-1003,Smart Home Camera,195.41,41,2450,0.0167,Electronics,2025-02-22
P-1003,Smart Home Camera,192.59,47,2299,0.0204,Electronics,2025-02-23
P-1003,Smart Home Camera,181.67,32,2034,0.0157,Electronics,2025-02-24
P-1003,Smart Home Camera,193.99,24,1728,0.0139,Electronics,2025-02-25
P-1003,Smart Home Camera,184.08,42,2813,0.0149,Electronics,2025-02-26
P-1003,Smart Home Camera,192.37,27,1953,0.0138,Electronics,2025-02-27
P-1003,Smart Home Camera,194.77,35,2055,0.017,Electronics,2025-02-28
P-1003,Smart Home Camera,187.71,50,2932,0.0171,Electronics,2025-03-01
P-1003,Smart Home Camera,196.07,27,2259,0.012,Electronics,2025-03-02
P-1003,Smart Home Camera,195.8,28,1949,0.0144,Electronics,2025-03-03
P-1003,Smart Home Camera,189.6,28,1715,0.0163,Electronics,2025-03-04
P-1003,Smart Home Camera,191.36,26,1528,0.017,Electronics,2025-03-05
P-1003,Smart Home Camera,189.82,24,1530,0.0157,Electronics,2025-03-06
P-1003,Smart Home Camera,195.27,31,1765,0.0176,Electronics,2025-03-07
P-1003,Smart Home Camera,195.3,31,1844,0.0168,Electronics,2025-03-08
P-1003,Smart Home Camera,215.72,28,2087,0.0134,Electronics,2025-03-09
P-1003,Smart Home Camera,222.48,25,1799,0.0139,Electronics,2025-03-10
P-1003,Smart Home Camera,202.05,27,1879,0.0144,Electronics,2025-03-11
P-1003,Smart Home Camera,177.92,34,2035,0.0167,Electronics,2025-03-12
P-1003,Smart Home Camera,189.26,32,1893,0.0169,Electronics,2025-03-13
P-1003,Smart Home Camera,203.27,36,2061,0.0175,Electronics,2025-03-14
P-1003,Smart Home Camera,198.26,42,2322,0.0181,Electronics,2025-03-15
P-1003,Smart Home Camera,186.28,39,2065,0.0189,Electronics,2025-03-16
P-1003,Smart Home Camera,168.46,33,1914,0.0172,Electronics,2025-03-17
P-1003,Smart Home Camera,196.97,23,1864,0.0123,Electronics,2025-03-18
P-1003,Smart Home Camera,199.53,33,1911,0.0173,Electronics,2025-03-19
P-1003,Smart Home Camera,198.84,35,2302,0.0152,Electronics,2025-03-20
P-1003,Smart Home Camera,199.89,24,1766,0.0136,Electronics,2025-03-21
P-1003,Smart Home Camera,207.43,19,2198,0.0086,Electronics,2025-03-22
P-1003,Smart Home Camera,202.83,16,1882,0.0085,Electronics,2025-03-23
P-1003,Smart Home Camera,203.29,32,1641,0.0195,Electronics,2025-03-24
P-1003,Smart Home Camera,203.08,27,1843,0.0147,Electronics,2025-03-25
P-1003,Smart Home Camera,203.45,25,1774,0.0141,Electronics,2025-03-26
P-1003,Smart Home Camera,208.33,35,2006,0.0174,Electronics,2025-03-27
P-1003,Smart Home Camera,205.18,21,1692,0.0124,Electronics,2025-03-28
P-1003,Smart Home Camera,205.9,39,2077,0.0188,Electronics,2025-03-29
P-1003,Smart Home Camera,208.28,26,1757,0.0148,Electronics,2025-03-30
P-1003,Smart Home Camera,208.2,26,1520,0.0171,Electronics,2025-03-31
P-1003,Smart Home Camera,207.42,24,1699,0.0141,Electronics,2025-04-01
P-1003,Smart Home Camera,206.34,46,2270,0.0203,Electronics,2025-04-02
P-1003,Smart Home Camera,203.13,37,1974,0.0187,Electronics,2025-04-03
P-1003,Smart Home Camera,209.46,37,2418,0.0153,Electronics,2025-04-04
P-1003,Smart Home Camera,207.37,46,2210,0.0208,Electronics,2025-04-05
P-1003,Smart Home Camera,201.31,29,1801,0.0161,Electronics,2025-04-06
P-1003,Smart Home Camera,202.8,35,2049,0.0171,Electronics,2025-04-07
P-1003,Smart Home Camera,204.03,26,1590,0.0164,Electronics,2025-04-08
P-1003,Smart Home Camera,212.75,16,1456,0.011,Electronics,2025-04-09
P-1003,Smart Home Camera,204.43,27,1615,0.0167,Electronics,2025-04-10
P-1003,Smart Home Camera,207.78,26,1633,0.0159,Electronics,2025-04-11
P-1003,Smart Home Camera,202.15,17,1631,0.0104,Electronics,2025-04-12
P-1003,Smart Home Camera,208.31,31,1900,0.0163,Electronics,2025-04-13
P-1003,Smart Home Camera,209.35,24,1835,0.0131,Electronics,2025-04-14
P-1003,Smart Home Camera,203.77,26,1522,0.0171,Electronics,2025-04-15
P-1003,Smart Home Camera,209.72,30,1770,0.0169,Electronics,2025-04-16
P-1003,Smart Home Camera,208.52,27,1689,0.016,Electronics,2025-04-17
P-1003,Smart Home Camera,208.98,23,1661,0.0138,Electronics,2025-04-18
P-1003,Smart Home Camera,202.43,33,1981,0.0167,Electronics,2025-04-19
P-1003,Smart Home Camera,198.43,30,1747,0.0172,Electronics,2025-04-20
P-1003,Smart Home Camera,204.9,25,1689,0.0148,Electronics,2025-04-21
P-1003,Smart Home Camera,206.64,26,1466,0.0177,Electronics,2025-04-22
P-1003,Smart Home Camera,203.85,29,1768,0.0164,Electronics,2025-04-23
P-1003,Smart Home Camera,169.51,54,1991,0.0271,Electronics,2025-04-24
P-1003,Smart Home Camera,166.32,24,1542,0.0156,Electronics,2025-04-25
P-1003,Smart Home Camera,158.46,55,1928,0.0285,Electronics,2025-04-26
P-1003,Smart Home Camera,177.94,26,1923,0.0135,Electronics,2025-04-27
P-1003,Smart Home Camera,167.87,37,1676,0.0221,Electronics,2025-04-28
P-1003,Smart Home Camera,175.22,37,1600,0.0231,Electronics,2025-04-29
P-1003,Smart Home Camera,202.68,32,1975,0.0162,Electronics,2025-04-30
P-1003,Smart Home Camera,203.37,38,2071,0.0183,Electronics,2025-05-01
P-1003,Smart Home Camera,196.76,43,2114,0.0203,Electronics,2025-05-02
P-1003,Smart Home Camera,196.49,35,2105,0.0166,Electronics,2025-05-03
P-1003,Smart Home Camera,198.53,52,2684,0.0194,Electronics,2025-05-04
P-1003,Smart Home Camera,196.76,37,2440,0.0152,Electronics,2025-05-05
P-1004,Portable Charger,270.39,9,1007,0.0089,Electronics,2025-01-01
P-1004,Portable Charger,269.62,14,767,0.0183,Electronics,2025-01-02
P-1004,Portable Charger,273.93,12,950,0.0126,Electronics,2025-01-03
P-1004,Portable Charger,269.42,9,757,0.0119,Electronics,2025-01-04
P-1004,Portable Charger,273.34,12,981,0.0122,Electronics,2025-01-05
P-1004,Portable Charger,267.85,9,842,0.0107,Electronics,2025-01-06
P-1004,Portable Charger,267.53,14,751,0.0186,Electronics,2025-01-07
P-1004,Portable Charger,266.45,8,641,0.0125,Electronics,2025-01-08
P-1004,Portable Charger,263.96,16,751,0.0213,Electronics,2025-01-09
P-1004,Portable Charger,263.04,15,749,0.02,Electronics,2025-01-10
P-1004,Portable Charger,270.82,16,1093,0.0146,Electronics,2025-01-11
P-1004,Portable Charger,271.34,10,974,0.0103,Electronics,2025-01-12
P-1004,Portable Charger,268.02,16,1000,0.016,Electronics,2025-01-13
P-1004,Portable Charger,271.18,12,658,0.0182,Electronics,2025-01-14
P-1004,Portable Charger,269.01,11,718,0.0153,Electronics,2025-01-15
P-1004,Portable Charger,272.08,11,677,0.0162,Electronics,2025-01-16
P-1004,Portable Charger,269.41,11,860,0.0128,Electronics,2025-01-17
P-1004,Portable Charger,268.02,8,752,0.0106,Electronics,2025-01-18
P-1004,Portable Charger,268.01,10,884,0.0113,Electronics,2025-01-19
P-1004,Portable Charger,275.53,11,879,0.0125,Electronics,2025-01-20
P-1004,Portable Charger,269.46,9,718,0.0125,Electronics,2025-01-21
P-1004,Portable Charger,270.2,14,997,0.014,Electronics,2025-01-22
P-1004,Portable Charger,235.06,12,761,0.0158,Electronics,2025-01-23
P-1004,Portable Charger,248.84,6,691,0.0087,Electronics,2025-01-24
P-1004,Portable Charger,241.4,18,987,0.0182,Electronics,2025-01-25
P-1004,Portable Charger,232.3,12,839,0.0143,Electronics,2025-01-26
P-1004,Portable Charger,242.7,10,713,0.014,Electronics,2025-01-27
P-1004,Portable Charger,254.96,10,692,0.0145,Electronics,2025-01-28
P-1004,Portable Charger,281.58,11,769,0.0143,Electronics,2025-01-29
P-1004,Portable Charger,271.01,13,622,0.0209,Electronics,2025-01-30
P-1004,Portable Charger,270.2,6,617,0.0097,Electronics,2025-01-31
P-1004,Portable Charger,272.6,10,860,0.0116,Electronics,2025-02-01
P-1004,Portable Charger,277.44,9,958,0.0094,Electronics,2025-02-02
P-1004,Portable Charger,281.95,8,743,0.0108,Electronics,2025-02-03
P-1004,Portable Charger,268.64,11,982,0.0112,Electronics,2025-02-04
P-1004,Portable Charger,279.48,8,634,0.0126,Electronics,2025-02-05
P-1004,Portable Charger,272.98,9,812,0.0111,Electronics,2025-02-06
P-1004,Portable Charger,280.89,13,950,0.0137,Electronics,2025-02-07
P-1004,Portable Charger,282.85,14,1043,0.0134,Electronics,2025-02-08
P-1004,Portable Charger,288.71,16,1216,0.0132,Electronics,2025-02-09
P-1004,Portable Charger,292.83,5,686,0.0073,Electronics,2025-02-10
P-1004,Portable Charger,289.19,11,868,0.0127,Electronics,2025-02-11
P-1004,Portable Charger,281.27,17,1074,0.0158,Electronics,2025-02-12
P-1004,Portable Charger,282.08,11,879,0.0125,Electronics,2025-02-13
P-1004,Portable Charger,284.76,6,747,0.008,Electronics,2025-02-14
P-1004,Portable Charger,286.24,5,947,0.0053,Electronics,2025-02-15
P-1004,Portable Charger,285.03,14,974,0.0144,Electronics,2025-02-16
P-1004,Portable Charger,286.02,10,643,0.0156,Electronics,2025-02-17
P-1004,Portable Charger,283.76,11,842,0.0131,Electronics,2025-02-18
P-1004,Portable Charger,285.86,9,823,0.0109,Electronics,2025-02-19
P-1004,Portable Charger,275.01,8,725,0.011,Electronics,2025-02-20
P-1004,Portable Charger,276.37,12,970,0.0124,Electronics,2025-02-21
P-1004,Portable Charger,285.33,21,940,0.0223,Electronics,2025-02-22
P-1004,Portable Charger,289.26,11,937,0.0117,Electronics,2025-02-23
P-1004,Portable Charger,290.06,10,909,0.011,Electronics,2025-02-24
P-1004,Portable Charger,278.25,11,1029,0.0107,Electronics,2025-02-25
P-1004,Portable Charger,277.68,11,703,0.0156,Electronics,2025-02-26
P-1004,Portable Charger,289.37,8,773,0.0103,Electronics,2025-02-27
P-1004,Portable Charger,292.1,13,1085,0.012,Electronics,2025-02-28
P-1004,Portable Charger,292.64,11,1130,0.0097,Electronics,2025-03-01
P-1004,Portable Charger,310.95,12,933,0.0129,Electronics,2025-03-02
P-1004,Portable Charger,307.59,14,844,0.0166,Electronics,2025-03-03
P-1004,Portable Charger,295.43,10,1055,0.0095,Electronics,2025-03-04
P-1004,Portable Charger,309.89,9,761,0.0118,Electronics,2025-03-05
P-1004,Portable Charger,309.02,3,777,0.0039,Electronics,2025-03-06
P-1004,Portable Charger,246.64,14,890,0.0157,Electronics,2025-03-07
P-1004,Portable Charger,263.99,20,1117,0.0179,Electronics,2025-03-08
P-1004,Portable Charger,245.5,15,768,0.0195,Electronics,2025-03-09
P-1004,Portable Charger,256.18,13,956,0.0136,Electronics,2025-03-10
P-1004,Portable Charger,250.26,18,798,0.0226,Electronics,2025-03-11
P-1004,Portable Charger,244.69,14,880,0.0159,Electronics,2025-03-12
P-1004,Portable Charger,265.57,15,786,0.0191,Electronics,2025-03-13
P-1004,Portable Charger,284.92,13,1037,0.0125,Electronics,2025-03-14
P-1004,Portable Charger,268.2,13,1045,0.0124,Electronics,2025-03-15
P-1004,Portable Charger,272.95,9,870,0.0103,Electronics,2025-03-16
P-1004,Portable Charger,276.61,7,846,0.0083,Electronics,2025-03-17
P-1004,Portable Charger,268.95,12,840,0.0143,Electronics,2025-03-18
P-1004,Portable Charger,270.02,12,772,0.0155,Electronics,2025-03-19
P-1004,Portable Charger,269.28,15,911,0.0165,Electronics,2025-03-20
P-1004,Portable Charger,265.74,15,874,0.0172,Electronics,2025-03-21
P-1004,Portable Charger,267.1,13,952,0.0137,Electronics,2025-03-22
P-1004,Portable Charger,277.44,16,1060,0.0151,Electronics,2025-03-23
P-1004,Portable Charger,276.78,13,774,0.0168,Electronics,2025-03-24
P-1004,Portable Charger,265.81,11,591,0.0186,Electronics,2025-03-25
P-1004,Portable Charger,269.37,7,938,0.0075,Electronics,2025-03-26
P-1004,Portable Charger,264.53,14,936,0.015,Electronics,2025-03-27
P-1004,Portable Charger,266.85,11,885,0.0124,Electronics,2025-03-28
P-1004,Portable Charger,268.02,16,1099,0.0146,Electronics,2025-03-29
P-1004,Portable Charger,269.59,17,1055,0.0161,Electronics,2025-03-30
P-1004,Portable Charger,264.71,19,1118,0.017,Electronics,2025-03-31
P-1004,Portable Charger,273.93,15,995,0.0151,Electronics,2025-04-01
P-1004,Portable Charger,270.27,9,840,0.0107,Electronics,2025-04-02
P-1004,Portable Charger,263.72,10,881,0.0114,Electronics,2025-04-03
P-1004,Portable Charger,271.34,15,1054,0.0142,Electronics,2025-04-04
P-1004,Portable Charger,259.84,14,1004,0.0139,Electronics,2025-04-05
P-1004,Portable Charger,269.32,9,960,0.0094,Electronics,2025-04-06
P-1004,Portable Charger,267.7,16,801,0.02,Electronics,2025-04-07
P-1004,Portable Charger,263.78,12,952,0.0126,Electronics,2025-04-08
P-1004,Portable Charger,276.63,16,1133,0.0141,Electronics,2025-04-09
P-1004,Portable Charger,264.36,17,777,0.0219,Electronics,2025-04-10
P-1004,Portable Charger,267.03,15,958,0.0157,Electronics,2025-04-11
P-1004,Portable Charger,273.35,13,983,0.0132,Electronics,2025-04-12
P-1004,Portable Charger,273.8,12,915,0.0131,Electronics,2025-04-13
P-1004,Portable Charger,275.28,11,836,0.0132,Electronics,2025-04-14
P-1004,Portable Charger,268.67,7,783,0.0089,Electronics,2025-04-15
P-1004,Portable Charger,268.71,16,1067,0.015,Electronics,2025-04-16
P-1004,Portable Charger,267.81,16,852,0.0188,Electronics,2025-04-17
P-1004,Portable Charger,271.82,13,887,0.0147,Electronics,2025-04-18
P-1004,Portable Charger,244.78,13,867,0.015,Electronics,2025-04-19
P-1004,Portable Charger,222.11,21,1076,0.0195,Electronics,2025-04-20
P-1004,Portable Charger,239.73,17,959,0.0177,Electronics,2025-04-21
P-1004,Portable Charger,248.53,12,766,0.0157,Electronics,2025-04-22
P-1004,Portable Charger,238.94,17,756,0.0225,Electronics,2025-04-23
P-1004,Portable Charger,241.51,12,713,0.0168,Electronics,2025-04-24
P-1004,Portable Charger,278.57,15,1008,0.0149,Electronics,2025-04-25
P-1004,Portable Charger,289.15,10,842,0.0119,Electronics,2025-04-26
P-1004,Portable Charger,274.94,6,896,0.0067,Electronics,2025-04-27
P-1004,Portable Charger,287.89,14,933,0.015,Electronics,2025-04-28
P-1004,Portable Charger,286.36,11,762,0.0144,Electronics,2025-04-29
P-1004,Portable Charger,276.6,11,911,0.0121,Electronics,2025-04-30
P-1004,Portable Charger,280.19,16,1101,0.0145,Electronics,2025-05-01
P-1004,Portable Charger,283.94,11,951,0.0116,Electronics,2025-05-02
P-1004,Portable Charger,284.3,7,1090,0.0064,Electronics,2025-05-03
P-1004,Portable Charger,285.19,8,815,0.0098,Electronics,2025-05-04
P-1004,Portable Charger,283.45,13,1007,0.0129,Electronics,2025-05-05
