data/ecommerce_pricing_data.csv
product_id,product_name,price,units_sold,page_views,conversion_rate,product_category,date
P-1005,Bluetooth Speaker,231.19,34,957,0.0355,Electronics,2025-01-01
P-1005,Bluetooth Speaker,229.97,48,1168,0.0411,Electronics,2025-01-02
P-1005,Bluetooth Speaker,227.37,40,1069,0.0374,Electronics,2025-01-03
P-1005,Bluetooth Speaker,228.68,71,1784,0.0398,Electronics,2025-01-04
P-1005,Bluetooth Speaker,227.74,43,1415,0.0304,Electronics,2025-01-05
P-1005,Bluetooth Speaker,232.09,44,1206,0.0365,Electronics,2025-01-06
P-1005,Bluetooth Speaker,235.7,38,1012,0.0375,Electronics,2025-01-07
P-1005,Bluetooth Speaker,236.76,34,796,0.0427,Electronics,2025-01-08
P-1005,Bluetooth Speaker,234.3,40,1179,0.0339,Electronics,2025-01-09
P-1005,Bluetooth Speaker,235.31,54,1468,0.0368,Electronics,2025-01-10
P-1005,Bluetooth Speaker,247.38,42,1128,0.0372,Electronics,2025-01-11
P-1005,Bluetooth Speaker,240.19,33,1110,0.0297,Electronics,2025-01-12
P-1005,Bluetooth Speaker,239.11,41,1216,0.0337,Electronics,2025-01-13
P-1005,Bluetooth Speaker,241.6,35,1156,0.0303,Electronics,2025-01-14
P-1005,Bluetooth Speaker,236.89,38,1123,0.0338,Electronics,2025-01-15
P-1005,Bluetooth Speaker,236.79,38,1023,0.0371,Electronics,2025-01-16
P-1005,Bluetooth Speaker,236.66,41,1062,0.0386,Electronics,2025-01-17
P-1005,Bluetooth Speaker,191.28,64,1429,0.0448,Electronics,2025-01-18
P-1005,Bluetooth Speaker,219.68,34,1073,0.0317,Electronics,2025-01-19
P-1005,Bluetooth Speaker,208.73,63,1466,0.043,Electronics,2025-01-20
P-1005,Bluetooth Speaker,204.62,53,1164,0.0455,Electronics,2025-01-21
P-1005,Bluetooth Speaker,216.85,51,1236,0.0413,Electronics,2025-01-22
P-1005,Bluetooth Speaker,211.31,55,1191,0.0462,Electronics,2025-01-23
P-1005,Bluetooth Speaker,246.32,31,1178,0.0263,Electronics,2025-01-24
P-1005,Bluetooth Speaker,244.11,43,1589,0.0271,Electronics,2025-01-25
P-1005,Bluetooth Speaker,242.45,54,1752,0.0308,Electronics,2025-01-26
P-1005,Bluetooth Speaker,256.96,38,1202,0.0316,Electronics,2025-01-27
P-1005,Bluetooth Speaker,240.76,38,1134,0.0335,Electronics,2025-01-28
P-1005,Bluetooth Speaker,249.87,28,1082,0.0259,Electronics,2025-01-29
P-1005,Bluetooth Speaker,252.37,35,1386,0.0253,Electronics,2025-01-30
P-1005,Bluetooth Speaker,242.74,36,969,0.0372,Electronics,2025-01-31
P-1005,Bluetooth Speaker,252.24,60,1723,0.0348,Electronics,2025-02-01
P-1005,Bluetooth Speaker,245.67,46,1278,0.036,Electronics,2025-02-02
P-1005,Bluetooth Speaker,255.86,33,1176,0.0281,Electronics,2025-02-03
P-1005,Bluetooth Speaker,251.38,37,1106,0.0335,Electronics,2025-02-04
P-1005,Bluetooth Speaker,241.9,38,1407,0.027,Electronics,2025-02-05
P-1005,Bluetooth Speaker,245.86,28,866,0.0323,Electronics,2025-02-06
P-1005,Bluetooth Speaker,247.85,38,1258,0.0302,Electronics,2025-02-07
P-1005,Bluetooth Speaker,249.39,32,1175,0.0272,Electronics,2025-02-08
P-1005,Bluetooth Speaker,247.26,21,1146,0.0183,Electronics,2025-02-09
P-1005,Bluetooth Speaker,243.83,40,1314,0.0304,Electronics,2025-02-10
P-1005,Bluetooth Speaker,242.83,37,1321,0.028,Electronics,2025-02-11
P-1005,Bluetooth Speaker,247.12,37,1290,0.0287,Electronics,2025-02-12
P-1005,Bluetooth Speaker,236.74,40,1180,0.0339,Electronics,2025-02-13
P-1005,Bluetooth Speaker,241.68,39,1168,0.0334,Electronics,2025-02-14
P-1005,Bluetooth Speaker,245.61,53,1570,0.0338,Electronics,2025-02-15
P-1005,Bluetooth Speaker,247.09,57,1569,0.0363,Electronics,2025-02-16
P-1005,Bluetooth Speaker,233.67,59,1408,0.0419,Electronics,2025-02-17
P-1005,Bluetooth Speaker,246.09,42,1516,0.0277,Electronics,2025-02-18
P-1005,Bluetooth Speaker,275.73,28,1142,0.0245,Electronics,2025-02-19
P-1005,Bluetooth Speaker,256.8,34,1391,0.0244,Electronics,2025-02-20
P-1005,Bluetooth Speaker,255.45,39,1344,0.029,Electronics,2025-02-21
P-1005,Bluetooth Speaker,257.53,40,1813,0.0221,Electronics,2025-02-22
P-1005,Bluetooth Speaker,249.4,32,1165,0.0275,Electronics,2025-02-23
P-1005,Bluetooth Speaker,255.37,28,1216,0.023,Electronics,2025-02-24
P-1005,Bluetooth Speaker,269.52,27,1129,0.0239,Electronics,2025-02-25
P-1005,Bluetooth Speaker,266.47,21,1048,0.02,Electronics,2025-02-26
P-1005,Bluetooth Speaker,233.03,38,1073,0.0354,Electronics,2025-02-27
P-1005,Bluetooth Speaker,233.67,35,1063,0.0329,Electronics,2025-02-28
P-1005,Bluetooth Speaker,241.82,43,1512,0.0284,Electronics,2025-03-01
P-1005,Bluetooth Speaker,198.39,89,2128,0.0418,Electronics,2025-03-02
P-1005,Bluetooth Speaker,207.65,65,1380,0.0471,Electronics,2025-03-03
P-1005,Bluetooth Speaker,208.24,56,1299,0.0431,Electronics,2025-03-04
P-1005,Bluetooth Speaker,195.75,60,1185,0.0506,Electronics,2025-03-05
P-1005,Bluetooth Speaker,187.62,48,1110,0.0432,Electronics,2025-03-06
P-1005,Bluetooth Speaker,186.3,57,1344,0.0424,Electronics,2025-03-07
P-1005,Bluetooth Speaker,231.78,52,1431,0.0363,Electronics,2025-03-08
P-1005,Bluetooth Speaker,233.23,49,1691,0.029,Electronics,2025-03-09
P-1005,Bluetooth Speaker,238.07,34,822,0.0414,Electronics,2025-03-10
P-1005,Bluetooth Speaker,224.6,50,1307,0.0383,Electronics,2025-03-11
P-1005,Bluetooth Speaker,233.76,36,1286,0.028,Electronics,2025-03-12
P-1005,Bluetooth Speaker,235.28,49,1299,0.0377,Electronics,2025-03-13
P-1005,Bluetooth Speaker,232.98,36,1346,0.0267,Electronics,2025-03-14
P-1005,Bluetooth Speaker,228.74,51,1521,0.0335,Electronics,2025-03-15
P-1005,Bluetooth Speaker,235.56,39,1419,0.0275,Electronics,2025-03-16
P-1005,Bluetooth Speaker,230.66,36,1036,0.0347,Electronics,2025-03-17
P-1005,Bluetooth Speaker,233.44,34,1229,0.0277,Electronics,2025-03-18
P-1005,Bluetooth Speaker,232.14,36,1212,0.0297,Electronics,2025-03-19
P-1005,Bluetooth Speaker,224.19,38,1208,0.0315,Electronics,2025-03-20
P-1005,Bluetooth Speaker,228.37,39,1349,0.0289,Electronics,2025-03-21
P-1005,Bluetooth Speaker,234.69,37,1278,0.029,Electronics,2025-03-22
P-1005,Bluetooth Speaker,230.04,37,1350,0.0274,Electronics,2025-03-23
P-1005,Bluetooth Speaker,231.1,46,1218,0.0378,Electronics,2025-03-24
P-1005,Bluetooth Speaker,231.97,35,1202,0.0291,Electronics,2025-03-25
P-1005,Bluetooth Speaker,242.13,35,1235,0.0283,Electronics,2025-03-26
P-1005,Bluetooth Speaker,235.29,64,1348,0.0475,Electronics,2025-03-27
P-1005,Bluetooth Speaker,229.39,29,1288,0.0225,Electronics,2025-03-28
P-1005,Bluetooth Speaker,239.58,35,1018,0.0344,Electronics,2025-03-29
P-1005,Bluetooth Speaker,238.68,30,1356,0.0221,Electronics,2025-03-30
P-1005,Bluetooth Speaker,233.36,42,1108,0.0379,Electronics,2025-03-31
P-1005,Bluetooth Speaker,237.14,29,1178,0.0246,Electronics,2025-04-01
P-1005,Bluetooth Speaker,238.46,36,1069,0.0337,Electronics,2025-04-02
P-1005,Bluetooth Speaker,238.16,41,1213,0.0338,Electronics,2025-04-03
P-1005,Bluetooth Speaker,232.25,29,1007,0.0288,Electronics,2025-04-04
P-1005,Bluetooth Speaker,235.08,48,1536,0.0313,Electronics,2025-04-05
P-1005,Bluetooth Speaker,246.25,35,1180,0.0297,Electronics,2025-04-06
P-1005,Bluetooth Speaker,240.27,30,1116,0.0269,Electronics,2025-04-07
P-1005,Bluetooth Speaker,242.42,33,1083,0.0305,Electronics,2025-04-08
P-1005,Bluetooth Speaker,237.29,32,1114,0.0287,Electronics,2025-04-09
P-1005,Bluetooth Speaker,250.77,30,1065,0.0282,Electronics,2025-04-10
P-1005,Bluetooth Speaker,241.83,34,1038,0.0328,Electronics,2025-04-11
P-1005,Bluetooth Speaker,249.05,41,1499,0.0274,Electronics,2025-04-12
P-1005,Bluetooth Speaker,252.44,46,1327,0.0347,Electronics,2025-04-13
P-1005,Bluetooth Speaker,207.05,48,1043,0.046,Electronics,2025-04-14
P-1005,Bluetooth Speaker,203.87,37,949,0.039,Electronics,2025-04-15
P-1005,Bluetooth Speaker,228.49,50,1172,0.0427,Electronics,2025-04-16
P-1005,Bluetooth Speaker,214.92,44,1133,0.0388,Electronics,2025-04-17
P-1005,Bluetooth Speaker,215.36,55,1078,0.051,Electronics,2025-04-18
P-1005,Bluetooth Speaker,220.92,57,1393,0.0409,Electronics,2025-04-19
P-1005,Bluetooth Speaker,244.86,44,1303,0.0338,Electronics,2025-04-20
P-1005,Bluetooth Speaker,246.96,41,1252,0.0327,Electronics,2025-04-21
P-1005,Bluetooth Speaker,244.35,43,1318,0.0326,Electronics,2025-04-22
P-1005,Bluetooth Speaker,242.19,29,965,0.0301,Electronics,2025-04-23
P-1005,Bluetooth Speaker,254.56,32,1194,0.0268,Electronics,2025-04-24
P-1005,Bluetooth Speaker,247.74,28,890,0.0315,Electronics,2025-04-25
P-1005,Bluetooth Speaker,246.28,37,1235,0.03,Electronics,2025-04-26
P-1005,Bluetooth Speaker,282.31,32,1160,0.0276,Electronics,2025-04-27
P-1005,Bluetooth Speaker,266.05,23,861,0.0267,Electronics,2025-04-28
P-1005,Bluetooth Speaker,273.21,27,1086,0.0249,Electronics,2025-04-29
P-1005,Bluetooth Speaker,254.72,26,995,0.0261,Electronics,2025-04-30
P-1005,Bluetooth Speaker,258.84,30,921,0.0326,Electronics,2025-05-01
P-1005,Bluetooth Speaker,271.69,30,1051,0.0285,Electronics,2025-05-02
P-1005,Bluetooth Speaker,275.33,28,1209,0.0232,Electronics,2025-05-03
P-1005,Bluetooth Speaker,278.34,26,1039,0.025,Electronics,2025-05-04
P-1005,Bluetooth Speaker,243.92,44,1476,0.0298,Electronics,2025-05-05
P-1006,Gaming Keyboard,211.59,60,1413,0.0425,Electronics,2025-01-01
P-1006,Gaming Keyboard,208.19,61,1619,0.0377,Electronics,2025-01-02
P-1006,Gaming Keyboard,218.2,49,1383,0.0354,Electronics,2025-01-03
P-1006,Gaming Keyboard,215.26,62,1581,0.0392,Electronics,2025-01-04
P-1006,Gaming Keyboard,215.42,51,1569,0.0325,Electronics,2025-01-05
P-1006,Gaming Keyboard,214.79,47,1017,0.0462,Electronics,2025-01-06
P-1006,Gaming Keyboard,218.82,47,1168,0.0402,Electronics,2025-01-07
P-1006,Gaming Keyboard,211.34,31,993,0.0312,Electronics,2025-01-08
P-1006,Gaming Keyboard,213.3,27,1070,0.0252,Electronics,2025-01-09
P-1006,Gaming Keyboard,212.47,45,986,0.0456,Electronics,2025-01-10
P-1006,Gaming Keyboard,217.85,60,1743,0.0344,Electronics,2025-01-11
P-1006,Gaming Keyboard,223.62,39,1170,0.0333,Electronics,2025-01-12
P-1006,Gaming Keyboard,187.38,73,1648,0.0443,Electronics,2025-01-13
P-1006,Gaming Keyboard,195.57,45,1059,0.0425,Electronics,2025-01-14
P-1006,Gaming Keyboard,176.05,60,1251,0.048,Electronics,2025-01-15
P-1006,Gaming Keyboard,174.52,47,1201,0.0391,Electronics,2025-01-16
P-1006,Gaming Keyboard,190.83,40,1050,0.0381,Electronics,2025-01-17
P-1006,Gaming Keyboard,170.92,73,1399,0.0522,Electronics,2025-01-18
P-1006,Gaming Keyboard,219.83,53,1639,0.0323,Electronics,2025-01-19
P-1006,Gaming Keyboard,219.27,65,1429,0.0455,Electronics,2025-01-20
P-1006,Gaming Keyboard,223.58,43,1242,0.0346,Electronics,2025-01-21
P-1006,Gaming Keyboard,220.67,46,1267,0.0363,Electronics,2025-01-22
P-1006,Gaming Keyboard,221.48,37,1007,0.0367,Electronics,2025-01-23
P-1006,Gaming Keyboard,223.8,50,1281,0.039,Electronics,2025-01-24
P-1006,Gaming Keyboard,214.39,45,1273,0.0353,Electronics,2025-01-25
P-1006,Gaming Keyboard,216.63,49,1374,0.0357,Electronics,2025-01-26
P-1006,Gaming Keyboard,220.5,58,1487,0.039,Electronics,2025-01-27
P-1006,Gaming Keyboard,215.82,51,1561,0.0327,Electronics,2025-01-28
P-1006,Gaming Keyboard,214.67,58,1516,0.0383,Electronics,2025-01-29
P-1006,Gaming Keyboard,212.15,59,1430,0.0413,Electronics,2025-01-30
P-1006,Gaming Keyboard,212.48,46,1453,0.0317,Electronics,2025-01-31
P-1006,Gaming Keyboard,217.94,59,1547,0.0381,Electronics,2025-02-01
P-1006,Gaming Keyboard,214.92,67,2028,0.033,Electronics,2025-02-02
P-1006,Gaming Keyboard,213.51,48,1844,0.026,Electronics,2025-02-03
P-1006,Gaming Keyboard,215.51,37,1102,0.0336,Electronics,2025-02-04
P-1006,Gaming Keyboard,204.36,32,1159,0.0276,Electronics,2025-02-05
P-1006,Gaming Keyboard,211.27,37,1296,0.0285,Electronics,2025-02-06
P-1006,Gaming Keyboard,210.03,51,1240,0.0411,Electronics,2025-02-07
P-1006,Gaming Keyboard,208.45,88,2063,0.0427,Electronics,2025-02-08
P-1006,Gaming Keyboard,209.43,51,1558,0.0327,Electronics,2025-02-09
P-1006,Gaming Keyboard,235.3,42,1266,0.0332,Electronics,2025-02-10
P-1006,Gaming Keyboard,227.13,48,1422,0.0338,Electronics,2025-02-11
P-1006,Gaming Keyboard,231.01,47,1446,0.0325,Electronics,2025-02-12
P-1006,Gaming Keyboard,228.78,26,1260,0.0206,Electronics,2025-02-13
P-1006,Gaming Keyboard,221.5,35,1172,0.0299,Electronics,2025-02-14
P-1006,Gaming Keyboard,230.55,32,1210,0.0264,Electronics,2025-02-15
P-1006,Gaming Keyboard,219.12,48,1499,0.032,Electronics,2025-02-16
P-1006,Gaming Keyboard,230.62,34,1212,0.0281,Electronics,2025-02-17
P-1006,Gaming Keyboard,202.06,25,1017,0.0246,Electronics,2025-02-18
P-1006,Gaming Keyboard,204.13,53,1332,0.0398,Electronics,2025-02-19
P-1006,Gaming Keyboard,202.28,40,1290,0.031,Electronics,2025-02-20
P-1006,Gaming Keyboard,203.09,46,1234,0.0373,Electronics,2025-02-21
P-1006,Gaming Keyboard,198.85,50,1299,0.0385,Electronics,2025-02-22
P-1006,Gaming Keyboard,206.32,40,1247,0.0321,Electronics,2025-02-23
P-1006,Gaming Keyboard,201.74,37,1110,0.0333,Electronics,2025-02-24
P-1006,Gaming Keyboard,176.22,52,1265,0.0411,Electronics,2025-02-25
P-1006,Gaming Keyboard,178.3,60,1300,0.0462,Electronics,2025-02-26
P-1006,Gaming Keyboard,181.76,51,1168,0.0437,Electronics,2025-02-27
P-1006,Gaming Keyboard,176.5,47,1062,0.0443,Electronics,2025-02-28
P-1006,Gaming Keyboard,177.28,76,1310,0.058,Electronics,2025-03-01
P-1006,Gaming Keyboard,153.62,76,1105,0.0688,Electronics,2025-03-02
P-1006,Gaming Keyboard,203.02,38,1556,0.0244,Electronics,2025-03-03
P-1006,Gaming Keyboard,202.21,56,1489,0.0376,Electronics,2025-03-04
P-1006,Gaming Keyboard,208,63,1597,0.0394,Electronics,2025-03-05
P-1006,Gaming Keyboard,201.27,42,1182,0.0355,Electronics,2025-03-06
P-1006,Gaming Keyboard,205.1,52,1136,0.0458,Electronics,2025-03-07
P-1006,Gaming Keyboard,204.74,30,1077,0.0279,Electronics,2025-03-08
P-1006,Gaming Keyboard,203.83,54,1641,0.0329,Electronics,2025-03-09
P-1006,Gaming Keyboard,200.94,52,1288,0.0404,Electronics,2025-03-10
P-1006,Gaming Keyboard,210.69,54,1309,0.0413,Electronics,2025-03-11
P-1006,Gaming Keyboard,206.27,36,1312,0.0274,Electronics,2025-03-12
P-1006,Gaming Keyboard,210.41,45,1285,0.035,Electronics,2025-03-13
P-1006,Gaming Keyboard,211.95,40,1007,0.0397,Electronics,2025-03-14
P-1006,Gaming Keyboard,206.04,53,1697,0.0312,Electronics,2025-03-15
P-1006,Gaming Keyboard,209.73,46,1156,0.0398,Electronics,2025-03-16
P-1006,Gaming Keyboard,205.44,40,914,0.0438,Electronics,2025-03-17
P-1006,Gaming Keyboard,211.57,37,1203,0.0308,Electronics,2025-03-18
P-1006,Gaming Keyboard,210.1,44,1168,0.0377,Electronics,2025-03-19
P-1006,Gaming Keyboard,214.7,45,1352,0.0333,Electronics,2025-03-20
P-1006,Gaming Keyboard,215.49,31,991,0.0313,Electronics,2025-03-21
P-1006,Gaming Keyboard,212.89,44,1508,0.0292,Electronics,2025-03-22
P-1006,Gaming Keyboard,211.89,44,1260,0.0349,Electronics,2025-03-23
P-1006,Gaming Keyboard,216.93,36,1064,0.0338,Electronics,2025-03-24
P-1006,Gaming Keyboard,210.57,40,1048,0.0382,Electronics,2025-03-25
P-1006,Gaming Keyboard,217.04,31,912,0.034,Electronics,2025-03-26
P-1006,Gaming Keyboard,217.33,41,1279,0.0321,Electronics,2025-03-27
P-1006,Gaming Keyboard,209.27,41,1073,0.0382,Electronics,2025-03-28
P-1006,Gaming Keyboard,218.47,34,1004,0.0339,Electronics,2025-03-29
P-1006,Gaming Keyboard,228.59,47,1135,0.0414,Electronics,2025-03-30
P-1006,Gaming Keyboard,213.87,39,1041,0.0375,Electronics,2025-03-31
P-1006,Gaming Keyboard,220.23,45,1036,0.0434,Electronics,2025-04-01
P-1006,Gaming Keyboard,217.28,42,1189,0.0353,Electronics,2025-04-02
P-1006,Gaming Keyboard,219.95,38,1082,0.0351,Electronics,2025-04-03
P-1006,Gaming Keyboard,221.1,43,1255,0.0343,Electronics,2025-04-04
P-1006,Gaming Keyboard,224.86,42,1190,0.0353,Electronics,2025-04-05
P-1006,Gaming Keyboard,219.78,52,1509,0.0345,Electronics,2025-04-06
P-1006,Gaming Keyboard,226.15,38,1199,0.0317,Electronics,2025-04-07
P-1006,Gaming Keyboard,224.24,72,1657,0.0435,Electronics,2025-04-08
P-1006,Gaming Keyboard,191.7,50,1026,0.0487,Electronics,2025-04-09
P-1006,Gaming Keyboard,193.07,74,1483,0.0499,Electronics,2025-04-10
P-1006,Gaming Keyboard,186.63,50,1268,0.0394,Electronics,2025-04-11
P-1006,Gaming Keyboard,167.15,71,1643,0.0432,Electronics,2025-04-12
P-1006,Gaming Keyboard,199.88,60,1383,0.0434,Electronics,2025-04-13
P-1006,Gaming Keyboard,169.61,78,1174,0.0664,Electronics,2025-04-14
P-1006,Gaming Keyboard,216.71,36,1108,0.0325,Electronics,2025-04-15
P-1006,Gaming Keyboard,218.61,38,1177,0.0323,Electronics,2025-04-16
P-1006,Gaming Keyboard,219.8,43,1005,0.0428,Electronics,2025-04-17
P-1006,Gaming Keyboard,226.61,42,1089,0.0386,Electronics,2025-04-18
P-1006,Gaming Keyboard,227.2,55,1187,0.0463,Electronics,2025-04-19
P-1006,Gaming Keyboard,233.56,48,1328,0.0361,Electronics,2025-04-20
P-1006,Gaming Keyboard,241.69,38,1483,0.0256,Electronics,2025-04-21
P-1006,Gaming Keyboard,229.84,31,1046,0.0296,Electronics,2025-04-22
P-1006,Gaming Keyboard,248.21,23,1062,0.0217,Electronics,2025-04-23
P-1006,Gaming Keyboard,234.3,37,1080,0.0343,Electronics,2025-04-24
P-1006,Gaming Keyboard,235.26,25,1009,0.0248,Electronics,2025-04-25
P-1006,Gaming Keyboard,212.14,43,1154,0.0373,Electronics,2025-04-26
P-1006,Gaming Keyboard,214.44,38,1147,0.0331,Electronics,2025-04-27
P-1006,Gaming Keyboard,207.5,72,1353,0.0532,Electronics,2025-04-28
P-1006,Gaming Keyboard,212.82,53,1264,0.0419,Electronics,2025-04-29
P-1006,Gaming Keyboard,215.07,38,1177,0.0323,Electronics,2025-04-30
P-1006,Gaming Keyboard,209.15,65,1610,0.0404,Electronics,2025-05-01
P-1006,Gaming Keyboard,211.29,48,1328,0.0361,Electronics,2025-05-02
P-1006,Gaming Keyboard,206,46,1304,0.0353,Electronics,2025-05-03
P-1006,Gaming Keyboard,206.76,42,1447,0.029,Electronics,2025-05-04
P-1006,Gaming Keyboard,222.08,43,1224,0.0351,Electronics,2025-05-05
