data/ecommerce_pricing_data.csv
product_id,product_name,price,units_sold,page_views,conversion_rate,product_category,date
P-1007,Streaming Microphone,301.96,50,1852,0.027,Electronics,2025-01-01
P-1007,Streaming Microphone,302.03,37,1507,0.0246,Electronics,2025-01-02
P-1007,Streaming Microphone,302.26,40,1545,0.0259,Electronics,2025-01-03
P-1007,Streaming Microphone,291.09,37,1741,0.0213,Electronics,2025-01-04
P-1007,Streaming Microphone,303.88,57,1897,0.03,Electronics,2025-01-05
P-1007,Streaming Microphone,299.6,39,1468,0.0266,Electronics,2025-01-06
P-1007,Streaming Microphone,298.89,37,1610,0.023,Electronics,2025-01-07
P-1007,Streaming Microphone,256.33,45,1341,0.0336,Electronics,2025-01-08
P-1007,Streaming Microphone,238.51,47,1659,0.0283,Electronics,2025-01-09
P-1007,Streaming Microphone,247.87,59,1443,0.0409,Electronics,2025-01-10
P-1007,Streaming Microphone,266.16,54,1731,0.0312,Electronics,2025-01-11
P-1007,Streaming Microphone,247.62,65,1791,0.0363,Electronics,2025-01-12
P-1007,Streaming Microphone,246.88,51,1514,0.0337,Electronics,2025-01-13
P-1007,Streaming Microphone,303.14,23,1428,0.0161,Electronics,2025-01-14
P-1007,Streaming Microphone,303.98,40,1583,0.0253,Electronics,2025-01-15
P-1007,Streaming Microphone,284.55,37,1164,0.0318,Electronics,2025-01-16
P-1007,Streaming Microphone,293.6,43,1413,0.0304,Electronics,2025-01-17
P-1007,Streaming Microphone,304.1,34,1400,0.0243,Electronics,2025-01-18
P-1007,Streaming Microphone,296.75,42,1955,0.0215,Electronics,2025-01-19
P-1007,Streaming Microphone,303.41,35,1422,0.0246,Electronics,2025-01-20
P-1007,Streaming Microphone,305.71,45,1587,0.0284,Electronics,2025-01-21
P-1007,Streaming Microphone,309.45,40,1648,0.0243,Electronics,2025-01-22
P-1007,Streaming Microphone,305.24,35,1231,0.0284,Electronics,2025-01-23
P-1007,Streaming Microphone,306.28,36,1333,0.027,Electronics,2025-01-24
P-1007,Streaming Microphone,308,59,2267,0.026,Electronics,2025-01-25
P-1007,Streaming Microphone,310.63,47,1873,0.0251,Electronics,2025-01-26
P-1007,Streaming Microphone,305.03,38,1357,0.028,Electronics,2025-01-27
P-1007,Streaming Microphone,308.57,42,1683,0.025,Electronics,2025-01-28
P-1007,Streaming Microphone,311.65,48,1716,0.028,Electronics,2025-01-29
P-1007,Streaming Microphone,303.84,42,1508,0.0279,Electronics,2025-01-30
P-1007,Streaming Microphone,303.68,40,1511,0.0265,Electronics,2025-01-31
P-1007,Streaming Microphone,329.99,46,1918,0.024,Electronics,2025-02-01
P-1007,Streaming Microphone,348.17,38,1648,0.0231,Electronics,2025-02-02
P-1007,Streaming Microphone,331.87,36,1445,0.0249,Electronics,2025-02-03
P-1007,Streaming Microphone,342.22,37,1622,0.0228,Electronics,2025-02-04
P-1007,Streaming Microphone,333.51,34,1332,0.0255,Electronics,2025-02-05
P-1007,Streaming Microphone,331.93,29,1092,0.0266,Electronics,2025-02-06
P-1007,Streaming Microphone,316.2,40,1391,0.0288,Electronics,2025-02-07
P-1007,Streaming Microphone,330.79,51,2134,0.0239,Electronics,2025-02-08
P-1007,Streaming Microphone,321.86,37,1678,0.0221,Electronics,2025-02-09
P-1007,Streaming Microphone,313.1,29,1539,0.0188,Electronics,2025-02-10
P-1007,Streaming Microphone,320.95,39,1720,0.0227,Electronics,2025-02-11
P-1007,Streaming Microphone,317.75,28,1400,0.02,Electronics,2025-02-12
P-1007,Streaming Microphone,320.88,37,1598,0.0232,Electronics,2025-02-13
P-1007,Streaming Microphone,317.86,35,1833,0.0191,Electronics,2025-02-14
P-1007,Streaming Microphone,319.76,52,1730,0.0301,Electronics,2025-02-15
P-1007,Streaming Microphone,334.55,40,1731,0.0231,Electronics,2025-02-16
P-1007,Streaming Microphone,318.85,60,2019,0.0297,Electronics,2025-02-17
P-1007,Streaming Microphone,321.18,33,1347,0.0245,Electronics,2025-02-18
P-1007,Streaming Microphone,316.5,37,1452,0.0255,Electronics,2025-02-19
P-1007,Streaming Microphone,287.39,50,1301,0.0384,Electronics,2025-02-20
P-1007,Streaming Microphone,292.89,48,1325,0.0362,Electronics,2025-02-21
P-1007,Streaming Microphone,287.32,43,1523,0.0282,Electronics,2025-02-22
P-1007,Streaming Microphone,273.64,70,2005,0.0349,Electronics,2025-02-23
P-1007,Streaming Microphone,292.64,31,1566,0.0198,Electronics,2025-02-24
P-1007,Streaming Microphone,274.89,38,1450,0.0262,Electronics,2025-02-25
P-1007,Streaming Microphone,323.38,63,2018,0.0312,Electronics,2025-02-26
P-1007,Streaming Microphone,326.77,48,1809,0.0265,Electronics,2025-02-27
P-1007,Streaming Microphone,312.77,40,1699,0.0235,Electronics,2025-02-28
P-1007,Streaming Microphone,327.46,50,1966,0.0254,Electronics,2025-03-01
P-1007,Streaming Microphone,320.79,47,1865,0.0252,Electronics,2025-03-02
P-1007,Streaming Microphone,317.77,40,1623,0.0246,Electronics,2025-03-03
P-1007,Streaming Microphone,316.92,49,2104,0.0233,Electronics,2025-03-04
P-1007,Streaming Microphone,321.19,41,1463,0.028,Electronics,2025-03-05
P-1007,Streaming Microphone,322.55,42,1389,0.0302,Electronics,2025-03-06
P-1007,Streaming Microphone,320.6,38,1507,0.0252,Electronics,2025-03-07
P-1007,Streaming Microphone,316.08,36,1684,0.0214,Electronics,2025-03-08
P-1007,Streaming Microphone,320.81,44,2079,0.0212,Electronics,2025-03-09
P-1007,Streaming Microphone,316.03,41,1861,0.022,Electronics,2025-03-10
P-1007,Streaming Microphone,310.15,44,1538,0.0286,Electronics,2025-03-11
P-1007,Streaming Microphone,319.87,42,1789,0.0235,Electronics,2025-03-12
P-1007,Streaming Microphone,322.17,34,1729,0.0197,Electronics,2025-03-13
P-1007,Streaming Microphone,323.39,40,1723,0.0232,Electronics,2025-03-14
P-1007,Streaming Microphone,312.42,41,1676,0.0245,Electronics,2025-03-15
P-1007,Streaming Microphone,310.34,72,2255,0.0319,Electronics,2025-03-16
P-1007,Streaming Microphone,302.16,31,1583,0.0196,Electronics,2025-03-17
P-1007,Streaming Microphone,320.14,57,2054,0.0278,Electronics,2025-03-18
P-1007,Streaming Microphone,305.58,46,1606,0.0286,Electronics,2025-03-19
P-1007,Streaming Microphone,315.18,39,1628,0.024,Electronics,2025-03-20
P-1007,Streaming Microphone,306.55,38,1382,0.0275,Electronics,2025-03-21
P-1007,Streaming Microphone,305.48,59,2075,0.0284,Electronics,2025-03-22
P-1007,Streaming Microphone,304.06,59,2295,0.0257,Electronics,2025-03-23
P-1007,Streaming Microphone,302.92,52,2168,0.024,Electronics,2025-03-24
P-1007,Streaming Microphone,300.71,42,1787,0.0235,Electronics,2025-03-25
P-1007,Streaming Microphone,296.14,47,1850,0.0254,Electronics,2025-03-26
P-1007,Streaming Microphone,302.64,47,1976,0.0238,Electronics,2025-03-27
P-1007,Streaming Microphone,299.67,36,1598,0.0225,Electronics,2025-03-28
P-1007,Streaming Microphone,306.78,48,1736,0.0276,Electronics,2025-03-29
P-1007,Streaming Microphone,293.29,59,1790,0.033,Electronics,2025-03-30
P-1007,Streaming Microphone,291.64,48,1879,0.0255,Electronics,2025-03-31
P-1007,Streaming Microphone,296.46,56,1992,0.0281,Electronics,2025-04-01
P-1007,Streaming Microphone,309.59,47,1726,0.0272,Electronics,2025-04-02
P-1007,Streaming Microphone,308,74,3050,0.0243,Electronics,2025-04-03
P-1007,Streaming Microphone,240.45,89,1968,0.0452,Electronics,2025-04-04
P-1007,Streaming Microphone,271.43,39,1551,0.0251,Electronics,2025-04-05
P-1007,Streaming Microphone,278.18,62,2351,0.0264,Electronics,2025-04-06
P-1007,Streaming Microphone,247.74,44,1429,0.0308,Electronics,2025-04-07
P-1007,Streaming Microphone,261.35,54,1705,0.0317,Electronics,2025-04-08
P-1007,Streaming Microphone,306.04,44,1582,0.0278,Electronics,2025-04-09
P-1007,Streaming Microphone,330.37,31,1672,0.0185,Electronics,2025-04-10
P-1007,Streaming Microphone,326.15,41,1810,0.0227,Electronics,2025-04-11
P-1007,Streaming Microphone,326.1,31,1882,0.0165,Electronics,2025-04-12
P-1007,Streaming Microphone,320.21,39,1836,0.0212,Electronics,2025-04-13
P-1007,Streaming Microphone,312.3,33,1479,0.0223,Electronics,2025-04-14
P-1007,Streaming Microphone,328.79,39,1620,0.0241,Electronics,2025-04-15
P-1007,Streaming Microphone,327.21,40,1563,0.0256,Electronics,2025-04-16
P-1007,Streaming Microphone,306.45,36,1619,0.0222,Electronics,2025-04-17
P-1007,Streaming Microphone,299.38,38,1669,0.0228,Electronics,2025-04-18
P-1007,Streaming Microphone,308.07,24,1476,0.0163,Electronics,2025-04-19
P-1007,Streaming Microphone,303.02,49,1513,0.0324,Electronics,2025-04-20
P-1007,Streaming Microphone,312.43,31,1395,0.0222,Electronics,2025-04-21
P-1007,Streaming Microphone,309.94,39,1770,0.022,Electronics,2025-04-22
P-1007,Streaming Microphone,303.16,43,1603,0.0268,Electronics,2025-04-23
P-1007,Streaming Microphone,304.17,47,1851,0.0254,Electronics,2025-04-24
P-1007,Streaming Microphone,307.79,41,1643,0.025,Electronics,2025-04-25
P-1007,Streaming Microphone,306.13,62,2315,0.0268,Electronics,2025-04-26
P-1007,Streaming Microphone,315.45,55,2018,0.0273,Electronics,2025-04-27
P-1007,Streaming Microphone,305,33,1501,0.022,Electronics,2025-04-28
P-1007,Streaming Microphone,320.05,39,1677,0.0233,Electronics,2025-04-29
P-1007,Streaming Microphone,304.36,42,1651,0.0254,Electronics,2025-04-30
P-1007,Streaming Microphone,307.52,35,1352,0.0259,Electronics,2025-05-01
P-1007,Streaming Microphone,314.47,41,1623,0.0253,Electronics,2025-05-02
P-1007,Streaming Microphone,312.48,36,1920,0.0188,Electronics,2025-05-03
P-1007,Streaming Microphone,314.72,55,2425,0.0227,Electronics,2025-05-04
P-1007,Streaming Microphone,316.59,45,1752,0.0257,Electronics,2025-05-05
P-1008,Fitness Smartwatch,395.56,63,1578,0.0399,Electronics,2025-01-01
P-1008,Fitness Smartwatch,374.62,71,1782,0.0398,Electronics,2025-01-02
P-1008,Fitness Smartwatch,315.91,95,1532,0.062,Electronics,2025-01-03
P-1008,Fitness Smartwatch,320.01,71,1582,0.0449,Electronics,2025-01-04
P-1008,Fitness Smartwatch,325.33,89,1551,0.0574,Electronics,2025-01-05
P-1008,Fitness Smartwatch,302.53,76,1279,0.0594,Electronics,2025-01-06
P-1008,Fitness Smartwatch,339.38,72,1459,0.0493,Electronics,2025-01-07
P-1008,Fitness Smartwatch,312.01,92,1428,0.0644,Electronics,2025-01-08
P-1008,Fitness Smartwatch,375.24,60,1354,0.0443,Electronics,2025-01-09
P-1008,Fitness Smartwatch,396.15,45,1354,0.0332,Electronics,2025-01-10
P-1008,Fitness Smartwatch,378.36,78,1754,0.0445,Electronics,2025-01-11
P-1008,Fitness Smartwatch,382.39,59,1494,0.0395,Electronics,2025-01-12
P-1008,Fitness Smartwatch,377.44,42,1274,0.033,Electronics,2025-01-13
P-1008,Fitness Smartwatch,402.13,55,1544,0.0356,Electronics,2025-01-14
P-1008,Fitness Smartwatch,379.42,54,1359,0.0397,Electronics,2025-01-15
P-1008,Fitness Smartwatch,374.19,60,1539,0.039,Electronics,2025-01-16
P-1008,Fitness Smartwatch,393.56,50,1099,0.0455,Electronics,2025-01-17
P-1008,Fitness Smartwatch,395.72,52,1365,0.0381,Electronics,2025-01-18
P-1008,Fitness Smartwatch,391.34,49,1380,0.0355,Electronics,2025-01-19
P-1008,Fitness Smartwatch,379.07,56,1313,0.0427,Electronics,2025-01-20
P-1008,Fitness Smartwatch,377.32,71,1346,0.0527,Electronics,2025-01-21
P-1008,Fitness Smartwatch,368.06,54,1042,0.0518,Electronics,2025-01-22
P-1008,Fitness Smartwatch,428.68,43,1336,0.0322,Electronics,2025-01-23
P-1008,Fitness Smartwatch,412.29,68,1622,0.0419,Electronics,2025-01-24
P-1008,Fitness Smartwatch,405.16,57,1609,0.0354,Electronics,2025-01-25
P-1008,Fitness Smartwatch,441.4,54,1465,0.0369,Electronics,2025-01-26
P-1008,Fitness Smartwatch,428.83,52,1627,0.032,Electronics,2025-01-27
P-1008,Fitness Smartwatch,445.56,49,1394,0.0352,Electronics,2025-01-28
P-1008,Fitness Smartwatch,447.85,36,1336,0.0269,Electronics,2025-01-29
P-1008,Fitness Smartwatch,435.66,42,1338,0.0314,Electronics,2025-01-30
P-1008,Fitness Smartwatch,383.36,63,1389,0.0454,Electronics,2025-01-31
P-1008,Fitness Smartwatch,400.82,76,1862,0.0408,Electronics,2025-02-01
P-1008,Fitness Smartwatch,392.36,59,1698,0.0347,Electronics,2025-02-02
P-1008,Fitness Smartwatch,397.85,61,1515,0.0403,Electronics,2025-02-03
P-1008,Fitness Smartwatch,398.16,53,1276,0.0415,Electronics,2025-02-04
P-1008,Fitness Smartwatch,405.84,57,1513,0.0377,Electronics,2025-02-05
P-1008,Fitness Smartwatch,404.7,44,959,0.0459,Electronics,2025-02-06
P-1008,Fitness Smartwatch,390.82,70,1677,0.0417,Electronics,2025-02-07
P-1008,Fitness Smartwatch,398.3,57,1528,0.0373,Electronics,2025-02-08
P-1008,Fitness Smartwatch,406.14,61,1572,0.0388,Electronics,2025-02-09
P-1008,Fitness Smartwatch,401.09,66,1640,0.0402,Electronics,2025-02-10
P-1008,Fitness Smartwatch,413.74,57,1594,0.0358,Electronics,2025-02-11
P-1008,Fitness Smartwatch,397.74,48,1136,0.0423,Electronics,2025-02-12
P-1008,Fitness Smartwatch,409.47,54,1439,0.0375,Electronics,2025-02-13
P-1008,Fitness Smartwatch,413.6,34,1092,0.0311,Electronics,2025-02-14
P-1008,Fitness Smartwatch,367.01,71,1498,0.0474,Electronics,2025-02-15
P-1008,Fitness Smartwatch,342.48,105,1733,0.0606,Electronics,2025-02-16
P-1008,Fitness Smartwatch,319.37,68,1101,0.0618,Electronics,2025-02-17
P-1008,Fitness Smartwatch,334.69,63,1178,0.0535,Electronics,2025-02-18
P-1008,Fitness Smartwatch,344.66,76,1351,0.0563,Electronics,2025-02-19
P-1008,Fitness Smartwatch,337.11,85,1376,0.0618,Electronics,2025-02-20
P-1008,Fitness Smartwatch,416.61,37,1177,0.0314,Electronics,2025-02-21
P-1008,Fitness Smartwatch,404.28,55,1436,0.0383,Electronics,2025-02-22
P-1008,Fitness Smartwatch,418.59,70,1636,0.0428,Electronics,2025-02-23
P-1008,Fitness Smartwatch,417.84,55,1465,0.0375,Electronics,2025-02-24
P-1008,Fitness Smartwatch,407.26,69,1392,0.0496,Electronics,2025-02-25
P-1008,Fitness Smartwatch,410.44,61,1401,0.0435,Electronics,2025-02-26
P-1008,Fitness Smartwatch,416.08,68,1608,0.0423,Electronics,2025-02-27
P-1008,Fitness Smartwatch,414.96,35,1149,0.0305,Electronics,2025-02-28
P-1008,Fitness Smartwatch,407.43,63,1659,0.038,Electronics,2025-03-01
P-1008,Fitness Smartwatch,420.34,77,1617,0.0476,Electronics,2025-03-02
P-1008,Fitness Smartwatch,414.24,57,1547,0.0368,Electronics,2025-03-03
P-1008,Fitness Smartwatch,420.33,72,1714,0.042,Electronics,2025-03-04
P-1008,Fitness Smartwatch,422.12,55,1548,0.0355,Electronics,2025-03-05
P-1008,Fitness Smartwatch,416.71,57,1392,0.0409,Electronics,2025-03-06
P-1008,Fitness Smartwatch,411.43,51,1234,0.0413,Electronics,2025-03-07
P-1008,Fitness Smartwatch,414.26,69,1645,0.0419,Electronics,2025-03-08
P-1008,Fitness Smartwatch,411.39,64,1578,0.0406,Electronics,2025-03-09
P-1008,Fitness Smartwatch,404.72,46,1139,0.0404,Electronics,2025-03-10
P-1008,Fitness Smartwatch,410.69,53,1315,0.0403,Electronics,2025-03-11
P-1008,Fitness Smartwatch,409.42,47,1338,0.0351,Electronics,2025-03-12
P-1008,Fitness Smartwatch,416.95,56,1344,0.0417,Electronics,2025-03-13
P-1008,Fitness Smartwatch,410.92,66,1729,0.0382,Electronics,2025-03-14
P-1008,Fitness Smartwatch,389.72,63,1524,0.0413,Electronics,2025-03-15
P-1008,Fitness Smartwatch,403.09,56,1505,0.0372,Electronics,2025-03-16
P-1008,Fitness Smartwatch,397.89,70,1631,0.0429,Electronics,2025-03-17
P-1008,Fitness Smartwatch,401.09,43,1143,0.0376,Electronics,2025-03-18
P-1008,Fitness Smartwatch,396.17,87,1580,0.0551,Electronics,2025-03-19
P-1008,Fitness Smartwatch,404.46,54,1471,0.0367,Electronics,2025-03-20
P-1008,Fitness Smartwatch,405.79,53,1502,0.0353,Electronics,2025-03-21
P-1008,Fitness Smartwatch,402.64,70,1718,0.0407,Electronics,2025-03-22
P-1008,Fitness Smartwatch,396.84,90,1989,0.0452,Electronics,2025-03-23
P-1008,Fitness Smartwatch,396.81,73,1753,0.0416,Electronics,2025-03-24
P-1008,Fitness Smartwatch,393.86,69,1566,0.0441,Electronics,2025-03-25
P-1008,Fitness Smartwatch,398.19,64,1265,0.0506,Electronics,2025-03-26
P-1008,Fitness Smartwatch,404.47,82,1948,0.0421,Electronics,2025-03-27
P-1008,Fitness Smartwatch,401.33,55,1511,0.0364,Electronics,2025-03-28
P-1008,Fitness Smartwatch,389.89,67,1786,0.0375,Electronics,2025-03-29
P-1008,Fitness Smartwatch,309.88,110,1592,0.0691,Electronics,2025-03-30
P-1008,Fitness Smartwatch,341.36,58,1264,0.0459,Electronics,2025-03-31
P-1008,Fitness Smartwatch,345.68,72,1506,0.0478,Electronics,2025-04-01
P-1008,Fitness Smartwatch,383.89,58,1437,0.0404,Electronics,2025-04-02
P-1008,Fitness Smartwatch,329.82,84,1714,0.049,Electronics,2025-04-03
P-1008,Fitness Smartwatch,370.18,87,1965,0.0443,Electronics,2025-04-04
P-1008,Fitness Smartwatch,420.46,78,2004,0.0389,Electronics,2025-04-05
P-1008,Fitness Smartwatch,410.92,79,2218,0.0356,Electronics,2025-04-06
P-1008,Fitness Smartwatch,433.58,51,1469,0.0347,Electronics,2025-04-07
P-1008,Fitness Smartwatch,391.47,76,2007,0.0379,Electronics,2025-04-08
P-1008,Fitness Smartwatch,382.78,67,1563,0.0429,Electronics,2025-04-09
P-1008,Fitness Smartwatch,384.61,42,1423,0.0295,Electronics,2025-04-10
P-1008,Fitness Smartwatch,393.28,70,1545,0.0453,Electronics,2025-04-11
P-1008,Fitness Smartwatch,377.99,85,1948,0.0436,Electronics,2025-04-12
P-1008,Fitness Smartwatch,393.82,51,1419,0.0359,Electronics,2025-04-13
P-1008,Fitness Smartwatch,383.52,61,1361,0.0448,Electronics,2025-04-14
P-1008,Fitness Smartwatch,395.26,51,1276,0.04,Electronics,2025-04-15
P-1008,Fitness Smartwatch,395.16,100,2089,0.0479,Electronics,2025-04-16
P-1008,Fitness Smartwatch,384,63,1531,0.0411,Electronics,2025-04-17
P-1008,Fitness Smartwatch,401.87,57,1583,0.036,Electronics,2025-04-18
P-1008,Fitness Smartwatch,401.84,86,2080,0.0413,Electronics,2025-04-19
P-1008,Fitness Smartwatch,400.56,67,1857,0.0361,Electronics,2025-04-20
P-1008,Fitness Smartwatch,392.01,55,1472,0.0374,Electronics,2025-04-21
P-1008,Fitness Smartwatch,396.07,56,1226,0.0457,Electronics,2025-04-22
P-1008,Fitness Smartwatch,408.59,49,1277,0.0384,Electronics,2025-04-23
P-1008,Fitness Smartwatch,407.06,45,1323,0.034,Electronics,2025-04-24
P-1008,Fitness Smartwatch,400.3,54,1461,0.037,Electronics,2025-04-25
P-1008,Fitness Smartwatch,402.06,72,2194,0.0328,Electronics,2025-04-26
P-1008,Fitness Smartwatch,404.03,63,1903,0.0331,Electronics,2025-04-27
P-1008,Fitness Smartwatch,403.72,71,1613,0.044,Electronics,2025-04-28
P-1008,Fitness Smartwatch,402.05,55,1270,0.0433,Electronics,2025-04-29
P-1008,Fitness Smartwatch,411.06,49,1352,0.0362,Electronics,2025-04-30
P-1008,Fitness Smartwatch,414.3,55,1825,0.0301,Electronics,2025-05-01
P-1008,Fitness Smartwatch,389.32,67,1587,0.0422,Electronics,2025-05-02
P-1008,Fitness Smartwatch,404.66,68,1625,0.0418,Electronics,2025-05-03
P-1008,Fitness Smartwatch,405.5,32,1496,0.0214,Electronics,2025-05-04
