data/ecommerce_pricing_data.csv
product_id,product_name,price,units_sold,page_views,conversion_rate,product_category,date
P-1009,Ceramic Cookware Set,62.98,85,1159,0.0733,Home & Kitchen,2025-01-01
P-1009,Ceramic Cookware Set,65.23,98,1348,0.0727,Home & Kitchen,2025-01-02
P-1009,Ceramic Cookware Set,66.77,72,960,0.075,Home & Kitchen,2025-01-03
P-1009,Ceramic Cookware Set,64.49,60,1126,0.0533,Home & Kitchen,2025-01-04
P-1009,Ceramic Cookware Set,66.61,64,1184,0.0541,Home & Kitchen,2025-01-05
P-1009,Ceramic Cookware Set,66.21,77,1193,0.0645,Home & Kitchen,2025-01-06
P-1009,Ceramic Cookware Set,66.05,78,1116,0.0699,Home & Kitchen,2025-01-07
P-1009,Ceramic Cookware Set,67.06,56,967,0.0579,Home & Kitchen,2025-01-08
P-1009,Ceramic Cookware Set,66.68,81,1178,0.0688,Home & Kitchen,2025-01-09
P-1009,Ceramic Cookware Set,66.46,51,974,0.0524,Home & Kitchen,2025-01-10
P-1009,Ceramic Cookware Set,64.91,67,1147,0.0584,Home & Kitchen,2025-01-11
P-1009,Ceramic Cookware Set,67.43,108,1372,0.0787,Home & Kitchen,2025-01-12
P-1009,Ceramic Cookware Set,64.99,68,1239,0.0549,Home & Kitchen,2025-01-13
P-1009,Ceramic Cookware Set,67.17,54,937,0.0576,Home & Kitchen,2025-01-14
P-1009,Ceramic Cookware Set,64.79,51,1028,0.0496,Home & Kitchen,2025-01-15
P-1009,Ceramic Cookware Set,67.73,44,925,0.0476,Home & Kitchen,2025-01-16
P-1009,Ceramic Cookware Set,64.54,63,1037,0.0608,Home & Kitchen,2025-01-17
P-1009,Ceramic Cookware Set,67.59,73,1082,0.0675,Home & Kitchen,2025-01-18
P-1009,Ceramic Cookware Set,77.25,79,1334,0.0592,Home & Kitchen,2025-01-19
P-1009,Ceramic Cookware Set,74.03,47,866,0.0543,Home & Kitchen,2025-01-20
P-1009,Ceramic Cookware Set,75.43,69,1146,0.0602,Home & Kitchen,2025-01-21
P-1009,Ceramic Cookware Set,74.85,67,1210,0.0554,Home & Kitchen,2025-01-22
P-1009,Ceramic Cookware Set,66.82,60,1046,0.0574,Home & Kitchen,2025-01-23
P-1009,Ceramic Cookware Set,75.15,60,1088,0.0551,Home & Kitchen,2025-01-24
P-1009,Ceramic Cookware Set,72.24,67,1099,0.061,Home & Kitchen,2025-01-25
P-1009,Ceramic Cookware Set,73.43,88,1377,0.0639,Home & Kitchen,2025-01-26
P-1009,Ceramic Cookware Set,67.83,73,1296,0.0563,Home & Kitchen,2025-01-27
P-1009,Ceramic Cookware Set,66.66,46,815,0.0564,Home & Kitchen,2025-01-28
P-1009,Ceramic Cookware Set,67.03,62,997,0.0622,Home & Kitchen,2025-01-29
P-1009,Ceramic Cookware Set,68.98,54,1062,0.0508,Home & Kitchen,2025-01-30
P-1009,Ceramic Cookware Set,66.51,44,972,0.0453,Home & Kitchen,2025-01-31
P-1009,Ceramic Cookware Set,66.49,56,1154,0.0485,Home & Kitchen,2025-02-01
P-1009,Ceramic Cookware Set,65.29,59,1127,0.0524,Home & Kitchen,2025-02-02
P-1009,Ceramic Cookware Set,64.78,92,1408,0.0653,Home & Kitchen,2025-02-03
P-1009,Ceramic Cookware Set,68.16,68,1152,0.059,Home & Kitchen,2025-02-04
P-1009,Ceramic Cookware Set,63.89,88,1569,0.0561,Home & Kitchen,2025-02-05
P-1009,Ceramic Cookware Set,64.78,62,1066,0.0582,Home & Kitchen,2025-02-06
P-1009,Ceramic Cookware Set,56.64,83,1164,0.0713,Home & Kitchen,2025-02-07
P-1009,Ceramic Cookware Set,52.02,86,1383,0.0622,Home & Kitchen,2025-02-08
P-1009,Ceramic Cookware Set,58.22,74,1100,0.0673,Home & Kitchen,2025-02-09
P-1009,Ceramic Cookware Set,55.88,59,956,0.0617,Home & Kitchen,2025-02-10
P-1009,Ceramic Cookware Set,54.75,71,1207,0.0588,Home & Kitchen,2025-02-11
P-1009,Ceramic Cookware Set,51.44,92,1336,0.0689,Home & Kitchen,2025-02-12
P-1009,Ceramic Cookware Set,65.38,60,1006,0.0596,Home & Kitchen,2025-02-13
P-1009,Ceramic Cookware Set,64.32,64,1140,0.0561,Home & Kitchen,2025-02-14
P-1009,Ceramic Cookware Set,64.53,60,1240,0.0484,Home & Kitchen,2025-02-15
P-1009,Ceramic Cookware Set,62.67,50,983,0.0509,Home & Kitchen,2025-02-16
P-1009,Ceramic Cookware Set,62.23,63,1053,0.0598,Home & Kitchen,2025-02-17
P-1009,Ceramic Cookware Set,64.07,51,980,0.052,Home & Kitchen,2025-02-18
P-1009,Ceramic Cookware Set,60.82,61,957,0.0637,Home & Kitchen,2025-02-19
P-1009,Ceramic Cookware Set,62.17,59,1145,0.0515,Home & Kitchen,2025-02-20
P-1009,Ceramic Cookware Set,59.67,66,1013,0.0652,Home & Kitchen,2025-02-21
P-1009,Ceramic Cookware Set,60.63,43,887,0.0485,Home & Kitchen,2025-02-22
P-1009,Ceramic Cookware Set,60.26,89,1339,0.0665,Home & Kitchen,2025-02-23
P-1009,Ceramic Cookware Set,63.19,53,949,0.0558,Home & Kitchen,2025-02-24
P-1009,Ceramic Cookware Set,61.06,59,931,0.0634,Home & Kitchen,2025-02-25
P-1009,Ceramic Cookware Set,58.6,98,1444,0.0679,Home & Kitchen,2025-02-26
P-1009,Ceramic Cookware Set,64.04,56,1029,0.0544,Home & Kitchen,2025-02-27
P-1009,Ceramic Cookware Set,60.66,56,1073,0.0522,Home & Kitchen,2025-02-28
P-1009,Ceramic Cookware Set,64,99,1583,0.0625,Home & Kitchen,2025-03-01
P-1009,Ceramic Cookware Set,61.58,103,1552,0.0664,Home & Kitchen,2025-03-02
P-1009,Ceramic Cookware Set,61.31,67,1004,0.0667,Home & Kitchen,2025-03-03
P-1009,Ceramic Cookware Set,62.9,74,1067,0.0694,Home & Kitchen,2025-03-04
P-1009,Ceramic Cookware Set,61.51,72,1194,0.0603,Home & Kitchen,2025-03-05
P-1009,Ceramic Cookware Set,60.55,54,1057,0.0511,Home & Kitchen,2025-03-06
P-1009,Ceramic Cookware Set,63.87,74,1234,0.06,Home & Kitchen,2025-03-07
P-1009,Ceramic Cookware Set,64.05,54,935,0.0578,Home & Kitchen,2025-03-08
P-1009,Ceramic Cookware Set,63.81,67,1167,0.0574,Home & Kitchen,2025-03-09
P-1009,Ceramic Cookware Set,62.67,74,1030,0.0718,Home & Kitchen,2025-03-10
P-1009,Ceramic Cookware Set,63.13,74,1041,0.0711,Home & Kitchen,2025-03-11
P-1009,Ceramic Cookware Set,61.78,65,1103,0.0589,Home & Kitchen,2025-03-12
P-1009,Ceramic Cookware Set,63.18,60,1091,0.055,Home & Kitchen,2025-03-13
P-1009,Ceramic Cookware Set,61.27,66,1086,0.0608,Home & Kitchen,2025-03-14
P-1009,Ceramic Cookware Set,60.95,76,1134,0.067,Home & Kitchen,2025-03-15
P-1009,Ceramic Cookware Set,61.63,63,1215,0.0519,Home & Kitchen,2025-03-16
P-1009,Ceramic Cookware Set,64.32,44,805,0.0547,Home & Kitchen,2025-03-17
P-1009,Ceramic Cookware Set,62.39,56,1119,0.05,Home & Kitchen,2025-03-18
P-1009,Ceramic Cookware Set,66.21,43,922,0.0466,Home & Kitchen,2025-03-19
P-1009,Ceramic Cookware Set,65.36,53,1017,0.0521,Home & Kitchen,2025-03-20
P-1009,Ceramic Cookware Set,63.93,44,921,0.0478,Home & Kitchen,2025-03-21
P-1009,Ceramic Cookware Set,52.56,65,1089,0.0597,Home & Kitchen,2025-03-22
P-1009,Ceramic Cookware Set,56.87,72,928,0.0776,Home & Kitchen,2025-03-23
P-1009,Ceramic Cookware Set,54.77,58,765,0.0758,Home & Kitchen,2025-03-24
P-1009,Ceramic Cookware Set,52.83,75,852,0.088,Home & Kitchen,2025-03-25
P-1009,Ceramic Cookware Set,49.57,89,945,0.0942,Home & Kitchen,2025-03-26
P-1009,Ceramic Cookware Set,66.91,63,944,0.0667,Home & Kitchen,2025-03-27
P-1009,Ceramic Cookware Set,71.71,48,993,0.0483,Home & Kitchen,2025-03-28
P-1009,Ceramic Cookware Set,69.35,92,1263,0.0728,Home & Kitchen,2025-03-29
P-1009,Ceramic Cookware Set,71.69,46,943,0.0488,Home & Kitchen,2025-03-30
P-1009,Ceramic Cookware Set,71.58,52,1039,0.05,Home & Kitchen,2025-03-31
P-1009,Ceramic Cookware Set,71.74,60,1059,0.0567,Home & Kitchen,2025-04-01
P-1009,Ceramic Cookware Set,71.74,69,1033,0.0668,Home & Kitchen,2025-04-02
P-1009,Ceramic Cookware Set,69.66,47,751,0.0626,Home & Kitchen,2025-04-03
P-1009,Ceramic Cookware Set,64.57,76,1152,0.066,Home & Kitchen,2025-04-04
P-1009,Ceramic Cookware Set,66.67,57,1051,0.0542,Home & Kitchen,2025-04-05
P-1009,Ceramic Cookware Set,66.99,72,933,0.0772,Home & Kitchen,2025-04-06
P-1009,Ceramic Cookware Set,64,63,985,0.064,Home & Kitchen,2025-04-07
P-1009,Ceramic Cookware Set,67.25,71,992,0.0716,Home & Kitchen,2025-04-08
P-1009,Ceramic Cookware Set,67.21,64,1116,0.0573,Home & Kitchen,2025-04-09
P-1009,Ceramic Cookware Set,65.98,46,801,0.0574,Home & Kitchen,2025-04-10
P-1009,Ceramic Cookware Set,65.49,57,1041,0.0548,Home & Kitchen,2025-04-11
P-1009,Ceramic Cookware Set,64.44,69,1088,0.0634,Home & Kitchen,2025-04-12
P-1009,Ceramic Cookware Set,68.17,70,1101,0.0636,Home & Kitchen,2025-04-13
P-1009,Ceramic Cookware Set,64.65,44,687,0.064,Home & Kitchen,2025-04-14
P-1009,Ceramic Cookware Set,68.5,46,828,0.0556,Home & Kitchen,2025-04-15
P-1009,Ceramic Cookware Set,67.95,55,835,0.0659,Home & Kitchen,2025-04-16
P-1009,Ceramic Cookware Set,65.16,51,905,0.0564,Home & Kitchen,2025-04-17
P-1009,Ceramic Cookware Set,65.37,61,1018,0.0599,Home & Kitchen,2025-04-18
P-1009,Ceramic Cookware Set,66.16,46,826,0.0557,Home & Kitchen,2025-04-19
P-1009,Ceramic Cookware Set,66.65,83,1039,0.0799,Home & Kitchen,2025-04-20
P-1009,Ceramic Cookware Set,64.81,78,1091,0.0715,Home & Kitchen,2025-04-21
P-1009,Ceramic Cookware Set,65.72,55,831,0.0662,Home & Kitchen,2025-04-22
P-1009,Ceramic Cookware Set,67.04,58,1010,0.0574,Home & Kitchen,2025-04-23
P-1009,Ceramic Cookware Set,65.45,66,994,0.0664,Home & Kitchen,2025-04-24
P-1009,Ceramic Cookware Set,65.87,70,950,0.0737,Home & Kitchen,2025-04-25
P-1009,Ceramic Cookware Set,66.91,77,1288,0.0598,Home & Kitchen,2025-04-26
P-1009,Ceramic Cookware Set,67.52,77,1323,0.0582,Home & Kitchen,2025-04-27
P-1009,Ceramic Cookware Set,64.86,63,866,0.0727,Home & Kitchen,2025-04-28
P-1009,Ceramic Cookware Set,63.72,58,733,0.0791,Home & Kitchen,2025-04-29
P-1009,Ceramic Cookware Set,65.8,68,965,0.0705,Home & Kitchen,2025-04-30
P-1009,Ceramic Cookware Set,62.32,65,1076,0.0604,Home & Kitchen,2025-05-01
P-1009,Ceramic Cookware Set,64.64,58,959,0.0605,Home & Kitchen,2025-05-02
P-1009,Ceramic Cookware Set,62.93,70,1108,0.0632,Home & Kitchen,2025-05-03
P-1009,Ceramic Cookware Set,58.26,84,1309,0.0642,Home & Kitchen,2025-05-04
