data/ecommerce_pricing_data.csv
product_id,product_name,price,units_sold,page_views,conversion_rate,product_category,date
P-1010,Air Fryer Basket,66.71,69,963,0.0717,Home & Kitchen,2025-01-01
P-1010,Air Fryer Basket,67.83,76,1033,0.0736,Home & Kitchen,2025-01-02
P-1010,Air Fryer Basket,67.23,41,617,0.0665,Home & Kitchen,2025-01-03
P-1010,Air Fryer Basket,68.42,94,1068,0.088,Home & Kitchen,2025-01-04
P-1010,Air Fryer Basket,68.42,80,1057,0.0757,Home & Kitchen,2025-01-05
P-1010,Air Fryer Basket,64.85,68,784,0.0867,Home & Kitchen,2025-01-06
P-1010,Air Fryer Basket,65.97,59,699,0.0844,Home & Kitchen,2025-01-07
P-1010,Air Fryer Basket,66.89,73,837,0.0872,Home & Kitchen,2025-01-08
P-1010,Air Fryer Basket,67,45,680,0.0662,Home & Kitchen,2025-01-09
P-1010,Air Fryer Basket,70.41,53,767,0.0691,Home & Kitchen,2025-01-10
P-1010,Air Fryer Basket,73.77,56,930,0.0602,Home & Kitchen,2025-01-11
P-1010,Air Fryer Basket,72.49,48,786,0.0611,Home & Kitchen,2025-01-12
P-1010,Air Fryer Basket,75.38,58,740,0.0784,Home & Kitchen,2025-01-13
P-1010,Air Fryer Basket,75.5,40,786,0.0509,Home & Kitchen,2025-01-14
P-1010,Air Fryer Basket,70.5,46,727,0.0633,Home & Kitchen,2025-01-15
P-1010,Air Fryer Basket,70.46,73,1022,0.0714,Home & Kitchen,2025-01-16
P-1010,Air Fryer Basket,69.34,78,922,0.0846,Home & Kitchen,2025-01-17
P-1010,Air Fryer Basket,66.56,62,854,0.0726,Home & Kitchen,2025-01-18
P-1010,Air Fryer Basket,64.19,76,1115,0.0682,Home & Kitchen,2025-01-19
P-1010,Air Fryer Basket,64.82,64,843,0.0759,Home & Kitchen,2025-01-20
P-1010,Air Fryer Basket,61.95,55,821,0.067,Home & Kitchen,2025-01-21
P-1010,Air Fryer Basket,64.96,64,1011,0.0633,Home & Kitchen,2025-01-22
P-1010,Air Fryer Basket,63.4,53,625,0.0848,Home & Kitchen,2025-01-23
P-1010,Air Fryer Basket,65.57,44,610,0.0721,Home & Kitchen,2025-01-24
P-1010,Air Fryer Basket,63.05,59,708,0.0833,Home & Kitchen,2025-01-25
P-1010,Air Fryer Basket,62.11,67,1025,0.0654,Home & Kitchen,2025-01-26
P-1010,Air Fryer Basket,62.38,49,691,0.0709,Home & Kitchen,2025-01-27
P-1010,Air Fryer Basket,62.83,52,735,0.0707,Home & Kitchen,2025-01-28
P-1010,Air Fryer Basket,64.83,53,714,0.0742,Home & Kitchen,2025-01-29
P-1010,Air Fryer Basket,61.77,42,588,0.0714,Home & Kitchen,2025-01-30
P-1010,Air Fryer Basket,63.4,66,773,0.0854,Home & Kitchen,2025-01-31
P-1010,Air Fryer Basket,65,67,921,0.0727,Home & Kitchen,2025-02-01
P-1010,Air Fryer Basket,51.61,79,962,0.0821,Home & Kitchen,2025-02-02
P-1010,Air Fryer Basket,52.21,98,955,0.1026,Home & Kitchen,2025-02-03
P-1010,Air Fryer Basket,51.77,51,616,0.0828,Home & Kitchen,2025-02-04
P-1010,Air Fryer Basket,49.44,62,706,0.0878,Home & Kitchen,2025-02-05
P-1010,Air Fryer Basket,51.58,75,678,0.1106,Home & Kitchen,2025-02-06
P-1010,Air Fryer Basket,51.79,98,858,0.1142,Home & Kitchen,2025-02-07
P-1010,Air Fryer Basket,64.67,65,897,0.0725,Home & Kitchen,2025-02-08
P-1010,Air Fryer Basket,61.67,49,711,0.0689,Home & Kitchen,2025-02-09
P-1010,Air Fryer Basket,63.36,47,628,0.0748,Home & Kitchen,2025-02-10
P-1010,Air Fryer Basket,64.43,43,736,0.0584,Home & Kitchen,2025-02-11
P-1010,Air Fryer Basket,63.57,73,836,0.0873,Home & Kitchen,2025-02-12
P-1010,Air Fryer Basket,63.54,31,551,0.0563,Home & Kitchen,2025-02-13
P-1010,Air Fryer Basket,64.46,45,594,0.0758,Home & Kitchen,2025-02-14
P-1010,Air Fryer Basket,62.76,47,715,0.0657,Home & Kitchen,2025-02-15
P-1010,Air Fryer Basket,63.38,58,802,0.0723,Home & Kitchen,2025-02-16
P-1010,Air Fryer Basket,64.2,54,759,0.0711,Home & Kitchen,2025-02-17
P-1010,Air Fryer Basket,64.87,50,738,0.0678,Home & Kitchen,2025-02-18
P-1010,Air Fryer Basket,65.2,49,737,0.0665,Home & Kitchen,2025-02-19
P-1010,Air Fryer Basket,64.98,70,731,0.0958,Home & Kitchen,2025-02-20
P-1010,Air Fryer Basket,63.43,56,642,0.0872,Home & Kitchen,2025-02-21
P-1010,Air Fryer Basket,64.59,84,804,0.1045,Home & Kitchen,2025-02-22
P-1010,Air Fryer Basket,65.35,47,622,0.0756,Home & Kitchen,2025-02-23
P-1010,Air Fryer Basket,61.63,66,724,0.0912,Home & Kitchen,2025-02-24
P-1010,Air Fryer Basket,66.05,50,712,0.0702,Home & Kitchen,2025-02-25
P-1010,Air Fryer Basket,63.19,49,610,0.0803,Home & Kitchen,2025-02-26
P-1010,Air Fryer Basket,64.62,63,750,0.084,Home & Kitchen,2025-02-27
P-1010,Air Fryer Basket,66.66,35,552,0.0634,Home & Kitchen,2025-02-28
P-1010,Air Fryer Basket,68.15,64,840,0.0762,Home & Kitchen,2025-03-01
P-1010,Air Fryer Basket,64.83,99,1099,0.0901,Home & Kitchen,2025-03-02
P-1010,Air Fryer Basket,66.53,52,654,0.0795,Home & Kitchen,2025-03-03
P-1010,Air Fryer Basket,65.85,47,610,0.077,Home & Kitchen,2025-03-04
P-1010,Air Fryer Basket,67.31,72,754,0.0955,Home & Kitchen,2025-03-05
P-1010,Air Fryer Basket,69.85,52,781,0.0666,Home & Kitchen,2025-03-06
P-1010,Air Fryer Basket,65.56,63,719,0.0876,Home & Kitchen,2025-03-07
P-1010,Air Fryer Basket,68.08,61,865,0.0705,Home & Kitchen,2025-03-08
P-1010,Air Fryer Basket,66.34,73,776,0.0941,Home & Kitchen,2025-03-09
P-1010,Air Fryer Basket,67.52,55,839,0.0656,Home & Kitchen,2025-03-10
P-1010,Air Fryer Basket,67.02,71,661,0.1074,Home & Kitchen,2025-03-11
P-1010,Air Fryer Basket,68.22,61,879,0.0694,Home & Kitchen,2025-03-12
P-1010,Air Fryer Basket,66.29,71,901,0.0788,Home & Kitchen,2025-03-13
P-1010,Air Fryer Basket,69.82,38,572,0.0664,Home & Kitchen,2025-03-14
P-1010,Air Fryer Basket,69.33,77,904,0.0852,Home & Kitchen,2025-03-15
P-1010,Air Fryer Basket,66.14,65,848,0.0767,Home & Kitchen,2025-03-16
P-1010,Air Fryer Basket,55.8,63,658,0.0957,Home & Kitchen,2025-03-17
P-1010,Air Fryer Basket,60.82,64,556,0.1151,Home & Kitchen,2025-03-18
P-1010,Air Fryer Basket,69.45,45,575,0.0783,Home & Kitchen,2025-03-19
P-1010,Air Fryer Basket,67.39,48,736,0.0652,Home & Kitchen,2025-03-20
P-1010,Air Fryer Basket,65.32,68,795,0.0855,Home & Kitchen,2025-03-21
P-1010,Air Fryer Basket,64.27,62,811,0.0764,Home & Kitchen,2025-03-22
P-1010,Air Fryer Basket,75.81,48,823,0.0583,Home & Kitchen,2025-03-23
P-1010,Air Fryer Basket,77.92,53,770,0.0688,Home & Kitchen,2025-03-24
P-1010,Air Fryer Basket,71.87,47,626,0.0751,Home & Kitchen,2025-03-25
P-1010,Air Fryer Basket,67.81,71,829,0.0856,Home & Kitchen,2025-03-26
P-1010,Air Fryer Basket,69.17,61,730,0.0836,Home & Kitchen,2025-03-27
P-1010,Air Fryer Basket,65.43,54,627,0.0861,Home & Kitchen,2025-03-28
P-1010,Air Fryer Basket,66.14,45,664,0.0678,Home & Kitchen,2025-03-29
P-1010,Air Fryer Basket,66.8,78,992,0.0786,Home & Kitchen,2025-03-30
P-1010,Air Fryer Basket,66.6,80,919,0.0871,Home & Kitchen,2025-03-31
P-1010,Air Fryer Basket,65.99,55,798,0.0689,Home & Kitchen,2025-04-01
P-1010,Air Fryer Basket,65.19,80,843,0.0949,Home & Kitchen,2025-04-02
P-1010,Air Fryer Basket,65.98,50,619,0.0808,Home & Kitchen,2025-04-03
P-1010,Air Fryer Basket,64.69,58,675,0.0859,Home & Kitchen,2025-04-04
P-1010,Air Fryer Basket,66.97,74,1007,0.0735,Home & Kitchen,2025-04-05
P-1010,Air Fryer Basket,65.64,86,913,0.0942,Home & Kitchen,2025-04-06
P-1010,Air Fryer Basket,65.85,85,818,0.1039,Home & Kitchen,2025-04-07
P-1010,Air Fryer Basket,66.02,51,695,0.0734,Home & Kitchen,2025-04-08
P-1010,Air Fryer Basket,66.43,54,805,0.0671,Home & Kitchen,2025-04-09
P-1010,Air Fryer Basket,64.8,61,776,0.0786,Home & Kitchen,2025-04-10
P-1010,Air Fryer Basket,65.49,61,735,0.083,Home & Kitchen,2025-04-11
P-1010,Air Fryer Basket,66.09,68,916,0.0742,Home & Kitchen,2025-04-12
P-1010,Air Fryer Basket,63.1,65,813,0.08,Home & Kitchen,2025-04-13
P-1010,Air Fryer Basket,65.61,59,862,0.0684,Home & Kitchen,2025-04-14
P-1010,Air Fryer Basket,63.22,68,788,0.0863,Home & Kitchen,2025-04-15
P-1010,Air Fryer Basket,63.29,78,643,0.1213,Home & Kitchen,2025-04-16
P-1010,Air Fryer Basket,65.99,52,842,0.0618,Home & Kitchen,2025-04-17
P-1010,Air Fryer Basket,61.63,69,799,0.0864,Home & Kitchen,2025-04-18
P-1010,Air Fryer Basket,63.3,50,716,0.0698,Home & Kitchen,2025-04-19
P-1010,Air Fryer Basket,64.46,76,865,0.0879,Home & Kitchen,2025-04-20
P-1010,Air Fryer Basket,64.65,57,860,0.0663,Home & Kitchen,2025-04-21
P-1010,Air Fryer Basket,64.32,63,753,0.0837,Home & Kitchen,2025-04-22
P-1010,Air Fryer Basket,62.44,69,805,0.0857,Home & Kitchen,2025-04-23
P-1010,Air Fryer Basket,62.34,56,698,0.0802,Home & Kitchen,2025-04-24
P-1010,Air Fryer Basket,60.79,76,841,0.0904,Home & Kitchen,2025-04-25
P-1010,Air Fryer Basket,63.74,62,880,0.0705,Home & Kitchen,2025-04-26
P-1010,Air Fryer Basket,61.95,73,998,0.0731,Home & Kitchen,2025-04-27
P-1010,Air Fryer Basket,64.06,66,824,0.0801,Home & Kitchen,2025-04-28
P-1010,Air Fryer Basket,56.25,55,683,0.0805,Home & Kitchen,2025-04-29
P-1010,Air Fryer Basket,51.1,105,992,0.1058,Home & Kitchen,2025-04-30
P-1010,Air Fryer Basket,56.33,93,961,0.0968,Home & Kitchen,2025-05-01
P-1010,Air Fryer Basket,50.54,73,797,0.0916,Home & Kitchen,2025-05-02
P-1010,Air Fryer Basket,56.27,104,1311,0.0793,Home & Kitchen,2025-05-03
P-1010,Air Fryer Basket,51.21,91,927,0.0982,Home & Kitchen,2025-05-04
P-1011,Memory Foam Pillow,86.92,110,1865,0.059,Home & Kitchen,2025-01-01
P-1011,Memory Foam Pillow,94.04,114,1633,0.0698,Home & Kitchen,2025-01-02
P-1011,Memory Foam Pillow,86.75,80,1328,0.0602,Home & Kitchen,2025-01-03
P-1011,Memory Foam Pillow,89.6,114,2085,0.0547,Home & Kitchen,2025-01-04
P-1011,Memory Foam Pillow,92.98,124,2498,0.0496,Home & Kitchen,2025-01-05
P-1011,Memory Foam Pillow,90.84,86,1289,0.0667,Home & Kitchen,2025-01-06
P-1011,Memory Foam Pillow,92.52,79,1740,0.0454,Home & Kitchen,2025-01-07
P-1011,Memory Foam Pillow,88.52,80,1474,0.0543,Home & Kitchen,2025-01-08
P-1011,Memory Foam Pillow,80.64,85,1355,0.0627,Home & Kitchen,2025-01-09
P-1011,Memory Foam Pillow,80.48,82,1342,0.0611,Home & Kitchen,2025-01-10
P-1011,Memory Foam Pillow,85.37,92,1893,0.0486,Home & Kitchen,2025-01-11
P-1011,Memory Foam Pillow,82.88,94,1752,0.0537,Home & Kitchen,2025-01-12
P-1011,Memory Foam Pillow,85.27,70,1201,0.0583,Home & Kitchen,2025-01-13
P-1011,Memory Foam Pillow,84.14,71,1308,0.0543,Home & Kitchen,2025-01-14
P-1011,Memory Foam Pillow,83.33,90,1595,0.0564,Home & Kitchen,2025-01-15
P-1011,Memory Foam Pillow,86.19,113,2067,0.0547,Home & Kitchen,2025-01-16
P-1011,Memory Foam Pillow,86.51,101,1465,0.0689,Home & Kitchen,2025-01-17
P-1011,Memory Foam Pillow,83.3,116,1828,0.0635,Home & Kitchen,2025-01-18
P-1011,Memory Foam Pillow,84.57,120,1763,0.0681,Home & Kitchen,2025-01-19
P-1011,Memory Foam Pillow,81.32,104,1682,0.0618,Home & Kitchen,2025-01-20
P-1011,Memory Foam Pillow,82.54,146,2053,0.0711,Home & Kitchen,2025-01-21
P-1011,Memory Foam Pillow,79.42,137,1890,0.0725,Home & Kitchen,2025-01-22
P-1011,Memory Foam Pillow,84.17,103,1648,0.0625,Home & Kitchen,2025-01-23
P-1011,Memory Foam Pillow,82.15,77,1363,0.0565,Home & Kitchen,2025-01-24
P-1011,Memory Foam Pillow,82.32,89,1612,0.0552,Home & Kitchen,2025-01-25
P-1011,Memory Foam Pillow,82.48,133,2102,0.0633,Home & Kitchen,2025-01-26
P-1011,Memory Foam Pillow,81.73,93,1538,0.0605,Home & Kitchen,2025-01-27
P-1011,Memory Foam Pillow,75.26,114,1985,0.0574,Home & Kitchen,2025-01-28
P-1011,Memory Foam Pillow,73.71,105,1361,0.0771,Home & Kitchen,2025-01-29
P-1011,Memory Foam Pillow,70.2,113,1710,0.0661,Home & Kitchen,2025-01-30
P-1011,Memory Foam Pillow,71.69,101,1729,0.0584,Home & Kitchen,2025-01-31
P-1011,Memory Foam Pillow,64.86,134,1780,0.0753,Home & Kitchen,2025-02-01
P-1011,Memory Foam Pillow,67.68,144,2011,0.0716,Home & Kitchen,2025-02-02
P-1011,Memory Foam Pillow,84.31,113,1792,0.0631,Home & Kitchen,2025-02-03
P-1011,Memory Foam Pillow,82.97,85,2037,0.0417,Home & Kitchen,2025-02-04
P-1011,Memory Foam Pillow,80.93,127,1918,0.0662,Home & Kitchen,2025-02-05
P-1011,Memory Foam Pillow,80.43,74,1191,0.0621,Home & Kitchen,2025-02-06
P-1011,Memory Foam Pillow,77.82,92,1517,0.0606,Home & Kitchen,2025-02-07
P-1011,Memory Foam Pillow,77.45,115,1989,0.0578,Home & Kitchen,2025-02-08
P-1011,Memory Foam Pillow,82.4,112,2098,0.0534,Home & Kitchen,2025-02-09
P-1011,Memory Foam Pillow,78.78,78,1629,0.0479,Home & Kitchen,2025-02-10
P-1011,Memory Foam Pillow,81.3,99,2055,0.0482,Home & Kitchen,2025-02-11
P-1011,Memory Foam Pillow,77.04,94,1457,0.0645,Home & Kitchen,2025-02-12
P-1011,Memory Foam Pillow,78.3,106,1623,0.0653,Home & Kitchen,2025-02-13
P-1011,Memory Foam Pillow,78.65,95,1787,0.0532,Home & Kitchen,2025-02-14
P-1011,Memory Foam Pillow,79.8,139,2089,0.0665,Home & Kitchen,2025-02-15
P-1011,Memory Foam Pillow,75.54,121,1883,0.0643,Home & Kitchen,2025-02-16
P-1011,Memory Foam Pillow,77.35,86,1632,0.0527,Home & Kitchen,2025-02-17
P-1011,Memory Foam Pillow,77.75,89,1482,0.0601,Home & Kitchen,2025-02-18
P-1011,Memory Foam Pillow,78.99,91,1505,0.0605,Home & Kitchen,2025-02-19
P-1011,Memory Foam Pillow,77.83,108,1770,0.061,Home & Kitchen,2025-02-20
P-1011,Memory Foam Pillow,75.77,89,1619,0.055,Home & Kitchen,2025-02-21
P-1011,Memory Foam Pillow,77.49,176,2749,0.064,Home & Kitchen,2025-02-22
P-1011,Memory Foam Pillow,80.15,149,2358,0.0632,Home & Kitchen,2025-02-23
P-1011,Memory Foam Pillow,75.74,83,1528,0.0543,Home & Kitchen,2025-02-24
P-1011,Memory Foam Pillow,77.57,86,1808,0.0476,Home & Kitchen,2025-02-25
P-1011,Memory Foam Pillow,76.64,92,1560,0.059,Home & Kitchen,2025-02-26
P-1011,Memory Foam Pillow,76.02,100,1759,0.0569,Home & Kitchen,2025-02-27
P-1011,Memory Foam Pillow,80.15,76,1365,0.0557,Home & Kitchen,2025-02-28
P-1011,Memory Foam Pillow,80.67,123,2131,0.0577,Home & Kitchen,2025-03-01
P-1011,Memory Foam Pillow,74.87,102,1839,0.0555,Home & Kitchen,2025-03-02
P-1011,Memory Foam Pillow,76.2,73,1521,0.048,Home & Kitchen,2025-03-03
P-1011,Memory Foam Pillow,78.06,108,1779,0.0607,Home & Kitchen,2025-03-04
P-1011,Memory Foam Pillow,76.21,79,1256,0.0629,Home & Kitchen,2025-03-05
P-1011,Memory Foam Pillow,77.15,83,1476,0.0562,Home & Kitchen,2025-03-06
P-1011,Memory Foam Pillow,80.39,108,1398,0.0773,Home & Kitchen,2025-03-07
P-1011,Memory Foam Pillow,77.57,102,2015,0.0506,Home & Kitchen,2025-03-08
P-1011,Memory Foam Pillow,90.01,80,1701,0.047,Home & Kitchen,2025-03-09
P-1011,Memory Foam Pillow,86.66,79,1322,0.0598,Home & Kitchen,2025-03-10
P-1011,Memory Foam Pillow,87.6,94,1546,0.0608,Home & Kitchen,2025-03-11
P-1011,Memory Foam Pillow,73.13,55,1230,0.0447,Home & Kitchen,2025-03-12
P-1011,Memory Foam Pillow,70.05,93,1559,0.0597,Home & Kitchen,2025-03-13
P-1011,Memory Foam Pillow,77.22,84,1247,0.0674,Home & Kitchen,2025-03-14
P-1011,Memory Foam Pillow,76.53,80,1752,0.0457,Home & Kitchen,2025-03-15
P-1011,Memory Foam Pillow,78.19,96,1779,0.054,Home & Kitchen,2025-03-16
P-1011,Memory Foam Pillow,67.12,115,1519,0.0757,Home & Kitchen,2025-03-17
P-1011,Memory Foam Pillow,81.8,85,1560,0.0545,Home & Kitchen,2025-03-18
P-1011,Memory Foam Pillow,80.13,71,1395,0.0509,Home & Kitchen,2025-03-19
P-1011,Memory Foam Pillow,82.39,84,1503,0.0559,Home & Kitchen,2025-03-20
P-1011,Memory Foam Pillow,82.88,86,1398,0.0615,Home & Kitchen,2025-03-21
P-1011,Memory Foam Pillow,82.88,76,1326,0.0573,Home & Kitchen,2025-03-22
P-1011,Memory Foam Pillow,82.21,80,1273,0.0628,Home & Kitchen,2025-03-23
P-1011,Memory Foam Pillow,80.28,81,1307,0.062,Home & Kitchen,2025-03-24
P-1011,Memory Foam Pillow,79.74,72,1293,0.0557,Home & Kitchen,2025-03-25
P-1011,Memory Foam Pillow,84.34,71,1364,0.0521,Home & Kitchen,2025-03-26
P-1011,Memory Foam Pillow,83.4,60,1134,0.0529,Home & Kitchen,2025-03-27
P-1011,Memory Foam Pillow,81.65,83,1367,0.0607,Home & Kitchen,2025-03-28
P-1011,Memory Foam Pillow,82.73,85,1404,0.0605,Home & Kitchen,2025-03-29
P-1011,Memory Foam Pillow,83.56,59,1152,0.0512,Home & Kitchen,2025-03-30
P-1011,Memory Foam Pillow,84.2,54,989,0.0546,Home & Kitchen,2025-03-31
P-1011,Memory Foam Pillow,86.17,82,1535,0.0534,Home & Kitchen,2025-04-01
P-1011,Memory Foam Pillow,82.61,81,1155,0.0701,Home & Kitchen,2025-04-02
P-1011,Memory Foam Pillow,83.94,89,1413,0.063,Home & Kitchen,2025-04-03
P-1011,Memory Foam Pillow,84.11,105,1690,0.0621,Home & Kitchen,2025-04-04
P-1011,Memory Foam Pillow,80.09,129,1634,0.0789,Home & Kitchen,2025-04-05
P-1011,Memory Foam Pillow,83.19,125,1757,0.0711,Home & Kitchen,2025-04-06
P-1011,Memory Foam Pillow,84.61,76,1161,0.0655,Home & Kitchen,2025-04-07
P-1011,Memory Foam Pillow,82.91,65,1331,0.0488,Home & Kitchen,2025-04-08
P-1011,Memory Foam Pillow,83.54,89,1307,0.0681,Home & Kitchen,2025-04-09
P-1011,Memory Foam Pillow,80.62,76,1752,0.0434,Home & Kitchen,2025-04-10
P-1011,Memory Foam Pillow,83.23,97,1603,0.0605,Home & Kitchen,2025-04-11
P-1011,Memory Foam Pillow,84.14,77,1321,0.0583,Home & Kitchen,2025-04-12
P-1011,Memory Foam Pillow,83.86,93,1670,0.0557,Home & Kitchen,2025-04-13
P-1011,Memory Foam Pillow,84.39,110,1776,0.0619,Home & Kitchen,2025-04-14
P-1011,Memory Foam Pillow,83.51,90,1534,0.0587,Home & Kitchen,2025-04-15
P-1011,Memory Foam Pillow,83.19,74,1202,0.0616,Home & Kitchen,2025-04-16
P-1011,Memory Foam Pillow,81,80,1339,0.0597,Home & Kitchen,2025-04-17
P-1011,Memory Foam Pillow,81.74,113,1406,0.0804,Home & Kitchen,2025-04-18
P-1011,Memory Foam Pillow,82.56,99,1620,0.0611,Home & Kitchen,2025-04-19
P-1011,Memory Foam Pillow,83.6,90,1801,0.05,Home & Kitchen,2025-04-20
P-1011,Memory Foam Pillow,82.75,63,1043,0.0604,Home & Kitchen,2025-04-21
P-1011,Memory Foam Pillow,82.99,116,1715,0.0676,Home & Kitchen,2025-04-22
P-1011,Memory Foam Pillow,81.64,82,1327,0.0618,Home & Kitchen,2025-04-23
P-1011,Memory Foam Pillow,69.83,84,1283,0.0655,Home & Kitchen,2025-04-24
P-1011,Memory Foam Pillow,69.58,70,1275,0.0549,Home & Kitchen,2025-04-25
P-1011,Memory Foam Pillow,65.43,95,1299,0.0731,Home & Kitchen,2025-04-26
P-1011,Memory Foam Pillow,70.64,100,1540,0.0649,Home & Kitchen,2025-04-27
P-1011,Memory Foam Pillow,64.4,100,1461,0.0684,Home & Kitchen,2025-04-28
P-1011,Memory Foam Pillow,66.23,109,1466,0.0744,Home & Kitchen,2025-04-29
P-1011,Memory Foam Pillow,82.81,107,2003,0.0534,Home & Kitchen,2025-04-30
P-1011,Memory Foam Pillow,81.51,87,1525,0.057,Home & Kitchen,2025-05-01
P-1011,Memory Foam Pillow,79,112,1535,0.073,Home & Kitchen,2025-05-02
P-1011,Memory Foam Pillow,78.23,103,1363,0.0756,Home & Kitchen,2025-05-03
P-1011,Memory Foam Pillow,79.65,92,1696,0.0542,Home & Kitchen,2025-05-04
