data/ecommerce_pricing_data.csv
product_id,product_name,price,units_sold,page_views,conversion_rate,product_category,date
P-1012,Countertop Blender,122.53,63,1663,0.0379,Home & Kitchen,2025-01-01
P-1012,Countertop Blender,121.09,56,1802,0.0311,Home & Kitchen,2025-01-02
P-1012,Countertop Blender,125.91,42,1537,0.0273,Home & Kitchen,2025-01-03
P-1012,Countertop Blender,122.49,65,1973,0.0329,Home & Kitchen,2025-01-04
P-1012,Countertop Blender,120.66,67,2299,0.0291,Home & Kitchen,2025-01-05
P-1012,Countertop Blender,125.33,45,1599,0.0281,Home & Kitchen,2025-01-06
P-1012,Countertop Blender,121.47,58,2109,0.0275,Home & Kitchen,2025-01-07
P-1012,Countertop Blender,119.74,57,1609,0.0354,Home & Kitchen,2025-01-08
P-1012,Countertop Blender,120.27,55,1666,0.033,Home & Kitchen,2025-01-09
P-1012,Countertop Blender,118.76,53,1323,0.0401,Home & Kitchen,2025-01-10
P-1012,Countertop Blender,120.54,57,1864,0.0306,Home & Kitchen,2025-01-11
P-1012,Countertop Blender,119.38,46,1350,0.0341,Home & Kitchen,2025-01-12
P-1012,Countertop Blender,122.93,35,1133,0.0309,Home & Kitchen,2025-01-13
P-1012,Countertop Blender,118.44,49,1374,0.0357,Home & Kitchen,2025-01-14
P-1012,Countertop Blender,117.14,50,1557,0.0321,Home & Kitchen,2025-01-15
P-1012,Countertop Blender,119.23,61,1775,0.0344,Home & Kitchen,2025-01-16
P-1012,Countertop Blender,121.68,51,2083,0.0245,Home & Kitchen,2025-01-17
P-1012,Countertop Blender,121.65,50,1798,0.0278,Home & Kitchen,2025-01-18
P-1012,Countertop Blender,116.55,58,1894,0.0306,Home & Kitchen,2025-01-19
P-1012,Countertop Blender,115.77,55,1409,0.039,Home & Kitchen,2025-01-20
P-1012,Countertop Blender,111.31,49,1811,0.0271,Home & Kitchen,2025-01-21
P-1012,Countertop Blender,117.6,57,1500,0.038,Home & Kitchen,2025-01-22
P-1012,Countertop Blender,100.99,51,1223,0.0417,Home & Kitchen,2025-01-23
P-1012,Countertop Blender,94.01,85,1849,0.046,Home & Kitchen,2025-01-24
P-1012,Countertop Blender,94.42,48,1302,0.0369,Home & Kitchen,2025-01-25
P-1012,Countertop Blender,96.92,89,1811,0.0491,Home & Kitchen,2025-01-26
P-1012,Countertop Blender,106.92,51,1588,0.0321,Home & Kitchen,2025-01-27
P-1012,Countertop Blender,100.44,53,1242,0.0427,Home & Kitchen,2025-01-28
P-1012,Countertop Blender,116.1,65,1683,0.0386,Home & Kitchen,2025-01-29
P-1012,Countertop Blender,114.92,52,1507,0.0345,Home & Kitchen,2025-01-30
P-1012,Countertop Blender,115.96,56,1405,0.0399,Home & Kitchen,2025-01-31
P-1012,Countertop Blender,117.25,60,1570,0.0382,Home & Kitchen,2025-02-01
P-1012,Countertop Blender,117.29,77,2092,0.0368,Home & Kitchen,2025-02-02
P-1012,Countertop Blender,118.7,53,1320,0.0402,Home & Kitchen,2025-02-03
P-1012,Countertop Blender,117.21,52,1348,0.0386,Home & Kitchen,2025-02-04
P-1012,Countertop Blender,113.54,54,1478,0.0365,Home & Kitchen,2025-02-05
P-1012,Countertop Blender,113.93,52,1266,0.0411,Home & Kitchen,2025-02-06
P-1012,Countertop Blender,114.7,33,1173,0.0281,Home & Kitchen,2025-02-07
P-1012,Countertop Blender,114.88,55,1356,0.0406,Home & Kitchen,2025-02-08
P-1012,Countertop Blender,114.58,63,1940,0.0325,Home & Kitchen,2025-02-09
P-1012,Countertop Blender,117.64,50,1585,0.0315,Home & Kitchen,2025-02-10
P-1012,Countertop Blender,117.21,54,1301,0.0415,Home & Kitchen,2025-02-11
P-1012,Countertop Blender,113.38,52,1603,0.0324,Home & Kitchen,2025-02-12
P-1012,Countertop Blender,115.95,43,1288,0.0334,Home & Kitchen,2025-02-13
P-1012,Countertop Blender,118.78,50,1235,0.0405,Home & Kitchen,2025-02-14
P-1012,Countertop Blender,119.65,61,1845,0.0331,Home & Kitchen,2025-02-15
P-1012,Countertop Blender,118.66,42,1542,0.0272,Home & Kitchen,2025-02-16
P-1012,Countertop Blender,112.4,80,1809,0.0442,Home & Kitchen,2025-02-17
P-1012,Countertop Blender,113.41,56,1775,0.0315,Home & Kitchen,2025-02-18
P-1012,Countertop Blender,118.07,56,1416,0.0395,Home & Kitchen,2025-02-19
P-1012,Countertop Blender,117.02,46,1024,0.0449,Home & Kitchen,2025-02-20
P-1012,Countertop Blender,115.99,51,1349,0.0378,Home & Kitchen,2025-02-21
P-1012,Countertop Blender,117.62,58,1738,0.0334,Home & Kitchen,2025-02-22
P-1012,Countertop Blender,118.72,55,1650,0.0333,Home & Kitchen,2025-02-23
P-1012,Countertop Blender,118.37,54,1596,0.0338,Home & Kitchen,2025-02-24
P-1012,Countertop Blender,122.88,61,1785,0.0342,Home & Kitchen,2025-02-25
P-1012,Countertop Blender,121.21,67,1530,0.0438,Home & Kitchen,2025-02-26
P-1012,Countertop Blender,120.38,49,1382,0.0355,Home & Kitchen,2025-02-27
P-1012,Countertop Blender,130.97,35,1176,0.0298,Home & Kitchen,2025-02-28
P-1012,Countertop Blender,136.68,53,1804,0.0294,Home & Kitchen,2025-03-01
P-1012,Countertop Blender,136.12,63,1861,0.0339,Home & Kitchen,2025-03-02
P-1012,Countertop Blender,132.65,39,1405,0.0278,Home & Kitchen,2025-03-03
P-1012,Countertop Blender,132.64,44,1380,0.0319,Home & Kitchen,2025-03-04
P-1012,Countertop Blender,132.9,39,1461,0.0267,Home & Kitchen,2025-03-05
P-1012,Countertop Blender,140.52,50,1388,0.036,Home & Kitchen,2025-03-06
P-1012,Countertop Blender,115.3,60,1511,0.0397,Home & Kitchen,2025-03-07
P-1012,Countertop Blender,104.65,59,1445,0.0408,Home & Kitchen,2025-03-08
P-1012,Countertop Blender,110.16,50,1476,0.0339,Home & Kitchen,2025-03-09
P-1012,Countertop Blender,104.31,42,1031,0.0407,Home & Kitchen,2025-03-10
P-1012,Countertop Blender,115.77,42,1211,0.0347,Home & Kitchen,2025-03-11
P-1012,Countertop Blender,102.08,82,1823,0.045,Home & Kitchen,2025-03-12
P-1012,Countertop Blender,121.56,56,1617,0.0346,Home & Kitchen,2025-03-13
P-1012,Countertop Blender,123.28,59,1409,0.0419,Home & Kitchen,2025-03-14
P-1012,Countertop Blender,125.36,38,1581,0.024,Home & Kitchen,2025-03-15
P-1012,Countertop Blender,124.55,57,1743,0.0327,Home & Kitchen,2025-03-16
P-1012,Countertop Blender,122.89,44,1327,0.0332,Home & Kitchen,2025-03-17
P-1012,Countertop Blender,127.9,58,1395,0.0416,Home & Kitchen,2025-03-18
P-1012,Countertop Blender,121.99,37,1335,0.0277,Home & Kitchen,2025-03-19
P-1012,Countertop Blender,125.12,68,1937,0.0351,Home & Kitchen,2025-03-20
P-1012,Countertop Blender,118.5,54,1536,0.0352,Home & Kitchen,2025-03-21
P-1012,Countertop Blender,124.41,49,1636,0.03,Home & Kitchen,2025-03-22
P-1012,Countertop Blender,122.28,60,1717,0.0349,Home & Kitchen,2025-03-23
P-1012,Countertop Blender,124.65,45,1332,0.0338,Home & Kitchen,2025-03-24
P-1012,Countertop Blender,125.48,60,1536,0.0391,Home & Kitchen,2025-03-25
P-1012,Countertop Blender,123.16,45,1235,0.0364,Home & Kitchen,2025-03-26
P-1012,Countertop Blender,126.96,47,1746,0.0269,Home & Kitchen,2025-03-27
P-1012,Countertop Blender,119.42,56,1498,0.0374,Home & Kitchen,2025-03-28
P-1012,Countertop Blender,119.28,61,1490,0.0409,Home & Kitchen,2025-03-29
P-1012,Countertop Blender,118.93,68,1787,0.0381,Home & Kitchen,2025-03-30
P-1012,Countertop Blender,119.58,69,1757,0.0393,Home & Kitchen,2025-03-31
P-1012,Countertop Blender,123.32,48,1217,0.0394,Home & Kitchen,2025-04-01
P-1012,Countertop Blender,118.47,58,1782,0.0325,Home & Kitchen,2025-04-02
P-1012,Countertop Blender,118.96,74,1764,0.042,Home & Kitchen,2025-04-03
P-1012,Countertop Blender,121.14,92,1978,0.0465,Home & Kitchen,2025-04-04
P-1012,Countertop Blender,116.32,63,1830,0.0344,Home & Kitchen,2025-04-05
P-1012,Countertop Blender,116.52,66,1672,0.0395,Home & Kitchen,2025-04-06
P-1012,Countertop Blender,114.64,77,1869,0.0412,Home & Kitchen,2025-04-07
P-1012,Countertop Blender,116.99,60,1690,0.0355,Home & Kitchen,2025-04-08
P-1012,Countertop Blender,118.36,67,1622,0.0413,Home & Kitchen,2025-04-09
P-1012,Countertop Blender,114.26,67,1585,0.0423,Home & Kitchen,2025-04-10
P-1012,Countertop Blender,118.76,50,1411,0.0354,Home & Kitchen,2025-04-11
P-1012,Countertop Blender,118.03,59,1653,0.0357,Home & Kitchen,2025-04-12
P-1012,Countertop Blender,118.43,63,1495,0.0421,Home & Kitchen,2025-04-13
P-1012,Countertop Blender,115.66,75,1935,0.0388,Home & Kitchen,2025-04-14
P-1012,Countertop Blender,117.7,52,1402,0.0371,Home & Kitchen,2025-04-15
P-1012,Countertop Blender,115.59,64,1776,0.036,Home & Kitchen,2025-04-16
P-1012,Countertop Blender,117.4,64,1698,0.0377,Home & Kitchen,2025-04-17
P-1012,Countertop Blender,121.53,45,1528,0.0295,Home & Kitchen,2025-04-18
P-1012,Countertop Blender,99.18,77,1785,0.0431,Home & Kitchen,2025-04-19
P-1012,Countertop Blender,101.44,71,1484,0.0478,Home & Kitchen,2025-04-20
P-1012,Countertop Blender,102.75,47,1430,0.0329,Home & Kitchen,2025-04-21
P-1012,Countertop Blender,94.52,57,1494,0.0382,Home & Kitchen,2025-04-22
P-1012,Countertop Blender,90.48,90,1803,0.0499,Home & Kitchen,2025-04-23
P-1012,Countertop Blender,99.12,77,1913,0.0403,Home & Kitchen,2025-04-24
P-1012,Countertop Blender,113.58,68,1687,0.0403,Home & Kitchen,2025-04-25
P-1012,Countertop Blender,120.76,69,2121,0.0325,Home & Kitchen,2025-04-26
P-1012,Countertop Blender,117.33,46,1589,0.0289,Home & Kitchen,2025-04-27
P-1012,Countertop Blender,110.85,69,1756,0.0393,Home & Kitchen,2025-04-28
P-1012,Countertop Blender,120.62,39,1625,0.024,Home & Kitchen,2025-04-29
P-1012,Countertop Blender,113.42,50,1914,0.0261,Home & Kitchen,2025-04-30
P-1012,Countertop Blender,117.28,66,2241,0.0295,Home & Kitchen,2025-05-01
P-1012,Countertop Blender,117.2,67,2118,0.0316,Home & Kitchen,2025-05-02
P-1012,Countertop Blender,115.5,61,1816,0.0336,Home & Kitchen,2025-05-03
P-1012,Countertop Blender,111.95,85,1852,0.0459,Home & Kitchen,2025-05-04
P-1013,Cotton Sheet Set,61.96,33,791,0.0417,Home & Kitchen,2025-01-01
P-1013,Cotton Sheet Set,63.43,31,691,0.0449,Home & Kitchen,2025-01-02
P-1013,Cotton Sheet Set,59.6,38,746,0.0509,Home & Kitchen,2025-01-03
P-1013,Cotton Sheet Set,60.56,32,718,0.0446,Home & Kitchen,2025-01-04
P-1013,Cotton Sheet Set,61.53,33,757,0.0436,Home & Kitchen,2025-01-05
P-1013,Cotton Sheet Set,61.48,43,666,0.0646,Home & Kitchen,2025-01-06
P-1013,Cotton Sheet Set,60.05,26,617,0.0421,Home & Kitchen,2025-01-07
P-1013,Cotton Sheet Set,60.61,25,523,0.0478,Home & Kitchen,2025-01-08
P-1013,Cotton Sheet Set,60.93,36,625,0.0576,Home & Kitchen,2025-01-09
P-1013,Cotton Sheet Set,59.79,22,548,0.0401,Home & Kitchen,2025-01-10
P-1013,Cotton Sheet Set,59.12,23,626,0.0367,Home & Kitchen,2025-01-11
P-1013,Cotton Sheet Set,60.51,30,631,0.0475,Home & Kitchen,2025-01-12
P-1013,Cotton Sheet Set,61.83,26,646,0.0402,Home & Kitchen,2025-01-13
P-1013,Cotton Sheet Set,60.32,33,552,0.0598,Home & Kitchen,2025-01-14
P-1013,Cotton Sheet Set,60.33,32,644,0.0497,Home & Kitchen,2025-01-15
P-1013,Cotton Sheet Set,60.16,26,601,0.0433,Home & Kitchen,2025-01-16
P-1013,Cotton Sheet Set,59.11,27,548,0.0493,Home & Kitchen,2025-01-17
P-1013,Cotton Sheet Set,49.95,37,584,0.0634,Home & Kitchen,2025-01-18
P-1013,Cotton Sheet Set,48.37,47,770,0.061,Home & Kitchen,2025-01-19
P-1013,Cotton Sheet Set,54.46,22,488,0.0451,Home & Kitchen,2025-01-20
P-1013,Cotton Sheet Set,51.05,28,543,0.0516,Home & Kitchen,2025-01-21
P-1013,Cotton Sheet Set,52.23,31,594,0.0522,Home & Kitchen,2025-01-22
P-1013,Cotton Sheet Set,53.66,26,577,0.0451,Home & Kitchen,2025-01-23
P-1013,Cotton Sheet Set,58.44,31,662,0.0468,Home & Kitchen,2025-01-24
P-1013,Cotton Sheet Set,58.66,23,582,0.0395,Home & Kitchen,2025-01-25
P-1013,Cotton Sheet Set,59.29,40,719,0.0556,Home & Kitchen,2025-01-26
P-1013,Cotton Sheet Set,57.93,31,574,0.054,Home & Kitchen,2025-01-27
P-1013,Cotton Sheet Set,58.56,31,668,0.0464,Home & Kitchen,2025-01-28
P-1013,Cotton Sheet Set,59.39,22,530,0.0415,Home & Kitchen,2025-01-29
P-1013,Cotton Sheet Set,59.07,28,669,0.0419,Home & Kitchen,2025-01-30
P-1013,Cotton Sheet Set,57.63,22,499,0.0441,Home & Kitchen,2025-01-31
P-1013,Cotton Sheet Set,58.25,29,805,0.036,Home & Kitchen,2025-02-01
P-1013,Cotton Sheet Set,59.06,43,915,0.047,Home & Kitchen,2025-02-02
P-1013,Cotton Sheet Set,58.88,30,652,0.046,Home & Kitchen,2025-02-03
P-1013,Cotton Sheet Set,56.13,35,628,0.0557,Home & Kitchen,2025-02-04
P-1013,Cotton Sheet Set,57.97,21,507,0.0414,Home & Kitchen,2025-02-05
P-1013,Cotton Sheet Set,58,24,405,0.0593,Home & Kitchen,2025-02-06
P-1013,Cotton Sheet Set,57.82,27,525,0.0514,Home & Kitchen,2025-02-07
P-1013,Cotton Sheet Set,57.54,28,616,0.0455,Home & Kitchen,2025-02-08
P-1013,Cotton Sheet Set,55.49,20,608,0.0329,Home & Kitchen,2025-02-09
P-1013,Cotton Sheet Set,57.41,15,525,0.0286,Home & Kitchen,2025-02-10
P-1013,Cotton Sheet Set,56.62,26,636,0.0409,Home & Kitchen,2025-02-11
P-1013,Cotton Sheet Set,56.67,36,615,0.0585,Home & Kitchen,2025-02-12
P-1013,Cotton Sheet Set,59.08,20,521,0.0384,Home & Kitchen,2025-02-13
P-1013,Cotton Sheet Set,55.58,14,424,0.033,Home & Kitchen,2025-02-14
P-1013,Cotton Sheet Set,56.48,24,500,0.048,Home & Kitchen,2025-02-15
P-1013,Cotton Sheet Set,58,23,542,0.0424,Home & Kitchen,2025-02-16
P-1013,Cotton Sheet Set,58.07,29,468,0.062,Home & Kitchen,2025-02-17
P-1013,Cotton Sheet Set,55.64,28,564,0.0496,Home & Kitchen,2025-02-18
P-1013,Cotton Sheet Set,63.17,29,565,0.0513,Home & Kitchen,2025-02-19
P-1013,Cotton Sheet Set,61.69,16,431,0.0371,Home & Kitchen,2025-02-20
P-1013,Cotton Sheet Set,65.7,22,623,0.0353,Home & Kitchen,2025-02-21
P-1013,Cotton Sheet Set,65.59,15,487,0.0308,Home & Kitchen,2025-02-22
P-1013,Cotton Sheet Set,63.25,31,557,0.0557,Home & Kitchen,2025-02-23
P-1013,Cotton Sheet Set,64.01,15,436,0.0344,Home & Kitchen,2025-02-24
P-1013,Cotton Sheet Set,63.52,25,455,0.0549,Home & Kitchen,2025-02-25
P-1013,Cotton Sheet Set,64.19,36,645,0.0558,Home & Kitchen,2025-02-26
P-1013,Cotton Sheet Set,57.54,20,478,0.0418,Home & Kitchen,2025-02-27
P-1013,Cotton Sheet Set,58.67,21,473,0.0444,Home & Kitchen,2025-02-28
P-1013,Cotton Sheet Set,56.41,29,636,0.0456,Home & Kitchen,2025-03-01
P-1013,Cotton Sheet Set,49.51,53,865,0.0613,Home & Kitchen,2025-03-02
P-1013,Cotton Sheet Set,51.34,22,515,0.0427,Home & Kitchen,2025-03-03
P-1013,Cotton Sheet Set,49.29,30,567,0.0529,Home & Kitchen,2025-03-04
P-1013,Cotton Sheet Set,54.06,38,626,0.0607,Home & Kitchen,2025-03-05
P-1013,Cotton Sheet Set,50.13,20,400,0.05,Home & Kitchen,2025-03-06
P-1013,Cotton Sheet Set,54.08,29,425,0.0682,Home & Kitchen,2025-03-07
P-1013,Cotton Sheet Set,59.88,36,642,0.0561,Home & Kitchen,2025-03-08
P-1013,Cotton Sheet Set,60.9,22,556,0.0396,Home & Kitchen,2025-03-09
P-1013,Cotton Sheet Set,59.32,24,469,0.0512,Home & Kitchen,2025-03-10
P-1013,Cotton Sheet Set,61.93,17,478,0.0356,Home & Kitchen,2025-03-11
P-1013,Cotton Sheet Set,59.24,14,421,0.0333,Home & Kitchen,2025-03-12
P-1013,Cotton Sheet Set,59.32,18,409,0.044,Home & Kitchen,2025-03-13
P-1013,Cotton Sheet Set,59.72,21,521,0.0403,Home & Kitchen,2025-03-14
P-1013,Cotton Sheet Set,58.62,28,524,0.0534,Home & Kitchen,2025-03-15
P-1013,Cotton Sheet Set,59.75,29,667,0.0435,Home & Kitchen,2025-03-16
P-1013,Cotton Sheet Set,60.88,27,416,0.0649,Home & Kitchen,2025-03-17
P-1013,Cotton Sheet Set,61.45,16,434,0.0369,Home & Kitchen,2025-03-18
P-1013,Cotton Sheet Set,60.17,28,590,0.0475,Home & Kitchen,2025-03-19
P-1013,Cotton Sheet Set,61.45,26,571,0.0455,Home & Kitchen,2025-03-20
P-1013,Cotton Sheet Set,61.57,17,464,0.0366,Home & Kitchen,2025-03-21
P-1013,Cotton Sheet Set,61.24,38,791,0.048,Home & Kitchen,2025-03-22
P-1013,Cotton Sheet Set,60.53,28,501,0.0559,Home & Kitchen,2025-03-23
P-1013,Cotton Sheet Set,61.67,23,519,0.0443,Home & Kitchen,2025-03-24
P-1013,Cotton Sheet Set,60.92,24,511,0.047,Home & Kitchen,2025-03-25
P-1013,Cotton Sheet Set,60.07,30,436,0.0688,Home & Kitchen,2025-03-26
P-1013,Cotton Sheet Set,59.71,27,518,0.0521,Home & Kitchen,2025-03-27
P-1013,Cotton Sheet Set,63.5,18,426,0.0423,Home & Kitchen,2025-03-28
P-1013,Cotton Sheet Set,62.08,28,659,0.0425,Home & Kitchen,2025-03-29
P-1013,Cotton Sheet Set,60.59,28,550,0.0509,Home & Kitchen,2025-03-30
P-1013,Cotton Sheet Set,60.56,20,464,0.0431,Home & Kitchen,2025-03-31
P-1013,Cotton Sheet Set,59.57,17,463,0.0367,Home & Kitchen,2025-04-01
P-1013,Cotton Sheet Set,58.51,26,618,0.0421,Home & Kitchen,2025-04-02
P-1013,Cotton Sheet Set,61.14,30,615,0.0488,Home & Kitchen,2025-04-03
P-1013,Cotton Sheet Set,59.07,32,538,0.0595,Home & Kitchen,2025-04-04
P-1013,Cotton Sheet Set,59.7,31,681,0.0455,Home & Kitchen,2025-04-05
P-1013,Cotton Sheet Set,61.46,25,550,0.0455,Home & Kitchen,2025-04-06
P-1013,Cotton Sheet Set,60.4,23,466,0.0494,Home & Kitchen,2025-04-07
P-1013,Cotton Sheet Set,58.96,31,575,0.0539,Home & Kitchen,2025-04-08
P-1013,Cotton Sheet Set,60.41,30,486,0.0617,Home & Kitchen,2025-04-09
P-1013,Cotton Sheet Set,59.46,23,525,0.0438,Home & Kitchen,2025-04-10
P-1013,Cotton Sheet Set,59.77,22,558,0.0394,Home & Kitchen,2025-04-11
P-1013,Cotton Sheet Set,59.16,34,577,0.0589,Home & Kitchen,2025-04-12
P-1013,Cotton Sheet Set,58.5,37,560,0.0661,Home & Kitchen,2025-04-13
P-1013,Cotton Sheet Set,54.11,27,436,0.0619,Home & Kitchen,2025-04-14
P-1013,Cotton Sheet Set,52.42,26,431,0.0603,Home & Kitchen,2025-04-15
P-1013,Cotton Sheet Set,50.79,29,529,0.0548,Home & Kitchen,2025-04-16
P-1013,Cotton Sheet Set,50.38,28,457,0.0613,Home & Kitchen,2025-04-17
P-1013,Cotton Sheet Set,47.8,39,529,0.0737,Home & Kitchen,2025-04-18
P-1013,Cotton Sheet Set,51.89,34,610,0.0557,Home & Kitchen,2025-04-19
P-1013,Cotton Sheet Set,59.57,32,609,0.0525,Home & Kitchen,2025-04-20
P-1013,Cotton Sheet Set,59.47,28,442,0.0633,Home & Kitchen,2025-04-21
P-1013,Cotton Sheet Set,59.41,20,461,0.0434,Home & Kitchen,2025-04-22
P-1013,Cotton Sheet Set,58.11,25,519,0.0482,Home & Kitchen,2025-04-23
P-1013,Cotton Sheet Set,56.7,35,552,0.0634,Home & Kitchen,2025-04-24
P-1013,Cotton Sheet Set,58.7,25,551,0.0454,Home & Kitchen,2025-04-25
P-1013,Cotton Sheet Set,57.92,23,576,0.0399,Home & Kitchen,2025-04-26
P-1013,Cotton Sheet Set,62.72,33,601,0.0549,Home & Kitchen,2025-04-27
P-1013,Cotton Sheet Set,60.2,16,450,0.0356,Home & Kitchen,2025-04-28
P-1013,Cotton Sheet Set,62.88,23,642,0.0358,Home & Kitchen,2025-04-29
P-1013,Cotton Sheet Set,62.61,22,500,0.044,Home & Kitchen,2025-04-30
P-1013,Cotton Sheet Set,62.91,25,596,0.0419,Home & Kitchen,2025-05-01
P-1013,Cotton Sheet Set,62.89,24,591,0.0406,Home & Kitchen,2025-05-02
P-1013,Cotton Sheet Set,63.66,34,792,0.0429,Home & Kitchen,2025-05-03
P-1013,Cotton Sheet Set,65.85,36,908,0.0396,Home & Kitchen,2025-05-04
