data/ecommerce_pricing_data.csv
product_id,product_name,price,units_sold,page_views,conversion_rate,product_category,date
P-1014,Desk Organizer,99.93,87,1624,0.0536,Home & Kitchen,2025-01-01
P-1014,Desk Organizer,104.61,59,1198,0.0492,Home & Kitchen,2025-01-02
P-1014,Desk Organizer,98.86,75,1464,0.0512,Home & Kitchen,2025-01-03
P-1014,Desk Organizer,100.18,82,1474,0.0556,Home & Kitchen,2025-01-04
P-1014,Desk Organizer,102.68,57,1214,0.047,Home & Kitchen,2025-01-05
P-1014,Desk Organizer,102.99,64,1404,0.0456,Home & Kitchen,2025-01-06
P-1014,Desk Organizer,101.64,68,1244,0.0547,Home & Kitchen,2025-01-07
P-1014,Desk Organizer,102.24,69,1348,0.0512,Home & Kitchen,2025-01-08
P-1014,Desk Organizer,103.35,59,1290,0.0457,Home & Kitchen,2025-01-09
P-1014,Desk Organizer,100.71,66,1281,0.0515,Home & Kitchen,2025-01-10
P-1014,Desk Organizer,102.73,76,1521,0.05,Home & Kitchen,2025-01-11
P-1014,Desk Organizer,103.87,118,2045,0.0577,Home & Kitchen,2025-01-12
P-1014,Desk Organizer,81.06,97,1302,0.0745,Home & Kitchen,2025-01-13
P-1014,Desk Organizer,80.61,100,1295,0.0772,Home & Kitchen,2025-01-14
P-1014,Desk Organizer,83.89,76,1208,0.0629,Home & Kitchen,2025-01-15
P-1014,Desk Organizer,95.5,91,1457,0.0625,Home & Kitchen,2025-01-16
P-1014,Desk Organizer,78.81,82,1181,0.0694,Home & Kitchen,2025-01-17
P-1014,Desk Organizer,94.42,79,1620,0.0488,Home & Kitchen,2025-01-18
P-1014,Desk Organizer,107.95,79,1549,0.051,Home & Kitchen,2025-01-19
P-1014,Desk Organizer,105.11,72,1509,0.0477,Home & Kitchen,2025-01-20
P-1014,Desk Organizer,102.71,42,1235,0.034,Home & Kitchen,2025-01-21
P-1014,Desk Organizer,104.25,61,1126,0.0542,Home & Kitchen,2025-01-22
P-1014,Desk Organizer,101.51,52,1005,0.0517,Home & Kitchen,2025-01-23
P-1014,Desk Organizer,101.22,64,1261,0.0508,Home & Kitchen,2025-01-24
P-1014,Desk Organizer,105.09,66,1367,0.0483,Home & Kitchen,2025-01-25
P-1014,Desk Organizer,103.41,78,1352,0.0577,Home & Kitchen,2025-01-26
P-1014,Desk Organizer,100.39,43,1137,0.0378,Home & Kitchen,2025-01-27
P-1014,Desk Organizer,98.29,50,999,0.0501,Home & Kitchen,2025-01-28
P-1014,Desk Organizer,103.13,47,995,0.0472,Home & Kitchen,2025-01-29
P-1014,Desk Organizer,103.24,63,1296,0.0486,Home & Kitchen,2025-01-30
P-1014,Desk Organizer,105.22,46,1274,0.0361,Home & Kitchen,2025-01-31
P-1014,Desk Organizer,107.19,81,1665,0.0486,Home & Kitchen,2025-02-01
P-1014,Desk Organizer,101.32,84,1689,0.0497,Home & Kitchen,2025-02-02
P-1014,Desk Organizer,98.37,73,1280,0.057,Home & Kitchen,2025-02-03
P-1014,Desk Organizer,100.81,55,1164,0.0473,Home & Kitchen,2025-02-04
P-1014,Desk Organizer,98.22,57,1408,0.0405,Home & Kitchen,2025-02-05
P-1014,Desk Organizer,101.04,57,1191,0.0479,Home & Kitchen,2025-02-06
P-1014,Desk Organizer,98.92,56,1291,0.0434,Home & Kitchen,2025-02-07
P-1014,Desk Organizer,101.12,74,1580,0.0468,Home & Kitchen,2025-02-08
P-1014,Desk Organizer,102.79,80,1760,0.0455,Home & Kitchen,2025-02-09
P-1014,Desk Organizer,106.07,48,1073,0.0447,Home & Kitchen,2025-02-10
P-1014,Desk Organizer,107.16,52,1023,0.0508,Home & Kitchen,2025-02-11
P-1014,Desk Organizer,107.61,52,1341,0.0388,Home & Kitchen,2025-02-12
P-1014,Desk Organizer,111.6,42,1257,0.0334,Home & Kitchen,2025-02-13
P-1014,Desk Organizer,106.47,58,1410,0.0411,Home & Kitchen,2025-02-14
P-1014,Desk Organizer,106.91,62,1483,0.0418,Home & Kitchen,2025-02-15
P-1014,Desk Organizer,107.62,67,1482,0.0452,Home & Kitchen,2025-02-16
P-1014,Desk Organizer,101.09,69,1512,0.0456,Home & Kitchen,2025-02-17
P-1014,Desk Organizer,94.46,77,1352,0.057,Home & Kitchen,2025-02-18
P-1014,Desk Organizer,97.24,63,1400,0.045,Home & Kitchen,2025-02-19
P-1014,Desk Organizer,97.9,88,1503,0.0585,Home & Kitchen,2025-02-20
P-1014,Desk Organizer,94.09,47,1049,0.0448,Home & Kitchen,2025-02-21
P-1014,Desk Organizer,94.16,80,1342,0.0596,Home & Kitchen,2025-02-22
P-1014,Desk Organizer,93.38,64,1280,0.05,Home & Kitchen,2025-02-23
P-1014,Desk Organizer,94.61,69,1282,0.0538,Home & Kitchen,2025-02-24
P-1014,Desk Organizer,87.76,49,1072,0.0457,Home & Kitchen,2025-02-25
P-1014,Desk Organizer,72.18,93,1151,0.0808,Home & Kitchen,2025-02-26
P-1014,Desk Organizer,80.85,85,1384,0.0614,Home & Kitchen,2025-02-27
P-1014,Desk Organizer,80.33,102,1223,0.0834,Home & Kitchen,2025-02-28
P-1014,Desk Organizer,85.27,81,1549,0.0523,Home & Kitchen,2025-03-01
P-1014,Desk Organizer,79.56,100,1438,0.0695,Home & Kitchen,2025-03-02
P-1014,Desk Organizer,98.44,53,1156,0.0458,Home & Kitchen,2025-03-03
P-1014,Desk Organizer,96.22,63,1285,0.049,Home & Kitchen,2025-03-04
P-1014,Desk Organizer,95.29,82,1581,0.0519,Home & Kitchen,2025-03-05
P-1014,Desk Organizer,97.06,63,1258,0.0501,Home & Kitchen,2025-03-06
P-1014,Desk Organizer,93.23,62,1052,0.0589,Home & Kitchen,2025-03-07
P-1014,Desk Organizer,95.56,62,1341,0.0462,Home & Kitchen,2025-03-08
P-1014,Desk Organizer,98.35,72,1505,0.0478,Home & Kitchen,2025-03-09
P-1014,Desk Organizer,96.35,63,1054,0.0598,Home & Kitchen,2025-03-10
P-1014,Desk Organizer,97.09,46,1005,0.0458,Home & Kitchen,2025-03-11
P-1014,Desk Organizer,97.9,52,1135,0.0458,Home & Kitchen,2025-03-12
P-1014,Desk Organizer,102.08,47,1013,0.0464,Home & Kitchen,2025-03-13
P-1014,Desk Organizer,97.84,51,1145,0.0445,Home & Kitchen,2025-03-14
P-1014,Desk Organizer,97.72,75,1629,0.046,Home & Kitchen,2025-03-15
P-1014,Desk Organizer,98.25,74,1541,0.048,Home & Kitchen,2025-03-16
P-1014,Desk Organizer,99.03,49,957,0.0512,Home & Kitchen,2025-03-17
P-1014,Desk Organizer,95.65,56,1164,0.0481,Home & Kitchen,2025-03-18
P-1014,Desk Organizer,97.81,57,1047,0.0544,Home & Kitchen,2025-03-19
P-1014,Desk Organizer,101.29,61,1213,0.0503,Home & Kitchen,2025-03-20
P-1014,Desk Organizer,100.64,44,865,0.0509,Home & Kitchen,2025-03-21
P-1014,Desk Organizer,103.82,50,1103,0.0453,Home & Kitchen,2025-03-22
P-1014,Desk Organizer,99.88,86,1608,0.0535,Home & Kitchen,2025-03-23
P-1014,Desk Organizer,102.94,53,951,0.0557,Home & Kitchen,2025-03-24
P-1014,Desk Organizer,99.45,103,1641,0.0628,Home & Kitchen,2025-03-25
P-1014,Desk Organizer,103.76,70,1392,0.0503,Home & Kitchen,2025-03-26
P-1014,Desk Organizer,102.93,51,893,0.0571,Home & Kitchen,2025-03-27
P-1014,Desk Organizer,103.46,47,1018,0.0462,Home & Kitchen,2025-03-28
P-1014,Desk Organizer,96.8,59,1084,0.0544,Home & Kitchen,2025-03-29
P-1014,Desk Organizer,103.78,57,1241,0.0459,Home & Kitchen,2025-03-30
P-1014,Desk Organizer,104.37,69,1294,0.0533,Home & Kitchen,2025-03-31
P-1014,Desk Organizer,104.32,73,1275,0.0573,Home & Kitchen,2025-04-01
P-1014,Desk Organizer,102.62,46,879,0.0523,Home & Kitchen,2025-04-02
P-1014,Desk Organizer,103.71,53,1372,0.0386,Home & Kitchen,2025-04-03
P-1014,Desk Organizer,107.15,74,1301,0.0569,Home & Kitchen,2025-04-04
P-1014,Desk Organizer,105.72,70,1621,0.0432,Home & Kitchen,2025-04-05
P-1014,Desk Organizer,103.14,76,1447,0.0525,Home & Kitchen,2025-04-06
P-1014,Desk Organizer,102.78,43,939,0.0458,Home & Kitchen,2025-04-07
P-1014,Desk Organizer,100.37,64,1072,0.0597,Home & Kitchen,2025-04-08
P-1014,Desk Organizer,86.47,50,1037,0.0482,Home & Kitchen,2025-04-09
P-1014,Desk Organizer,87.97,67,1159,0.0578,Home & Kitchen,2025-04-10
P-1014,Desk Organizer,80.06,105,1240,0.0847,Home & Kitchen,2025-04-11
P-1014,Desk Organizer,96.19,62,1345,0.0461,Home & Kitchen,2025-04-12
P-1014,Desk Organizer,81.49,80,1260,0.0635,Home & Kitchen,2025-04-13
P-1014,Desk Organizer,83.21,102,1352,0.0754,Home & Kitchen,2025-04-14
P-1014,Desk Organizer,103.78,54,1099,0.0491,Home & Kitchen,2025-04-15
P-1014,Desk Organizer,101.4,45,839,0.0536,Home & Kitchen,2025-04-16
P-1014,Desk Organizer,101.97,78,1294,0.0603,Home & Kitchen,2025-04-17
P-1014,Desk Organizer,111.03,37,793,0.0467,Home & Kitchen,2025-04-18
P-1014,Desk Organizer,110.22,48,1065,0.0451,Home & Kitchen,2025-04-19
P-1014,Desk Organizer,112.95,62,1262,0.0491,Home & Kitchen,2025-04-20
P-1014,Desk Organizer,109.7,45,1063,0.0423,Home & Kitchen,2025-04-21
P-1014,Desk Organizer,110.44,45,1027,0.0438,Home & Kitchen,2025-04-22
P-1014,Desk Organizer,119.38,40,865,0.0462,Home & Kitchen,2025-04-23
P-1014,Desk Organizer,117.29,49,1113,0.044,Home & Kitchen,2025-04-24
P-1014,Desk Organizer,114.46,73,1105,0.0661,Home & Kitchen,2025-04-25
P-1014,Desk Organizer,101.61,67,1398,0.0479,Home & Kitchen,2025-04-26
P-1014,Desk Organizer,102.31,50,937,0.0534,Home & Kitchen,2025-04-27
P-1014,Desk Organizer,99.26,59,1149,0.0513,Home & Kitchen,2025-04-28
P-1014,Desk Organizer,103.06,65,1201,0.0541,Home & Kitchen,2025-04-29
P-1014,Desk Organizer,101.06,44,905,0.0486,Home & Kitchen,2025-04-30
P-1014,Desk Organizer,100.45,70,1201,0.0583,Home & Kitchen,2025-05-01
P-1014,Desk Organizer,98.77,81,1359,0.0596,Home & Kitchen,2025-05-02
P-1014,Desk Organizer,100.63,63,1282,0.0491,Home & Kitchen,2025-05-03
P-1014,Desk Organizer,99.29,82,1527,0.0537,Home & Kitchen,2025-05-04
P-1015,LED Floor Lamp,84.11,30,917,0.0327,Home & Kitchen,2025-01-01
P-1015,LED Floor Lamp,84.61,16,840,0.019,Home & Kitchen,2025-01-02
P-1015,LED Floor Lamp,82.99,25,1147,0.0218,Home & Kitchen,2025-01-03
P-1015,LED Floor Lamp,83.78,36,1107,0.0325,Home & Kitchen,2025-01-04
P-1015,LED Floor Lamp,85.05,34,1016,0.0335,Home & Kitchen,2025-01-05
P-1015,LED Floor Lamp,80.82,36,907,0.0397,Home & Kitchen,2025-01-06
P-1015,LED Floor Lamp,80.72,25,805,0.0311,Home & Kitchen,2025-01-07
P-1015,LED Floor Lamp,64.7,35,791,0.0442,Home & Kitchen,2025-01-08
P-1015,LED Floor Lamp,62.98,36,942,0.0382,Home & Kitchen,2025-01-09
P-1015,LED Floor Lamp,71.64,27,780,0.0346,Home & Kitchen,2025-01-10
P-1015,LED Floor Lamp,71.12,43,955,0.045,Home & Kitchen,2025-01-11
P-1015,LED Floor Lamp,64.21,39,1116,0.0349,Home & Kitchen,2025-01-12
P-1015,LED Floor Lamp,67.5,24,664,0.0361,Home & Kitchen,2025-01-13
P-1015,LED Floor Lamp,81.48,38,1006,0.0378,Home & Kitchen,2025-01-14
P-1015,LED Floor Lamp,83.49,34,848,0.0401,Home & Kitchen,2025-01-15
P-1015,LED Floor Lamp,81.64,30,925,0.0324,Home & Kitchen,2025-01-16
P-1015,LED Floor Lamp,86.5,36,897,0.0401,Home & Kitchen,2025-01-17
P-1015,LED Floor Lamp,83.57,34,1142,0.0298,Home & Kitchen,2025-01-18
P-1015,LED Floor Lamp,80.9,17,790,0.0215,Home & Kitchen,2025-01-19
P-1015,LED Floor Lamp,87.7,17,699,0.0243,Home & Kitchen,2025-01-20
P-1015,LED Floor Lamp,84.1,27,872,0.031,Home & Kitchen,2025-01-21
P-1015,LED Floor Lamp,84.4,27,880,0.0307,Home & Kitchen,2025-01-22
P-1015,LED Floor Lamp,84.65,28,773,0.0362,Home & Kitchen,2025-01-23
P-1015,LED Floor Lamp,86.3,27,762,0.0354,Home & Kitchen,2025-01-24
P-1015,LED Floor Lamp,84.72,36,1171,0.0307,Home & Kitchen,2025-01-25
P-1015,LED Floor Lamp,84.11,37,1302,0.0284,Home & Kitchen,2025-01-26
P-1015,LED Floor Lamp,88.04,31,989,0.0313,Home & Kitchen,2025-01-27
P-1015,LED Floor Lamp,87.17,24,914,0.0263,Home & Kitchen,2025-01-28
P-1015,LED Floor Lamp,85.08,32,862,0.0371,Home & Kitchen,2025-01-29
P-1015,LED Floor Lamp,85.45,22,768,0.0286,Home & Kitchen,2025-01-30
P-1015,LED Floor Lamp,83.31,20,822,0.0243,Home & Kitchen,2025-01-31
P-1015,LED Floor Lamp,94.46,45,1312,0.0343,Home & Kitchen,2025-02-01
P-1015,LED Floor Lamp,94.54,26,1004,0.0259,Home & Kitchen,2025-02-02
P-1015,LED Floor Lamp,99.49,30,951,0.0315,Home & Kitchen,2025-02-03
P-1015,LED Floor Lamp,101.02,51,1503,0.0339,Home & Kitchen,2025-02-04
P-1015,LED Floor Lamp,100.73,26,938,0.0277,Home & Kitchen,2025-02-05
P-1015,LED Floor Lamp,98.78,22,817,0.0269,Home & Kitchen,2025-02-06
P-1015,LED Floor Lamp,92.91,21,759,0.0277,Home & Kitchen,2025-02-07
P-1015,LED Floor Lamp,94.59,30,989,0.0303,Home & Kitchen,2025-02-08
P-1015,LED Floor Lamp,89.41,30,888,0.0338,Home & Kitchen,2025-02-09
P-1015,LED Floor Lamp,89.43,30,823,0.0365,Home & Kitchen,2025-02-10
P-1015,LED Floor Lamp,86.93,25,875,0.0286,Home & Kitchen,2025-02-11
P-1015,LED Floor Lamp,88.94,32,877,0.0365,Home & Kitchen,2025-02-12
P-1015,LED Floor Lamp,87.14,25,817,0.0306,Home & Kitchen,2025-02-13
P-1015,LED Floor Lamp,89.58,22,854,0.0258,Home & Kitchen,2025-02-14
P-1015,LED Floor Lamp,90.18,33,1103,0.0299,Home & Kitchen,2025-02-15
P-1015,LED Floor Lamp,90.13,28,820,0.0341,Home & Kitchen,2025-02-16
P-1015,LED Floor Lamp,89.59,35,902,0.0388,Home & Kitchen,2025-02-17
P-1015,LED Floor Lamp,90.87,35,950,0.0368,Home & Kitchen,2025-02-18
P-1015,LED Floor Lamp,91.16,28,799,0.035,Home & Kitchen,2025-02-19
P-1015,LED Floor Lamp,81.96,47,1182,0.0398,Home & Kitchen,2025-02-20
P-1015,LED Floor Lamp,73.67,35,1049,0.0334,Home & Kitchen,2025-02-21
P-1015,LED Floor Lamp,79.79,52,1350,0.0385,Home & Kitchen,2025-02-22
P-1015,LED Floor Lamp,75.9,44,995,0.0442,Home & Kitchen,2025-02-23
P-1015,LED Floor Lamp,73.6,35,923,0.0379,Home & Kitchen,2025-02-24
P-1015,LED Floor Lamp,79.28,38,1132,0.0336,Home & Kitchen,2025-02-25
P-1015,LED Floor Lamp,87.9,25,788,0.0317,Home & Kitchen,2025-02-26
P-1015,LED Floor Lamp,87.14,37,940,0.0394,Home & Kitchen,2025-02-27
P-1015,LED Floor Lamp,89.64,25,952,0.0263,Home & Kitchen,2025-02-28
P-1015,LED Floor Lamp,90.3,46,1227,0.0375,Home & Kitchen,2025-03-01
P-1015,LED Floor Lamp,90.31,28,952,0.0294,Home & Kitchen,2025-03-02
P-1015,LED Floor Lamp,87.51,37,1179,0.0314,Home & Kitchen,2025-03-03
P-1015,LED Floor Lamp,86.45,27,931,0.029,Home & Kitchen,2025-03-04
P-1015,LED Floor Lamp,88.38,40,1174,0.0341,Home & Kitchen,2025-03-05
P-1015,LED Floor Lamp,87.49,32,1152,0.0278,Home & Kitchen,2025-03-06
P-1015,LED Floor Lamp,85.94,21,865,0.0243,Home & Kitchen,2025-03-07
P-1015,LED Floor Lamp,88.84,27,1232,0.0219,Home & Kitchen,2025-03-08
P-1015,LED Floor Lamp,85.09,27,873,0.0309,Home & Kitchen,2025-03-09
P-1015,LED Floor Lamp,86.56,33,930,0.0355,Home & Kitchen,2025-03-10
P-1015,LED Floor Lamp,87.05,25,1022,0.0245,Home & Kitchen,2025-03-11
P-1015,LED Floor Lamp,83.42,23,989,0.0233,Home & Kitchen,2025-03-12
P-1015,LED Floor Lamp,85.2,35,971,0.036,Home & Kitchen,2025-03-13
P-1015,LED Floor Lamp,84.25,34,1022,0.0333,Home & Kitchen,2025-03-14
P-1015,LED Floor Lamp,85.21,31,995,0.0312,Home & Kitchen,2025-03-15
P-1015,LED Floor Lamp,86.7,38,1069,0.0355,Home & Kitchen,2025-03-16
P-1015,LED Floor Lamp,84.55,31,1061,0.0292,Home & Kitchen,2025-03-17
P-1015,LED Floor Lamp,83.36,28,1063,0.0263,Home & Kitchen,2025-03-18
P-1015,LED Floor Lamp,77.5,24,957,0.0251,Home & Kitchen,2025-03-19
P-1015,LED Floor Lamp,84.19,22,780,0.0282,Home & Kitchen,2025-03-20
P-1015,LED Floor Lamp,81.51,32,869,0.0368,Home & Kitchen,2025-03-21
P-1015,LED Floor Lamp,83.77,33,992,0.0333,Home & Kitchen,2025-03-22
P-1015,LED Floor Lamp,83.18,32,1118,0.0286,Home & Kitchen,2025-03-23
P-1015,LED Floor Lamp,83.79,25,922,0.0271,Home & Kitchen,2025-03-24
P-1015,LED Floor Lamp,84.36,32,1024,0.0313,Home & Kitchen,2025-03-25
P-1015,LED Floor Lamp,81.77,32,903,0.0354,Home & Kitchen,2025-03-26
P-1015,LED Floor Lamp,83.48,29,1017,0.0285,Home & Kitchen,2025-03-27
P-1015,LED Floor Lamp,83.3,21,868,0.0242,Home & Kitchen,2025-03-28
P-1015,LED Floor Lamp,80.51,39,978,0.0399,Home & Kitchen,2025-03-29
P-1015,LED Floor Lamp,86.53,27,987,0.0274,Home & Kitchen,2025-03-30
P-1015,LED Floor Lamp,82.42,32,1128,0.0284,Home & Kitchen,2025-03-31
P-1015,LED Floor Lamp,82.04,32,925,0.0346,Home & Kitchen,2025-04-01
P-1015,LED Floor Lamp,85.16,46,1199,0.0384,Home & Kitchen,2025-04-02
P-1015,LED Floor Lamp,82.23,30,1035,0.029,Home & Kitchen,2025-04-03
P-1015,LED Floor Lamp,68.15,36,1130,0.0319,Home & Kitchen,2025-04-04
P-1015,LED Floor Lamp,74.65,48,1288,0.0373,Home & Kitchen,2025-04-05
P-1015,LED Floor Lamp,66.42,47,1445,0.0325,Home & Kitchen,2025-04-06
P-1015,LED Floor Lamp,68.65,24,830,0.0289,Home & Kitchen,2025-04-07
P-1015,LED Floor Lamp,72.04,35,817,0.0428,Home & Kitchen,2025-04-08
P-1015,LED Floor Lamp,80.1,27,1018,0.0265,Home & Kitchen,2025-04-09
P-1015,LED Floor Lamp,91.86,26,1108,0.0235,Home & Kitchen,2025-04-10
P-1015,LED Floor Lamp,91.56,34,1087,0.0313,Home & Kitchen,2025-04-11
P-1015,LED Floor Lamp,94.57,31,1305,0.0238,Home & Kitchen,2025-04-12
P-1015,LED Floor Lamp,97.52,27,1120,0.0241,Home & Kitchen,2025-04-13
P-1015,LED Floor Lamp,92.55,29,1303,0.0223,Home & Kitchen,2025-04-14
P-1015,LED Floor Lamp,92.07,25,989,0.0253,Home & Kitchen,2025-04-15
P-1015,LED Floor Lamp,94.32,24,998,0.024,Home & Kitchen,2025-04-16
P-1015,LED Floor Lamp,87.01,27,972,0.0278,Home & Kitchen,2025-04-17
P-1015,LED Floor Lamp,83.92,32,966,0.0331,Home & Kitchen,2025-04-18
P-1015,LED Floor Lamp,86.29,39,1053,0.037,Home & Kitchen,2025-04-19
P-1015,LED Floor Lamp,85.28,36,1350,0.0267,Home & Kitchen,2025-04-20
P-1015,LED Floor Lamp,84.19,35,1081,0.0324,Home & Kitchen,2025-04-21
P-1015,LED Floor Lamp,87.66,29,976,0.0297,Home & Kitchen,2025-04-22
P-1015,LED Floor Lamp,84.82,31,970,0.032,Home & Kitchen,2025-04-23
P-1015,LED Floor Lamp,88.82,26,900,0.0289,Home & Kitchen,2025-04-24
P-1015,LED Floor Lamp,87.08,17,902,0.0188,Home & Kitchen,2025-04-25
P-1015,LED Floor Lamp,89,28,1163,0.0241,Home & Kitchen,2025-04-26
P-1015,LED Floor Lamp,85.5,25,916,0.0273,Home & Kitchen,2025-04-27
P-1015,LED Floor Lamp,88.7,21,986,0.0213,Home & Kitchen,2025-04-28
P-1015,LED Floor Lamp,88.34,20,774,0.0258,Home & Kitchen,2025-04-29
P-1015,LED Floor Lamp,89.73,13,706,0.0184,Home & Kitchen,2025-04-30
P-1015,LED Floor Lamp,92.08,26,972,0.0267,Home & Kitchen,2025-05-01
P-1015,LED Floor Lamp,88.85,22,848,0.0259,Home & Kitchen,2025-05-02
P-1015,LED Floor Lamp,91.18,33,1054,0.0313,Home & Kitchen,2025-05-03
P-1015,LED Floor Lamp,91.14,46,1475,0.0312,Home & Kitchen,2025-05-04
