data/ecommerce_pricing_data.csv
product_id,product_name,price,units_sold,page_views,conversion_rate,product_category,date
P-1016,Vacuum Storage Bags,74.84,91,1493,0.061,Home & Kitchen,2025-01-01
P-1016,Vacuum Storage Bags,73.38,93,1403,0.0663,Home & Kitchen,2025-01-02
P-1016,Vacuum Storage Bags,69.31,94,1386,0.0678,Home & Kitchen,2025-01-03
P-1016,Vacuum Storage Bags,59.49,140,1777,0.0788,Home & Kitchen,2025-01-04
P-1016,Vacuum Storage Bags,63.34,100,1467,0.0682,Home & Kitchen,2025-01-05
P-1016,Vacuum Storage Bags,61.01,86,1231,0.0699,Home & Kitchen,2025-01-06
P-1016,Vacuum Storage Bags,61.47,89,1263,0.0705,Home & Kitchen,2025-01-07
P-1016,Vacuum Storage Bags,64.01,128,1466,0.0873,Home & Kitchen,2025-01-08
P-1016,Vacuum Storage Bags,75.56,65,1195,0.0544,Home & Kitchen,2025-01-09
P-1016,Vacuum Storage Bags,74.62,99,1518,0.0652,Home & Kitchen,2025-01-10
P-1016,Vacuum Storage Bags,73.01,103,1678,0.0614,Home & Kitchen,2025-01-11
P-1016,Vacuum Storage Bags,75.06,103,1463,0.0704,Home & Kitchen,2025-01-12
P-1016,Vacuum Storage Bags,74.3,109,1580,0.069,Home & Kitchen,2025-01-13
P-1016,Vacuum Storage Bags,74.06,92,1474,0.0624,Home & Kitchen,2025-01-14
P-1016,Vacuum Storage Bags,72.72,107,1505,0.0711,Home & Kitchen,2025-01-15
P-1016,Vacuum Storage Bags,74.82,89,1287,0.0692,Home & Kitchen,2025-01-16
P-1016,Vacuum Storage Bags,73.15,67,1230,0.0545,Home & Kitchen,2025-01-17
P-1016,Vacuum Storage Bags,72.63,130,1796,0.0724,Home & Kitchen,2025-01-18
P-1016,Vacuum Storage Bags,74.54,74,1282,0.0577,Home & Kitchen,2025-01-19
P-1016,Vacuum Storage Bags,75.05,149,1973,0.0755,Home & Kitchen,2025-01-20
P-1016,Vacuum Storage Bags,74.49,80,1135,0.0705,Home & Kitchen,2025-01-21
P-1016,Vacuum Storage Bags,74.52,115,1332,0.0863,Home & Kitchen,2025-01-22
P-1016,Vacuum Storage Bags,81.24,73,1011,0.0722,Home & Kitchen,2025-01-23
P-1016,Vacuum Storage Bags,80.3,71,1137,0.0624,Home & Kitchen,2025-01-24
P-1016,Vacuum Storage Bags,81.75,115,1936,0.0594,Home & Kitchen,2025-01-25
P-1016,Vacuum Storage Bags,83.01,97,1522,0.0637,Home & Kitchen,2025-01-26
P-1016,Vacuum Storage Bags,77.72,98,1339,0.0732,Home & Kitchen,2025-01-27
P-1016,Vacuum Storage Bags,83.22,74,1417,0.0522,Home & Kitchen,2025-01-28
P-1016,Vacuum Storage Bags,83.4,83,1296,0.064,Home & Kitchen,2025-01-29
P-1016,Vacuum Storage Bags,79.36,111,1435,0.0774,Home & Kitchen,2025-01-30
P-1016,Vacuum Storage Bags,78.19,86,1106,0.0778,Home & Kitchen,2025-01-31
P-1016,Vacuum Storage Bags,75.4,98,1605,0.0611,Home & Kitchen,2025-02-01
P-1016,Vacuum Storage Bags,74.22,93,1548,0.0601,Home & Kitchen,2025-02-02
P-1016,Vacuum Storage Bags,74.37,121,1868,0.0648,Home & Kitchen,2025-02-03
P-1016,Vacuum Storage Bags,75.91,119,1536,0.0775,Home & Kitchen,2025-02-04
P-1016,Vacuum Storage Bags,76.52,94,1292,0.0728,Home & Kitchen,2025-02-05
P-1016,Vacuum Storage Bags,75.16,111,1309,0.0848,Home & Kitchen,2025-02-06
P-1016,Vacuum Storage Bags,77.31,119,1745,0.0682,Home & Kitchen,2025-02-07
P-1016,Vacuum Storage Bags,75.66,151,1916,0.0788,Home & Kitchen,2025-02-08
P-1016,Vacuum Storage Bags,77.34,106,1580,0.0671,Home & Kitchen,2025-02-09
P-1016,Vacuum Storage Bags,78.79,69,1156,0.0597,Home & Kitchen,2025-02-10
P-1016,Vacuum Storage Bags,76.16,90,1493,0.0603,Home & Kitchen,2025-02-11
P-1016,Vacuum Storage Bags,76.92,79,1076,0.0734,Home & Kitchen,2025-02-12
P-1016,Vacuum Storage Bags,78.45,126,1511,0.0834,Home & Kitchen,2025-02-13
P-1016,Vacuum Storage Bags,80.37,74,1148,0.0645,Home & Kitchen,2025-02-14
P-1016,Vacuum Storage Bags,69.85,110,1597,0.0689,Home & Kitchen,2025-02-15
P-1016,Vacuum Storage Bags,66.8,111,1451,0.0765,Home & Kitchen,2025-02-16
P-1016,Vacuum Storage Bags,71.43,95,1258,0.0755,Home & Kitchen,2025-02-17
P-1016,Vacuum Storage Bags,67.62,161,1859,0.0866,Home & Kitchen,2025-02-18
P-1016,Vacuum Storage Bags,67.65,94,1112,0.0845,Home & Kitchen,2025-02-19
P-1016,Vacuum Storage Bags,68.34,94,1067,0.0881,Home & Kitchen,2025-02-20
P-1016,Vacuum Storage Bags,77.85,108,1495,0.0722,Home & Kitchen,2025-02-21
P-1016,Vacuum Storage Bags,78.91,119,1624,0.0733,Home & Kitchen,2025-02-22
P-1016,Vacuum Storage Bags,76.33,110,1642,0.067,Home & Kitchen,2025-02-23
P-1016,Vacuum Storage Bags,79.93,63,1082,0.0582,Home & Kitchen,2025-02-24
P-1016,Vacuum Storage Bags,77.73,105,1533,0.0685,Home & Kitchen,2025-02-25
P-1016,Vacuum Storage Bags,80.41,89,1544,0.0576,Home & Kitchen,2025-02-26
P-1016,Vacuum Storage Bags,78.24,130,1936,0.0671,Home & Kitchen,2025-02-27
P-1016,Vacuum Storage Bags,77.34,100,1447,0.0691,Home & Kitchen,2025-02-28
P-1016,Vacuum Storage Bags,77.28,131,1762,0.0743,Home & Kitchen,2025-03-01
P-1016,Vacuum Storage Bags,77.31,96,1802,0.0533,Home & Kitchen,2025-03-02
P-1016,Vacuum Storage Bags,78.92,97,1555,0.0624,Home & Kitchen,2025-03-03
P-1016,Vacuum Storage Bags,77.15,89,1556,0.0572,Home & Kitchen,2025-03-04
P-1016,Vacuum Storage Bags,79.55,96,1331,0.0721,Home & Kitchen,2025-03-05
P-1016,Vacuum Storage Bags,77.81,132,2006,0.0658,Home & Kitchen,2025-03-06
P-1016,Vacuum Storage Bags,78.25,96,1600,0.06,Home & Kitchen,2025-03-07
P-1016,Vacuum Storage Bags,77.79,103,1425,0.0723,Home & Kitchen,2025-03-08
P-1016,Vacuum Storage Bags,77.59,116,1656,0.07,Home & Kitchen,2025-03-09
P-1016,Vacuum Storage Bags,77.19,109,1421,0.0767,Home & Kitchen,2025-03-10
P-1016,Vacuum Storage Bags,77.05,84,1239,0.0678,Home & Kitchen,2025-03-11
P-1016,Vacuum Storage Bags,75.48,99,1472,0.0673,Home & Kitchen,2025-03-12
P-1016,Vacuum Storage Bags,75.63,110,1682,0.0654,Home & Kitchen,2025-03-13
P-1016,Vacuum Storage Bags,75.99,120,1687,0.0711,Home & Kitchen,2025-03-14
P-1016,Vacuum Storage Bags,77.11,104,1528,0.0681,Home & Kitchen,2025-03-15
P-1016,Vacuum Storage Bags,74,105,1965,0.0534,Home & Kitchen,2025-03-16
P-1016,Vacuum Storage Bags,75.83,64,1246,0.0514,Home & Kitchen,2025-03-17
P-1016,Vacuum Storage Bags,74.98,102,1502,0.0679,Home & Kitchen,2025-03-18
P-1016,Vacuum Storage Bags,72.91,105,1614,0.0651,Home & Kitchen,2025-03-19
P-1016,Vacuum Storage Bags,75.71,95,1470,0.0646,Home & Kitchen,2025-03-20
P-1016,Vacuum Storage Bags,75.14,128,2091,0.0612,Home & Kitchen,2025-03-21
P-1016,Vacuum Storage Bags,75.32,100,1680,0.0595,Home & Kitchen,2025-03-22
P-1016,Vacuum Storage Bags,75.56,109,1822,0.0598,Home & Kitchen,2025-03-23
P-1016,Vacuum Storage Bags,74.58,117,1759,0.0665,Home & Kitchen,2025-03-24
P-1016,Vacuum Storage Bags,75.72,98,1944,0.0504,Home & Kitchen,2025-03-25
P-1016,Vacuum Storage Bags,75.53,77,1313,0.0586,Home & Kitchen,2025-03-26
P-1016,Vacuum Storage Bags,74.29,98,1502,0.0652,Home & Kitchen,2025-03-27
P-1016,Vacuum Storage Bags,73.48,88,1519,0.0579,Home & Kitchen,2025-03-28
P-1016,Vacuum Storage Bags,73.37,143,2050,0.0698,Home & Kitchen,2025-03-29
P-1016,Vacuum Storage Bags,65.6,135,2032,0.0664,Home & Kitchen,2025-03-30
P-1016,Vacuum Storage Bags,70.59,100,1647,0.0607,Home & Kitchen,2025-03-31
P-1016,Vacuum Storage Bags,67.3,119,1709,0.0696,Home & Kitchen,2025-04-01
P-1016,Vacuum Storage Bags,66.43,135,1476,0.0915,Home & Kitchen,2025-04-02
P-1016,Vacuum Storage Bags,66.62,87,1437,0.0605,Home & Kitchen,2025-04-03
P-1016,Vacuum Storage Bags,64.85,146,2010,0.0726,Home & Kitchen,2025-04-04
P-1016,Vacuum Storage Bags,79.68,151,2467,0.0612,Home & Kitchen,2025-04-05
P-1016,Vacuum Storage Bags,78.62,89,1649,0.054,Home & Kitchen,2025-04-06
P-1016,Vacuum Storage Bags,82.25,78,1280,0.0609,Home & Kitchen,2025-04-07
P-1016,Vacuum Storage Bags,71.33,76,1277,0.0595,Home & Kitchen,2025-04-08
P-1016,Vacuum Storage Bags,74.04,106,1531,0.0692,Home & Kitchen,2025-04-09
P-1016,Vacuum Storage Bags,73.01,115,1805,0.0637,Home & Kitchen,2025-04-10
P-1016,Vacuum Storage Bags,72.27,97,1515,0.064,Home & Kitchen,2025-04-11
P-1016,Vacuum Storage Bags,76.63,104,1862,0.0559,Home & Kitchen,2025-04-12
P-1016,Vacuum Storage Bags,74.85,110,1696,0.0649,Home & Kitchen,2025-04-13
P-1016,Vacuum Storage Bags,73.54,131,1611,0.0813,Home & Kitchen,2025-04-14
P-1016,Vacuum Storage Bags,73.54,90,1294,0.0696,Home & Kitchen,2025-04-15
P-1016,Vacuum Storage Bags,74.62,89,1215,0.0733,Home & Kitchen,2025-04-16
P-1016,Vacuum Storage Bags,77.64,95,1741,0.0546,Home & Kitchen,2025-04-17
P-1016,Vacuum Storage Bags,76.35,77,1581,0.0487,Home & Kitchen,2025-04-18
P-1016,Vacuum Storage Bags,79.53,75,1526,0.0491,Home & Kitchen,2025-04-19
P-1016,Vacuum Storage Bags,76.11,101,1788,0.0565,Home & Kitchen,2025-04-20
P-1016,Vacuum Storage Bags,76.54,110,1647,0.0668,Home & Kitchen,2025-04-21
P-1016,Vacuum Storage Bags,75.37,73,1144,0.0638,Home & Kitchen,2025-04-22
P-1016,Vacuum Storage Bags,74.15,76,1250,0.0608,Home & Kitchen,2025-04-23
P-1016,Vacuum Storage Bags,76.28,88,1525,0.0577,Home & Kitchen,2025-04-24
P-1016,Vacuum Storage Bags,77.13,96,1568,0.0612,Home & Kitchen,2025-04-25
P-1016,Vacuum Storage Bags,74,119,1891,0.0629,Home & Kitchen,2025-04-26
P-1016,Vacuum Storage Bags,75.87,118,1926,0.0613,Home & Kitchen,2025-04-27
P-1016,Vacuum Storage Bags,75.24,98,1296,0.0756,Home & Kitchen,2025-04-28
P-1016,Vacuum Storage Bags,74.49,80,1213,0.066,Home & Kitchen,2025-04-29
P-1016,Vacuum Storage Bags,76.88,72,1467,0.0491,Home & Kitchen,2025-04-30
P-1016,Vacuum Storage Bags,76.93,77,1318,0.0584,Home & Kitchen,2025-05-01
P-1016,Vacuum Storage Bags,75.88,78,1408,0.0554,Home & Kitchen,2025-05-02
P-1016,Vacuum Storage Bags,76.75,134,2176,0.0616,Home & Kitchen,2025-05-03
P-1016,Vacuum Storage Bags,74.9,145,2192,0.0661,Home & Kitchen,2025-05-04
P-1017,Hydrating Face Serum,58.7,91,1251,0.0727,Beauty,2025-01-01
P-1017,Hydrating Face Serum,61.34,77,1114,0.0691,Beauty,2025-01-02
P-1017,Hydrating Face Serum,60.02,68,950,0.0716,Beauty,2025-01-03
P-1017,Hydrating Face Serum,61.35,85,1202,0.0707,Beauty,2025-01-04
P-1017,Hydrating Face Serum,60.92,91,1035,0.0879,Beauty,2025-01-05
P-1017,Hydrating Face Serum,60.18,67,1054,0.0636,Beauty,2025-01-06
P-1017,Hydrating Face Serum,61.49,68,985,0.069,Beauty,2025-01-07
P-1017,Hydrating Face Serum,60.28,51,755,0.0675,Beauty,2025-01-08
P-1017,Hydrating Face Serum,60.2,72,1009,0.0714,Beauty,2025-01-09
P-1017,Hydrating Face Serum,61.45,54,798,0.0677,Beauty,2025-01-10
P-1017,Hydrating Face Serum,61.43,83,1082,0.0767,Beauty,2025-01-11
P-1017,Hydrating Face Serum,60.61,101,1346,0.075,Beauty,2025-01-12
P-1017,Hydrating Face Serum,60.05,56,734,0.0763,Beauty,2025-01-13
P-1017,Hydrating Face Serum,60.47,62,938,0.0661,Beauty,2025-01-14
P-1017,Hydrating Face Serum,59.96,74,1032,0.0717,Beauty,2025-01-15
P-1017,Hydrating Face Serum,62.09,68,869,0.0783,Beauty,2025-01-16
P-1017,Hydrating Face Serum,64.18,42,788,0.0533,Beauty,2025-01-17
P-1017,Hydrating Face Serum,62.02,70,1019,0.0687,Beauty,2025-01-18
P-1017,Hydrating Face Serum,64.84,61,1048,0.0582,Beauty,2025-01-19
P-1017,Hydrating Face Serum,67.37,64,1192,0.0537,Beauty,2025-01-20
P-1017,Hydrating Face Serum,69.19,80,1222,0.0655,Beauty,2025-01-21
P-1017,Hydrating Face Serum,70.71,52,788,0.066,Beauty,2025-01-22
P-1017,Hydrating Face Serum,65.16,76,1216,0.0625,Beauty,2025-01-23
P-1017,Hydrating Face Serum,67.6,58,938,0.0618,Beauty,2025-01-24
P-1017,Hydrating Face Serum,68.14,67,954,0.0702,Beauty,2025-01-25
P-1017,Hydrating Face Serum,68.15,57,1006,0.0567,Beauty,2025-01-26
P-1017,Hydrating Face Serum,60.59,81,1064,0.0761,Beauty,2025-01-27
P-1017,Hydrating Face Serum,64.66,84,1137,0.0739,Beauty,2025-01-28
P-1017,Hydrating Face Serum,63.03,65,990,0.0657,Beauty,2025-01-29
P-1017,Hydrating Face Serum,64.81,56,848,0.066,Beauty,2025-01-30
P-1017,Hydrating Face Serum,65.33,87,1109,0.0784,Beauty,2025-01-31
P-1017,Hydrating Face Serum,62.5,91,1331,0.0684,Beauty,2025-02-01
P-1017,Hydrating Face Serum,63.31,77,1330,0.0579,Beauty,2025-02-02
P-1017,Hydrating Face Serum,63.02,68,1004,0.0677,Beauty,2025-02-03
P-1017,Hydrating Face Serum,64.14,80,1013,0.079,Beauty,2025-02-04
P-1017,Hydrating Face Serum,63.69,75,1137,0.066,Beauty,2025-02-05
P-1017,Hydrating Face Serum,64.1,64,874,0.0732,Beauty,2025-02-06
P-1017,Hydrating Face Serum,54.02,98,1054,0.093,Beauty,2025-02-07
P-1017,Hydrating Face Serum,55.08,88,1027,0.0857,Beauty,2025-02-08
P-1017,Hydrating Face Serum,59.55,86,1175,0.0732,Beauty,2025-02-09
P-1017,Hydrating Face Serum,53.12,73,921,0.0793,Beauty,2025-02-10
P-1017,Hydrating Face Serum,52.79,81,1016,0.0797,Beauty,2025-02-11
P-1017,Hydrating Face Serum,55.16,94,971,0.0968,Beauty,2025-02-12
P-1017,Hydrating Face Serum,63.43,87,1157,0.0752,Beauty,2025-02-13
P-1017,Hydrating Face Serum,63.83,66,969,0.0681,Beauty,2025-02-14
P-1017,Hydrating Face Serum,62.29,90,1247,0.0722,Beauty,2025-02-15
P-1017,Hydrating Face Serum,61.83,85,1257,0.0676,Beauty,2025-02-16
P-1017,Hydrating Face Serum,64.56,80,1167,0.0686,Beauty,2025-02-17
P-1017,Hydrating Face Serum,63.62,56,858,0.0653,Beauty,2025-02-18
P-1017,Hydrating Face Serum,61.07,87,1173,0.0742,Beauty,2025-02-19
P-1017,Hydrating Face Serum,61.03,69,1096,0.063,Beauty,2025-02-20
P-1017,Hydrating Face Serum,60.82,78,941,0.0829,Beauty,2025-02-21
P-1017,Hydrating Face Serum,63.63,100,1354,0.0739,Beauty,2025-02-22
P-1017,Hydrating Face Serum,62.27,77,1286,0.0599,Beauty,2025-02-23
P-1017,Hydrating Face Serum,61.96,87,1196,0.0727,Beauty,2025-02-24
P-1017,Hydrating Face Serum,63.74,65,1176,0.0553,Beauty,2025-02-25
P-1017,Hydrating Face Serum,62.05,64,995,0.0643,Beauty,2025-02-26
P-1017,Hydrating Face Serum,61.03,58,1117,0.0519,Beauty,2025-02-27
P-1017,Hydrating Face Serum,60.95,76,1058,0.0718,Beauty,2025-02-28
P-1017,Hydrating Face Serum,62.86,78,1178,0.0662,Beauty,2025-03-01
P-1017,Hydrating Face Serum,61.62,87,1500,0.058,Beauty,2025-03-02
P-1017,Hydrating Face Serum,62.56,70,1358,0.0515,Beauty,2025-03-03
P-1017,Hydrating Face Serum,63.51,63,976,0.0645,Beauty,2025-03-04
P-1017,Hydrating Face Serum,59.21,72,1173,0.0614,Beauty,2025-03-05
P-1017,Hydrating Face Serum,63.26,65,935,0.0695,Beauty,2025-03-06
P-1017,Hydrating Face Serum,60.98,71,1174,0.0605,Beauty,2025-03-07
P-1017,Hydrating Face Serum,59.51,99,1338,0.074,Beauty,2025-03-08
P-1017,Hydrating Face Serum,62.05,87,1230,0.0707,Beauty,2025-03-09
P-1017,Hydrating Face Serum,59.57,56,871,0.0643,Beauty,2025-03-10
P-1017,Hydrating Face Serum,60.32,63,971,0.0649,Beauty,2025-03-11
P-1017,Hydrating Face Serum,60.03,54,901,0.0599,Beauty,2025-03-12
P-1017,Hydrating Face Serum,59.84,60,972,0.0617,Beauty,2025-03-13
P-1017,Hydrating Face Serum,60.4,68,931,0.073,Beauty,2025-03-14
P-1017,Hydrating Face Serum,61.05,75,1240,0.0605,Beauty,2025-03-15
P-1017,Hydrating Face Serum,60.16,82,1327,0.0618,Beauty,2025-03-16
P-1017,Hydrating Face Serum,58.81,57,1097,0.052,Beauty,2025-03-17
P-1017,Hydrating Face Serum,60.09,62,999,0.0621,Beauty,2025-03-18
P-1017,Hydrating Face Serum,59.04,54,920,0.0587,Beauty,2025-03-19
P-1017,Hydrating Face Serum,63.56,65,1035,0.0628,Beauty,2025-03-20
P-1017,Hydrating Face Serum,60.02,74,1024,0.0723,Beauty,2025-03-21
P-1017,Hydrating Face Serum,50.17,93,1039,0.0895,Beauty,2025-03-22
P-1017,Hydrating Face Serum,46.8,127,1421,0.0894,Beauty,2025-03-23
P-1017,Hydrating Face Serum,49.93,80,1063,0.0753,Beauty,2025-03-24
P-1017,Hydrating Face Serum,52.27,87,1171,0.0743,Beauty,2025-03-25
P-1017,Hydrating Face Serum,52.11,87,904,0.0962,Beauty,2025-03-26
P-1017,Hydrating Face Serum,59.62,68,1061,0.0641,Beauty,2025-03-27
P-1017,Hydrating Face Serum,67.55,58,987,0.0588,Beauty,2025-03-28
P-1017,Hydrating Face Serum,62.81,72,1021,0.0705,Beauty,2025-03-29
P-1017,Hydrating Face Serum,64.7,60,971,0.0618,Beauty,2025-03-30
P-1017,Hydrating Face Serum,65.67,42,916,0.0459,Beauty,2025-03-31
P-1017,Hydrating Face Serum,66.73,66,1182,0.0558,Beauty,2025-04-01
P-1017,Hydrating Face Serum,68.11,73,1203,0.0607,Beauty,2025-04-02
P-1017,Hydrating Face Serum,66.11,51,920,0.0554,Beauty,2025-04-03
P-1017,Hydrating Face Serum,61.29,66,1013,0.0652,Beauty,2025-04-04
P-1017,Hydrating Face Serum,59.06,80,1279,0.0625,Beauty,2025-04-05
P-1017,Hydrating Face Serum,62.48,53,895,0.0592,Beauty,2025-04-06
P-1017,Hydrating Face Serum,61.96,67,1160,0.0578,Beauty,2025-04-07
P-1017,Hydrating Face Serum,61.99,60,844,0.0711,Beauty,2025-04-08
P-1017,Hydrating Face Serum,61.29,75,1047,0.0716,Beauty,2025-04-09
P-1017,Hydrating Face Serum,62.39,92,1531,0.0601,Beauty,2025-04-10
P-1017,Hydrating Face Serum,62.76,32,735,0.0435,Beauty,2025-04-11
P-1017,Hydrating Face Serum,64.03,79,1283,0.0616,Beauty,2025-04-12
P-1017,Hydrating Face Serum,62.01,44,920,0.0478,Beauty,2025-04-13
P-1017,Hydrating Face Serum,63.63,55,819,0.0672,Beauty,2025-04-14
P-1017,Hydrating Face Serum,61.71,53,823,0.0644,Beauty,2025-04-15
P-1017,Hydrating Face Serum,64.52,44,835,0.0527,Beauty,2025-04-16
P-1017,Hydrating Face Serum,62.23,58,813,0.0713,Beauty,2025-04-17
P-1017,Hydrating Face Serum,64.85,76,1135,0.067,Beauty,2025-04-18
P-1017,Hydrating Face Serum,63.28,72,986,0.073,Beauty,2025-04-19
P-1017,Hydrating Face Serum,64.38,74,1217,0.0608,Beauty,2025-04-20
P-1017,Hydrating Face Serum,64.47,63,1007,0.0626,Beauty,2025-04-21
P-1017,Hydrating Face Serum,63.14,50,931,0.0537,Beauty,2025-04-22
P-1017,Hydrating Face Serum,64.36,54,813,0.0664,Beauty,2025-04-23
P-1017,Hydrating Face Serum,63.69,68,1004,0.0677,Beauty,2025-04-24
P-1017,Hydrating Face Serum,65.24,69,985,0.0701,Beauty,2025-04-25
P-1017,Hydrating Face Serum,64.05,74,1001,0.0739,Beauty,2025-04-26
P-1017,Hydrating Face Serum,64,100,1377,0.0726,Beauty,2025-04-27
P-1017,Hydrating Face Serum,65.88,36,820,0.0439,Beauty,2025-04-28
P-1017,Hydrating Face Serum,63.95,59,940,0.0628,Beauty,2025-04-29
P-1017,Hydrating Face Serum,65.51,49,968,0.0506,Beauty,2025-04-30
P-1017,Hydrating Face Serum,64.83,81,1063,0.0762,Beauty,2025-05-01
P-1017,Hydrating Face Serum,64,56,941,0.0595,Beauty,2025-05-02
P-1017,Hydrating Face Serum,64.94,91,1059,0.0859,Beauty,2025-05-03
P-1017,Hydrating Face Serum,55.6,59,962,0.0613,Beauty,2025-05-04
