data/ecommerce_pricing_data.csv
product_id,product_name,price,units_sold,page_views,conversion_rate,product_category,date
P-1018,Mineral Sunscreen,12.67,282,1931,0.146,Beauty,2025-01-01
P-1018,Mineral Sunscreen,12.72,377,2707,0.1393,Beauty,2025-01-02
P-1018,Mineral Sunscreen,12.5,246,1850,0.133,Beauty,2025-01-03
P-1018,Mineral Sunscreen,12.5,237,2018,0.1174,Beauty,2025-01-04
P-1018,Mineral Sunscreen,12.88,356,2455,0.145,Beauty,2025-01-05
P-1018,Mineral Sunscreen,12.92,199,1555,0.128,Beauty,2025-01-06
P-1018,Mineral Sunscreen,12.57,242,1936,0.125,Beauty,2025-01-07
P-1018,Mineral Sunscreen,12.69,186,1588,0.1171,Beauty,2025-01-08
P-1018,Mineral Sunscreen,12.21,264,1788,0.1477,Beauty,2025-01-09
P-1018,Mineral Sunscreen,13.4,244,1931,0.1264,Beauty,2025-01-10
P-1018,Mineral Sunscreen,13.92,319,2576,0.1238,Beauty,2025-01-11
P-1018,Mineral Sunscreen,13.66,268,2331,0.115,Beauty,2025-01-12
P-1018,Mineral Sunscreen,13.58,238,1638,0.1453,Beauty,2025-01-13
P-1018,Mineral Sunscreen,13.25,213,1651,0.129,Beauty,2025-01-14
P-1018,Mineral Sunscreen,13.06,284,1999,0.1421,Beauty,2025-01-15
P-1018,Mineral Sunscreen,13.12,251,1974,0.1272,Beauty,2025-01-16
P-1018,Mineral Sunscreen,13.36,205,1482,0.1383,Beauty,2025-01-17
P-1018,Mineral Sunscreen,12.44,234,1730,0.1353,Beauty,2025-01-18
P-1018,Mineral Sunscreen,12.31,271,2272,0.1193,Beauty,2025-01-19
P-1018,Mineral Sunscreen,11.95,244,1889,0.1292,Beauty,2025-01-20
P-1018,Mineral Sunscreen,12.31,246,1821,0.1351,Beauty,2025-01-21
P-1018,Mineral Sunscreen,12.76,233,1728,0.1348,Beauty,2025-01-22
P-1018,Mineral Sunscreen,12.2,164,1508,0.1088,Beauty,2025-01-23
P-1018,Mineral Sunscreen,12.23,256,2010,0.1274,Beauty,2025-01-24
P-1018,Mineral Sunscreen,12.64,258,1965,0.1313,Beauty,2025-01-25
P-1018,Mineral Sunscreen,12.1,253,1915,0.1321,Beauty,2025-01-26
P-1018,Mineral Sunscreen,12.35,227,1804,0.1258,Beauty,2025-01-27
P-1018,Mineral Sunscreen,12.32,188,1653,0.1137,Beauty,2025-01-28
P-1018,Mineral Sunscreen,12.15,226,1650,0.137,Beauty,2025-01-29
P-1018,Mineral Sunscreen,11.78,181,1366,0.1325,Beauty,2025-01-30
P-1018,Mineral Sunscreen,11.81,256,2023,0.1265,Beauty,2025-01-31
P-1018,Mineral Sunscreen,11.94,233,2028,0.1149,Beauty,2025-02-01
P-1018,Mineral Sunscreen,9.6,283,1800,0.1572,Beauty,2025-02-02
P-1018,Mineral Sunscreen,9.81,283,1814,0.156,Beauty,2025-02-03
P-1018,Mineral Sunscreen,10.91,300,2027,0.148,Beauty,2025-02-04
P-1018,Mineral Sunscreen,10.02,286,2090,0.1368,Beauty,2025-02-05
P-1018,Mineral Sunscreen,9.46,297,1898,0.1565,Beauty,2025-02-06
P-1018,Mineral Sunscreen,10.28,205,1600,0.1281,Beauty,2025-02-07
P-1018,Mineral Sunscreen,11.94,160,1363,0.1174,Beauty,2025-02-08
P-1018,Mineral Sunscreen,11.4,207,1669,0.124,Beauty,2025-02-09
P-1018,Mineral Sunscreen,11.33,154,1267,0.1215,Beauty,2025-02-10
P-1018,Mineral Sunscreen,11.86,271,1965,0.1379,Beauty,2025-02-11
P-1018,Mineral Sunscreen,11.93,209,1647,0.1269,Beauty,2025-02-12
P-1018,Mineral Sunscreen,11.88,273,2088,0.1307,Beauty,2025-02-13
P-1018,Mineral Sunscreen,11.8,225,1810,0.1243,Beauty,2025-02-14
P-1018,Mineral Sunscreen,11.34,235,1767,0.133,Beauty,2025-02-15
P-1018,Mineral Sunscreen,11.96,224,1784,0.1256,Beauty,2025-02-16
P-1018,Mineral Sunscreen,11.89,213,1789,0.1191,Beauty,2025-02-17
P-1018,Mineral Sunscreen,11.7,223,1526,0.1461,Beauty,2025-02-18
P-1018,Mineral Sunscreen,11.84,261,1899,0.1374,Beauty,2025-02-19
P-1018,Mineral Sunscreen,12.23,219,1422,0.154,Beauty,2025-02-20
P-1018,Mineral Sunscreen,11.95,239,1750,0.1366,Beauty,2025-02-21
P-1018,Mineral Sunscreen,11.79,251,1859,0.135,Beauty,2025-02-22
P-1018,Mineral Sunscreen,11.65,204,1607,0.1269,Beauty,2025-02-23
P-1018,Mineral Sunscreen,12.24,304,1915,0.1587,Beauty,2025-02-24
P-1018,Mineral Sunscreen,11.96,230,1703,0.1351,Beauty,2025-02-25
P-1018,Mineral Sunscreen,12.2,257,1674,0.1535,Beauty,2025-02-26
P-1018,Mineral Sunscreen,11.93,201,1597,0.1259,Beauty,2025-02-27
P-1018,Mineral Sunscreen,12.11,263,1930,0.1363,Beauty,2025-02-28
P-1018,Mineral Sunscreen,12.34,295,2414,0.1222,Beauty,2025-03-01
P-1018,Mineral Sunscreen,11.91,250,1598,0.1564,Beauty,2025-03-02
P-1018,Mineral Sunscreen,12.11,208,1427,0.1458,Beauty,2025-03-03
P-1018,Mineral Sunscreen,12.16,250,1798,0.139,Beauty,2025-03-04
P-1018,Mineral Sunscreen,12.37,240,1552,0.1546,Beauty,2025-03-05
P-1018,Mineral Sunscreen,12.28,245,1665,0.1471,Beauty,2025-03-06
P-1018,Mineral Sunscreen,12.23,201,1512,0.1329,Beauty,2025-03-07
P-1018,Mineral Sunscreen,12.46,186,1521,0.1223,Beauty,2025-03-08
P-1018,Mineral Sunscreen,12.23,320,2230,0.1435,Beauty,2025-03-09
P-1018,Mineral Sunscreen,12.49,227,1494,0.1519,Beauty,2025-03-10
P-1018,Mineral Sunscreen,12.43,248,1793,0.1383,Beauty,2025-03-11
P-1018,Mineral Sunscreen,12.43,210,1613,0.1302,Beauty,2025-03-12
P-1018,Mineral Sunscreen,12.32,238,1745,0.1364,Beauty,2025-03-13
P-1018,Mineral Sunscreen,12.52,302,2064,0.1463,Beauty,2025-03-14
P-1018,Mineral Sunscreen,12.39,178,1364,0.1305,Beauty,2025-03-15
P-1018,Mineral Sunscreen,12.52,232,1491,0.1556,Beauty,2025-03-16
P-1018,Mineral Sunscreen,10.46,248,1574,0.1576,Beauty,2025-03-17
P-1018,Mineral Sunscreen,11.52,187,1151,0.1625,Beauty,2025-03-18
P-1018,Mineral Sunscreen,12.43,205,1385,0.148,Beauty,2025-03-19
P-1018,Mineral Sunscreen,11.52,204,1385,0.1473,Beauty,2025-03-20
P-1018,Mineral Sunscreen,12.38,197,1437,0.1371,Beauty,2025-03-21
P-1018,Mineral Sunscreen,12.18,203,1511,0.1343,Beauty,2025-03-22
P-1018,Mineral Sunscreen,13.4,228,1916,0.119,Beauty,2025-03-23
P-1018,Mineral Sunscreen,13.58,234,1926,0.1215,Beauty,2025-03-24
P-1018,Mineral Sunscreen,14.28,197,1617,0.1218,Beauty,2025-03-25
P-1018,Mineral Sunscreen,12.7,157,1153,0.1362,Beauty,2025-03-26
P-1018,Mineral Sunscreen,12.8,206,1529,0.1347,Beauty,2025-03-27
P-1018,Mineral Sunscreen,12.38,156,1254,0.1244,Beauty,2025-03-28
P-1018,Mineral Sunscreen,12.61,312,2051,0.1521,Beauty,2025-03-29
P-1018,Mineral Sunscreen,12.8,315,2002,0.1573,Beauty,2025-03-30
P-1018,Mineral Sunscreen,12.43,186,1461,0.1273,Beauty,2025-03-31
P-1018,Mineral Sunscreen,12.75,249,1656,0.1504,Beauty,2025-04-01
P-1018,Mineral Sunscreen,13.1,208,1619,0.1285,Beauty,2025-04-02
P-1018,Mineral Sunscreen,12.28,258,1751,0.1473,Beauty,2025-04-03
P-1018,Mineral Sunscreen,12.34,250,1864,0.1341,Beauty,2025-04-04
P-1018,Mineral Sunscreen,12.48,376,2498,0.1505,Beauty,2025-04-05
P-1018,Mineral Sunscreen,12.49,217,1476,0.147,Beauty,2025-04-06
P-1018,Mineral Sunscreen,12.35,208,1514,0.1374,Beauty,2025-04-07
P-1018,Mineral Sunscreen,12.15,283,1837,0.1541,Beauty,2025-04-08
P-1018,Mineral Sunscreen,12.34,244,1637,0.1491,Beauty,2025-04-09
P-1018,Mineral Sunscreen,12.15,267,1623,0.1645,Beauty,2025-04-10
P-1018,Mineral Sunscreen,12.2,223,1463,0.1524,Beauty,2025-04-11
P-1018,Mineral Sunscreen,12.36,298,2030,0.1468,Beauty,2025-04-12
P-1018,Mineral Sunscreen,12.18,225,1647,0.1366,Beauty,2025-04-13
P-1018,Mineral Sunscreen,12.31,255,2404,0.1061,Beauty,2025-04-14
P-1018,Mineral Sunscreen,12.02,315,1905,0.1654,Beauty,2025-04-15
P-1018,Mineral Sunscreen,11.99,261,1669,0.1564,Beauty,2025-04-16
P-1018,Mineral Sunscreen,11.81,176,1111,0.1584,Beauty,2025-04-17
P-1018,Mineral Sunscreen,12.3,232,1494,0.1553,Beauty,2025-04-18
P-1018,Mineral Sunscreen,12.26,275,1733,0.1587,Beauty,2025-04-19
P-1018,Mineral Sunscreen,11.79,360,2157,0.1669,Beauty,2025-04-20
P-1018,Mineral Sunscreen,11.92,227,1506,0.1507,Beauty,2025-04-21
P-1018,Mineral Sunscreen,12.07,221,1465,0.1509,Beauty,2025-04-22
P-1018,Mineral Sunscreen,12.21,214,1545,0.1385,Beauty,2025-04-23
P-1018,Mineral Sunscreen,12.43,297,2004,0.1482,Beauty,2025-04-24
P-1018,Mineral Sunscreen,12.16,285,1855,0.1536,Beauty,2025-04-25
P-1018,Mineral Sunscreen,11.75,282,1857,0.1519,Beauty,2025-04-26
P-1018,Mineral Sunscreen,11.78,285,2008,0.1419,Beauty,2025-04-27
P-1018,Mineral Sunscreen,11.72,307,1767,0.1737,Beauty,2025-04-28
P-1018,Mineral Sunscreen,10.93,272,1948,0.1396,Beauty,2025-04-29
P-1018,Mineral Sunscreen,9.81,200,1533,0.1305,Beauty,2025-04-30
P-1018,Mineral Sunscreen,9.73,338,1999,0.1691,Beauty,2025-05-01
P-1018,Mineral Sunscreen,9.81,294,1713,0.1716,Beauty,2025-05-02
P-1018,Mineral Sunscreen,10.51,302,1925,0.1569,Beauty,2025-05-03
P-1018,Mineral Sunscreen,9.63,317,2001,0.1584,Beauty,2025-05-04
P-1019,Retinol Night Cream,32.15,127,1562,0.0813,Beauty,2025-01-01
P-1019,Retinol Night Cream,31.91,114,1530,0.0745,Beauty,2025-01-02
P-1019,Retinol Night Cream,32.38,129,1731,0.0745,Beauty,2025-01-03
P-1019,Retinol Night Cream,33.44,125,2009,0.0622,Beauty,2025-01-04
P-1019,Retinol Night Cream,33.75,153,1898,0.0806,Beauty,2025-01-05
P-1019,Retinol Night Cream,31.22,176,1873,0.094,Beauty,2025-01-06
P-1019,Retinol Night Cream,31.39,150,1907,0.0787,Beauty,2025-01-07
P-1019,Retinol Night Cream,31.67,137,1518,0.0903,Beauty,2025-01-08
P-1019,Retinol Night Cream,29.25,139,1312,0.1059,Beauty,2025-01-09
P-1019,Retinol Night Cream,27.6,163,2024,0.0805,Beauty,2025-01-10
P-1019,Retinol Night Cream,28.87,137,1542,0.0888,Beauty,2025-01-11
P-1019,Retinol Night Cream,29.58,188,1895,0.0992,Beauty,2025-01-12
P-1019,Retinol Night Cream,29.44,73,1086,0.0672,Beauty,2025-01-13
P-1019,Retinol Night Cream,28.6,132,1376,0.0959,Beauty,2025-01-14
P-1019,Retinol Night Cream,29.99,112,1365,0.0821,Beauty,2025-01-15
P-1019,Retinol Night Cream,29.87,156,1768,0.0882,Beauty,2025-01-16
P-1019,Retinol Night Cream,29.7,145,1522,0.0953,Beauty,2025-01-17
P-1019,Retinol Night Cream,28.1,165,1875,0.088,Beauty,2025-01-18
P-1019,Retinol Night Cream,29.84,211,1911,0.1104,Beauty,2025-01-19
P-1019,Retinol Night Cream,29.72,160,1881,0.0851,Beauty,2025-01-20
P-1019,Retinol Night Cream,29.07,150,1694,0.0885,Beauty,2025-01-21
P-1019,Retinol Night Cream,29.54,130,1645,0.079,Beauty,2025-01-22
P-1019,Retinol Night Cream,29.85,163,1761,0.0926,Beauty,2025-01-23
P-1019,Retinol Night Cream,29.37,132,1521,0.0868,Beauty,2025-01-24
P-1019,Retinol Night Cream,30.05,186,1907,0.0975,Beauty,2025-01-25
P-1019,Retinol Night Cream,29.87,173,1911,0.0905,Beauty,2025-01-26
P-1019,Retinol Night Cream,29.85,113,1506,0.075,Beauty,2025-01-27
P-1019,Retinol Night Cream,24.54,138,1067,0.1293,Beauty,2025-01-28
P-1019,Retinol Night Cream,24.69,220,2048,0.1074,Beauty,2025-01-29
P-1019,Retinol Night Cream,24.15,164,1397,0.1174,Beauty,2025-01-30
P-1019,Retinol Night Cream,27.05,225,2207,0.1019,Beauty,2025-01-31
P-1019,Retinol Night Cream,24.27,237,2190,0.1082,Beauty,2025-02-01
P-1019,Retinol Night Cream,27.13,215,2235,0.0962,Beauty,2025-02-02
P-1019,Retinol Night Cream,31.42,175,1820,0.0962,Beauty,2025-02-03
P-1019,Retinol Night Cream,29.94,145,1565,0.0927,Beauty,2025-02-04
P-1019,Retinol Night Cream,31.74,142,1621,0.0876,Beauty,2025-02-05
P-1019,Retinol Night Cream,30.84,127,1337,0.095,Beauty,2025-02-06
P-1019,Retinol Night Cream,30.47,124,1326,0.0935,Beauty,2025-02-07
P-1019,Retinol Night Cream,31.75,148,1898,0.078,Beauty,2025-02-08
P-1019,Retinol Night Cream,32.08,148,1860,0.0796,Beauty,2025-02-09
P-1019,Retinol Night Cream,30.4,169,1726,0.0979,Beauty,2025-02-10
P-1019,Retinol Night Cream,31.01,139,1552,0.0896,Beauty,2025-02-11
P-1019,Retinol Night Cream,30.93,197,2275,0.0866,Beauty,2025-02-12
P-1019,Retinol Night Cream,32.61,135,1609,0.0839,Beauty,2025-02-13
P-1019,Retinol Night Cream,30.79,132,1442,0.0915,Beauty,2025-02-14
P-1019,Retinol Night Cream,31.68,167,1968,0.0849,Beauty,2025-02-15
P-1019,Retinol Night Cream,31.47,169,2022,0.0836,Beauty,2025-02-16
P-1019,Retinol Night Cream,31.05,140,1604,0.0873,Beauty,2025-02-17
P-1019,Retinol Night Cream,32.11,200,2200,0.0909,Beauty,2025-02-18
P-1019,Retinol Night Cream,31.42,151,1841,0.082,Beauty,2025-02-19
P-1019,Retinol Night Cream,32.32,112,1683,0.0665,Beauty,2025-02-20
P-1019,Retinol Night Cream,31.55,204,2311,0.0883,Beauty,2025-02-21
P-1019,Retinol Night Cream,31.69,187,2155,0.0868,Beauty,2025-02-22
P-1019,Retinol Night Cream,31.24,157,1866,0.0841,Beauty,2025-02-23
P-1019,Retinol Night Cream,31.79,168,1855,0.0906,Beauty,2025-02-24
P-1019,Retinol Night Cream,30.68,135,1288,0.1048,Beauty,2025-02-25
P-1019,Retinol Night Cream,31.14,146,1588,0.0919,Beauty,2025-02-26
P-1019,Retinol Night Cream,31.32,154,1609,0.0957,Beauty,2025-02-27
P-1019,Retinol Night Cream,31.69,122,1747,0.0698,Beauty,2025-02-28
P-1019,Retinol Night Cream,31.36,168,2228,0.0754,Beauty,2025-03-01
P-1019,Retinol Night Cream,30.21,200,2148,0.0931,Beauty,2025-03-02
P-1019,Retinol Night Cream,31.47,127,1848,0.0687,Beauty,2025-03-03
P-1019,Retinol Night Cream,31.12,170,1729,0.0983,Beauty,2025-03-04
P-1019,Retinol Night Cream,31.13,128,1416,0.0904,Beauty,2025-03-05
P-1019,Retinol Night Cream,30.9,147,1529,0.0961,Beauty,2025-03-06
P-1019,Retinol Night Cream,30.38,138,1601,0.0862,Beauty,2025-03-07
P-1019,Retinol Night Cream,31.89,173,2113,0.0819,Beauty,2025-03-08
P-1019,Retinol Night Cream,33,141,1504,0.0938,Beauty,2025-03-09
P-1019,Retinol Night Cream,32.64,147,1813,0.0811,Beauty,2025-03-10
P-1019,Retinol Night Cream,33.45,126,1668,0.0755,Beauty,2025-03-11
P-1019,Retinol Night Cream,30.39,154,1695,0.0909,Beauty,2025-03-12
P-1019,Retinol Night Cream,27.59,191,2085,0.0916,Beauty,2025-03-13
P-1019,Retinol Night Cream,26.77,160,1543,0.1037,Beauty,2025-03-14
P-1019,Retinol Night Cream,28.33,132,1902,0.0694,Beauty,2025-03-15
P-1019,Retinol Night Cream,29.39,168,1871,0.0898,Beauty,2025-03-16
P-1019,Retinol Night Cream,25.8,170,1813,0.0938,Beauty,2025-03-17
P-1019,Retinol Night Cream,30.05,145,2174,0.0667,Beauty,2025-03-18
P-1019,Retinol Night Cream,29.74,191,2005,0.0953,Beauty,2025-03-19
P-1019,Retinol Night Cream,30.33,161,1645,0.0979,Beauty,2025-03-20
P-1019,Retinol Night Cream,29.12,124,1512,0.082,Beauty,2025-03-21
P-1019,Retinol Night Cream,30.15,220,2357,0.0933,Beauty,2025-03-22
P-1019,Retinol Night Cream,29.07,159,1624,0.0979,Beauty,2025-03-23
P-1019,Retinol Night Cream,28.22,164,1815,0.0904,Beauty,2025-03-24
P-1019,Retinol Night Cream,30.13,111,1541,0.072,Beauty,2025-03-25
P-1019,Retinol Night Cream,29.17,160,1829,0.0875,Beauty,2025-03-26
P-1019,Retinol Night Cream,29.83,171,2015,0.0849,Beauty,2025-03-27
P-1019,Retinol Night Cream,28.4,202,2195,0.092,Beauty,2025-03-28
P-1019,Retinol Night Cream,28.69,175,1644,0.1064,Beauty,2025-03-29
P-1019,Retinol Night Cream,29.29,205,2292,0.0894,Beauty,2025-03-30
P-1019,Retinol Night Cream,29.45,146,1789,0.0816,Beauty,2025-03-31
P-1019,Retinol Night Cream,28.74,167,1959,0.0852,Beauty,2025-04-01
P-1019,Retinol Night Cream,29.58,159,1927,0.0825,Beauty,2025-04-02
P-1019,Retinol Night Cream,27.99,176,1908,0.0922,Beauty,2025-04-03
P-1019,Retinol Night Cream,29.4,146,1766,0.0827,Beauty,2025-04-04
P-1019,Retinol Night Cream,28.65,177,2235,0.0792,Beauty,2025-04-05
P-1019,Retinol Night Cream,29.46,192,2020,0.095,Beauty,2025-04-06
P-1019,Retinol Night Cream,30.18,157,1598,0.0982,Beauty,2025-04-07
P-1019,Retinol Night Cream,28.65,143,1643,0.087,Beauty,2025-04-08
P-1019,Retinol Night Cream,29.16,184,2292,0.0803,Beauty,2025-04-09
P-1019,Retinol Night Cream,29.37,141,1776,0.0794,Beauty,2025-04-10
P-1019,Retinol Night Cream,29.71,115,1641,0.0701,Beauty,2025-04-11
P-1019,Retinol Night Cream,30.73,132,1765,0.0748,Beauty,2025-04-12
P-1019,Retinol Night Cream,29.98,160,2016,0.0794,Beauty,2025-04-13
P-1019,Retinol Night Cream,30.98,137,1962,0.0698,Beauty,2025-04-14
P-1019,Retinol Night Cream,29.73,135,1675,0.0806,Beauty,2025-04-15
P-1019,Retinol Night Cream,29.13,101,1239,0.0815,Beauty,2025-04-16
P-1019,Retinol Night Cream,30.06,151,1777,0.085,Beauty,2025-04-17
P-1019,Retinol Night Cream,30.35,135,1756,0.0769,Beauty,2025-04-18
P-1019,Retinol Night Cream,30.13,166,1694,0.098,Beauty,2025-04-19
P-1019,Retinol Night Cream,30.72,138,1745,0.0791,Beauty,2025-04-20
P-1019,Retinol Night Cream,29.6,131,1768,0.0741,Beauty,2025-04-21
P-1019,Retinol Night Cream,29.89,114,1338,0.0852,Beauty,2025-04-22
P-1019,Retinol Night Cream,30.53,125,1461,0.0856,Beauty,2025-04-23
P-1019,Retinol Night Cream,25.77,152,1689,0.09,Beauty,2025-04-24
P-1019,Retinol Night Cream,24.22,126,1376,0.0916,Beauty,2025-04-25
P-1019,Retinol Night Cream,27.32,214,2071,0.1033,Beauty,2025-04-26
P-1019,Retinol Night Cream,26.37,212,2234,0.0949,Beauty,2025-04-27
P-1019,Retinol Night Cream,26.43,159,1616,0.0984,Beauty,2025-04-28
P-1019,Retinol Night Cream,25.34,156,1508,0.1034,Beauty,2025-04-29
P-1019,Retinol Night Cream,31,129,1682,0.0767,Beauty,2025-04-30
P-1019,Retinol Night Cream,32.52,159,1959,0.0812,Beauty,2025-05-01
P-1019,Retinol Night Cream,31.1,133,1721,0.0773,Beauty,2025-05-02
P-1019,Retinol Night Cream,31.69,126,1379,0.0914,Beauty,2025-05-03
P-1019,Retinol Night Cream,31.7,156,1802,0.0866,Beauty,2025-05-04
