data/ecommerce_pricing_data.csv
product_id,product_name,price,units_sold,page_views,conversion_rate,product_category,date
P-1020,Matte Lip Kit,75.87,222,2498,0.0889,Beauty,2025-01-01
P-1020,Matte Lip Kit,79.99,223,2450,0.091,Beauty,2025-01-02
P-1020,Matte Lip Kit,76.83,133,1619,0.0821,Beauty,2025-01-03
P-1020,Matte Lip Kit,80.46,207,2264,0.0914,Beauty,2025-01-04
P-1020,Matte Lip Kit,77.8,248,2892,0.0858,Beauty,2025-01-05
P-1020,Matte Lip Kit,80.76,176,1820,0.0967,Beauty,2025-01-06
P-1020,Matte Lip Kit,75.8,189,2151,0.0879,Beauty,2025-01-07
P-1020,Matte Lip Kit,77.07,210,2045,0.1027,Beauty,2025-01-08
P-1020,Matte Lip Kit,76.65,174,1971,0.0883,Beauty,2025-01-09
P-1020,Matte Lip Kit,76.52,196,2133,0.0919,Beauty,2025-01-10
P-1020,Matte Lip Kit,74.28,162,1847,0.0877,Beauty,2025-01-11
P-1020,Matte Lip Kit,76.58,217,2173,0.0999,Beauty,2025-01-12
P-1020,Matte Lip Kit,76.12,155,1692,0.0916,Beauty,2025-01-13
P-1020,Matte Lip Kit,74.02,168,1950,0.0862,Beauty,2025-01-14
P-1020,Matte Lip Kit,75.66,220,2152,0.1022,Beauty,2025-01-15
P-1020,Matte Lip Kit,76.64,160,1861,0.086,Beauty,2025-01-16
P-1020,Matte Lip Kit,77.85,195,2016,0.0967,Beauty,2025-01-17
P-1020,Matte Lip Kit,77.06,224,2383,0.094,Beauty,2025-01-18
P-1020,Matte Lip Kit,77.12,199,2361,0.0843,Beauty,2025-01-19
P-1020,Matte Lip Kit,74,234,2134,0.1097,Beauty,2025-01-20
P-1020,Matte Lip Kit,76.55,170,1845,0.0921,Beauty,2025-01-21
P-1020,Matte Lip Kit,77.1,186,2091,0.089,Beauty,2025-01-22
P-1020,Matte Lip Kit,65.16,189,1710,0.1105,Beauty,2025-01-23
P-1020,Matte Lip Kit,66.32,196,2141,0.0915,Beauty,2025-01-24
P-1020,Matte Lip Kit,71.3,192,1914,0.1003,Beauty,2025-01-25
P-1020,Matte Lip Kit,65.59,210,2330,0.0901,Beauty,2025-01-26
P-1020,Matte Lip Kit,71.28,199,2188,0.091,Beauty,2025-01-27
P-1020,Matte Lip Kit,67.9,258,2266,0.1139,Beauty,2025-01-28
P-1020,Matte Lip Kit,76.24,221,2122,0.1041,Beauty,2025-01-29
P-1020,Matte Lip Kit,79.65,202,2188,0.0923,Beauty,2025-01-30
P-1020,Matte Lip Kit,78.43,195,2083,0.0936,Beauty,2025-01-31
P-1020,Matte Lip Kit,76.7,242,2351,0.1029,Beauty,2025-02-01
P-1020,Matte Lip Kit,76.34,265,2769,0.0957,Beauty,2025-02-02
P-1020,Matte Lip Kit,79.12,203,2309,0.0879,Beauty,2025-02-03
P-1020,Matte Lip Kit,81.26,285,2614,0.109,Beauty,2025-02-04
P-1020,Matte Lip Kit,79.53,192,1970,0.0975,Beauty,2025-02-05
P-1020,Matte Lip Kit,79.11,169,1717,0.0984,Beauty,2025-02-06
P-1020,Matte Lip Kit,79.97,174,1873,0.0929,Beauty,2025-02-07
P-1020,Matte Lip Kit,79.47,206,2538,0.0812,Beauty,2025-02-08
P-1020,Matte Lip Kit,79.83,228,2606,0.0875,Beauty,2025-02-09
P-1020,Matte Lip Kit,81.3,257,2420,0.1062,Beauty,2025-02-10
P-1020,Matte Lip Kit,78.41,200,2084,0.096,Beauty,2025-02-11
P-1020,Matte Lip Kit,79.6,149,1561,0.0955,Beauty,2025-02-12
P-1020,Matte Lip Kit,83.25,271,2759,0.0982,Beauty,2025-02-13
P-1020,Matte Lip Kit,82.91,190,2107,0.0902,Beauty,2025-02-14
P-1020,Matte Lip Kit,80.05,293,2545,0.1151,Beauty,2025-02-15
P-1020,Matte Lip Kit,81.18,284,3352,0.0847,Beauty,2025-02-16
P-1020,Matte Lip Kit,79.24,325,2617,0.1242,Beauty,2025-02-17
P-1020,Matte Lip Kit,81.83,235,2230,0.1054,Beauty,2025-02-18
P-1020,Matte Lip Kit,83.93,203,1805,0.1125,Beauty,2025-02-19
P-1020,Matte Lip Kit,80.76,193,2298,0.084,Beauty,2025-02-20
P-1020,Matte Lip Kit,82.15,198,2108,0.0939,Beauty,2025-02-21
P-1020,Matte Lip Kit,84.41,216,2469,0.0875,Beauty,2025-02-22
P-1020,Matte Lip Kit,82.6,228,2584,0.0882,Beauty,2025-02-23
P-1020,Matte Lip Kit,83.24,149,1686,0.0884,Beauty,2025-02-24
P-1020,Matte Lip Kit,80.29,244,2428,0.1005,Beauty,2025-02-25
P-1020,Matte Lip Kit,80.08,217,2234,0.0971,Beauty,2025-02-26
P-1020,Matte Lip Kit,82.27,203,2084,0.0974,Beauty,2025-02-27
P-1020,Matte Lip Kit,89.3,160,1775,0.0901,Beauty,2025-02-28
P-1020,Matte Lip Kit,90.35,188,2034,0.0924,Beauty,2025-03-01
P-1020,Matte Lip Kit,87.41,175,2325,0.0753,Beauty,2025-03-02
P-1020,Matte Lip Kit,90.38,241,2866,0.0841,Beauty,2025-03-03
P-1020,Matte Lip Kit,86.45,160,2107,0.0759,Beauty,2025-03-04
P-1020,Matte Lip Kit,91.41,243,2781,0.0874,Beauty,2025-03-05
P-1020,Matte Lip Kit,90.27,193,2165,0.0891,Beauty,2025-03-06
P-1020,Matte Lip Kit,81.14,156,1948,0.0801,Beauty,2025-03-07
P-1020,Matte Lip Kit,70.48,253,2525,0.1002,Beauty,2025-03-08
P-1020,Matte Lip Kit,73.26,276,2949,0.0936,Beauty,2025-03-09
P-1020,Matte Lip Kit,70.74,225,2161,0.1041,Beauty,2025-03-10
P-1020,Matte Lip Kit,68.55,320,2617,0.1223,Beauty,2025-03-11
P-1020,Matte Lip Kit,69.7,266,2699,0.0986,Beauty,2025-03-12
P-1020,Matte Lip Kit,80.95,200,2155,0.0928,Beauty,2025-03-13
P-1020,Matte Lip Kit,79.69,212,2233,0.0949,Beauty,2025-03-14
P-1020,Matte Lip Kit,80.53,170,2367,0.0718,Beauty,2025-03-15
P-1020,Matte Lip Kit,80.29,211,2433,0.0867,Beauty,2025-03-16
P-1020,Matte Lip Kit,78.47,177,1744,0.1015,Beauty,2025-03-17
P-1020,Matte Lip Kit,78.38,128,1610,0.0795,Beauty,2025-03-18
P-1020,Matte Lip Kit,79.85,177,1968,0.0899,Beauty,2025-03-19
P-1020,Matte Lip Kit,79.99,203,2002,0.1014,Beauty,2025-03-20
P-1020,Matte Lip Kit,76.81,250,2909,0.0859,Beauty,2025-03-21
P-1020,Matte Lip Kit,78.95,266,3118,0.0853,Beauty,2025-03-22
P-1020,Matte Lip Kit,76.06,318,3520,0.0903,Beauty,2025-03-23
P-1020,Matte Lip Kit,78.97,167,1886,0.0885,Beauty,2025-03-24
P-1020,Matte Lip Kit,78.04,251,2383,0.1053,Beauty,2025-03-25
P-1020,Matte Lip Kit,76.79,164,2170,0.0756,Beauty,2025-03-26
P-1020,Matte Lip Kit,77.88,242,2517,0.0961,Beauty,2025-03-27
P-1020,Matte Lip Kit,75.67,254,2551,0.0996,Beauty,2025-03-28
P-1020,Matte Lip Kit,77.32,231,2282,0.1012,Beauty,2025-03-29
P-1020,Matte Lip Kit,78.86,209,2348,0.089,Beauty,2025-03-30
P-1020,Matte Lip Kit,79.88,185,2236,0.0827,Beauty,2025-03-31
P-1020,Matte Lip Kit,76.47,328,3200,0.1025,Beauty,2025-04-01
P-1020,Matte Lip Kit,77.61,275,3080,0.0893,Beauty,2025-04-02
P-1020,Matte Lip Kit,76.95,212,2512,0.0844,Beauty,2025-04-03
P-1020,Matte Lip Kit,75.58,302,2545,0.1187,Beauty,2025-04-04
P-1020,Matte Lip Kit,75.66,253,2798,0.0904,Beauty,2025-04-05
P-1020,Matte Lip Kit,76.28,248,2686,0.0923,Beauty,2025-04-06
P-1020,Matte Lip Kit,78.44,230,2286,0.1006,Beauty,2025-04-07
P-1020,Matte Lip Kit,77.58,268,3064,0.0875,Beauty,2025-04-08
P-1020,Matte Lip Kit,75.38,149,1866,0.0798,Beauty,2025-04-09
P-1020,Matte Lip Kit,77.83,214,2494,0.0858,Beauty,2025-04-10
P-1020,Matte Lip Kit,74.54,159,1753,0.0907,Beauty,2025-04-11
P-1020,Matte Lip Kit,78.68,269,2986,0.0901,Beauty,2025-04-12
P-1020,Matte Lip Kit,76.9,252,2602,0.0968,Beauty,2025-04-13
P-1020,Matte Lip Kit,77.83,254,2414,0.1052,Beauty,2025-04-14
P-1020,Matte Lip Kit,80.36,147,1985,0.0741,Beauty,2025-04-15
P-1020,Matte Lip Kit,77.37,161,1992,0.0808,Beauty,2025-04-16
P-1020,Matte Lip Kit,76.77,267,2812,0.095,Beauty,2025-04-17
P-1020,Matte Lip Kit,79.74,192,1997,0.0961,Beauty,2025-04-18
P-1020,Matte Lip Kit,62.53,331,2963,0.1117,Beauty,2025-04-19
P-1020,Matte Lip Kit,67.21,312,2791,0.1118,Beauty,2025-04-20
P-1020,Matte Lip Kit,62.35,189,2128,0.0888,Beauty,2025-04-21
P-1020,Matte Lip Kit,64.74,306,2610,0.1172,Beauty,2025-04-22
P-1020,Matte Lip Kit,69.03,216,2289,0.0944,Beauty,2025-04-23
P-1020,Matte Lip Kit,70.4,206,2481,0.083,Beauty,2025-04-24
P-1020,Matte Lip Kit,77.1,204,2243,0.0909,Beauty,2025-04-25
P-1020,Matte Lip Kit,80.54,271,2991,0.0906,Beauty,2025-04-26
P-1020,Matte Lip Kit,78.14,221,2883,0.0767,Beauty,2025-04-27
P-1020,Matte Lip Kit,81.67,267,3142,0.085,Beauty,2025-04-28
P-1020,Matte Lip Kit,80.48,154,2086,0.0738,Beauty,2025-04-29
P-1020,Matte Lip Kit,79.34,171,2030,0.0842,Beauty,2025-04-30
P-1020,Matte Lip Kit,82.69,179,2309,0.0775,Beauty,2025-05-01
P-1020,Matte Lip Kit,77.8,205,2334,0.0878,Beauty,2025-05-02
P-1020,Matte Lip Kit,83.24,308,3007,0.1024,Beauty,2025-05-03
P-1020,Matte Lip Kit,80.72,211,2342,0.0901,Beauty,2025-05-04
P-1021,Scalp Care Tonic,47.13,183,2186,0.0837,Beauty,2025-01-01
P-1021,Scalp Care Tonic,46.51,150,1670,0.0898,Beauty,2025-01-02
P-1021,Scalp Care Tonic,48.05,140,1664,0.0841,Beauty,2025-01-03
P-1021,Scalp Care Tonic,46.07,167,2090,0.0799,Beauty,2025-01-04
P-1021,Scalp Care Tonic,47.61,174,2223,0.0783,Beauty,2025-01-05
P-1021,Scalp Care Tonic,44.77,120,1491,0.0805,Beauty,2025-01-06
P-1021,Scalp Care Tonic,45.95,121,1621,0.0746,Beauty,2025-01-07
P-1021,Scalp Care Tonic,46.67,137,1591,0.0861,Beauty,2025-01-08
P-1021,Scalp Care Tonic,47.58,135,1696,0.0796,Beauty,2025-01-09
P-1021,Scalp Care Tonic,46.57,108,1591,0.0679,Beauty,2025-01-10
P-1021,Scalp Care Tonic,49.57,150,1804,0.0831,Beauty,2025-01-11
P-1021,Scalp Care Tonic,46.44,124,1745,0.0711,Beauty,2025-01-12
P-1021,Scalp Care Tonic,46.5,132,1632,0.0809,Beauty,2025-01-13
P-1021,Scalp Care Tonic,46.22,133,1907,0.0697,Beauty,2025-01-14
P-1021,Scalp Care Tonic,47.66,149,1462,0.1019,Beauty,2025-01-15
P-1021,Scalp Care Tonic,47.39,132,1754,0.0753,Beauty,2025-01-16
P-1021,Scalp Care Tonic,46.92,148,1906,0.0776,Beauty,2025-01-17
P-1021,Scalp Care Tonic,40.22,147,1816,0.0809,Beauty,2025-01-18
P-1021,Scalp Care Tonic,40.77,153,1911,0.0801,Beauty,2025-01-19
P-1021,Scalp Care Tonic,40.16,225,2092,0.1076,Beauty,2025-01-20
P-1021,Scalp Care Tonic,40.84,159,1770,0.0898,Beauty,2025-01-21
P-1021,Scalp Care Tonic,39.92,182,1648,0.1104,Beauty,2025-01-22
P-1021,Scalp Care Tonic,42.11,104,1316,0.079,Beauty,2025-01-23
P-1021,Scalp Care Tonic,47.83,133,1853,0.0718,Beauty,2025-01-24
P-1021,Scalp Care Tonic,47.04,169,2256,0.0749,Beauty,2025-01-25
P-1021,Scalp Care Tonic,45.86,150,2151,0.0697,Beauty,2025-01-26
P-1021,Scalp Care Tonic,46.5,128,1693,0.0756,Beauty,2025-01-27
P-1021,Scalp Care Tonic,47.14,142,1980,0.0717,Beauty,2025-01-28
P-1021,Scalp Care Tonic,45.44,84,1385,0.0606,Beauty,2025-01-29
P-1021,Scalp Care Tonic,46.49,104,1757,0.0592,Beauty,2025-01-30
P-1021,Scalp Care Tonic,44.9,135,1688,0.08,Beauty,2025-01-31
P-1021,Scalp Care Tonic,45.58,192,2570,0.0747,Beauty,2025-02-01
P-1021,Scalp Care Tonic,46.24,139,1837,0.0757,Beauty,2025-02-02
P-1021,Scalp Care Tonic,47.09,117,1628,0.0719,Beauty,2025-02-03
P-1021,Scalp Care Tonic,46.43,121,1746,0.0693,Beauty,2025-02-04
P-1021,Scalp Care Tonic,46.05,99,1538,0.0644,Beauty,2025-02-05
P-1021,Scalp Care Tonic,44.18,120,1669,0.0719,Beauty,2025-02-06
P-1021,Scalp Care Tonic,44.57,127,1739,0.073,Beauty,2025-02-07
P-1021,Scalp Care Tonic,45.7,140,2084,0.0672,Beauty,2025-02-08
P-1021,Scalp Care Tonic,43.89,172,2261,0.0761,Beauty,2025-02-09
P-1021,Scalp Care Tonic,43.98,144,1644,0.0876,Beauty,2025-02-10
P-1021,Scalp Care Tonic,44.24,127,1601,0.0793,Beauty,2025-02-11
P-1021,Scalp Care Tonic,44.63,143,1756,0.0814,Beauty,2025-02-12
P-1021,Scalp Care Tonic,45.18,171,2040,0.0838,Beauty,2025-02-13
P-1021,Scalp Care Tonic,43.34,136,1683,0.0808,Beauty,2025-02-14
P-1021,Scalp Care Tonic,45.65,125,1941,0.0644,Beauty,2025-02-15
P-1021,Scalp Care Tonic,43.9,156,2383,0.0655,Beauty,2025-02-16
P-1021,Scalp Care Tonic,45.75,157,1998,0.0786,Beauty,2025-02-17
P-1021,Scalp Care Tonic,44.75,104,1511,0.0688,Beauty,2025-02-18
P-1021,Scalp Care Tonic,49.97,77,1383,0.0557,Beauty,2025-02-19
P-1021,Scalp Care Tonic,48.31,117,1816,0.0644,Beauty,2025-02-20
P-1021,Scalp Care Tonic,46.39,121,1553,0.0779,Beauty,2025-02-21
P-1021,Scalp Care Tonic,47.51,142,2079,0.0683,Beauty,2025-02-22
P-1021,Scalp Care Tonic,51.18,99,1675,0.0591,Beauty,2025-02-23
P-1021,Scalp Care Tonic,45.49,99,1554,0.0637,Beauty,2025-02-24
P-1021,Scalp Care Tonic,49.49,117,1783,0.0656,Beauty,2025-02-25
P-1021,Scalp Care Tonic,47.31,131,1743,0.0752,Beauty,2025-02-26
P-1021,Scalp Care Tonic,43.36,104,1232,0.0844,Beauty,2025-02-27
P-1021,Scalp Care Tonic,43.91,119,1620,0.0735,Beauty,2025-02-28
P-1021,Scalp Care Tonic,45.09,123,1473,0.0835,Beauty,2025-03-01
P-1021,Scalp Care Tonic,36.09,176,1926,0.0914,Beauty,2025-03-02
P-1021,Scalp Care Tonic,33.66,134,1536,0.0872,Beauty,2025-03-03
P-1021,Scalp Care Tonic,38.62,190,2289,0.083,Beauty,2025-03-04
P-1021,Scalp Care Tonic,35.69,101,1333,0.0758,Beauty,2025-03-05
P-1021,Scalp Care Tonic,35.8,143,1648,0.0868,Beauty,2025-03-06
P-1021,Scalp Care Tonic,36.09,135,1608,0.084,Beauty,2025-03-07
P-1021,Scalp Care Tonic,42.68,128,1859,0.0689,Beauty,2025-03-08
P-1021,Scalp Care Tonic,42.83,147,1890,0.0778,Beauty,2025-03-09
P-1021,Scalp Care Tonic,43.57,99,1366,0.0725,Beauty,2025-03-10
P-1021,Scalp Care Tonic,43.62,122,1555,0.0785,Beauty,2025-03-11
P-1021,Scalp Care Tonic,43.2,101,1551,0.0651,Beauty,2025-03-12
P-1021,Scalp Care Tonic,43.89,132,1734,0.0761,Beauty,2025-03-13
P-1021,Scalp Care Tonic,45.92,133,1832,0.0726,Beauty,2025-03-14
P-1021,Scalp Care Tonic,44.64,107,1411,0.0758,Beauty,2025-03-15
P-1021,Scalp Care Tonic,44.79,176,2013,0.0874,Beauty,2025-03-16
P-1021,Scalp Care Tonic,46.01,126,1583,0.0796,Beauty,2025-03-17
P-1021,Scalp Care Tonic,45.13,123,1578,0.0779,Beauty,2025-03-18
P-1021,Scalp Care Tonic,44.73,97,1329,0.073,Beauty,2025-03-19
P-1021,Scalp Care Tonic,46.36,116,1637,0.0709,Beauty,2025-03-20
P-1021,Scalp Care Tonic,44.5,139,1719,0.0809,Beauty,2025-03-21
P-1021,Scalp Care Tonic,45.47,139,1838,0.0756,Beauty,2025-03-22
P-1021,Scalp Care Tonic,47.1,114,1865,0.0611,Beauty,2025-03-23
P-1021,Scalp Care Tonic,46.49,136,1563,0.087,Beauty,2025-03-24
P-1021,Scalp Care Tonic,46.43,104,1421,0.0732,Beauty,2025-03-25
P-1021,Scalp Care Tonic,46.66,120,1712,0.0701,Beauty,2025-03-26
P-1021,Scalp Care Tonic,46.37,95,1203,0.079,Beauty,2025-03-27
P-1021,Scalp Care Tonic,45.94,92,1691,0.0544,Beauty,2025-03-28
P-1021,Scalp Care Tonic,47.65,96,1258,0.0763,Beauty,2025-03-29
P-1021,Scalp Care Tonic,45.3,100,1243,0.0805,Beauty,2025-03-30
P-1021,Scalp Care Tonic,47.11,87,1203,0.0723,Beauty,2025-03-31
P-1021,Scalp Care Tonic,46.35,92,1376,0.0669,Beauty,2025-04-01
P-1021,Scalp Care Tonic,45.41,99,1427,0.0694,Beauty,2025-04-02
P-1021,Scalp Care Tonic,48.2,154,1784,0.0863,Beauty,2025-04-03
P-1021,Scalp Care Tonic,46.77,119,1616,0.0736,Beauty,2025-04-04
P-1021,Scalp Care Tonic,48.14,148,2015,0.0734,Beauty,2025-04-05
P-1021,Scalp Care Tonic,47.88,148,2060,0.0718,Beauty,2025-04-06
P-1021,Scalp Care Tonic,48.03,101,1314,0.0769,Beauty,2025-04-07
P-1021,Scalp Care Tonic,44.57,130,1706,0.0762,Beauty,2025-04-08
P-1021,Scalp Care Tonic,47.08,178,1894,0.094,Beauty,2025-04-09
P-1021,Scalp Care Tonic,48.43,132,1796,0.0735,Beauty,2025-04-10
P-1021,Scalp Care Tonic,44.9,142,1723,0.0824,Beauty,2025-04-11
P-1021,Scalp Care Tonic,46.51,157,1673,0.0938,Beauty,2025-04-12
P-1021,Scalp Care Tonic,47.15,168,1996,0.0842,Beauty,2025-04-13
P-1021,Scalp Care Tonic,42.86,141,1463,0.0964,Beauty,2025-04-14
P-1021,Scalp Care Tonic,41.79,112,1337,0.0838,Beauty,2025-04-15
P-1021,Scalp Care Tonic,39.99,169,1657,0.102,Beauty,2025-04-16
P-1021,Scalp Care Tonic,40.23,156,1653,0.0944,Beauty,2025-04-17
P-1021,Scalp Care Tonic,39.87,180,1578,0.1141,Beauty,2025-04-18
P-1021,Scalp Care Tonic,39.02,138,1481,0.0932,Beauty,2025-04-19
P-1021,Scalp Care Tonic,45.61,177,2253,0.0786,Beauty,2025-04-20
P-1021,Scalp Care Tonic,45.64,138,1822,0.0757,Beauty,2025-04-21
P-1021,Scalp Care Tonic,46.42,130,1732,0.0751,Beauty,2025-04-22
P-1021,Scalp Care Tonic,45.13,136,1621,0.0839,Beauty,2025-04-23
P-1021,Scalp Care Tonic,44.67,115,1504,0.0765,Beauty,2025-04-24
P-1021,Scalp Care Tonic,48.55,110,1333,0.0825,Beauty,2025-04-25
P-1021,Scalp Care Tonic,45.36,154,1813,0.0849,Beauty,2025-04-26
P-1021,Scalp Care Tonic,47.7,112,1445,0.0775,Beauty,2025-04-27
P-1021,Scalp Care Tonic,49.43,100,1566,0.0639,Beauty,2025-04-28
P-1021,Scalp Care Tonic,50.85,125,1410,0.0887,Beauty,2025-04-29
P-1021,Scalp Care Tonic,47.32,163,1953,0.0835,Beauty,2025-04-30
P-1021,Scalp Care Tonic,48.66,136,1657,0.0821,Beauty,2025-05-01
P-1021,Scalp Care Tonic,48.5,96,1253,0.0766,Beauty,2025-05-02
P-1021,Scalp Care Tonic,48.67,122,1663,0.0734,Beauty,2025-05-03
P-1021,Scalp Care Tonic,50.45,110,1848,0.0595,Beauty,2025-05-04
