data/ecommerce_pricing_data.csv
product_id,product_name,price,units_sold,page_views,conversion_rate,product_category,date
P-1022,Fragrance Discovery Set,16.8,363,3009,0.1206,Beauty,2025-01-01
P-1022,Fragrance Discovery Set,16.94,371,3033,0.1223,Beauty,2025-01-02
P-1022,Fragrance Discovery Set,16.34,334,2712,0.1232,Beauty,2025-01-03
P-1022,Fragrance Discovery Set,17.2,432,4056,0.1065,Beauty,2025-01-04
P-1022,Fragrance Discovery Set,16.99,477,3765,0.1267,Beauty,2025-01-05
P-1022,Fragrance Discovery Set,17,268,2097,0.1278,Beauty,2025-01-06
P-1022,Fragrance Discovery Set,16.87,268,2150,0.1247,Beauty,2025-01-07
P-1022,Fragrance Discovery Set,17.27,386,2595,0.1487,Beauty,2025-01-08
P-1022,Fragrance Discovery Set,16.77,291,2149,0.1354,Beauty,2025-01-09
P-1022,Fragrance Discovery Set,17.14,305,2305,0.1323,Beauty,2025-01-10
P-1022,Fragrance Discovery Set,16.88,328,2787,0.1177,Beauty,2025-01-11
P-1022,Fragrance Discovery Set,17.4,341,2794,0.122,Beauty,2025-01-12
P-1022,Fragrance Discovery Set,14.79,474,2905,0.1632,Beauty,2025-01-13
P-1022,Fragrance Discovery Set,14.77,290,2106,0.1377,Beauty,2025-01-14
P-1022,Fragrance Discovery Set,13.89,335,2642,0.1268,Beauty,2025-01-15
P-1022,Fragrance Discovery Set,16.39,333,2789,0.1194,Beauty,2025-01-16
P-1022,Fragrance Discovery Set,15.47,301,2197,0.137,Beauty,2025-01-17
P-1022,Fragrance Discovery Set,14.94,467,3155,0.148,Beauty,2025-01-18
P-1022,Fragrance Discovery Set,17.84,469,3190,0.147,Beauty,2025-01-19
P-1022,Fragrance Discovery Set,17.66,274,2555,0.1072,Beauty,2025-01-20
P-1022,Fragrance Discovery Set,17.98,300,2299,0.1305,Beauty,2025-01-21
P-1022,Fragrance Discovery Set,17.54,284,2194,0.1294,Beauty,2025-01-22
P-1022,Fragrance Discovery Set,17.71,357,3060,0.1167,Beauty,2025-01-23
P-1022,Fragrance Discovery Set,17.64,341,2981,0.1144,Beauty,2025-01-24
P-1022,Fragrance Discovery Set,17.33,463,3819,0.1212,Beauty,2025-01-25
P-1022,Fragrance Discovery Set,17.26,379,3253,0.1165,Beauty,2025-01-26
P-1022,Fragrance Discovery Set,17.65,389,2945,0.1321,Beauty,2025-01-27
P-1022,Fragrance Discovery Set,17.26,249,2172,0.1146,Beauty,2025-01-28
P-1022,Fragrance Discovery Set,17.88,312,2597,0.1201,Beauty,2025-01-29
P-1022,Fragrance Discovery Set,17.44,259,2339,0.1107,Beauty,2025-01-30
P-1022,Fragrance Discovery Set,17.95,414,3418,0.1211,Beauty,2025-01-31
P-1022,Fragrance Discovery Set,17.52,553,4543,0.1217,Beauty,2025-02-01
P-1022,Fragrance Discovery Set,17.38,444,3327,0.1335,Beauty,2025-02-02
P-1022,Fragrance Discovery Set,16.83,383,3030,0.1264,Beauty,2025-02-03
P-1022,Fragrance Discovery Set,17.68,372,2781,0.1338,Beauty,2025-02-04
P-1022,Fragrance Discovery Set,17.15,290,2640,0.1098,Beauty,2025-02-05
P-1022,Fragrance Discovery Set,17.45,314,2752,0.1141,Beauty,2025-02-06
P-1022,Fragrance Discovery Set,17.14,265,2276,0.1164,Beauty,2025-02-07
P-1022,Fragrance Discovery Set,17.07,354,2982,0.1187,Beauty,2025-02-08
P-1022,Fragrance Discovery Set,17.45,431,3734,0.1154,Beauty,2025-02-09
P-1022,Fragrance Discovery Set,18.17,302,2768,0.1091,Beauty,2025-02-10
P-1022,Fragrance Discovery Set,19.43,276,2730,0.1011,Beauty,2025-02-11
P-1022,Fragrance Discovery Set,18.77,289,2750,0.1051,Beauty,2025-02-12
P-1022,Fragrance Discovery Set,18.27,278,2816,0.0987,Beauty,2025-02-13
P-1022,Fragrance Discovery Set,19.62,176,1896,0.0928,Beauty,2025-02-14
P-1022,Fragrance Discovery Set,18.28,416,3746,0.1111,Beauty,2025-02-15
P-1022,Fragrance Discovery Set,18.62,395,3410,0.1158,Beauty,2025-02-16
P-1022,Fragrance Discovery Set,19,333,3314,0.1005,Beauty,2025-02-17
P-1022,Fragrance Discovery Set,16.57,296,2614,0.1132,Beauty,2025-02-18
P-1022,Fragrance Discovery Set,16.24,312,2481,0.1258,Beauty,2025-02-19
P-1022,Fragrance Discovery Set,16.51,331,2903,0.114,Beauty,2025-02-20
P-1022,Fragrance Discovery Set,16.31,291,2638,0.1103,Beauty,2025-02-21
P-1022,Fragrance Discovery Set,16.57,248,2286,0.1085,Beauty,2025-02-22
P-1022,Fragrance Discovery Set,15.81,318,2424,0.1312,Beauty,2025-02-23
P-1022,Fragrance Discovery Set,16.37,303,3111,0.0974,Beauty,2025-02-24
P-1022,Fragrance Discovery Set,14.63,389,2856,0.1362,Beauty,2025-02-25
P-1022,Fragrance Discovery Set,14.08,282,2380,0.1185,Beauty,2025-02-26
P-1022,Fragrance Discovery Set,13.74,269,2071,0.1299,Beauty,2025-02-27
P-1022,Fragrance Discovery Set,13.72,459,2841,0.1616,Beauty,2025-02-28
P-1022,Fragrance Discovery Set,14.4,591,4440,0.1331,Beauty,2025-03-01
P-1022,Fragrance Discovery Set,15.25,342,3261,0.1049,Beauty,2025-03-02
P-1022,Fragrance Discovery Set,16.44,371,3342,0.111,Beauty,2025-03-03
P-1022,Fragrance Discovery Set,16.12,288,2228,0.1293,Beauty,2025-03-04
P-1022,Fragrance Discovery Set,16.54,339,2806,0.1208,Beauty,2025-03-05
P-1022,Fragrance Discovery Set,16.68,234,2238,0.1046,Beauty,2025-03-06
P-1022,Fragrance Discovery Set,16.55,311,2627,0.1184,Beauty,2025-03-07
P-1022,Fragrance Discovery Set,16.49,305,2753,0.1108,Beauty,2025-03-08
P-1022,Fragrance Discovery Set,16.54,282,2394,0.1178,Beauty,2025-03-09
P-1022,Fragrance Discovery Set,16.53,318,2698,0.1179,Beauty,2025-03-10
P-1022,Fragrance Discovery Set,16.57,257,2193,0.1172,Beauty,2025-03-11
P-1022,Fragrance Discovery Set,16.25,335,2877,0.1164,Beauty,2025-03-12
P-1022,Fragrance Discovery Set,16.5,346,2888,0.1198,Beauty,2025-03-13
P-1022,Fragrance Discovery Set,15.63,238,2027,0.1174,Beauty,2025-03-14
P-1022,Fragrance Discovery Set,16.2,343,3084,0.1112,Beauty,2025-03-15
P-1022,Fragrance Discovery Set,16.3,331,2454,0.1349,Beauty,2025-03-16
P-1022,Fragrance Discovery Set,16.14,329,2969,0.1108,Beauty,2025-03-17
P-1022,Fragrance Discovery Set,16.77,219,2189,0.1,Beauty,2025-03-18
P-1022,Fragrance Discovery Set,16.22,260,2232,0.1165,Beauty,2025-03-19
P-1022,Fragrance Discovery Set,16.45,294,2563,0.1147,Beauty,2025-03-20
P-1022,Fragrance Discovery Set,16.61,218,1726,0.1263,Beauty,2025-03-21
P-1022,Fragrance Discovery Set,16.98,315,2306,0.1366,Beauty,2025-03-22
P-1022,Fragrance Discovery Set,16.8,305,2708,0.1126,Beauty,2025-03-23
P-1022,Fragrance Discovery Set,16.17,236,2095,0.1126,Beauty,2025-03-24
P-1022,Fragrance Discovery Set,17.15,360,2528,0.1424,Beauty,2025-03-25
P-1022,Fragrance Discovery Set,16.62,249,2253,0.1105,Beauty,2025-03-26
P-1022,Fragrance Discovery Set,17.07,257,2238,0.1148,Beauty,2025-03-27
P-1022,Fragrance Discovery Set,17.22,239,2243,0.1066,Beauty,2025-03-28
P-1022,Fragrance Discovery Set,17.28,273,2966,0.092,Beauty,2025-03-29
P-1022,Fragrance Discovery Set,16.95,273,2601,0.105,Beauty,2025-03-30
P-1022,Fragrance Discovery Set,16.88,281,2325,0.1209,Beauty,2025-03-31
P-1022,Fragrance Discovery Set,17.46,238,2461,0.0967,Beauty,2025-04-01
P-1022,Fragrance Discovery Set,16.99,238,2339,0.1018,Beauty,2025-04-02
P-1022,Fragrance Discovery Set,17.27,278,2629,0.1057,Beauty,2025-04-03
P-1022,Fragrance Discovery Set,18.04,247,2199,0.1123,Beauty,2025-04-04
P-1022,Fragrance Discovery Set,16.85,436,3199,0.1363,Beauty,2025-04-05
P-1022,Fragrance Discovery Set,17.68,293,2604,0.1125,Beauty,2025-04-06
P-1022,Fragrance Discovery Set,17.31,332,2364,0.1404,Beauty,2025-04-07
P-1022,Fragrance Discovery Set,17.69,261,2125,0.1228,Beauty,2025-04-08
P-1022,Fragrance Discovery Set,14.62,318,2103,0.1512,Beauty,2025-04-09
P-1022,Fragrance Discovery Set,15,267,2016,0.1324,Beauty,2025-04-10
P-1022,Fragrance Discovery Set,15.11,316,2005,0.1576,Beauty,2025-04-11
P-1022,Fragrance Discovery Set,14.79,258,2101,0.1228,Beauty,2025-04-12
P-1022,Fragrance Discovery Set,14.42,430,2634,0.1632,Beauty,2025-04-13
P-1022,Fragrance Discovery Set,16.69,248,2119,0.117,Beauty,2025-04-14
P-1022,Fragrance Discovery Set,17.71,214,1644,0.1302,Beauty,2025-04-15
P-1022,Fragrance Discovery Set,17.24,235,2033,0.1156,Beauty,2025-04-16
P-1022,Fragrance Discovery Set,17.73,269,2212,0.1216,Beauty,2025-04-17
P-1022,Fragrance Discovery Set,18.48,288,2305,0.1249,Beauty,2025-04-18
P-1022,Fragrance Discovery Set,18.71,303,2751,0.1101,Beauty,2025-04-19
P-1022,Fragrance Discovery Set,19.61,291,2497,0.1165,Beauty,2025-04-20
P-1022,Fragrance Discovery Set,19.56,284,2339,0.1214,Beauty,2025-04-21
P-1022,Fragrance Discovery Set,19.08,352,2882,0.1221,Beauty,2025-04-22
P-1022,Fragrance Discovery Set,19.08,224,1907,0.1175,Beauty,2025-04-23
P-1022,Fragrance Discovery Set,18.49,277,2060,0.1345,Beauty,2025-04-24
P-1022,Fragrance Discovery Set,19.21,306,2268,0.1349,Beauty,2025-04-25
P-1022,Fragrance Discovery Set,17.04,308,2354,0.1308,Beauty,2025-04-26
P-1022,Fragrance Discovery Set,17.21,291,2502,0.1163,Beauty,2025-04-27
P-1022,Fragrance Discovery Set,17.76,324,2247,0.1442,Beauty,2025-04-28
P-1022,Fragrance Discovery Set,17.36,255,2096,0.1217,Beauty,2025-04-29
P-1022,Fragrance Discovery Set,17.39,243,2120,0.1146,Beauty,2025-04-30
P-1022,Fragrance Discovery Set,16.87,379,2956,0.1282,Beauty,2025-05-01
P-1022,Fragrance Discovery Set,16.95,330,2579,0.128,Beauty,2025-05-02
P-1022,Fragrance Discovery Set,17.23,395,2816,0.1403,Beauty,2025-05-03
P-1022,Fragrance Discovery Set,17.19,355,2774,0.128,Beauty,2025-05-04
P-1023,Reusable Makeup Pads,20.94,149,1258,0.1184,Beauty,2025-01-01
P-1023,Reusable Makeup Pads,20.69,121,1172,0.1032,Beauty,2025-01-02
P-1023,Reusable Makeup Pads,21.19,162,1503,0.1078,Beauty,2025-01-03
P-1023,Reusable Makeup Pads,20.49,182,1882,0.0967,Beauty,2025-01-04
P-1023,Reusable Makeup Pads,20.77,185,1543,0.1199,Beauty,2025-01-05
P-1023,Reusable Makeup Pads,20.98,146,1273,0.1147,Beauty,2025-01-06
P-1023,Reusable Makeup Pads,20.88,121,1140,0.1061,Beauty,2025-01-07
P-1023,Reusable Makeup Pads,18.56,138,1275,0.1082,Beauty,2025-01-08
P-1023,Reusable Makeup Pads,18.14,141,999,0.1411,Beauty,2025-01-09
P-1023,Reusable Makeup Pads,18.2,189,1397,0.1353,Beauty,2025-01-10
P-1023,Reusable Makeup Pads,18.19,157,1439,0.1091,Beauty,2025-01-11
P-1023,Reusable Makeup Pads,17.51,187,1590,0.1176,Beauty,2025-01-12
P-1023,Reusable Makeup Pads,18.43,171,1347,0.1269,Beauty,2025-01-13
P-1023,Reusable Makeup Pads,20.99,163,1364,0.1195,Beauty,2025-01-14
P-1023,Reusable Makeup Pads,21.26,146,1320,0.1106,Beauty,2025-01-15
P-1023,Reusable Makeup Pads,20.94,151,1342,0.1125,Beauty,2025-01-16
P-1023,Reusable Makeup Pads,20.74,148,1173,0.1262,Beauty,2025-01-17
P-1023,Reusable Makeup Pads,20.79,206,1863,0.1106,Beauty,2025-01-18
P-1023,Reusable Makeup Pads,20.63,184,1355,0.1358,Beauty,2025-01-19
P-1023,Reusable Makeup Pads,20.68,133,1264,0.1052,Beauty,2025-01-20
P-1023,Reusable Makeup Pads,20.8,129,1338,0.0964,Beauty,2025-01-21
P-1023,Reusable Makeup Pads,20.79,144,1505,0.0957,Beauty,2025-01-22
P-1023,Reusable Makeup Pads,20.69,125,1187,0.1053,Beauty,2025-01-23
P-1023,Reusable Makeup Pads,20.69,102,1151,0.0886,Beauty,2025-01-24
P-1023,Reusable Makeup Pads,21.11,187,1897,0.0986,Beauty,2025-01-25
P-1023,Reusable Makeup Pads,20.46,156,1436,0.1086,Beauty,2025-01-26
P-1023,Reusable Makeup Pads,20.67,140,1175,0.1191,Beauty,2025-01-27
P-1023,Reusable Makeup Pads,20.74,116,1241,0.0935,Beauty,2025-01-28
P-1023,Reusable Makeup Pads,20.07,194,1733,0.1119,Beauty,2025-01-29
P-1023,Reusable Makeup Pads,21.17,94,1041,0.0903,Beauty,2025-01-30
P-1023,Reusable Makeup Pads,20.54,146,1599,0.0913,Beauty,2025-01-31
P-1023,Reusable Makeup Pads,22.24,153,1802,0.0849,Beauty,2025-02-01
P-1023,Reusable Makeup Pads,21.51,166,1617,0.1027,Beauty,2025-02-02
P-1023,Reusable Makeup Pads,21.34,140,1402,0.0999,Beauty,2025-02-03
P-1023,Reusable Makeup Pads,21.54,92,1120,0.0821,Beauty,2025-02-04
P-1023,Reusable Makeup Pads,22.58,147,1526,0.0963,Beauty,2025-02-05
P-1023,Reusable Makeup Pads,22.06,116,1183,0.0981,Beauty,2025-02-06
P-1023,Reusable Makeup Pads,22.49,93,1143,0.0814,Beauty,2025-02-07
P-1023,Reusable Makeup Pads,21.6,104,1300,0.08,Beauty,2025-02-08
P-1023,Reusable Makeup Pads,20.23,134,1249,0.1073,Beauty,2025-02-09
P-1023,Reusable Makeup Pads,19.51,152,1402,0.1084,Beauty,2025-02-10
P-1023,Reusable Makeup Pads,19.86,156,1255,0.1243,Beauty,2025-02-11
P-1023,Reusable Makeup Pads,19.54,170,1472,0.1155,Beauty,2025-02-12
P-1023,Reusable Makeup Pads,19.68,137,1327,0.1032,Beauty,2025-02-13
P-1023,Reusable Makeup Pads,19.68,130,1340,0.097,Beauty,2025-02-14
P-1023,Reusable Makeup Pads,20.72,168,1529,0.1099,Beauty,2025-02-15
P-1023,Reusable Makeup Pads,19.58,167,1405,0.1189,Beauty,2025-02-16
P-1023,Reusable Makeup Pads,19.68,125,1315,0.0951,Beauty,2025-02-17
P-1023,Reusable Makeup Pads,19.87,106,1049,0.101,Beauty,2025-02-18
P-1023,Reusable Makeup Pads,19.53,112,1087,0.103,Beauty,2025-02-19
P-1023,Reusable Makeup Pads,17.67,139,1390,0.1,Beauty,2025-02-20
P-1023,Reusable Makeup Pads,16.61,119,1057,0.1126,Beauty,2025-02-21
P-1023,Reusable Makeup Pads,15.5,228,1463,0.1558,Beauty,2025-02-22
P-1023,Reusable Makeup Pads,18.2,192,1619,0.1186,Beauty,2025-02-23
P-1023,Reusable Makeup Pads,17.79,156,1441,0.1083,Beauty,2025-02-24
P-1023,Reusable Makeup Pads,17.13,140,1206,0.1161,Beauty,2025-02-25
P-1023,Reusable Makeup Pads,19.55,119,1223,0.0973,Beauty,2025-02-26
P-1023,Reusable Makeup Pads,19.34,120,1148,0.1045,Beauty,2025-02-27
P-1023,Reusable Makeup Pads,19.43,144,1435,0.1003,Beauty,2025-02-28
P-1023,Reusable Makeup Pads,19.78,158,1616,0.0978,Beauty,2025-03-01
P-1023,Reusable Makeup Pads,19.98,134,1521,0.0881,Beauty,2025-03-02
P-1023,Reusable Makeup Pads,19.42,126,1269,0.0993,Beauty,2025-03-03
P-1023,Reusable Makeup Pads,19.31,107,1060,0.1009,Beauty,2025-03-04
P-1023,Reusable Makeup Pads,20.06,149,1500,0.0993,Beauty,2025-03-05
P-1023,Reusable Makeup Pads,20.23,121,1350,0.0896,Beauty,2025-03-06
P-1023,Reusable Makeup Pads,19.77,151,1304,0.1158,Beauty,2025-03-07
P-1023,Reusable Makeup Pads,19.96,121,1090,0.111,Beauty,2025-03-08
P-1023,Reusable Makeup Pads,19.44,114,1272,0.0896,Beauty,2025-03-09
P-1023,Reusable Makeup Pads,20.84,120,1128,0.1064,Beauty,2025-03-10
P-1023,Reusable Makeup Pads,19.49,152,1433,0.1061,Beauty,2025-03-11
P-1023,Reusable Makeup Pads,20.44,100,1087,0.092,Beauty,2025-03-12
P-1023,Reusable Makeup Pads,19.58,107,974,0.1099,Beauty,2025-03-13
P-1023,Reusable Makeup Pads,20.09,109,1034,0.1054,Beauty,2025-03-14
P-1023,Reusable Makeup Pads,20.17,102,1067,0.0956,Beauty,2025-03-15
P-1023,Reusable Makeup Pads,20.05,170,1298,0.131,Beauty,2025-03-16
P-1023,Reusable Makeup Pads,20.12,116,987,0.1175,Beauty,2025-03-17
P-1023,Reusable Makeup Pads,19.89,118,1163,0.1015,Beauty,2025-03-18
P-1023,Reusable Makeup Pads,20.32,125,1188,0.1052,Beauty,2025-03-19
P-1023,Reusable Makeup Pads,19.64,137,1313,0.1043,Beauty,2025-03-20
P-1023,Reusable Makeup Pads,19.92,118,945,0.1249,Beauty,2025-03-21
P-1023,Reusable Makeup Pads,20.34,147,1222,0.1203,Beauty,2025-03-22
P-1023,Reusable Makeup Pads,20.63,139,1317,0.1055,Beauty,2025-03-23
P-1023,Reusable Makeup Pads,20.6,111,1071,0.1036,Beauty,2025-03-24
P-1023,Reusable Makeup Pads,21.03,134,1130,0.1186,Beauty,2025-03-25
P-1023,Reusable Makeup Pads,20.82,127,1297,0.0979,Beauty,2025-03-26
P-1023,Reusable Makeup Pads,21.16,130,1106,0.1175,Beauty,2025-03-27
P-1023,Reusable Makeup Pads,21.25,103,962,0.1071,Beauty,2025-03-28
P-1023,Reusable Makeup Pads,20.52,142,1211,0.1173,Beauty,2025-03-29
P-1023,Reusable Makeup Pads,20.25,133,1352,0.0984,Beauty,2025-03-30
P-1023,Reusable Makeup Pads,20.46,141,1170,0.1205,Beauty,2025-03-31
P-1023,Reusable Makeup Pads,20.81,123,1065,0.1155,Beauty,2025-04-01
P-1023,Reusable Makeup Pads,20.68,175,1299,0.1347,Beauty,2025-04-02
P-1023,Reusable Makeup Pads,20.17,150,1260,0.119,Beauty,2025-04-03
P-1023,Reusable Makeup Pads,17.96,142,1385,0.1025,Beauty,2025-04-04
P-1023,Reusable Makeup Pads,17.7,140,1215,0.1152,Beauty,2025-04-05
P-1023,Reusable Makeup Pads,18.7,140,1162,0.1205,Beauty,2025-04-06
P-1023,Reusable Makeup Pads,17.17,112,821,0.1364,Beauty,2025-04-07
P-1023,Reusable Makeup Pads,17.32,144,1091,0.132,Beauty,2025-04-08
P-1023,Reusable Makeup Pads,20.45,156,1372,0.1137,Beauty,2025-04-09
P-1023,Reusable Makeup Pads,22.8,94,1096,0.0858,Beauty,2025-04-10
P-1023,Reusable Makeup Pads,23.56,111,979,0.1134,Beauty,2025-04-11
P-1023,Reusable Makeup Pads,22.7,119,997,0.1194,Beauty,2025-04-12
P-1023,Reusable Makeup Pads,22.14,148,1771,0.0836,Beauty,2025-04-13
P-1023,Reusable Makeup Pads,22.58,148,1190,0.1244,Beauty,2025-04-14
P-1023,Reusable Makeup Pads,21.83,126,1160,0.1086,Beauty,2025-04-15
P-1023,Reusable Makeup Pads,22.33,91,1083,0.084,Beauty,2025-04-16
P-1023,Reusable Makeup Pads,20.76,132,1339,0.0986,Beauty,2025-04-17
P-1023,Reusable Makeup Pads,20.93,111,1061,0.1046,Beauty,2025-04-18
P-1023,Reusable Makeup Pads,20.36,192,1796,0.1069,Beauty,2025-04-19
P-1023,Reusable Makeup Pads,20.95,150,1277,0.1175,Beauty,2025-04-20
P-1023,Reusable Makeup Pads,20.02,155,1304,0.1189,Beauty,2025-04-21
P-1023,Reusable Makeup Pads,20.59,118,1040,0.1135,Beauty,2025-04-22
P-1023,Reusable Makeup Pads,19.81,141,1223,0.1153,Beauty,2025-04-23
P-1023,Reusable Makeup Pads,20.74,118,1071,0.1102,Beauty,2025-04-24
P-1023,Reusable Makeup Pads,20.78,169,1448,0.1167,Beauty,2025-04-25
P-1023,Reusable Makeup Pads,20.84,136,1174,0.1158,Beauty,2025-04-26
P-1023,Reusable Makeup Pads,19.66,169,1263,0.1338,Beauty,2025-04-27
P-1023,Reusable Makeup Pads,19.92,150,1157,0.1296,Beauty,2025-04-28
P-1023,Reusable Makeup Pads,19.51,140,1178,0.1188,Beauty,2025-04-29
P-1023,Reusable Makeup Pads,19.91,198,1642,0.1206,Beauty,2025-04-30
P-1023,Reusable Makeup Pads,20.28,151,1325,0.114,Beauty,2025-05-01
P-1023,Reusable Makeup Pads,19.41,97,1073,0.0904,Beauty,2025-05-02
P-1023,Reusable Makeup Pads,20.49,142,1262,0.1125,Beauty,2025-05-03
P-1023,Reusable Makeup Pads,19.97,115,1165,0.0987,Beauty,2025-05-04
