data/ecommerce_pricing_data.csv
product_id,product_name,price,units_sold,page_views,conversion_rate,product_category,date
P-1024,Volumizing Hair Brush,39.81,174,1162,0.1497,Beauty,2025-01-01
P-1024,Volumizing Hair Brush,41.69,210,1327,0.1583,Beauty,2025-01-02
P-1024,Volumizing Hair Brush,33.78,212,1098,0.1931,Beauty,2025-01-03
P-1024,Volumizing Hair Brush,35.62,349,1581,0.2207,Beauty,2025-01-04
P-1024,Volumizing Hair Brush,35.56,272,1153,0.2359,Beauty,2025-01-05
P-1024,Volumizing Hair Brush,35.7,174,1125,0.1547,Beauty,2025-01-06
P-1024,Volumizing Hair Brush,38.47,218,1199,0.1818,Beauty,2025-01-07
P-1024,Volumizing Hair Brush,33.38,323,1531,0.211,Beauty,2025-01-08
P-1024,Volumizing Hair Brush,41.5,222,1424,0.1559,Beauty,2025-01-09
P-1024,Volumizing Hair Brush,40.07,226,1698,0.1331,Beauty,2025-01-10
P-1024,Volumizing Hair Brush,40.92,287,1620,0.1772,Beauty,2025-01-11
P-1024,Volumizing Hair Brush,39.42,219,1477,0.1483,Beauty,2025-01-12
P-1024,Volumizing Hair Brush,40.73,179,1266,0.1414,Beauty,2025-01-13
P-1024,Volumizing Hair Brush,40.48,131,944,0.1388,Beauty,2025-01-14
P-1024,Volumizing Hair Brush,42.11,174,1243,0.14,Beauty,2025-01-15
P-1024,Volumizing Hair Brush,41.75,293,1665,0.176,Beauty,2025-01-16
P-1024,Volumizing Hair Brush,39.61,209,1461,0.1431,Beauty,2025-01-17
P-1024,Volumizing Hair Brush,41.33,217,1414,0.1535,Beauty,2025-01-18
P-1024,Volumizing Hair Brush,40.73,249,1737,0.1434,Beauty,2025-01-19
P-1024,Volumizing Hair Brush,41.07,244,1410,0.173,Beauty,2025-01-20
P-1024,Volumizing Hair Brush,40.39,157,1010,0.1554,Beauty,2025-01-21
P-1024,Volumizing Hair Brush,40.86,209,1390,0.1504,Beauty,2025-01-22
P-1024,Volumizing Hair Brush,44.91,194,1387,0.1399,Beauty,2025-01-23
P-1024,Volumizing Hair Brush,42.81,186,1440,0.1292,Beauty,2025-01-24
P-1024,Volumizing Hair Brush,42,232,1582,0.1466,Beauty,2025-01-25
P-1024,Volumizing Hair Brush,46.59,202,1441,0.1402,Beauty,2025-01-26
P-1024,Volumizing Hair Brush,45.86,199,1289,0.1544,Beauty,2025-01-27
P-1024,Volumizing Hair Brush,45.12,173,1173,0.1475,Beauty,2025-01-28
P-1024,Volumizing Hair Brush,44.84,205,1645,0.1246,Beauty,2025-01-29
P-1024,Volumizing Hair Brush,43.88,150,1223,0.1226,Beauty,2025-01-30
P-1024,Volumizing Hair Brush,41.03,201,1458,0.1379,Beauty,2025-01-31
P-1024,Volumizing Hair Brush,40.89,204,1522,0.134,Beauty,2025-02-01
P-1024,Volumizing Hair Brush,40.84,280,1826,0.1533,Beauty,2025-02-02
P-1024,Volumizing Hair Brush,38.73,243,1745,0.1393,Beauty,2025-02-03
P-1024,Volumizing Hair Brush,38.37,229,1433,0.1598,Beauty,2025-02-04
P-1024,Volumizing Hair Brush,39.27,177,1235,0.1433,Beauty,2025-02-05
P-1024,Volumizing Hair Brush,39.68,149,1124,0.1326,Beauty,2025-02-06
P-1024,Volumizing Hair Brush,40.22,190,1406,0.1351,Beauty,2025-02-07
P-1024,Volumizing Hair Brush,38.74,175,1101,0.1589,Beauty,2025-02-08
P-1024,Volumizing Hair Brush,38.52,231,1612,0.1433,Beauty,2025-02-09
P-1024,Volumizing Hair Brush,38.68,156,1076,0.145,Beauty,2025-02-10
P-1024,Volumizing Hair Brush,38.54,196,1464,0.1339,Beauty,2025-02-11
P-1024,Volumizing Hair Brush,38.87,157,1115,0.1408,Beauty,2025-02-12
P-1024,Volumizing Hair Brush,37.41,184,1337,0.1376,Beauty,2025-02-13
P-1024,Volumizing Hair Brush,38.46,216,1520,0.1421,Beauty,2025-02-14
P-1024,Volumizing Hair Brush,30.52,304,1294,0.2349,Beauty,2025-02-15
P-1024,Volumizing Hair Brush,29.46,362,1666,0.2173,Beauty,2025-02-16
P-1024,Volumizing Hair Brush,29.42,267,1363,0.1959,Beauty,2025-02-17
P-1024,Volumizing Hair Brush,33.04,232,1448,0.1602,Beauty,2025-02-18
P-1024,Volumizing Hair Brush,28.67,225,1118,0.2013,Beauty,2025-02-19
P-1024,Volumizing Hair Brush,31.48,186,1011,0.184,Beauty,2025-02-20
P-1024,Volumizing Hair Brush,38.57,193,1307,0.1477,Beauty,2025-02-21
P-1024,Volumizing Hair Brush,37.77,233,1538,0.1515,Beauty,2025-02-22
P-1024,Volumizing Hair Brush,38.18,264,1896,0.1392,Beauty,2025-02-23
P-1024,Volumizing Hair Brush,38.34,181,1251,0.1447,Beauty,2025-02-24
P-1024,Volumizing Hair Brush,37.65,137,950,0.1442,Beauty,2025-02-25
P-1024,Volumizing Hair Brush,37.29,196,1376,0.1424,Beauty,2025-02-26
P-1024,Volumizing Hair Brush,36.7,253,1464,0.1728,Beauty,2025-02-27
P-1024,Volumizing Hair Brush,37.63,194,1354,0.1433,Beauty,2025-02-28
P-1024,Volumizing Hair Brush,37.27,232,1624,0.1429,Beauty,2025-03-01
P-1024,Volumizing Hair Brush,38.09,252,1675,0.1504,Beauty,2025-03-02
P-1024,Volumizing Hair Brush,38.21,196,1424,0.1376,Beauty,2025-03-03
P-1024,Volumizing Hair Brush,37.76,183,1271,0.144,Beauty,2025-03-04
P-1024,Volumizing Hair Brush,38.09,278,1568,0.1773,Beauty,2025-03-05
P-1024,Volumizing Hair Brush,36.82,230,1614,0.1425,Beauty,2025-03-06
P-1024,Volumizing Hair Brush,39.49,161,1121,0.1436,Beauty,2025-03-07
P-1024,Volumizing Hair Brush,39.12,248,1830,0.1355,Beauty,2025-03-08
P-1024,Volumizing Hair Brush,38.4,169,1266,0.1335,Beauty,2025-03-09
P-1024,Volumizing Hair Brush,35.85,237,1271,0.1865,Beauty,2025-03-10
P-1024,Volumizing Hair Brush,38.65,185,1187,0.1559,Beauty,2025-03-11
P-1024,Volumizing Hair Brush,39.14,177,1225,0.1445,Beauty,2025-03-12
P-1024,Volumizing Hair Brush,39.73,127,918,0.1383,Beauty,2025-03-13
P-1024,Volumizing Hair Brush,39.06,177,1198,0.1477,Beauty,2025-03-14
P-1024,Volumizing Hair Brush,39.6,240,1665,0.1441,Beauty,2025-03-15
P-1024,Volumizing Hair Brush,37.36,309,1848,0.1672,Beauty,2025-03-16
P-1024,Volumizing Hair Brush,39.08,231,1218,0.1897,Beauty,2025-03-17
P-1024,Volumizing Hair Brush,39.2,193,1260,0.1532,Beauty,2025-03-18
P-1024,Volumizing Hair Brush,39.24,152,904,0.1681,Beauty,2025-03-19
P-1024,Volumizing Hair Brush,39.73,203,1371,0.1481,Beauty,2025-03-20
P-1024,Volumizing Hair Brush,39.58,190,1167,0.1628,Beauty,2025-03-21
P-1024,Volumizing Hair Brush,40.12,181,1439,0.1258,Beauty,2025-03-22
P-1024,Volumizing Hair Brush,40.32,228,1646,0.1385,Beauty,2025-03-23
P-1024,Volumizing Hair Brush,40.61,175,1432,0.1222,Beauty,2025-03-24
P-1024,Volumizing Hair Brush,39.46,159,988,0.1609,Beauty,2025-03-25
P-1024,Volumizing Hair Brush,40.63,211,1274,0.1656,Beauty,2025-03-26
P-1024,Volumizing Hair Brush,41.34,185,1239,0.1493,Beauty,2025-03-27
P-1024,Volumizing Hair Brush,40.39,174,1079,0.1613,Beauty,2025-03-28
P-1024,Volumizing Hair Brush,41.73,145,1190,0.1218,Beauty,2025-03-29
P-1024,Volumizing Hair Brush,38.39,220,1421,0.1548,Beauty,2025-03-30
P-1024,Volumizing Hair Brush,38.52,171,1029,0.1662,Beauty,2025-03-31
P-1024,Volumizing Hair Brush,38.65,207,1302,0.159,Beauty,2025-04-01
P-1024,Volumizing Hair Brush,39.23,260,1633,0.1592,Beauty,2025-04-02
P-1024,Volumizing Hair Brush,39.67,163,1020,0.1598,Beauty,2025-04-03
P-1024,Volumizing Hair Brush,43.39,160,1326,0.1207,Beauty,2025-04-04
P-1024,Volumizing Hair Brush,45.91,157,1176,0.1335,Beauty,2025-04-05
P-1024,Volumizing Hair Brush,43.56,210,1267,0.1657,Beauty,2025-04-06
P-1024,Volumizing Hair Brush,44.55,135,1092,0.1236,Beauty,2025-04-07
P-1024,Volumizing Hair Brush,40.57,250,1390,0.1799,Beauty,2025-04-08
P-1024,Volumizing Hair Brush,41.21,150,1132,0.1325,Beauty,2025-04-09
P-1024,Volumizing Hair Brush,41.46,208,1352,0.1538,Beauty,2025-04-10
P-1024,Volumizing Hair Brush,40.05,131,941,0.1392,Beauty,2025-04-11
P-1024,Volumizing Hair Brush,41.5,242,1508,0.1605,Beauty,2025-04-12
P-1024,Volumizing Hair Brush,40.55,243,1553,0.1565,Beauty,2025-04-13
P-1024,Volumizing Hair Brush,39.91,248,1578,0.1572,Beauty,2025-04-14
P-1024,Volumizing Hair Brush,39.74,200,1096,0.1825,Beauty,2025-04-15
P-1024,Volumizing Hair Brush,40.58,161,1239,0.1299,Beauty,2025-04-16
P-1024,Volumizing Hair Brush,39.9,167,1129,0.1479,Beauty,2025-04-17
P-1024,Volumizing Hair Brush,39.86,203,1192,0.1703,Beauty,2025-04-18
P-1024,Volumizing Hair Brush,40.26,223,1545,0.1443,Beauty,2025-04-19
P-1024,Volumizing Hair Brush,41.73,164,1264,0.1297,Beauty,2025-04-20
P-1024,Volumizing Hair Brush,39.64,207,1086,0.1906,Beauty,2025-04-21
P-1024,Volumizing Hair Brush,40.75,195,1205,0.1618,Beauty,2025-04-22
P-1024,Volumizing Hair Brush,39.41,185,1272,0.1454,Beauty,2025-04-23
P-1024,Volumizing Hair Brush,40.6,190,1181,0.1609,Beauty,2025-04-24
P-1024,Volumizing Hair Brush,39.52,181,1039,0.1742,Beauty,2025-04-25
P-1024,Volumizing Hair Brush,39.63,203,1210,0.1678,Beauty,2025-04-26
P-1024,Volumizing Hair Brush,38.86,281,1694,0.1659,Beauty,2025-04-27
P-1024,Volumizing Hair Brush,38.48,215,1329,0.1618,Beauty,2025-04-28
P-1024,Volumizing Hair Brush,37.59,225,1382,0.1628,Beauty,2025-04-29
P-1024,Volumizing Hair Brush,39.2,179,1091,0.1641,Beauty,2025-04-30
P-1024,Volumizing Hair Brush,38.82,298,1619,0.1841,Beauty,2025-05-01
P-1024,Volumizing Hair Brush,39.58,214,1375,0.1556,Beauty,2025-05-02
P-1024,Volumizing Hair Brush,38.25,249,1401,0.1777,Beauty,2025-05-03
P-1024,Volumizing Hair Brush,39.21,336,1843,0.1823,Beauty,2025-05-04
P-1025,Performance Hoodie,37.57,125,1067,0.1172,Apparel,2025-01-01
P-1025,Performance Hoodie,37.07,103,893,0.1153,Apparel,2025-01-02
P-1025,Performance Hoodie,38.39,99,824,0.1201,Apparel,2025-01-03
P-1025,Performance Hoodie,38.02,86,975,0.0882,Apparel,2025-01-04
P-1025,Performance Hoodie,38.07,100,1014,0.0986,Apparel,2025-01-05
P-1025,Performance Hoodie,38.43,79,692,0.1142,Apparel,2025-01-06
P-1025,Performance Hoodie,38.67,72,883,0.0815,Apparel,2025-01-07
P-1025,Performance Hoodie,38.39,82,828,0.099,Apparel,2025-01-08
P-1025,Performance Hoodie,38.8,84,867,0.0969,Apparel,2025-01-09
P-1025,Performance Hoodie,38.38,100,839,0.1192,Apparel,2025-01-10
P-1025,Performance Hoodie,39.13,115,1030,0.1117,Apparel,2025-01-11
P-1025,Performance Hoodie,37.66,98,802,0.1222,Apparel,2025-01-12
P-1025,Performance Hoodie,39.85,93,919,0.1012,Apparel,2025-01-13
P-1025,Performance Hoodie,39.14,82,695,0.118,Apparel,2025-01-14
P-1025,Performance Hoodie,39.23,69,761,0.0907,Apparel,2025-01-15
P-1025,Performance Hoodie,39.22,77,751,0.1025,Apparel,2025-01-16
P-1025,Performance Hoodie,39.47,97,929,0.1044,Apparel,2025-01-17
P-1025,Performance Hoodie,39.63,88,967,0.091,Apparel,2025-01-18
P-1025,Performance Hoodie,43.53,80,930,0.086,Apparel,2025-01-19
P-1025,Performance Hoodie,44.44,63,912,0.0691,Apparel,2025-01-20
P-1025,Performance Hoodie,43.45,86,1013,0.0849,Apparel,2025-01-21
P-1025,Performance Hoodie,44.46,65,811,0.0801,Apparel,2025-01-22
P-1025,Performance Hoodie,44.84,83,1100,0.0755,Apparel,2025-01-23
P-1025,Performance Hoodie,44.88,60,650,0.0923,Apparel,2025-01-24
P-1025,Performance Hoodie,42.62,62,821,0.0755,Apparel,2025-01-25
P-1025,Performance Hoodie,40.03,73,880,0.083,Apparel,2025-01-26
P-1025,Performance Hoodie,39.91,96,937,0.1025,Apparel,2025-01-27
P-1025,Performance Hoodie,38.67,95,981,0.0968,Apparel,2025-01-28
P-1025,Performance Hoodie,38.43,59,733,0.0805,Apparel,2025-01-29
P-1025,Performance Hoodie,38.53,94,924,0.1017,Apparel,2025-01-30
P-1025,Performance Hoodie,39.02,66,641,0.103,Apparel,2025-01-31
P-1025,Performance Hoodie,39.18,87,993,0.0876,Apparel,2025-02-01
P-1025,Performance Hoodie,37.7,93,957,0.0972,Apparel,2025-02-02
P-1025,Performance Hoodie,39.98,44,648,0.0679,Apparel,2025-02-03
P-1025,Performance Hoodie,38.85,102,946,0.1078,Apparel,2025-02-04
P-1025,Performance Hoodie,38.62,93,960,0.0969,Apparel,2025-02-05
P-1025,Performance Hoodie,38.57,82,802,0.1022,Apparel,2025-02-06
P-1025,Performance Hoodie,33.4,99,891,0.1111,Apparel,2025-02-07
P-1025,Performance Hoodie,31.44,102,796,0.1281,Apparel,2025-02-08
P-1025,Performance Hoodie,34.5,119,972,0.1224,Apparel,2025-02-09
P-1025,Performance Hoodie,31.77,109,951,0.1146,Apparel,2025-02-10
P-1025,Performance Hoodie,29.97,110,884,0.1244,Apparel,2025-02-11
P-1025,Performance Hoodie,32.82,125,963,0.1298,Apparel,2025-02-12
P-1025,Performance Hoodie,38.65,90,979,0.0919,Apparel,2025-02-13
P-1025,Performance Hoodie,37.64,71,794,0.0894,Apparel,2025-02-14
P-1025,Performance Hoodie,37.52,100,823,0.1215,Apparel,2025-02-15
P-1025,Performance Hoodie,36.61,73,821,0.0889,Apparel,2025-02-16
P-1025,Performance Hoodie,36.76,78,666,0.1171,Apparel,2025-02-17
P-1025,Performance Hoodie,37.03,84,795,0.1057,Apparel,2025-02-18
P-1025,Performance Hoodie,35.94,84,797,0.1054,Apparel,2025-02-19
P-1025,Performance Hoodie,36.23,78,734,0.1063,Apparel,2025-02-20
P-1025,Performance Hoodie,36.27,84,774,0.1085,Apparel,2025-02-21
P-1025,Performance Hoodie,37.03,92,877,0.1049,Apparel,2025-02-22
P-1025,Performance Hoodie,37.21,99,1004,0.0986,Apparel,2025-02-23
P-1025,Performance Hoodie,36.4,105,926,0.1134,Apparel,2025-02-24
P-1025,Performance Hoodie,37.92,73,799,0.0914,Apparel,2025-02-25
P-1025,Performance Hoodie,37.02,55,748,0.0735,Apparel,2025-02-26
P-1025,Performance Hoodie,35.56,76,782,0.0972,Apparel,2025-02-27
P-1025,Performance Hoodie,35.97,111,1061,0.1046,Apparel,2025-02-28
P-1025,Performance Hoodie,36.64,107,1059,0.101,Apparel,2025-03-01
P-1025,Performance Hoodie,36.87,109,1227,0.0888,Apparel,2025-03-02
P-1025,Performance Hoodie,36.8,153,1222,0.1252,Apparel,2025-03-03
P-1025,Performance Hoodie,36.27,92,766,0.1201,Apparel,2025-03-04
P-1025,Performance Hoodie,36.82,95,927,0.1025,Apparel,2025-03-05
P-1025,Performance Hoodie,36.04,84,799,0.1051,Apparel,2025-03-06
P-1025,Performance Hoodie,36.69,84,766,0.1097,Apparel,2025-03-07
P-1025,Performance Hoodie,36.32,116,1073,0.1081,Apparel,2025-03-08
P-1025,Performance Hoodie,37.38,139,1270,0.1094,Apparel,2025-03-09
P-1025,Performance Hoodie,37.46,77,798,0.0965,Apparel,2025-03-10
P-1025,Performance Hoodie,37.16,104,1007,0.1033,Apparel,2025-03-11
P-1025,Performance Hoodie,36.88,90,784,0.1148,Apparel,2025-03-12
P-1025,Performance Hoodie,36.84,73,769,0.0949,Apparel,2025-03-13
P-1025,Performance Hoodie,37.61,92,1015,0.0906,Apparel,2025-03-14
P-1025,Performance Hoodie,36.42,128,1108,0.1155,Apparel,2025-03-15
P-1025,Performance Hoodie,35.88,96,1059,0.0907,Apparel,2025-03-16
P-1025,Performance Hoodie,38.11,78,784,0.0995,Apparel,2025-03-17
P-1025,Performance Hoodie,38.31,64,645,0.0992,Apparel,2025-03-18
P-1025,Performance Hoodie,36.84,70,603,0.1161,Apparel,2025-03-19
P-1025,Performance Hoodie,37.61,84,740,0.1135,Apparel,2025-03-20
P-1025,Performance Hoodie,37.14,84,930,0.0903,Apparel,2025-03-21
P-1025,Performance Hoodie,31.87,120,880,0.1364,Apparel,2025-03-22
P-1025,Performance Hoodie,33.46,92,915,0.1005,Apparel,2025-03-23
P-1025,Performance Hoodie,29.89,119,865,0.1376,Apparel,2025-03-24
P-1025,Performance Hoodie,32.33,130,892,0.1457,Apparel,2025-03-25
P-1025,Performance Hoodie,31.81,97,798,0.1216,Apparel,2025-03-26
P-1025,Performance Hoodie,36.64,67,657,0.102,Apparel,2025-03-27
P-1025,Performance Hoodie,41.52,66,692,0.0954,Apparel,2025-03-28
P-1025,Performance Hoodie,42.38,114,1169,0.0975,Apparel,2025-03-29
P-1025,Performance Hoodie,44.05,45,791,0.0569,Apparel,2025-03-30
P-1025,Performance Hoodie,45.49,67,905,0.074,Apparel,2025-03-31
P-1025,Performance Hoodie,40.32,81,665,0.1218,Apparel,2025-04-01
P-1025,Performance Hoodie,42.71,77,875,0.088,Apparel,2025-04-02
P-1025,Performance Hoodie,42.28,53,821,0.0646,Apparel,2025-04-03
P-1025,Performance Hoodie,40.05,95,928,0.1024,Apparel,2025-04-04
P-1025,Performance Hoodie,39.05,66,930,0.071,Apparel,2025-04-05
P-1025,Performance Hoodie,39.57,55,750,0.0733,Apparel,2025-04-06
P-1025,Performance Hoodie,39.03,90,809,0.1112,Apparel,2025-04-07
P-1025,Performance Hoodie,38.7,85,757,0.1123,Apparel,2025-04-08
P-1025,Performance Hoodie,39.42,43,589,0.073,Apparel,2025-04-09
P-1025,Performance Hoodie,37.92,79,718,0.11,Apparel,2025-04-10
P-1025,Performance Hoodie,40.02,96,846,0.1135,Apparel,2025-04-11
P-1025,Performance Hoodie,37.96,113,962,0.1175,Apparel,2025-04-12
P-1025,Performance Hoodie,39.97,53,655,0.0809,Apparel,2025-04-13
P-1025,Performance Hoodie,39.02,93,938,0.0991,Apparel,2025-04-14
P-1025,Performance Hoodie,38.15,70,647,0.1082,Apparel,2025-04-15
P-1025,Performance Hoodie,39.47,65,707,0.0919,Apparel,2025-04-16
P-1025,Performance Hoodie,39.55,86,707,0.1216,Apparel,2025-04-17
P-1025,Performance Hoodie,39.42,71,768,0.0924,Apparel,2025-04-18
P-1025,Performance Hoodie,39.45,83,797,0.1041,Apparel,2025-04-19
P-1025,Performance Hoodie,39.63,108,982,0.11,Apparel,2025-04-20
P-1025,Performance Hoodie,38.63,56,663,0.0845,Apparel,2025-04-21
P-1025,Performance Hoodie,38.67,63,693,0.0909,Apparel,2025-04-22
P-1025,Performance Hoodie,38.66,73,610,0.1197,Apparel,2025-04-23
P-1025,Performance Hoodie,38.65,70,672,0.1042,Apparel,2025-04-24
P-1025,Performance Hoodie,39.01,70,715,0.0979,Apparel,2025-04-25
P-1025,Performance Hoodie,38.52,92,767,0.1199,Apparel,2025-04-26
P-1025,Performance Hoodie,38.52,79,785,0.1006,Apparel,2025-04-27
P-1025,Performance Hoodie,38.36,79,784,0.1008,Apparel,2025-04-28
P-1025,Performance Hoodie,38.53,72,668,0.1078,Apparel,2025-04-29
P-1025,Performance Hoodie,39.3,54,599,0.0902,Apparel,2025-04-30
P-1025,Performance Hoodie,37.84,82,746,0.1099,Apparel,2025-05-01
P-1025,Performance Hoodie,37.69,103,844,0.122,Apparel,2025-05-02
P-1025,Performance Hoodie,38.53,80,801,0.0999,Apparel,2025-05-03
P-1025,Performance Hoodie,33.32,165,1107,0.1491,Apparel,2025-05-04
