data/ecommerce_pricing_data.csv
product_id,product_name,price,units_sold,page_views,conversion_rate,product_category,date
P-1026,Running Shorts,112.98,137,1282,0.1069,Apparel,2025-01-01
P-1026,Running Shorts,113.29,102,1160,0.0879,Apparel,2025-01-02
P-1026,Running Shorts,113.22,113,1329,0.085,Apparel,2025-01-03
P-1026,Running Shorts,113.41,144,1678,0.0858,Apparel,2025-01-04
P-1026,Running Shorts,109.59,121,1392,0.0869,Apparel,2025-01-05
P-1026,Running Shorts,114.29,107,1087,0.0984,Apparel,2025-01-06
P-1026,Running Shorts,112.31,97,1012,0.0958,Apparel,2025-01-07
P-1026,Running Shorts,114.36,58,986,0.0588,Apparel,2025-01-08
P-1026,Running Shorts,108.54,81,1023,0.0792,Apparel,2025-01-09
P-1026,Running Shorts,119.51,114,1417,0.0805,Apparel,2025-01-10
P-1026,Running Shorts,124.74,80,1115,0.0717,Apparel,2025-01-11
P-1026,Running Shorts,118.74,118,1383,0.0853,Apparel,2025-01-12
P-1026,Running Shorts,117.55,82,960,0.0854,Apparel,2025-01-13
P-1026,Running Shorts,125.82,79,948,0.0833,Apparel,2025-01-14
P-1026,Running Shorts,117.33,88,1143,0.077,Apparel,2025-01-15
P-1026,Running Shorts,120.69,77,861,0.0894,Apparel,2025-01-16
P-1026,Running Shorts,119.64,85,1056,0.0805,Apparel,2025-01-17
P-1026,Running Shorts,109.96,81,1117,0.0725,Apparel,2025-01-18
P-1026,Running Shorts,110.1,82,1149,0.0714,Apparel,2025-01-19
P-1026,Running Shorts,106.28,120,1328,0.0904,Apparel,2025-01-20
P-1026,Running Shorts,107.42,102,924,0.1104,Apparel,2025-01-21
P-1026,Running Shorts,105.89,105,1166,0.0901,Apparel,2025-01-22
P-1026,Running Shorts,104.84,141,1121,0.1258,Apparel,2025-01-23
P-1026,Running Shorts,110.19,107,1024,0.1045,Apparel,2025-01-24
P-1026,Running Shorts,108.41,126,1135,0.111,Apparel,2025-01-25
P-1026,Running Shorts,106.09,89,1147,0.0776,Apparel,2025-01-26
P-1026,Running Shorts,101.53,126,1177,0.1071,Apparel,2025-01-27
P-1026,Running Shorts,103.58,90,878,0.1025,Apparel,2025-01-28
P-1026,Running Shorts,107.11,69,1111,0.0621,Apparel,2025-01-29
P-1026,Running Shorts,106.59,80,825,0.097,Apparel,2025-01-30
P-1026,Running Shorts,110.12,126,1127,0.1118,Apparel,2025-01-31
P-1026,Running Shorts,106.18,165,1503,0.1098,Apparel,2025-02-01
P-1026,Running Shorts,97.46,127,1223,0.1038,Apparel,2025-02-02
P-1026,Running Shorts,81.53,115,921,0.1249,Apparel,2025-02-03
P-1026,Running Shorts,90.04,126,1222,0.1031,Apparel,2025-02-04
P-1026,Running Shorts,96.71,112,1067,0.105,Apparel,2025-02-05
P-1026,Running Shorts,83.22,120,864,0.1389,Apparel,2025-02-06
P-1026,Running Shorts,89.7,114,918,0.1242,Apparel,2025-02-07
P-1026,Running Shorts,104.24,125,1247,0.1002,Apparel,2025-02-08
P-1026,Running Shorts,106.1,96,1072,0.0896,Apparel,2025-02-09
P-1026,Running Shorts,104.69,75,801,0.0936,Apparel,2025-02-10
P-1026,Running Shorts,102.31,91,884,0.1029,Apparel,2025-02-11
P-1026,Running Shorts,106.91,88,997,0.0883,Apparel,2025-02-12
P-1026,Running Shorts,109.54,73,834,0.0875,Apparel,2025-02-13
P-1026,Running Shorts,108.24,61,698,0.0874,Apparel,2025-02-14
P-1026,Running Shorts,108.94,115,1258,0.0914,Apparel,2025-02-15
P-1026,Running Shorts,104.34,101,1031,0.098,Apparel,2025-02-16
P-1026,Running Shorts,113.87,102,1042,0.0979,Apparel,2025-02-17
P-1026,Running Shorts,110.05,82,922,0.0889,Apparel,2025-02-18
P-1026,Running Shorts,111.99,68,837,0.0812,Apparel,2025-02-19
P-1026,Running Shorts,111.94,119,1127,0.1056,Apparel,2025-02-20
P-1026,Running Shorts,112.92,77,897,0.0858,Apparel,2025-02-21
P-1026,Running Shorts,113.2,139,1285,0.1082,Apparel,2025-02-22
P-1026,Running Shorts,111.6,105,1029,0.102,Apparel,2025-02-23
P-1026,Running Shorts,116.59,94,911,0.1032,Apparel,2025-02-24
P-1026,Running Shorts,109.32,94,793,0.1185,Apparel,2025-02-25
P-1026,Running Shorts,110.65,84,1090,0.0771,Apparel,2025-02-26
P-1026,Running Shorts,113.33,91,932,0.0976,Apparel,2025-02-27
P-1026,Running Shorts,113.04,85,892,0.0953,Apparel,2025-02-28
P-1026,Running Shorts,114.68,130,1123,0.1158,Apparel,2025-03-01
P-1026,Running Shorts,115.18,166,1477,0.1124,Apparel,2025-03-02
P-1026,Running Shorts,115.5,74,1078,0.0686,Apparel,2025-03-03
P-1026,Running Shorts,115.2,87,881,0.0988,Apparel,2025-03-04
P-1026,Running Shorts,116.81,124,1341,0.0925,Apparel,2025-03-05
P-1026,Running Shorts,112.36,105,973,0.1079,Apparel,2025-03-06
P-1026,Running Shorts,116.03,80,847,0.0945,Apparel,2025-03-07
P-1026,Running Shorts,112.63,117,1026,0.114,Apparel,2025-03-08
P-1026,Running Shorts,111.24,147,1192,0.1233,Apparel,2025-03-09
P-1026,Running Shorts,113.59,137,1120,0.1223,Apparel,2025-03-10
P-1026,Running Shorts,119.04,72,1060,0.0679,Apparel,2025-03-11
P-1026,Running Shorts,115.13,91,1058,0.086,Apparel,2025-03-12
P-1026,Running Shorts,116.18,61,825,0.0739,Apparel,2025-03-13
P-1026,Running Shorts,114.92,100,1059,0.0944,Apparel,2025-03-14
P-1026,Running Shorts,116.9,90,1026,0.0877,Apparel,2025-03-15
P-1026,Running Shorts,115.47,121,1148,0.1054,Apparel,2025-03-16
P-1026,Running Shorts,95.94,107,939,0.114,Apparel,2025-03-17
P-1026,Running Shorts,115.05,100,1053,0.095,Apparel,2025-03-18
P-1026,Running Shorts,104.51,121,1148,0.1054,Apparel,2025-03-19
P-1026,Running Shorts,114.59,102,1172,0.087,Apparel,2025-03-20
P-1026,Running Shorts,99.88,107,1060,0.1009,Apparel,2025-03-21
P-1026,Running Shorts,108.5,96,1082,0.0887,Apparel,2025-03-22
P-1026,Running Shorts,129.97,115,1326,0.0867,Apparel,2025-03-23
P-1026,Running Shorts,121.75,97,999,0.0971,Apparel,2025-03-24
P-1026,Running Shorts,126.22,98,992,0.0988,Apparel,2025-03-25
P-1026,Running Shorts,111.28,92,1019,0.0903,Apparel,2025-03-26
P-1026,Running Shorts,111.28,98,1030,0.0951,Apparel,2025-03-27
P-1026,Running Shorts,114.78,100,1095,0.0913,Apparel,2025-03-28
P-1026,Running Shorts,112.23,113,1343,0.0841,Apparel,2025-03-29
P-1026,Running Shorts,114.79,96,1145,0.0838,Apparel,2025-03-30
P-1026,Running Shorts,112.1,106,1004,0.1056,Apparel,2025-03-31
P-1026,Running Shorts,114.6,116,1245,0.0932,Apparel,2025-04-01
P-1026,Running Shorts,109.47,132,1135,0.1163,Apparel,2025-04-02
P-1026,Running Shorts,111.81,99,1010,0.098,Apparel,2025-04-03
P-1026,Running Shorts,112.43,138,1216,0.1135,Apparel,2025-04-04
P-1026,Running Shorts,108.13,147,1140,0.1289,Apparel,2025-04-05
P-1026,Running Shorts,112.18,109,1067,0.1022,Apparel,2025-04-06
P-1026,Running Shorts,108.49,126,1214,0.1038,Apparel,2025-04-07
P-1026,Running Shorts,105.97,115,912,0.1261,Apparel,2025-04-08
P-1026,Running Shorts,109.85,106,1324,0.0801,Apparel,2025-04-09
P-1026,Running Shorts,110.09,85,932,0.0912,Apparel,2025-04-10
P-1026,Running Shorts,113.26,128,1125,0.1138,Apparel,2025-04-11
P-1026,Running Shorts,110.34,111,1249,0.0889,Apparel,2025-04-12
P-1026,Running Shorts,110.74,126,1126,0.1119,Apparel,2025-04-13
P-1026,Running Shorts,107.8,114,1077,0.1058,Apparel,2025-04-14
P-1026,Running Shorts,106.96,90,822,0.1095,Apparel,2025-04-15
P-1026,Running Shorts,108.76,113,1102,0.1025,Apparel,2025-04-16
P-1026,Running Shorts,106.98,96,1097,0.0875,Apparel,2025-04-17
P-1026,Running Shorts,108.87,138,1321,0.1045,Apparel,2025-04-18
P-1026,Running Shorts,107.08,143,1189,0.1203,Apparel,2025-04-19
P-1026,Running Shorts,105.34,125,1254,0.0997,Apparel,2025-04-20
P-1026,Running Shorts,107.49,125,1156,0.1081,Apparel,2025-04-21
P-1026,Running Shorts,104.06,87,815,0.1067,Apparel,2025-04-22
P-1026,Running Shorts,106.71,117,1171,0.0999,Apparel,2025-04-23
P-1026,Running Shorts,108.93,81,1036,0.0782,Apparel,2025-04-24
P-1026,Running Shorts,102.07,119,1164,0.1022,Apparel,2025-04-25
P-1026,Running Shorts,110.03,108,1090,0.0991,Apparel,2025-04-26
P-1026,Running Shorts,105.2,126,1432,0.088,Apparel,2025-04-27
P-1026,Running Shorts,107.6,82,1017,0.0806,Apparel,2025-04-28
P-1026,Running Shorts,86.11,129,1014,0.1272,Apparel,2025-04-29
P-1026,Running Shorts,87.12,124,953,0.1301,Apparel,2025-04-30
P-1026,Running Shorts,92.71,117,1090,0.1073,Apparel,2025-05-01
P-1026,Running Shorts,83.13,191,1487,0.1284,Apparel,2025-05-02
P-1026,Running Shorts,92.73,243,1681,0.1446,Apparel,2025-05-03
P-1026,Running Shorts,83.53,212,1686,0.1257,Apparel,2025-05-04
P-1027,Stretch Denim Jeans,76.95,147,2413,0.0609,Apparel,2025-01-01
P-1027,Stretch Denim Jeans,80.42,87,1830,0.0475,Apparel,2025-01-02
P-1027,Stretch Denim Jeans,76.87,110,1917,0.0574,Apparel,2025-01-03
P-1027,Stretch Denim Jeans,78.49,150,2343,0.064,Apparel,2025-01-04
P-1027,Stretch Denim Jeans,73.91,121,2315,0.0523,Apparel,2025-01-05
P-1027,Stretch Denim Jeans,84.06,101,1894,0.0533,Apparel,2025-01-06
P-1027,Stretch Denim Jeans,77.64,88,1557,0.0565,Apparel,2025-01-07
P-1027,Stretch Denim Jeans,77.12,118,2182,0.0541,Apparel,2025-01-08
P-1027,Stretch Denim Jeans,70.69,101,1400,0.0721,Apparel,2025-01-09
P-1027,Stretch Denim Jeans,67.98,137,2153,0.0636,Apparel,2025-01-10
P-1027,Stretch Denim Jeans,69.68,166,2290,0.0725,Apparel,2025-01-11
P-1027,Stretch Denim Jeans,70.31,180,2795,0.0644,Apparel,2025-01-12
P-1027,Stretch Denim Jeans,68.98,105,1529,0.0687,Apparel,2025-01-13
P-1027,Stretch Denim Jeans,69.56,133,2137,0.0622,Apparel,2025-01-14
P-1027,Stretch Denim Jeans,69.53,124,1935,0.0641,Apparel,2025-01-15
P-1027,Stretch Denim Jeans,69.45,133,1913,0.0695,Apparel,2025-01-16
P-1027,Stretch Denim Jeans,70,129,2001,0.0645,Apparel,2025-01-17
P-1027,Stretch Denim Jeans,70.76,191,2693,0.0709,Apparel,2025-01-18
P-1027,Stretch Denim Jeans,67.76,152,1933,0.0786,Apparel,2025-01-19
P-1027,Stretch Denim Jeans,69.51,83,1541,0.0539,Apparel,2025-01-20
P-1027,Stretch Denim Jeans,69.55,100,1669,0.0599,Apparel,2025-01-21
P-1027,Stretch Denim Jeans,67.78,134,2001,0.067,Apparel,2025-01-22
P-1027,Stretch Denim Jeans,67.67,113,1762,0.0641,Apparel,2025-01-23
P-1027,Stretch Denim Jeans,69.88,113,1980,0.0571,Apparel,2025-01-24
P-1027,Stretch Denim Jeans,66.67,169,2229,0.0758,Apparel,2025-01-25
P-1027,Stretch Denim Jeans,67.43,150,2030,0.0739,Apparel,2025-01-26
P-1027,Stretch Denim Jeans,67.68,136,1899,0.0716,Apparel,2025-01-27
P-1027,Stretch Denim Jeans,55.27,180,2174,0.0828,Apparel,2025-01-28
P-1027,Stretch Denim Jeans,59.25,133,1644,0.0809,Apparel,2025-01-29
P-1027,Stretch Denim Jeans,54.49,185,2167,0.0854,Apparel,2025-01-30
P-1027,Stretch Denim Jeans,52.26,191,1788,0.1068,Apparel,2025-01-31
P-1027,Stretch Denim Jeans,56.11,212,2465,0.086,Apparel,2025-02-01
P-1027,Stretch Denim Jeans,57.61,172,2098,0.082,Apparel,2025-02-02
P-1027,Stretch Denim Jeans,65.29,139,1950,0.0713,Apparel,2025-02-03
P-1027,Stretch Denim Jeans,65.48,121,1766,0.0685,Apparel,2025-02-04
P-1027,Stretch Denim Jeans,67.88,97,1854,0.0523,Apparel,2025-02-05
P-1027,Stretch Denim Jeans,64.45,178,1972,0.0903,Apparel,2025-02-06
P-1027,Stretch Denim Jeans,64.75,137,1740,0.0787,Apparel,2025-02-07
P-1027,Stretch Denim Jeans,66.38,110,1806,0.0609,Apparel,2025-02-08
P-1027,Stretch Denim Jeans,65.57,117,1554,0.0753,Apparel,2025-02-09
P-1027,Stretch Denim Jeans,66.04,126,1915,0.0658,Apparel,2025-02-10
P-1027,Stretch Denim Jeans,65.41,120,1778,0.0675,Apparel,2025-02-11
P-1027,Stretch Denim Jeans,66.48,132,1952,0.0676,Apparel,2025-02-12
P-1027,Stretch Denim Jeans,64.99,98,1605,0.0611,Apparel,2025-02-13
P-1027,Stretch Denim Jeans,66.95,99,1345,0.0736,Apparel,2025-02-14
P-1027,Stretch Denim Jeans,68.51,91,1586,0.0574,Apparel,2025-02-15
P-1027,Stretch Denim Jeans,66.9,148,2038,0.0726,Apparel,2025-02-16
P-1027,Stretch Denim Jeans,64.76,110,1573,0.0699,Apparel,2025-02-17
P-1027,Stretch Denim Jeans,64.42,125,2009,0.0622,Apparel,2025-02-18
P-1027,Stretch Denim Jeans,66.87,122,1567,0.0779,Apparel,2025-02-19
P-1027,Stretch Denim Jeans,65.4,101,1699,0.0594,Apparel,2025-02-20
P-1027,Stretch Denim Jeans,67.65,108,1772,0.0609,Apparel,2025-02-21
P-1027,Stretch Denim Jeans,70.39,121,1972,0.0614,Apparel,2025-02-22
P-1027,Stretch Denim Jeans,67.99,105,1808,0.0581,Apparel,2025-02-23
P-1027,Stretch Denim Jeans,69.44,82,1397,0.0587,Apparel,2025-02-24
P-1027,Stretch Denim Jeans,65.03,107,1321,0.081,Apparel,2025-02-25
P-1027,Stretch Denim Jeans,66.21,134,1812,0.074,Apparel,2025-02-26
P-1027,Stretch Denim Jeans,69.91,90,1249,0.0721,Apparel,2025-02-27
P-1027,Stretch Denim Jeans,68.46,191,2384,0.0801,Apparel,2025-02-28
P-1027,Stretch Denim Jeans,67.33,131,1791,0.0731,Apparel,2025-03-01
P-1027,Stretch Denim Jeans,68.38,179,2286,0.0783,Apparel,2025-03-02
P-1027,Stretch Denim Jeans,69.02,103,1868,0.0551,Apparel,2025-03-03
P-1027,Stretch Denim Jeans,70.43,130,2052,0.0634,Apparel,2025-03-04
P-1027,Stretch Denim Jeans,69.68,98,1545,0.0634,Apparel,2025-03-05
P-1027,Stretch Denim Jeans,69.3,117,1842,0.0635,Apparel,2025-03-06
P-1027,Stretch Denim Jeans,71.35,108,1633,0.0661,Apparel,2025-03-07
P-1027,Stretch Denim Jeans,71.28,92,1554,0.0592,Apparel,2025-03-08
P-1027,Stretch Denim Jeans,75.78,137,1969,0.0696,Apparel,2025-03-09
P-1027,Stretch Denim Jeans,80.89,78,1573,0.0496,Apparel,2025-03-10
P-1027,Stretch Denim Jeans,79.18,94,1575,0.0597,Apparel,2025-03-11
P-1027,Stretch Denim Jeans,68.43,142,1829,0.0776,Apparel,2025-03-12
P-1027,Stretch Denim Jeans,67.46,112,1795,0.0624,Apparel,2025-03-13
P-1027,Stretch Denim Jeans,68.82,127,1621,0.0783,Apparel,2025-03-14
P-1027,Stretch Denim Jeans,68.35,134,1904,0.0704,Apparel,2025-03-15
P-1027,Stretch Denim Jeans,64.51,128,1953,0.0655,Apparel,2025-03-16
P-1027,Stretch Denim Jeans,55.64,163,1575,0.1035,Apparel,2025-03-17
P-1027,Stretch Denim Jeans,70.37,129,1702,0.0758,Apparel,2025-03-18
P-1027,Stretch Denim Jeans,70.88,120,1779,0.0675,Apparel,2025-03-19
P-1027,Stretch Denim Jeans,74.05,120,1611,0.0745,Apparel,2025-03-20
P-1027,Stretch Denim Jeans,71.78,92,1560,0.059,Apparel,2025-03-21
P-1027,Stretch Denim Jeans,73,138,2099,0.0657,Apparel,2025-03-22
P-1027,Stretch Denim Jeans,72.02,129,1867,0.0691,Apparel,2025-03-23
P-1027,Stretch Denim Jeans,70.08,95,1553,0.0612,Apparel,2025-03-24
P-1027,Stretch Denim Jeans,71.67,119,2096,0.0568,Apparel,2025-03-25
P-1027,Stretch Denim Jeans,71.56,129,1756,0.0735,Apparel,2025-03-26
P-1027,Stretch Denim Jeans,71.34,103,1576,0.0654,Apparel,2025-03-27
P-1027,Stretch Denim Jeans,70.71,114,1616,0.0705,Apparel,2025-03-28
P-1027,Stretch Denim Jeans,71.08,148,2396,0.0618,Apparel,2025-03-29
P-1027,Stretch Denim Jeans,72.61,128,2041,0.0627,Apparel,2025-03-30
P-1027,Stretch Denim Jeans,68.66,117,1495,0.0783,Apparel,2025-03-31
P-1027,Stretch Denim Jeans,70.7,165,2420,0.0682,Apparel,2025-04-01
P-1027,Stretch Denim Jeans,70.52,149,2001,0.0745,Apparel,2025-04-02
P-1027,Stretch Denim Jeans,71.2,118,1753,0.0673,Apparel,2025-04-03
P-1027,Stretch Denim Jeans,72.57,143,2275,0.0629,Apparel,2025-04-04
P-1027,Stretch Denim Jeans,71.32,184,2718,0.0677,Apparel,2025-04-05
P-1027,Stretch Denim Jeans,74.09,140,2196,0.0638,Apparel,2025-04-06
P-1027,Stretch Denim Jeans,69.86,115,1457,0.0789,Apparel,2025-04-07
P-1027,Stretch Denim Jeans,69.31,143,1956,0.0731,Apparel,2025-04-08
P-1027,Stretch Denim Jeans,71.77,119,1621,0.0734,Apparel,2025-04-09
P-1027,Stretch Denim Jeans,69.47,123,1583,0.0777,Apparel,2025-04-10
P-1027,Stretch Denim Jeans,67.78,113,1615,0.07,Apparel,2025-04-11
P-1027,Stretch Denim Jeans,68.87,146,1913,0.0763,Apparel,2025-04-12
P-1027,Stretch Denim Jeans,69.28,142,2260,0.0628,Apparel,2025-04-13
P-1027,Stretch Denim Jeans,67.92,150,2035,0.0737,Apparel,2025-04-14
P-1027,Stretch Denim Jeans,68,88,1463,0.0602,Apparel,2025-04-15
P-1027,Stretch Denim Jeans,66.97,146,1896,0.077,Apparel,2025-04-16
P-1027,Stretch Denim Jeans,66.56,138,1881,0.0734,Apparel,2025-04-17
P-1027,Stretch Denim Jeans,67.51,127,1674,0.0759,Apparel,2025-04-18
P-1027,Stretch Denim Jeans,68.53,141,1952,0.0722,Apparel,2025-04-19
P-1027,Stretch Denim Jeans,66.33,172,2154,0.0799,Apparel,2025-04-20
P-1027,Stretch Denim Jeans,67.95,107,1683,0.0636,Apparel,2025-04-21
P-1027,Stretch Denim Jeans,67.39,202,2522,0.0801,Apparel,2025-04-22
P-1027,Stretch Denim Jeans,63.41,155,1787,0.0867,Apparel,2025-04-23
P-1027,Stretch Denim Jeans,52.09,201,1976,0.1017,Apparel,2025-04-24
P-1027,Stretch Denim Jeans,55.08,197,2257,0.0873,Apparel,2025-04-25
P-1027,Stretch Denim Jeans,55.63,265,2688,0.0986,Apparel,2025-04-26
P-1027,Stretch Denim Jeans,54.58,136,1796,0.0757,Apparel,2025-04-27
P-1027,Stretch Denim Jeans,51.32,135,1495,0.0903,Apparel,2025-04-28
P-1027,Stretch Denim Jeans,60.29,214,2306,0.0928,Apparel,2025-04-29
P-1027,Stretch Denim Jeans,67.28,124,1870,0.0663,Apparel,2025-04-30
P-1027,Stretch Denim Jeans,68.01,145,2432,0.0596,Apparel,2025-05-01
P-1027,Stretch Denim Jeans,68.94,108,1765,0.0612,Apparel,2025-05-02
P-1027,Stretch Denim Jeans,67.03,178,2217,0.0803,Apparel,2025-05-03
P-1027,Stretch Denim Jeans,67.85,194,2365,0.082,Apparel,2025-05-04
