data/ecommerce_pricing_data.csv
product_id,product_name,price,units_sold,page_views,conversion_rate,product_category,date
P-1028,Linen Button Shirt,82.02,92,1207,0.0762,Apparel,2025-01-01
P-1028,Linen Button Shirt,81.75,97,1359,0.0714,Apparel,2025-01-02
P-1028,Linen Button Shirt,81.53,101,1384,0.073,Apparel,2025-01-03
P-1028,Linen Button Shirt,80.36,102,1484,0.0687,Apparel,2025-01-04
P-1028,Linen Button Shirt,81.43,122,1989,0.0613,Apparel,2025-01-05
P-1028,Linen Button Shirt,79.16,82,1080,0.0759,Apparel,2025-01-06
P-1028,Linen Button Shirt,80.93,74,1057,0.07,Apparel,2025-01-07
P-1028,Linen Button Shirt,79.7,82,1347,0.0609,Apparel,2025-01-08
P-1028,Linen Button Shirt,81.54,62,1069,0.058,Apparel,2025-01-09
P-1028,Linen Button Shirt,82.53,78,1185,0.0658,Apparel,2025-01-10
P-1028,Linen Button Shirt,80.4,95,1565,0.0607,Apparel,2025-01-11
P-1028,Linen Button Shirt,80.5,100,1417,0.0706,Apparel,2025-01-12
P-1028,Linen Button Shirt,80,78,1168,0.0668,Apparel,2025-01-13
P-1028,Linen Button Shirt,82.04,79,1166,0.0678,Apparel,2025-01-14
P-1028,Linen Button Shirt,82.58,70,1199,0.0584,Apparel,2025-01-15
P-1028,Linen Button Shirt,83.26,88,1259,0.0699,Apparel,2025-01-16
P-1028,Linen Button Shirt,80.92,108,1492,0.0724,Apparel,2025-01-17
P-1028,Linen Button Shirt,81.3,134,1558,0.086,Apparel,2025-01-18
P-1028,Linen Button Shirt,78.94,92,1561,0.0589,Apparel,2025-01-19
P-1028,Linen Button Shirt,81.1,76,1289,0.059,Apparel,2025-01-20
P-1028,Linen Button Shirt,80.49,74,1090,0.0679,Apparel,2025-01-21
P-1028,Linen Button Shirt,80.85,71,1153,0.0616,Apparel,2025-01-22
P-1028,Linen Button Shirt,75.72,72,1300,0.0554,Apparel,2025-01-23
P-1028,Linen Button Shirt,76.29,85,1130,0.0752,Apparel,2025-01-24
P-1028,Linen Button Shirt,70.41,114,1402,0.0813,Apparel,2025-01-25
P-1028,Linen Button Shirt,66.86,132,1263,0.1045,Apparel,2025-01-26
P-1028,Linen Button Shirt,75.36,68,1088,0.0625,Apparel,2025-01-27
P-1028,Linen Button Shirt,72.44,127,1607,0.079,Apparel,2025-01-28
P-1028,Linen Button Shirt,86.09,65,1152,0.0564,Apparel,2025-01-29
P-1028,Linen Button Shirt,86.15,83,1268,0.0655,Apparel,2025-01-30
P-1028,Linen Button Shirt,84.21,85,1272,0.0668,Apparel,2025-01-31
P-1028,Linen Button Shirt,84.02,101,1768,0.0571,Apparel,2025-02-01
P-1028,Linen Button Shirt,80.78,123,1782,0.069,Apparel,2025-02-02
P-1028,Linen Button Shirt,82.29,98,1522,0.0644,Apparel,2025-02-03
P-1028,Linen Button Shirt,84.31,119,1479,0.0805,Apparel,2025-02-04
P-1028,Linen Button Shirt,83.85,102,1572,0.0649,Apparel,2025-02-05
P-1028,Linen Button Shirt,89.36,95,1388,0.0684,Apparel,2025-02-06
P-1028,Linen Button Shirt,85.83,81,1555,0.0521,Apparel,2025-02-07
P-1028,Linen Button Shirt,86.02,88,1567,0.0562,Apparel,2025-02-08
P-1028,Linen Button Shirt,85.96,88,1291,0.0682,Apparel,2025-02-09
P-1028,Linen Button Shirt,84.99,102,1748,0.0584,Apparel,2025-02-10
P-1028,Linen Button Shirt,86.65,55,948,0.058,Apparel,2025-02-11
P-1028,Linen Button Shirt,88.65,79,1392,0.0568,Apparel,2025-02-12
P-1028,Linen Button Shirt,84.55,84,1217,0.069,Apparel,2025-02-13
P-1028,Linen Button Shirt,85.75,92,1412,0.0652,Apparel,2025-02-14
P-1028,Linen Button Shirt,82.92,87,1546,0.0563,Apparel,2025-02-15
P-1028,Linen Button Shirt,89.22,74,1163,0.0636,Apparel,2025-02-16
P-1028,Linen Button Shirt,86.13,73,1188,0.0614,Apparel,2025-02-17
P-1028,Linen Button Shirt,86.47,113,1487,0.076,Apparel,2025-02-18
P-1028,Linen Button Shirt,86.32,89,1528,0.0582,Apparel,2025-02-19
P-1028,Linen Button Shirt,85.06,70,1209,0.0579,Apparel,2025-02-20
P-1028,Linen Button Shirt,89.29,67,1248,0.0537,Apparel,2025-02-21
P-1028,Linen Button Shirt,84.44,80,1238,0.0646,Apparel,2025-02-22
P-1028,Linen Button Shirt,85.38,96,1447,0.0663,Apparel,2025-02-23
P-1028,Linen Button Shirt,88.04,101,1387,0.0728,Apparel,2025-02-24
P-1028,Linen Button Shirt,86.79,68,1336,0.0509,Apparel,2025-02-25
P-1028,Linen Button Shirt,85.31,71,1146,0.062,Apparel,2025-02-26
P-1028,Linen Button Shirt,82.04,101,1509,0.0669,Apparel,2025-02-27
P-1028,Linen Button Shirt,93.29,57,1197,0.0476,Apparel,2025-02-28
P-1028,Linen Button Shirt,88.95,111,1866,0.0595,Apparel,2025-03-01
P-1028,Linen Button Shirt,94.55,57,1279,0.0446,Apparel,2025-03-02
P-1028,Linen Button Shirt,90.34,88,1622,0.0543,Apparel,2025-03-03
P-1028,Linen Button Shirt,92.82,78,1500,0.052,Apparel,2025-03-04
P-1028,Linen Button Shirt,91.99,109,1789,0.0609,Apparel,2025-03-05
P-1028,Linen Button Shirt,92.98,45,1085,0.0415,Apparel,2025-03-06
P-1028,Linen Button Shirt,80.22,59,1233,0.0479,Apparel,2025-03-07
P-1028,Linen Button Shirt,72.88,136,1823,0.0746,Apparel,2025-03-08
P-1028,Linen Button Shirt,68.23,188,1844,0.102,Apparel,2025-03-09
P-1028,Linen Button Shirt,73.41,81,1238,0.0654,Apparel,2025-03-10
P-1028,Linen Button Shirt,71.01,112,1347,0.0831,Apparel,2025-03-11
P-1028,Linen Button Shirt,68.29,91,1145,0.0795,Apparel,2025-03-12
P-1028,Linen Button Shirt,80.61,113,1801,0.0627,Apparel,2025-03-13
P-1028,Linen Button Shirt,81.55,99,1486,0.0666,Apparel,2025-03-14
P-1028,Linen Button Shirt,82.81,120,2300,0.0522,Apparel,2025-03-15
P-1028,Linen Button Shirt,82.68,91,1558,0.0584,Apparel,2025-03-16
P-1028,Linen Button Shirt,80.94,59,1286,0.0459,Apparel,2025-03-17
P-1028,Linen Button Shirt,81.4,65,1171,0.0555,Apparel,2025-03-18
P-1028,Linen Button Shirt,84.21,122,1775,0.0687,Apparel,2025-03-19
P-1028,Linen Button Shirt,82.08,70,1086,0.0645,Apparel,2025-03-20
P-1028,Linen Button Shirt,79.94,66,1222,0.054,Apparel,2025-03-21
P-1028,Linen Button Shirt,82.13,133,1846,0.072,Apparel,2025-03-22
P-1028,Linen Button Shirt,79.75,73,1208,0.0604,Apparel,2025-03-23
P-1028,Linen Button Shirt,81.62,65,1255,0.0518,Apparel,2025-03-24
P-1028,Linen Button Shirt,85.02,82,1505,0.0545,Apparel,2025-03-25
P-1028,Linen Button Shirt,85.01,85,1545,0.055,Apparel,2025-03-26
P-1028,Linen Button Shirt,80.59,68,1129,0.0602,Apparel,2025-03-27
P-1028,Linen Button Shirt,81.26,92,1263,0.0728,Apparel,2025-03-28
P-1028,Linen Button Shirt,80.76,182,2070,0.0879,Apparel,2025-03-29
P-1028,Linen Button Shirt,80.83,101,1608,0.0628,Apparel,2025-03-30
P-1028,Linen Button Shirt,82.56,96,1317,0.0729,Apparel,2025-03-31
P-1028,Linen Button Shirt,79.14,71,1419,0.05,Apparel,2025-04-01
P-1028,Linen Button Shirt,79.29,102,1743,0.0585,Apparel,2025-04-02
P-1028,Linen Button Shirt,82.96,122,1858,0.0657,Apparel,2025-04-03
P-1028,Linen Button Shirt,79.46,105,1581,0.0664,Apparel,2025-04-04
P-1028,Linen Button Shirt,80.22,93,1880,0.0495,Apparel,2025-04-05
P-1028,Linen Button Shirt,79.12,92,1489,0.0618,Apparel,2025-04-06
P-1028,Linen Button Shirt,83.04,77,1340,0.0575,Apparel,2025-04-07
P-1028,Linen Button Shirt,83.76,71,1148,0.0618,Apparel,2025-04-08
P-1028,Linen Button Shirt,81.6,79,1282,0.0616,Apparel,2025-04-09
P-1028,Linen Button Shirt,83.54,78,1493,0.0522,Apparel,2025-04-10
P-1028,Linen Button Shirt,81.79,70,1232,0.0568,Apparel,2025-04-11
P-1028,Linen Button Shirt,77.87,99,1553,0.0637,Apparel,2025-04-12
P-1028,Linen Button Shirt,84.66,104,1669,0.0623,Apparel,2025-04-13
P-1028,Linen Button Shirt,80.19,89,1432,0.0622,Apparel,2025-04-14
P-1028,Linen Button Shirt,80.59,71,1438,0.0494,Apparel,2025-04-15
P-1028,Linen Button Shirt,82.77,69,1302,0.053,Apparel,2025-04-16
P-1028,Linen Button Shirt,80.44,82,1373,0.0597,Apparel,2025-04-17
P-1028,Linen Button Shirt,83.61,76,1412,0.0538,Apparel,2025-04-18
P-1028,Linen Button Shirt,76.51,99,1363,0.0726,Apparel,2025-04-19
P-1028,Linen Button Shirt,74.63,93,1335,0.0697,Apparel,2025-04-20
P-1028,Linen Button Shirt,73.03,106,1415,0.0749,Apparel,2025-04-21
P-1028,Linen Button Shirt,68.34,107,1606,0.0666,Apparel,2025-04-22
P-1028,Linen Button Shirt,77.07,87,1301,0.0669,Apparel,2025-04-23
P-1028,Linen Button Shirt,68.01,100,1235,0.081,Apparel,2025-04-24
P-1028,Linen Button Shirt,84.79,80,1431,0.0559,Apparel,2025-04-25
P-1028,Linen Button Shirt,84.22,56,1028,0.0545,Apparel,2025-04-26
P-1028,Linen Button Shirt,84.22,82,1275,0.0643,Apparel,2025-04-27
P-1028,Linen Button Shirt,85.46,91,1747,0.0521,Apparel,2025-04-28
P-1028,Linen Button Shirt,85.44,86,1443,0.0596,Apparel,2025-04-29
P-1028,Linen Button Shirt,83.78,72,1183,0.0609,Apparel,2025-04-30
P-1028,Linen Button Shirt,86.16,122,1868,0.0653,Apparel,2025-05-01
P-1028,Linen Button Shirt,85.96,77,1536,0.0501,Apparel,2025-05-02
P-1028,Linen Button Shirt,84.09,122,2032,0.06,Apparel,2025-05-03
P-1028,Linen Button Shirt,85.77,84,1722,0.0488,Apparel,2025-05-04
P-1029,Seamless Leggings,39.2,108,1089,0.0992,Apparel,2025-01-01
P-1029,Seamless Leggings,41.27,106,1029,0.103,Apparel,2025-01-02
P-1029,Seamless Leggings,40.49,91,983,0.0926,Apparel,2025-01-03
P-1029,Seamless Leggings,39.88,175,1656,0.1057,Apparel,2025-01-04
P-1029,Seamless Leggings,39.61,148,1219,0.1214,Apparel,2025-01-05
P-1029,Seamless Leggings,39.2,96,789,0.1217,Apparel,2025-01-06
P-1029,Seamless Leggings,40.34,119,954,0.1247,Apparel,2025-01-07
P-1029,Seamless Leggings,40.25,88,927,0.0949,Apparel,2025-01-08
P-1029,Seamless Leggings,40.7,125,999,0.1251,Apparel,2025-01-09
P-1029,Seamless Leggings,39.65,150,1060,0.1415,Apparel,2025-01-10
P-1029,Seamless Leggings,40.06,166,1223,0.1357,Apparel,2025-01-11
P-1029,Seamless Leggings,39.51,114,1070,0.1065,Apparel,2025-01-12
P-1029,Seamless Leggings,38.95,111,1095,0.1014,Apparel,2025-01-13
P-1029,Seamless Leggings,39.26,89,789,0.1128,Apparel,2025-01-14
P-1029,Seamless Leggings,38.85,158,1252,0.1262,Apparel,2025-01-15
P-1029,Seamless Leggings,39.84,107,928,0.1153,Apparel,2025-01-16
P-1029,Seamless Leggings,40.47,131,1214,0.1079,Apparel,2025-01-17
P-1029,Seamless Leggings,30.99,149,1002,0.1487,Apparel,2025-01-18
P-1029,Seamless Leggings,31.62,215,1176,0.1828,Apparel,2025-01-19
P-1029,Seamless Leggings,32.28,160,944,0.1695,Apparel,2025-01-20
P-1029,Seamless Leggings,32.2,183,1001,0.1828,Apparel,2025-01-21
P-1029,Seamless Leggings,30.76,164,940,0.1745,Apparel,2025-01-22
P-1029,Seamless Leggings,30.65,218,1173,0.1858,Apparel,2025-01-23
P-1029,Seamless Leggings,40.41,125,1061,0.1178,Apparel,2025-01-24
P-1029,Seamless Leggings,40.48,128,1065,0.1202,Apparel,2025-01-25
P-1029,Seamless Leggings,39.23,122,1210,0.1008,Apparel,2025-01-26
P-1029,Seamless Leggings,41.21,124,1018,0.1218,Apparel,2025-01-27
P-1029,Seamless Leggings,40.44,116,1145,0.1013,Apparel,2025-01-28
P-1029,Seamless Leggings,40.74,104,918,0.1133,Apparel,2025-01-29
P-1029,Seamless Leggings,41.43,134,1143,0.1172,Apparel,2025-01-30
P-1029,Seamless Leggings,39.27,99,831,0.1191,Apparel,2025-01-31
P-1029,Seamless Leggings,40.32,149,1278,0.1166,Apparel,2025-02-01
P-1029,Seamless Leggings,41.07,139,1170,0.1188,Apparel,2025-02-02
P-1029,Seamless Leggings,41.51,123,992,0.124,Apparel,2025-02-03
P-1029,Seamless Leggings,40.63,144,1352,0.1065,Apparel,2025-02-04
P-1029,Seamless Leggings,40.13,121,1019,0.1187,Apparel,2025-02-05
P-1029,Seamless Leggings,41.71,103,1020,0.101,Apparel,2025-02-06
P-1029,Seamless Leggings,41.56,106,921,0.1151,Apparel,2025-02-07
P-1029,Seamless Leggings,41.09,147,1306,0.1126,Apparel,2025-02-08
P-1029,Seamless Leggings,42.47,112,1022,0.1096,Apparel,2025-02-09
P-1029,Seamless Leggings,42.12,151,1073,0.1407,Apparel,2025-02-10
P-1029,Seamless Leggings,41.36,94,822,0.1144,Apparel,2025-02-11
P-1029,Seamless Leggings,42.8,126,1124,0.1121,Apparel,2025-02-12
P-1029,Seamless Leggings,43.16,84,717,0.1172,Apparel,2025-02-13
P-1029,Seamless Leggings,41.83,76,721,0.1054,Apparel,2025-02-14
P-1029,Seamless Leggings,41.8,119,998,0.1192,Apparel,2025-02-15
P-1029,Seamless Leggings,42.14,104,1265,0.0822,Apparel,2025-02-16
P-1029,Seamless Leggings,42.21,132,1103,0.1197,Apparel,2025-02-17
P-1029,Seamless Leggings,42.43,103,793,0.1299,Apparel,2025-02-18
P-1029,Seamless Leggings,44.29,125,1227,0.1019,Apparel,2025-02-19
P-1029,Seamless Leggings,48.62,85,946,0.0899,Apparel,2025-02-20
P-1029,Seamless Leggings,46.45,128,1402,0.0913,Apparel,2025-02-21
P-1029,Seamless Leggings,47.21,125,1503,0.0832,Apparel,2025-02-22
P-1029,Seamless Leggings,47.6,166,1639,0.1013,Apparel,2025-02-23
P-1029,Seamless Leggings,48.07,71,819,0.0867,Apparel,2025-02-24
P-1029,Seamless Leggings,47.64,93,962,0.0967,Apparel,2025-02-25
P-1029,Seamless Leggings,46.38,118,1153,0.1023,Apparel,2025-02-26
P-1029,Seamless Leggings,44.39,103,1018,0.1012,Apparel,2025-02-27
P-1029,Seamless Leggings,43.17,122,1070,0.114,Apparel,2025-02-28
P-1029,Seamless Leggings,43.76,145,1325,0.1094,Apparel,2025-03-01
P-1029,Seamless Leggings,37.7,170,1117,0.1522,Apparel,2025-03-02
P-1029,Seamless Leggings,39.14,141,1011,0.1395,Apparel,2025-03-03
P-1029,Seamless Leggings,37.47,152,1098,0.1384,Apparel,2025-03-04
P-1029,Seamless Leggings,37,140,1186,0.118,Apparel,2025-03-05
P-1029,Seamless Leggings,34.09,218,1421,0.1534,Apparel,2025-03-06
P-1029,Seamless Leggings,36.25,117,866,0.1351,Apparel,2025-03-07
P-1029,Seamless Leggings,42.23,133,1255,0.106,Apparel,2025-03-08
P-1029,Seamless Leggings,42.02,162,1453,0.1115,Apparel,2025-03-09
P-1029,Seamless Leggings,41.47,161,1259,0.1279,Apparel,2025-03-10
P-1029,Seamless Leggings,41.95,104,991,0.1049,Apparel,2025-03-11
P-1029,Seamless Leggings,40.64,115,1055,0.109,Apparel,2025-03-12
P-1029,Seamless Leggings,40.44,158,1161,0.1361,Apparel,2025-03-13
P-1029,Seamless Leggings,42.42,141,1264,0.1116,Apparel,2025-03-14
P-1029,Seamless Leggings,41.87,163,1297,0.1257,Apparel,2025-03-15
P-1029,Seamless Leggings,40.47,136,1133,0.12,Apparel,2025-03-16
P-1029,Seamless Leggings,40.54,99,800,0.1238,Apparel,2025-03-17
P-1029,Seamless Leggings,42.09,88,859,0.1024,Apparel,2025-03-18
P-1029,Seamless Leggings,39.65,147,1305,0.1126,Apparel,2025-03-19
P-1029,Seamless Leggings,41.59,160,1354,0.1182,Apparel,2025-03-20
P-1029,Seamless Leggings,40.07,123,1008,0.122,Apparel,2025-03-21
P-1029,Seamless Leggings,39.78,179,1381,0.1296,Apparel,2025-03-22
P-1029,Seamless Leggings,39.87,123,1298,0.0948,Apparel,2025-03-23
P-1029,Seamless Leggings,40.03,151,1069,0.1413,Apparel,2025-03-24
P-1029,Seamless Leggings,38.6,134,1075,0.1247,Apparel,2025-03-25
P-1029,Seamless Leggings,39.13,125,985,0.1269,Apparel,2025-03-26
P-1029,Seamless Leggings,39.56,108,1085,0.0995,Apparel,2025-03-27
P-1029,Seamless Leggings,40.1,131,1245,0.1052,Apparel,2025-03-28
P-1029,Seamless Leggings,41.13,155,1497,0.1035,Apparel,2025-03-29
P-1029,Seamless Leggings,39.59,152,1289,0.1179,Apparel,2025-03-30
P-1029,Seamless Leggings,39.47,113,1037,0.109,Apparel,2025-03-31
P-1029,Seamless Leggings,37.99,137,946,0.1448,Apparel,2025-04-01
P-1029,Seamless Leggings,40.57,122,1143,0.1067,Apparel,2025-04-02
P-1029,Seamless Leggings,40.07,121,1209,0.1001,Apparel,2025-04-03
P-1029,Seamless Leggings,38.47,121,1121,0.1079,Apparel,2025-04-04
P-1029,Seamless Leggings,40.27,179,1901,0.0942,Apparel,2025-04-05
P-1029,Seamless Leggings,39.98,147,1334,0.1102,Apparel,2025-04-06
P-1029,Seamless Leggings,40.78,133,1159,0.1148,Apparel,2025-04-07
P-1029,Seamless Leggings,38.78,145,1161,0.1249,Apparel,2025-04-08
P-1029,Seamless Leggings,40.88,97,1155,0.084,Apparel,2025-04-09
P-1029,Seamless Leggings,39.91,98,961,0.102,Apparel,2025-04-10
P-1029,Seamless Leggings,39.85,134,1198,0.1119,Apparel,2025-04-11
P-1029,Seamless Leggings,39.75,116,1148,0.101,Apparel,2025-04-12
P-1029,Seamless Leggings,40.59,139,1171,0.1187,Apparel,2025-04-13
P-1029,Seamless Leggings,36.31,141,1095,0.1288,Apparel,2025-04-14
P-1029,Seamless Leggings,32.54,178,1161,0.1533,Apparel,2025-04-15
P-1029,Seamless Leggings,29.84,143,960,0.149,Apparel,2025-04-16
P-1029,Seamless Leggings,32.69,140,884,0.1584,Apparel,2025-04-17
P-1029,Seamless Leggings,33.05,151,1175,0.1285,Apparel,2025-04-18
P-1029,Seamless Leggings,30.81,224,1271,0.1762,Apparel,2025-04-19
P-1029,Seamless Leggings,40.44,129,1335,0.0966,Apparel,2025-04-20
P-1029,Seamless Leggings,39.58,151,1247,0.1211,Apparel,2025-04-21
P-1029,Seamless Leggings,40.98,103,891,0.1156,Apparel,2025-04-22
P-1029,Seamless Leggings,41.28,118,1252,0.0942,Apparel,2025-04-23
P-1029,Seamless Leggings,40.01,98,949,0.1033,Apparel,2025-04-24
P-1029,Seamless Leggings,40.51,108,944,0.1144,Apparel,2025-04-25
P-1029,Seamless Leggings,40.72,142,1325,0.1072,Apparel,2025-04-26
P-1029,Seamless Leggings,46.22,126,1593,0.0791,Apparel,2025-04-27
P-1029,Seamless Leggings,44.65,118,1317,0.0896,Apparel,2025-04-28
P-1029,Seamless Leggings,48.77,94,1077,0.0873,Apparel,2025-04-29
P-1029,Seamless Leggings,44.71,104,1065,0.0977,Apparel,2025-04-30
P-1029,Seamless Leggings,44.46,102,998,0.1022,Apparel,2025-05-01
P-1029,Seamless Leggings,45.89,105,1074,0.0978,Apparel,2025-05-02
P-1029,Seamless Leggings,47.2,100,1102,0.0907,Apparel,2025-05-03
P-1029,Seamless Leggings,43.93,116,1407,0.0824,Apparel,2025-05-04
