data/ecommerce_pricing_data.csv
product_id,product_name,price,units_sold,page_views,conversion_rate,product_category,date
P-1030,Merino Crew Socks,105.38,66,1415,0.0466,Apparel,2025-01-01
P-1030,Merino Crew Socks,104.47,63,1554,0.0405,Apparel,2025-01-02
P-1030,Merino Crew Socks,106.18,76,1507,0.0504,Apparel,2025-01-03
P-1030,Merino Crew Socks,107.81,93,1781,0.0522,Apparel,2025-01-04
P-1030,Merino Crew Socks,106.76,75,1529,0.0491,Apparel,2025-01-05
P-1030,Merino Crew Socks,104.22,61,1268,0.0481,Apparel,2025-01-06
P-1030,Merino Crew Socks,109.95,38,1000,0.038,Apparel,2025-01-07
P-1030,Merino Crew Socks,104.79,78,1660,0.047,Apparel,2025-01-08
P-1030,Merino Crew Socks,106.63,71,1440,0.0493,Apparel,2025-01-09
P-1030,Merino Crew Socks,106.19,51,1153,0.0442,Apparel,2025-01-10
P-1030,Merino Crew Socks,108.23,73,1716,0.0425,Apparel,2025-01-11
P-1030,Merino Crew Socks,106.98,64,1797,0.0356,Apparel,2025-01-12
P-1030,Merino Crew Socks,95.96,86,1395,0.0616,Apparel,2025-01-13
P-1030,Merino Crew Socks,92.16,56,1382,0.0405,Apparel,2025-01-14
P-1030,Merino Crew Socks,91.51,94,1423,0.0661,Apparel,2025-01-15
P-1030,Merino Crew Socks,95.15,59,1414,0.0417,Apparel,2025-01-16
P-1030,Merino Crew Socks,91.55,118,1923,0.0614,Apparel,2025-01-17
P-1030,Merino Crew Socks,90.61,94,2089,0.045,Apparel,2025-01-18
P-1030,Merino Crew Socks,111.76,80,1767,0.0453,Apparel,2025-01-19
P-1030,Merino Crew Socks,110.06,75,1449,0.0518,Apparel,2025-01-20
P-1030,Merino Crew Socks,108.01,49,1379,0.0355,Apparel,2025-01-21
P-1030,Merino Crew Socks,110.48,70,1285,0.0545,Apparel,2025-01-22
P-1030,Merino Crew Socks,108.54,62,1492,0.0416,Apparel,2025-01-23
P-1030,Merino Crew Socks,109.3,56,1460,0.0384,Apparel,2025-01-24
P-1030,Merino Crew Socks,110.72,73,1676,0.0436,Apparel,2025-01-25
P-1030,Merino Crew Socks,111.23,61,1428,0.0427,Apparel,2025-01-26
P-1030,Merino Crew Socks,112.28,65,1726,0.0377,Apparel,2025-01-27
P-1030,Merino Crew Socks,115.62,68,1857,0.0366,Apparel,2025-01-28
P-1030,Merino Crew Socks,110.64,78,1842,0.0423,Apparel,2025-01-29
P-1030,Merino Crew Socks,109.26,90,1675,0.0537,Apparel,2025-01-30
P-1030,Merino Crew Socks,109.62,47,1379,0.0341,Apparel,2025-01-31
P-1030,Merino Crew Socks,111.16,60,1619,0.0371,Apparel,2025-02-01
P-1030,Merino Crew Socks,111.24,77,1800,0.0428,Apparel,2025-02-02
P-1030,Merino Crew Socks,111.9,71,1754,0.0405,Apparel,2025-02-03
P-1030,Merino Crew Socks,111.9,86,2049,0.042,Apparel,2025-02-04
P-1030,Merino Crew Socks,110.12,55,1411,0.039,Apparel,2025-02-05
P-1030,Merino Crew Socks,113.33,62,1532,0.0405,Apparel,2025-02-06
P-1030,Merino Crew Socks,110.69,36,1461,0.0246,Apparel,2025-02-07
P-1030,Merino Crew Socks,111.48,55,1591,0.0346,Apparel,2025-02-08
P-1030,Merino Crew Socks,105.82,99,1848,0.0536,Apparel,2025-02-09
P-1030,Merino Crew Socks,116.9,50,1787,0.028,Apparel,2025-02-10
P-1030,Merino Crew Socks,123.12,62,1736,0.0357,Apparel,2025-02-11
P-1030,Merino Crew Socks,119.08,73,1976,0.0369,Apparel,2025-02-12
P-1030,Merino Crew Socks,116.19,70,1473,0.0475,Apparel,2025-02-13
P-1030,Merino Crew Socks,111.14,65,1596,0.0407,Apparel,2025-02-14
P-1030,Merino Crew Socks,123.17,64,1641,0.039,Apparel,2025-02-15
P-1030,Merino Crew Socks,120,89,1917,0.0464,Apparel,2025-02-16
P-1030,Merino Crew Socks,119.38,53,1455,0.0364,Apparel,2025-02-17
P-1030,Merino Crew Socks,108.29,50,1644,0.0304,Apparel,2025-02-18
P-1030,Merino Crew Socks,106.03,70,1479,0.0473,Apparel,2025-02-19
P-1030,Merino Crew Socks,107.64,70,1756,0.0399,Apparel,2025-02-20
P-1030,Merino Crew Socks,105.9,67,1617,0.0414,Apparel,2025-02-21
P-1030,Merino Crew Socks,104.56,70,1640,0.0427,Apparel,2025-02-22
P-1030,Merino Crew Socks,105.73,75,1628,0.0461,Apparel,2025-02-23
P-1030,Merino Crew Socks,105.53,69,1216,0.0567,Apparel,2025-02-24
P-1030,Merino Crew Socks,96,55,1458,0.0377,Apparel,2025-02-25
P-1030,Merino Crew Socks,87.65,87,1439,0.0605,Apparel,2025-02-26
P-1030,Merino Crew Socks,87.2,86,1461,0.0589,Apparel,2025-02-27
P-1030,Merino Crew Socks,90.01,78,1711,0.0456,Apparel,2025-02-28
P-1030,Merino Crew Socks,83.18,131,2321,0.0564,Apparel,2025-03-01
P-1030,Merino Crew Socks,89.84,71,1601,0.0443,Apparel,2025-03-02
P-1030,Merino Crew Socks,102.63,54,1610,0.0335,Apparel,2025-03-03
P-1030,Merino Crew Socks,102.95,97,1939,0.05,Apparel,2025-03-04
P-1030,Merino Crew Socks,103.03,82,1919,0.0427,Apparel,2025-03-05
P-1030,Merino Crew Socks,102.23,66,1528,0.0432,Apparel,2025-03-06
P-1030,Merino Crew Socks,104.35,64,1452,0.0441,Apparel,2025-03-07
P-1030,Merino Crew Socks,102.26,69,1959,0.0352,Apparel,2025-03-08
P-1030,Merino Crew Socks,105.11,66,1695,0.0389,Apparel,2025-03-09
P-1030,Merino Crew Socks,102.93,64,1439,0.0445,Apparel,2025-03-10
P-1030,Merino Crew Socks,99.73,72,1671,0.0431,Apparel,2025-03-11
P-1030,Merino Crew Socks,102.9,71,1763,0.0403,Apparel,2025-03-12
P-1030,Merino Crew Socks,105.19,83,1934,0.0429,Apparel,2025-03-13
P-1030,Merino Crew Socks,103.01,59,1775,0.0332,Apparel,2025-03-14
P-1030,Merino Crew Socks,106.95,54,1409,0.0383,Apparel,2025-03-15
P-1030,Merino Crew Socks,104.34,60,1528,0.0393,Apparel,2025-03-16
P-1030,Merino Crew Socks,104.58,61,1381,0.0442,Apparel,2025-03-17
P-1030,Merino Crew Socks,103.72,63,1669,0.0377,Apparel,2025-03-18
P-1030,Merino Crew Socks,105.94,75,1619,0.0463,Apparel,2025-03-19
P-1030,Merino Crew Socks,105.68,85,1604,0.053,Apparel,2025-03-20
P-1030,Merino Crew Socks,102.61,50,1216,0.0411,Apparel,2025-03-21
P-1030,Merino Crew Socks,108.28,67,1684,0.0398,Apparel,2025-03-22
P-1030,Merino Crew Socks,105.77,69,1889,0.0365,Apparel,2025-03-23
P-1030,Merino Crew Socks,106.41,56,1500,0.0373,Apparel,2025-03-24
P-1030,Merino Crew Socks,107.87,77,1808,0.0426,Apparel,2025-03-25
P-1030,Merino Crew Socks,108.62,57,1514,0.0376,Apparel,2025-03-26
P-1030,Merino Crew Socks,105.32,64,1503,0.0426,Apparel,2025-03-27
P-1030,Merino Crew Socks,107.27,52,1603,0.0324,Apparel,2025-03-28
P-1030,Merino Crew Socks,107.48,56,1407,0.0398,Apparel,2025-03-29
P-1030,Merino Crew Socks,107.58,63,1753,0.0359,Apparel,2025-03-30
P-1030,Merino Crew Socks,107.62,57,1512,0.0377,Apparel,2025-03-31
P-1030,Merino Crew Socks,106.95,70,1660,0.0422,Apparel,2025-04-01
P-1030,Merino Crew Socks,109.73,83,1927,0.0431,Apparel,2025-04-02
P-1030,Merino Crew Socks,105.93,59,1428,0.0413,Apparel,2025-04-03
P-1030,Merino Crew Socks,108.59,68,1718,0.0396,Apparel,2025-04-04
P-1030,Merino Crew Socks,105.31,75,1831,0.041,Apparel,2025-04-05
P-1030,Merino Crew Socks,107.43,73,1762,0.0414,Apparel,2025-04-06
P-1030,Merino Crew Socks,110.01,59,1174,0.0503,Apparel,2025-04-07
P-1030,Merino Crew Socks,105.38,64,1487,0.043,Apparel,2025-04-08
P-1030,Merino Crew Socks,92.73,66,1243,0.0531,Apparel,2025-04-09
P-1030,Merino Crew Socks,94.54,62,1284,0.0483,Apparel,2025-04-10
P-1030,Merino Crew Socks,93.89,74,1712,0.0432,Apparel,2025-04-11
P-1030,Merino Crew Socks,101.3,80,1655,0.0483,Apparel,2025-04-12
P-1030,Merino Crew Socks,96.17,88,1466,0.06,Apparel,2025-04-13
P-1030,Merino Crew Socks,101.21,65,1334,0.0487,Apparel,2025-04-14
P-1030,Merino Crew Socks,109.94,48,1157,0.0415,Apparel,2025-04-15
P-1030,Merino Crew Socks,108.04,64,1475,0.0434,Apparel,2025-04-16
P-1030,Merino Crew Socks,107.52,57,1178,0.0484,Apparel,2025-04-17
P-1030,Merino Crew Socks,118.36,39,1148,0.034,Apparel,2025-04-18
P-1030,Merino Crew Socks,122.45,64,1705,0.0375,Apparel,2025-04-19
P-1030,Merino Crew Socks,118.7,33,989,0.0334,Apparel,2025-04-20
P-1030,Merino Crew Socks,120.15,39,1335,0.0292,Apparel,2025-04-21
P-1030,Merino Crew Socks,123.56,34,1198,0.0284,Apparel,2025-04-22
P-1030,Merino Crew Socks,114.81,50,1322,0.0378,Apparel,2025-04-23
P-1030,Merino Crew Socks,120.25,57,1247,0.0457,Apparel,2025-04-24
P-1030,Merino Crew Socks,124.35,67,1592,0.0421,Apparel,2025-04-25
P-1030,Merino Crew Socks,109.6,46,1209,0.038,Apparel,2025-04-26
P-1030,Merino Crew Socks,111.26,86,1873,0.0459,Apparel,2025-04-27
P-1030,Merino Crew Socks,113.39,74,1473,0.0502,Apparel,2025-04-28
P-1030,Merino Crew Socks,111.75,70,1514,0.0462,Apparel,2025-04-29
P-1030,Merino Crew Socks,108.46,66,1495,0.0441,Apparel,2025-04-30
P-1030,Merino Crew Socks,110.38,49,1252,0.0391,Apparel,2025-05-01
P-1030,Merino Crew Socks,111.3,68,1407,0.0483,Apparel,2025-05-02
P-1030,Merino Crew Socks,110.71,67,1668,0.0402,Apparel,2025-05-03
P-1030,Merino Crew Socks,109.82,72,1530,0.0471,Apparel,2025-05-04
P-1031,Canvas Weekender Bag,121.12,46,623,0.0738,Apparel,2025-01-01
P-1031,Canvas Weekender Bag,120.68,56,764,0.0733,Apparel,2025-01-02
P-1031,Canvas Weekender Bag,119.99,53,635,0.0835,Apparel,2025-01-03
P-1031,Canvas Weekender Bag,121.07,92,950,0.0968,Apparel,2025-01-04
P-1031,Canvas Weekender Bag,123.86,79,930,0.0849,Apparel,2025-01-05
P-1031,Canvas Weekender Bag,118.94,66,678,0.0973,Apparel,2025-01-06
P-1031,Canvas Weekender Bag,118.87,54,727,0.0743,Apparel,2025-01-07
P-1031,Canvas Weekender Bag,104.89,63,776,0.0812,Apparel,2025-01-08
P-1031,Canvas Weekender Bag,108.83,58,707,0.082,Apparel,2025-01-09
P-1031,Canvas Weekender Bag,103.97,67,776,0.0863,Apparel,2025-01-10
P-1031,Canvas Weekender Bag,101.06,62,638,0.0972,Apparel,2025-01-11
P-1031,Canvas Weekender Bag,100.22,66,583,0.1132,Apparel,2025-01-12
P-1031,Canvas Weekender Bag,113.08,64,745,0.0859,Apparel,2025-01-13
P-1031,Canvas Weekender Bag,121.75,39,512,0.0762,Apparel,2025-01-14
P-1031,Canvas Weekender Bag,121.63,47,579,0.0812,Apparel,2025-01-15
P-1031,Canvas Weekender Bag,121.61,49,669,0.0732,Apparel,2025-01-16
P-1031,Canvas Weekender Bag,119.21,66,800,0.0825,Apparel,2025-01-17
P-1031,Canvas Weekender Bag,123.13,68,718,0.0947,Apparel,2025-01-18
P-1031,Canvas Weekender Bag,123.89,54,607,0.089,Apparel,2025-01-19
P-1031,Canvas Weekender Bag,129.68,57,640,0.0891,Apparel,2025-01-20
P-1031,Canvas Weekender Bag,126.17,54,655,0.0824,Apparel,2025-01-21
P-1031,Canvas Weekender Bag,126.06,58,639,0.0908,Apparel,2025-01-22
P-1031,Canvas Weekender Bag,121.65,46,496,0.0927,Apparel,2025-01-23
P-1031,Canvas Weekender Bag,123.34,42,629,0.0668,Apparel,2025-01-24
P-1031,Canvas Weekender Bag,124.49,61,733,0.0832,Apparel,2025-01-25
P-1031,Canvas Weekender Bag,123.87,86,725,0.1186,Apparel,2025-01-26
P-1031,Canvas Weekender Bag,124.68,61,702,0.0869,Apparel,2025-01-27
P-1031,Canvas Weekender Bag,124.13,44,630,0.0698,Apparel,2025-01-28
P-1031,Canvas Weekender Bag,125.5,44,638,0.069,Apparel,2025-01-29
P-1031,Canvas Weekender Bag,123.73,63,722,0.0873,Apparel,2025-01-30
P-1031,Canvas Weekender Bag,132.1,69,748,0.0922,Apparel,2025-01-31
P-1031,Canvas Weekender Bag,145.38,57,832,0.0685,Apparel,2025-02-01
P-1031,Canvas Weekender Bag,140.82,57,761,0.0749,Apparel,2025-02-02
P-1031,Canvas Weekender Bag,137.35,56,669,0.0837,Apparel,2025-02-03
P-1031,Canvas Weekender Bag,138.32,47,673,0.0698,Apparel,2025-02-04
P-1031,Canvas Weekender Bag,145.46,52,686,0.0758,Apparel,2025-02-05
P-1031,Canvas Weekender Bag,144.37,56,840,0.0667,Apparel,2025-02-06
P-1031,Canvas Weekender Bag,146.68,48,710,0.0676,Apparel,2025-02-07
P-1031,Canvas Weekender Bag,140.67,69,934,0.0739,Apparel,2025-02-08
P-1031,Canvas Weekender Bag,131.18,87,864,0.1007,Apparel,2025-02-09
P-1031,Canvas Weekender Bag,130.43,65,737,0.0882,Apparel,2025-02-10
P-1031,Canvas Weekender Bag,129.33,101,989,0.1021,Apparel,2025-02-11
P-1031,Canvas Weekender Bag,130.44,46,620,0.0742,Apparel,2025-02-12
P-1031,Canvas Weekender Bag,129.26,58,788,0.0736,Apparel,2025-02-13
P-1031,Canvas Weekender Bag,135.5,61,715,0.0853,Apparel,2025-02-14
P-1031,Canvas Weekender Bag,127.29,89,963,0.0924,Apparel,2025-02-15
P-1031,Canvas Weekender Bag,130.57,83,890,0.0933,Apparel,2025-02-16
P-1031,Canvas Weekender Bag,127.91,45,738,0.061,Apparel,2025-02-17
P-1031,Canvas Weekender Bag,128.83,67,771,0.0869,Apparel,2025-02-18
P-1031,Canvas Weekender Bag,130.06,61,893,0.0683,Apparel,2025-02-19
P-1031,Canvas Weekender Bag,109.45,75,679,0.1105,Apparel,2025-02-20
P-1031,Canvas Weekender Bag,105.82,68,855,0.0795,Apparel,2025-02-21
P-1031,Canvas Weekender Bag,109.12,81,847,0.0956,Apparel,2025-02-22
P-1031,Canvas Weekender Bag,114.41,74,926,0.0799,Apparel,2025-02-23
P-1031,Canvas Weekender Bag,106.74,97,851,0.114,Apparel,2025-02-24
P-1031,Canvas Weekender Bag,111.33,65,893,0.0728,Apparel,2025-02-25
P-1031,Canvas Weekender Bag,124.62,63,762,0.0827,Apparel,2025-02-26
P-1031,Canvas Weekender Bag,127.5,75,783,0.0958,Apparel,2025-02-27
P-1031,Canvas Weekender Bag,128.99,51,686,0.0743,Apparel,2025-02-28
P-1031,Canvas Weekender Bag,127.88,59,843,0.07,Apparel,2025-03-01
P-1031,Canvas Weekender Bag,125.63,83,1025,0.081,Apparel,2025-03-02
P-1031,Canvas Weekender Bag,118.53,58,875,0.0663,Apparel,2025-03-03
P-1031,Canvas Weekender Bag,127.49,72,870,0.0828,Apparel,2025-03-04
P-1031,Canvas Weekender Bag,125.55,47,589,0.0798,Apparel,2025-03-05
P-1031,Canvas Weekender Bag,122.57,49,672,0.0729,Apparel,2025-03-06
P-1031,Canvas Weekender Bag,123.71,41,630,0.0651,Apparel,2025-03-07
P-1031,Canvas Weekender Bag,118.56,70,966,0.0725,Apparel,2025-03-08
P-1031,Canvas Weekender Bag,123.05,63,918,0.0686,Apparel,2025-03-09
P-1031,Canvas Weekender Bag,124.63,58,668,0.0868,Apparel,2025-03-10
P-1031,Canvas Weekender Bag,125.07,81,861,0.0941,Apparel,2025-03-11
P-1031,Canvas Weekender Bag,122.71,49,710,0.069,Apparel,2025-03-12
P-1031,Canvas Weekender Bag,125.52,47,633,0.0742,Apparel,2025-03-13
P-1031,Canvas Weekender Bag,124.81,63,762,0.0827,Apparel,2025-03-14
P-1031,Canvas Weekender Bag,123.39,74,851,0.087,Apparel,2025-03-15
P-1031,Canvas Weekender Bag,121.51,71,904,0.0785,Apparel,2025-03-16
P-1031,Canvas Weekender Bag,122.14,73,808,0.0903,Apparel,2025-03-17
P-1031,Canvas Weekender Bag,119.83,57,929,0.0614,Apparel,2025-03-18
P-1031,Canvas Weekender Bag,118.17,69,946,0.0729,Apparel,2025-03-19
P-1031,Canvas Weekender Bag,124.99,56,633,0.0885,Apparel,2025-03-20
P-1031,Canvas Weekender Bag,121.86,72,876,0.0822,Apparel,2025-03-21
P-1031,Canvas Weekender Bag,119.01,81,977,0.0829,Apparel,2025-03-22
P-1031,Canvas Weekender Bag,121.84,93,976,0.0953,Apparel,2025-03-23
P-1031,Canvas Weekender Bag,122.83,68,802,0.0848,Apparel,2025-03-24
P-1031,Canvas Weekender Bag,120.16,65,853,0.0762,Apparel,2025-03-25
P-1031,Canvas Weekender Bag,122.04,52,662,0.0785,Apparel,2025-03-26
P-1031,Canvas Weekender Bag,120.87,73,834,0.0875,Apparel,2025-03-27
P-1031,Canvas Weekender Bag,118.6,50,645,0.0775,Apparel,2025-03-28
P-1031,Canvas Weekender Bag,120.71,75,948,0.0791,Apparel,2025-03-29
P-1031,Canvas Weekender Bag,121.9,74,865,0.0855,Apparel,2025-03-30
P-1031,Canvas Weekender Bag,118.52,73,833,0.0876,Apparel,2025-03-31
P-1031,Canvas Weekender Bag,119.69,74,1016,0.0728,Apparel,2025-04-01
P-1031,Canvas Weekender Bag,122.86,83,1046,0.0793,Apparel,2025-04-02
P-1031,Canvas Weekender Bag,121.81,32,558,0.0573,Apparel,2025-04-03
P-1031,Canvas Weekender Bag,113.66,78,960,0.0813,Apparel,2025-04-04
P-1031,Canvas Weekender Bag,113.6,88,963,0.0914,Apparel,2025-04-05
P-1031,Canvas Weekender Bag,111.72,106,1118,0.0948,Apparel,2025-04-06
P-1031,Canvas Weekender Bag,112.76,58,625,0.0928,Apparel,2025-04-07
P-1031,Canvas Weekender Bag,99.18,70,739,0.0947,Apparel,2025-04-08
P-1031,Canvas Weekender Bag,127.39,43,530,0.0811,Apparel,2025-04-09
P-1031,Canvas Weekender Bag,138.66,51,721,0.0707,Apparel,2025-04-10
P-1031,Canvas Weekender Bag,138.82,48,714,0.0672,Apparel,2025-04-11
P-1031,Canvas Weekender Bag,139.17,71,1009,0.0704,Apparel,2025-04-12
P-1031,Canvas Weekender Bag,136.9,72,979,0.0735,Apparel,2025-04-13
P-1031,Canvas Weekender Bag,138.4,45,700,0.0643,Apparel,2025-04-14
P-1031,Canvas Weekender Bag,137.77,55,739,0.0744,Apparel,2025-04-15
P-1031,Canvas Weekender Bag,133.07,59,789,0.0748,Apparel,2025-04-16
P-1031,Canvas Weekender Bag,125.65,51,718,0.071,Apparel,2025-04-17
P-1031,Canvas Weekender Bag,126.18,74,894,0.0828,Apparel,2025-04-18
P-1031,Canvas Weekender Bag,124.83,64,967,0.0662,Apparel,2025-04-19
P-1031,Canvas Weekender Bag,125.28,66,848,0.0778,Apparel,2025-04-20
P-1031,Canvas Weekender Bag,128.19,56,684,0.0819,Apparel,2025-04-21
P-1031,Canvas Weekender Bag,127.25,64,786,0.0814,Apparel,2025-04-22
P-1031,Canvas Weekender Bag,125.72,59,546,0.1081,Apparel,2025-04-23
P-1031,Canvas Weekender Bag,129.38,59,691,0.0854,Apparel,2025-04-24
P-1031,Canvas Weekender Bag,129.88,57,678,0.0841,Apparel,2025-04-25
P-1031,Canvas Weekender Bag,128.96,59,809,0.0729,Apparel,2025-04-26
P-1031,Canvas Weekender Bag,129.34,60,970,0.0619,Apparel,2025-04-27
P-1031,Canvas Weekender Bag,127.69,65,743,0.0875,Apparel,2025-04-28
P-1031,Canvas Weekender Bag,126.7,70,857,0.0817,Apparel,2025-04-29
P-1031,Canvas Weekender Bag,130.37,40,558,0.0717,Apparel,2025-04-30
P-1031,Canvas Weekender Bag,125.43,61,765,0.0797,Apparel,2025-05-01
P-1031,Canvas Weekender Bag,130.52,60,681,0.0881,Apparel,2025-05-02
P-1031,Canvas Weekender Bag,130.82,57,950,0.06,Apparel,2025-05-03
P-1031,Canvas Weekender Bag,131.23,61,914,0.0667,Apparel,2025-05-04
