data/ecommerce_pricing_data.csv
product_id,product_name,price,units_sold,page_views,conversion_rate,product_category,date
P-1032,Rain Shell Jacket,67.54,43,718,0.0599,Apparel,2025-01-01
P-1032,Rain Shell Jacket,71.47,67,857,0.0782,Apparel,2025-01-02
P-1032,Rain Shell Jacket,56.58,88,903,0.0975,Apparel,2025-01-03
P-1032,Rain Shell Jacket,56.92,65,772,0.0842,Apparel,2025-01-04
P-1032,Rain Shell Jacket,59.66,82,850,0.0965,Apparel,2025-01-05
P-1032,Rain Shell Jacket,60.13,51,674,0.0757,Apparel,2025-01-06
P-1032,Rain Shell Jacket,63.62,47,669,0.0703,Apparel,2025-01-07
P-1032,Rain Shell Jacket,63.91,50,664,0.0753,Apparel,2025-01-08
P-1032,Rain Shell Jacket,69.45,52,670,0.0776,Apparel,2025-01-09
P-1032,Rain Shell Jacket,72.79,41,627,0.0654,Apparel,2025-01-10
P-1032,Rain Shell Jacket,69.66,49,817,0.06,Apparel,2025-01-11
P-1032,Rain Shell Jacket,71.27,57,795,0.0717,Apparel,2025-01-12
P-1032,Rain Shell Jacket,66.92,55,692,0.0795,Apparel,2025-01-13
P-1032,Rain Shell Jacket,71.37,55,700,0.0786,Apparel,2025-01-14
P-1032,Rain Shell Jacket,69.37,49,706,0.0694,Apparel,2025-01-15
P-1032,Rain Shell Jacket,70.23,47,631,0.0745,Apparel,2025-01-16
P-1032,Rain Shell Jacket,71.4,45,827,0.0544,Apparel,2025-01-17
P-1032,Rain Shell Jacket,70.61,59,755,0.0781,Apparel,2025-01-18
P-1032,Rain Shell Jacket,70.66,71,993,0.0715,Apparel,2025-01-19
P-1032,Rain Shell Jacket,70.48,49,798,0.0614,Apparel,2025-01-20
P-1032,Rain Shell Jacket,71.61,33,670,0.0493,Apparel,2025-01-21
P-1032,Rain Shell Jacket,70.33,39,851,0.0458,Apparel,2025-01-22
P-1032,Rain Shell Jacket,79.09,36,712,0.0506,Apparel,2025-01-23
P-1032,Rain Shell Jacket,75.75,42,593,0.0708,Apparel,2025-01-24
P-1032,Rain Shell Jacket,78.48,64,946,0.0677,Apparel,2025-01-25
P-1032,Rain Shell Jacket,75.37,39,881,0.0443,Apparel,2025-01-26
P-1032,Rain Shell Jacket,80.99,33,674,0.049,Apparel,2025-01-27
P-1032,Rain Shell Jacket,78.27,33,626,0.0527,Apparel,2025-01-28
P-1032,Rain Shell Jacket,77.39,39,655,0.0595,Apparel,2025-01-29
P-1032,Rain Shell Jacket,76.45,36,653,0.0551,Apparel,2025-01-30
P-1032,Rain Shell Jacket,70.93,34,515,0.066,Apparel,2025-01-31
P-1032,Rain Shell Jacket,68.06,53,775,0.0684,Apparel,2025-02-01
P-1032,Rain Shell Jacket,69.54,37,694,0.0533,Apparel,2025-02-02
P-1032,Rain Shell Jacket,69.74,41,755,0.0543,Apparel,2025-02-03
P-1032,Rain Shell Jacket,67.97,58,763,0.076,Apparel,2025-02-04
P-1032,Rain Shell Jacket,68.28,52,765,0.068,Apparel,2025-02-05
P-1032,Rain Shell Jacket,68.32,46,699,0.0658,Apparel,2025-02-06
P-1032,Rain Shell Jacket,67.42,43,662,0.065,Apparel,2025-02-07
P-1032,Rain Shell Jacket,68.85,50,860,0.0581,Apparel,2025-02-08
P-1032,Rain Shell Jacket,71.3,36,698,0.0516,Apparel,2025-02-09
P-1032,Rain Shell Jacket,69.27,35,667,0.0525,Apparel,2025-02-10
P-1032,Rain Shell Jacket,66.24,50,774,0.0646,Apparel,2025-02-11
P-1032,Rain Shell Jacket,64.91,56,726,0.0771,Apparel,2025-02-12
P-1032,Rain Shell Jacket,66.64,37,626,0.0591,Apparel,2025-02-13
P-1032,Rain Shell Jacket,66.98,50,685,0.073,Apparel,2025-02-14
P-1032,Rain Shell Jacket,56.7,57,766,0.0744,Apparel,2025-02-15
P-1032,Rain Shell Jacket,54.78,53,738,0.0718,Apparel,2025-02-16
P-1032,Rain Shell Jacket,60.63,60,824,0.0728,Apparel,2025-02-17
P-1032,Rain Shell Jacket,51.18,47,465,0.1011,Apparel,2025-02-18
P-1032,Rain Shell Jacket,55.73,46,574,0.0801,Apparel,2025-02-19
P-1032,Rain Shell Jacket,56.2,50,707,0.0707,Apparel,2025-02-20
P-1032,Rain Shell Jacket,64.81,38,653,0.0582,Apparel,2025-02-21
P-1032,Rain Shell Jacket,65.94,50,696,0.0718,Apparel,2025-02-22
P-1032,Rain Shell Jacket,66.79,70,1030,0.068,Apparel,2025-02-23
P-1032,Rain Shell Jacket,64.66,35,608,0.0576,Apparel,2025-02-24
P-1032,Rain Shell Jacket,66.77,43,559,0.0769,Apparel,2025-02-25
P-1032,Rain Shell Jacket,66.21,51,781,0.0653,Apparel,2025-02-26
P-1032,Rain Shell Jacket,64.42,65,885,0.0734,Apparel,2025-02-27
P-1032,Rain Shell Jacket,65.57,39,541,0.0721,Apparel,2025-02-28
P-1032,Rain Shell Jacket,67.39,36,716,0.0503,Apparel,2025-03-01
P-1032,Rain Shell Jacket,65.61,39,623,0.0626,Apparel,2025-03-02
P-1032,Rain Shell Jacket,64.14,53,773,0.0686,Apparel,2025-03-03
P-1032,Rain Shell Jacket,66.3,37,537,0.0689,Apparel,2025-03-04
P-1032,Rain Shell Jacket,65.18,66,979,0.0674,Apparel,2025-03-05
P-1032,Rain Shell Jacket,67.96,51,804,0.0634,Apparel,2025-03-06
P-1032,Rain Shell Jacket,65.83,34,594,0.0572,Apparel,2025-03-07
P-1032,Rain Shell Jacket,66.19,25,582,0.043,Apparel,2025-03-08
P-1032,Rain Shell Jacket,64.73,48,741,0.0648,Apparel,2025-03-09
P-1032,Rain Shell Jacket,64.21,48,658,0.0729,Apparel,2025-03-10
P-1032,Rain Shell Jacket,68.52,36,497,0.0724,Apparel,2025-03-11
P-1032,Rain Shell Jacket,66.45,43,639,0.0673,Apparel,2025-03-12
P-1032,Rain Shell Jacket,70.73,38,560,0.0679,Apparel,2025-03-13
P-1032,Rain Shell Jacket,64.56,31,508,0.061,Apparel,2025-03-14
P-1032,Rain Shell Jacket,68.19,43,729,0.059,Apparel,2025-03-15
P-1032,Rain Shell Jacket,65.23,43,696,0.0618,Apparel,2025-03-16
P-1032,Rain Shell Jacket,68.77,43,535,0.0804,Apparel,2025-03-17
P-1032,Rain Shell Jacket,66.22,25,521,0.048,Apparel,2025-03-18
P-1032,Rain Shell Jacket,67.03,39,605,0.0645,Apparel,2025-03-19
P-1032,Rain Shell Jacket,68.44,41,631,0.065,Apparel,2025-03-20
P-1032,Rain Shell Jacket,69.28,58,661,0.0877,Apparel,2025-03-21
P-1032,Rain Shell Jacket,67.45,41,706,0.0581,Apparel,2025-03-22
P-1032,Rain Shell Jacket,69.45,25,522,0.0479,Apparel,2025-03-23
P-1032,Rain Shell Jacket,67.31,35,614,0.057,Apparel,2025-03-24
P-1032,Rain Shell Jacket,69.25,27,528,0.0511,Apparel,2025-03-25
P-1032,Rain Shell Jacket,70.49,27,481,0.0561,Apparel,2025-03-26
P-1032,Rain Shell Jacket,70.53,26,543,0.0479,Apparel,2025-03-27
P-1032,Rain Shell Jacket,72.91,37,529,0.0699,Apparel,2025-03-28
P-1032,Rain Shell Jacket,69.52,38,573,0.0663,Apparel,2025-03-29
P-1032,Rain Shell Jacket,63.46,43,684,0.0629,Apparel,2025-03-30
P-1032,Rain Shell Jacket,65.08,47,697,0.0674,Apparel,2025-03-31
P-1032,Rain Shell Jacket,70.44,26,434,0.0599,Apparel,2025-04-01
P-1032,Rain Shell Jacket,69.53,32,580,0.0552,Apparel,2025-04-02
P-1032,Rain Shell Jacket,67.15,41,561,0.0731,Apparel,2025-04-03
P-1032,Rain Shell Jacket,66.59,46,656,0.0701,Apparel,2025-04-04
P-1032,Rain Shell Jacket,79.97,30,573,0.0524,Apparel,2025-04-05
P-1032,Rain Shell Jacket,76.55,26,485,0.0536,Apparel,2025-04-06
P-1032,Rain Shell Jacket,77.3,34,597,0.057,Apparel,2025-04-07
P-1032,Rain Shell Jacket,69.99,30,642,0.0467,Apparel,2025-04-08
P-1032,Rain Shell Jacket,72.75,27,537,0.0503,Apparel,2025-04-09
P-1032,Rain Shell Jacket,71.85,42,487,0.0862,Apparel,2025-04-10
P-1032,Rain Shell Jacket,71.19,52,619,0.084,Apparel,2025-04-11
P-1032,Rain Shell Jacket,70.66,45,816,0.0551,Apparel,2025-04-12
P-1032,Rain Shell Jacket,70.37,40,618,0.0647,Apparel,2025-04-13
P-1032,Rain Shell Jacket,68.21,32,525,0.061,Apparel,2025-04-14
P-1032,Rain Shell Jacket,71.93,40,595,0.0672,Apparel,2025-04-15
P-1032,Rain Shell Jacket,72.27,43,579,0.0743,Apparel,2025-04-16
P-1032,Rain Shell Jacket,70.54,60,772,0.0777,Apparel,2025-04-17
P-1032,Rain Shell Jacket,68.48,39,529,0.0737,Apparel,2025-04-18
P-1032,Rain Shell Jacket,69.26,62,790,0.0785,Apparel,2025-04-19
P-1032,Rain Shell Jacket,68.65,74,859,0.0861,Apparel,2025-04-20
P-1032,Rain Shell Jacket,69.91,43,576,0.0747,Apparel,2025-04-21
P-1032,Rain Shell Jacket,68.71,46,676,0.068,Apparel,2025-04-22
P-1032,Rain Shell Jacket,68.43,34,525,0.0648,Apparel,2025-04-23
P-1032,Rain Shell Jacket,67.23,29,471,0.0616,Apparel,2025-04-24
P-1032,Rain Shell Jacket,67.36,37,582,0.0636,Apparel,2025-04-25
P-1032,Rain Shell Jacket,66.53,48,696,0.069,Apparel,2025-04-26
P-1032,Rain Shell Jacket,67.35,50,748,0.0668,Apparel,2025-04-27
P-1032,Rain Shell Jacket,66.62,48,620,0.0774,Apparel,2025-04-28
P-1032,Rain Shell Jacket,66.26,60,667,0.09,Apparel,2025-04-29
P-1032,Rain Shell Jacket,67.09,51,618,0.0825,Apparel,2025-04-30
P-1032,Rain Shell Jacket,68.96,35,587,0.0596,Apparel,2025-05-01
P-1032,Rain Shell Jacket,69.35,56,821,0.0682,Apparel,2025-05-02
P-1032,Rain Shell Jacket,67.05,44,716,0.0615,Apparel,2025-05-03
P-1032,Rain Shell Jacket,65.22,39,797,0.0489,Apparel,2025-05-04
P-1033,Adjustable Dumbbell,39.26,32,462,0.0693,Fitness,2025-01-01
P-1033,Adjustable Dumbbell,40.94,42,544,0.0772,Fitness,2025-01-02
P-1033,Adjustable Dumbbell,40.86,49,557,0.088,Fitness,2025-01-03
P-1033,Adjustable Dumbbell,40.04,62,620,0.1,Fitness,2025-01-04
P-1033,Adjustable Dumbbell,39.91,45,476,0.0945,Fitness,2025-01-05
P-1033,Adjustable Dumbbell,40.35,36,456,0.0789,Fitness,2025-01-06
P-1033,Adjustable Dumbbell,39.07,39,532,0.0733,Fitness,2025-01-07
P-1033,Adjustable Dumbbell,39.45,35,512,0.0684,Fitness,2025-01-08
P-1033,Adjustable Dumbbell,40.43,36,458,0.0786,Fitness,2025-01-09
P-1033,Adjustable Dumbbell,40.17,44,508,0.0866,Fitness,2025-01-10
P-1033,Adjustable Dumbbell,39.24,53,565,0.0938,Fitness,2025-01-11
P-1033,Adjustable Dumbbell,39.97,42,503,0.0835,Fitness,2025-01-12
P-1033,Adjustable Dumbbell,39.56,37,429,0.0862,Fitness,2025-01-13
P-1033,Adjustable Dumbbell,39.11,32,443,0.0722,Fitness,2025-01-14
P-1033,Adjustable Dumbbell,38.94,40,385,0.1039,Fitness,2025-01-15
P-1033,Adjustable Dumbbell,40.23,48,535,0.0897,Fitness,2025-01-16
P-1033,Adjustable Dumbbell,40.62,29,383,0.0757,Fitness,2025-01-17
P-1033,Adjustable Dumbbell,39.88,43,616,0.0698,Fitness,2025-01-18
P-1033,Adjustable Dumbbell,43.18,35,567,0.0617,Fitness,2025-01-19
P-1033,Adjustable Dumbbell,43.31,34,493,0.069,Fitness,2025-01-20
P-1033,Adjustable Dumbbell,44.81,27,389,0.0694,Fitness,2025-01-21
P-1033,Adjustable Dumbbell,43.68,39,537,0.0726,Fitness,2025-01-22
P-1033,Adjustable Dumbbell,44.79,38,461,0.0824,Fitness,2025-01-23
P-1033,Adjustable Dumbbell,43.79,30,403,0.0744,Fitness,2025-01-24
P-1033,Adjustable Dumbbell,45.48,43,517,0.0832,Fitness,2025-01-25
P-1033,Adjustable Dumbbell,43.52,44,492,0.0894,Fitness,2025-01-26
P-1033,Adjustable Dumbbell,40.85,36,567,0.0635,Fitness,2025-01-27
P-1033,Adjustable Dumbbell,41.45,32,432,0.0741,Fitness,2025-01-28
P-1033,Adjustable Dumbbell,40.73,43,510,0.0843,Fitness,2025-01-29
P-1033,Adjustable Dumbbell,41.33,32,434,0.0737,Fitness,2025-01-30
P-1033,Adjustable Dumbbell,41.06,45,476,0.0945,Fitness,2025-01-31
P-1033,Adjustable Dumbbell,41.83,60,664,0.0904,Fitness,2025-02-01
P-1033,Adjustable Dumbbell,42.71,54,741,0.0729,Fitness,2025-02-02
P-1033,Adjustable Dumbbell,41.79,48,499,0.0962,Fitness,2025-02-03
P-1033,Adjustable Dumbbell,41.84,37,448,0.0826,Fitness,2025-02-04
P-1033,Adjustable Dumbbell,43.16,42,514,0.0817,Fitness,2025-02-05
P-1033,Adjustable Dumbbell,42.2,54,506,0.1067,Fitness,2025-02-06
P-1033,Adjustable Dumbbell,37.64,33,383,0.0862,Fitness,2025-02-07
P-1033,Adjustable Dumbbell,35.55,63,618,0.1019,Fitness,2025-02-08
P-1033,Adjustable Dumbbell,35.73,57,527,0.1082,Fitness,2025-02-09
P-1033,Adjustable Dumbbell,38.21,49,583,0.084,Fitness,2025-02-10
P-1033,Adjustable Dumbbell,38.03,50,515,0.0971,Fitness,2025-02-11
P-1033,Adjustable Dumbbell,35.72,31,465,0.0667,Fitness,2025-02-12
P-1033,Adjustable Dumbbell,43.66,42,557,0.0754,Fitness,2025-02-13
P-1033,Adjustable Dumbbell,42.95,32,427,0.0749,Fitness,2025-02-14
P-1033,Adjustable Dumbbell,42.19,39,572,0.0682,Fitness,2025-02-15
P-1033,Adjustable Dumbbell,44.02,34,578,0.0588,Fitness,2025-02-16
P-1033,Adjustable Dumbbell,42.06,42,572,0.0734,Fitness,2025-02-17
P-1033,Adjustable Dumbbell,44.38,46,549,0.0838,Fitness,2025-02-18
P-1033,Adjustable Dumbbell,43.4,51,547,0.0932,Fitness,2025-02-19
P-1033,Adjustable Dumbbell,43.03,39,503,0.0775,Fitness,2025-02-20
P-1033,Adjustable Dumbbell,42.78,39,592,0.0659,Fitness,2025-02-21
P-1033,Adjustable Dumbbell,42.19,36,497,0.0724,Fitness,2025-02-22
P-1033,Adjustable Dumbbell,43.61,46,623,0.0738,Fitness,2025-02-23
P-1033,Adjustable Dumbbell,43.21,30,470,0.0638,Fitness,2025-02-24
P-1033,Adjustable Dumbbell,41.69,39,548,0.0712,Fitness,2025-02-25
P-1033,Adjustable Dumbbell,42.61,63,676,0.0932,Fitness,2025-02-26
P-1033,Adjustable Dumbbell,41.57,47,521,0.0902,Fitness,2025-02-27
P-1033,Adjustable Dumbbell,42.58,48,634,0.0757,Fitness,2025-02-28
P-1033,Adjustable Dumbbell,42.49,54,631,0.0856,Fitness,2025-03-01
P-1033,Adjustable Dumbbell,42.55,43,567,0.0758,Fitness,2025-03-02
P-1033,Adjustable Dumbbell,43.49,55,684,0.0804,Fitness,2025-03-03
P-1033,Adjustable Dumbbell,41.34,33,451,0.0732,Fitness,2025-03-04
P-1033,Adjustable Dumbbell,42,64,820,0.078,Fitness,2025-03-05
P-1033,Adjustable Dumbbell,40.2,63,726,0.0868,Fitness,2025-03-06
P-1033,Adjustable Dumbbell,43.53,49,753,0.0651,Fitness,2025-03-07
P-1033,Adjustable Dumbbell,41.17,60,685,0.0876,Fitness,2025-03-08
P-1033,Adjustable Dumbbell,41.45,42,532,0.0789,Fitness,2025-03-09
P-1033,Adjustable Dumbbell,41.37,37,450,0.0822,Fitness,2025-03-10
P-1033,Adjustable Dumbbell,39.98,68,684,0.0994,Fitness,2025-03-11
P-1033,Adjustable Dumbbell,40.06,56,645,0.0868,Fitness,2025-03-12
P-1033,Adjustable Dumbbell,39.97,40,504,0.0794,Fitness,2025-03-13
P-1033,Adjustable Dumbbell,41.01,29,544,0.0533,Fitness,2025-03-14
P-1033,Adjustable Dumbbell,40.31,47,679,0.0692,Fitness,2025-03-15
P-1033,Adjustable Dumbbell,41.13,61,677,0.0901,Fitness,2025-03-16
P-1033,Adjustable Dumbbell,39.94,40,471,0.0849,Fitness,2025-03-17
P-1033,Adjustable Dumbbell,38.99,40,493,0.0811,Fitness,2025-03-18
P-1033,Adjustable Dumbbell,39.37,47,589,0.0798,Fitness,2025-03-19
P-1033,Adjustable Dumbbell,39.82,38,551,0.069,Fitness,2025-03-20
P-1033,Adjustable Dumbbell,38.82,55,642,0.0857,Fitness,2025-03-21
P-1033,Adjustable Dumbbell,35.13,48,623,0.077,Fitness,2025-03-22
P-1033,Adjustable Dumbbell,35.71,62,727,0.0853,Fitness,2025-03-23
P-1033,Adjustable Dumbbell,31.97,46,553,0.0832,Fitness,2025-03-24
P-1033,Adjustable Dumbbell,34.9,37,457,0.081,Fitness,2025-03-25
P-1033,Adjustable Dumbbell,31.37,48,460,0.1043,Fitness,2025-03-26
P-1033,Adjustable Dumbbell,36.68,61,770,0.0792,Fitness,2025-03-27
P-1033,Adjustable Dumbbell,44.39,30,504,0.0595,Fitness,2025-03-28
P-1033,Adjustable Dumbbell,44.45,51,732,0.0697,Fitness,2025-03-29
P-1033,Adjustable Dumbbell,44.86,34,500,0.068,Fitness,2025-03-30
P-1033,Adjustable Dumbbell,44.38,40,503,0.0795,Fitness,2025-03-31
P-1033,Adjustable Dumbbell,41.09,40,631,0.0634,Fitness,2025-04-01
P-1033,Adjustable Dumbbell,42.18,41,533,0.0769,Fitness,2025-04-02
P-1033,Adjustable Dumbbell,42.51,35,459,0.0763,Fitness,2025-04-03
P-1033,Adjustable Dumbbell,39.97,47,601,0.0782,Fitness,2025-04-04
P-1033,Adjustable Dumbbell,39.65,54,684,0.0789,Fitness,2025-04-05
P-1033,Adjustable Dumbbell,37.98,48,647,0.0742,Fitness,2025-04-06
P-1033,Adjustable Dumbbell,38.34,38,576,0.066,Fitness,2025-04-07
P-1033,Adjustable Dumbbell,38.64,52,677,0.0768,Fitness,2025-04-08
P-1033,Adjustable Dumbbell,40.05,32,410,0.078,Fitness,2025-04-09
P-1033,Adjustable Dumbbell,39.22,50,599,0.0835,Fitness,2025-04-10
P-1033,Adjustable Dumbbell,38.54,30,491,0.0611,Fitness,2025-04-11
P-1033,Adjustable Dumbbell,39.91,41,586,0.07,Fitness,2025-04-12
P-1033,Adjustable Dumbbell,40.21,57,738,0.0772,Fitness,2025-04-13
P-1033,Adjustable Dumbbell,39.63,43,673,0.0639,Fitness,2025-04-14
P-1033,Adjustable Dumbbell,40.46,41,585,0.0701,Fitness,2025-04-15
P-1033,Adjustable Dumbbell,40.16,53,582,0.0911,Fitness,2025-04-16
P-1033,Adjustable Dumbbell,40.54,35,512,0.0684,Fitness,2025-04-17
P-1033,Adjustable Dumbbell,40.27,41,445,0.0921,Fitness,2025-04-18
P-1033,Adjustable Dumbbell,41.7,35,588,0.0595,Fitness,2025-04-19
P-1033,Adjustable Dumbbell,39.04,49,641,0.0764,Fitness,2025-04-20
P-1033,Adjustable Dumbbell,40.98,28,449,0.0624,Fitness,2025-04-21
P-1033,Adjustable Dumbbell,40.9,30,492,0.061,Fitness,2025-04-22
P-1033,Adjustable Dumbbell,40.68,34,541,0.0628,Fitness,2025-04-23
P-1033,Adjustable Dumbbell,41.31,42,563,0.0746,Fitness,2025-04-24
P-1033,Adjustable Dumbbell,42.38,40,512,0.0781,Fitness,2025-04-25
P-1033,Adjustable Dumbbell,41.17,51,601,0.0849,Fitness,2025-04-26
P-1033,Adjustable Dumbbell,41.61,43,635,0.0677,Fitness,2025-04-27
P-1033,Adjustable Dumbbell,41.86,41,674,0.0608,Fitness,2025-04-28
P-1033,Adjustable Dumbbell,42.34,36,531,0.0678,Fitness,2025-04-29
P-1033,Adjustable Dumbbell,42.05,51,612,0.0833,Fitness,2025-04-30
P-1033,Adjustable Dumbbell,41.46,54,579,0.0933,Fitness,2025-05-01
P-1033,Adjustable Dumbbell,41.96,51,565,0.0903,Fitness,2025-05-02
P-1033,Adjustable Dumbbell,42.13,49,657,0.0746,Fitness,2025-05-03
P-1033,Adjustable Dumbbell,31.66,71,541,0.1312,Fitness,2025-05-04
