data/ecommerce_pricing_data.csv
product_id,product_name,price,units_sold,page_views,conversion_rate,product_category,date
P-1034,Yoga Mat Pro,206.67,31,1322,0.0234,Fitness,2025-01-01
P-1034,Yoga Mat Pro,214.83,36,1191,0.0302,Fitness,2025-01-02
P-1034,Yoga Mat Pro,209.97,53,1486,0.0357,Fitness,2025-01-03
P-1034,Yoga Mat Pro,204.6,46,1662,0.0277,Fitness,2025-01-04
P-1034,Yoga Mat Pro,217.45,41,1167,0.0351,Fitness,2025-01-05
P-1034,Yoga Mat Pro,210.52,38,992,0.0383,Fitness,2025-01-06
P-1034,Yoga Mat Pro,211.62,27,1117,0.0242,Fitness,2025-01-07
P-1034,Yoga Mat Pro,204.22,33,1205,0.0274,Fitness,2025-01-08
P-1034,Yoga Mat Pro,213.66,19,988,0.0192,Fitness,2025-01-09
P-1034,Yoga Mat Pro,234.53,21,1021,0.0206,Fitness,2025-01-10
P-1034,Yoga Mat Pro,239.36,27,1169,0.0231,Fitness,2025-01-11
P-1034,Yoga Mat Pro,231.57,32,1172,0.0273,Fitness,2025-01-12
P-1034,Yoga Mat Pro,233.92,42,1353,0.031,Fitness,2025-01-13
P-1034,Yoga Mat Pro,238.1,30,1050,0.0286,Fitness,2025-01-14
P-1034,Yoga Mat Pro,221.34,36,1089,0.0331,Fitness,2025-01-15
P-1034,Yoga Mat Pro,226.25,33,1493,0.0221,Fitness,2025-01-16
P-1034,Yoga Mat Pro,220.58,26,898,0.029,Fitness,2025-01-17
P-1034,Yoga Mat Pro,210.84,27,977,0.0276,Fitness,2025-01-18
P-1034,Yoga Mat Pro,211.77,53,1309,0.0405,Fitness,2025-01-19
P-1034,Yoga Mat Pro,208.15,33,1051,0.0314,Fitness,2025-01-20
P-1034,Yoga Mat Pro,206.5,32,1016,0.0315,Fitness,2025-01-21
P-1034,Yoga Mat Pro,202.78,33,915,0.0361,Fitness,2025-01-22
P-1034,Yoga Mat Pro,208.69,42,1177,0.0357,Fitness,2025-01-23
P-1034,Yoga Mat Pro,204.12,37,1352,0.0274,Fitness,2025-01-24
P-1034,Yoga Mat Pro,209.85,48,1149,0.0418,Fitness,2025-01-25
P-1034,Yoga Mat Pro,208.41,39,1360,0.0287,Fitness,2025-01-26
P-1034,Yoga Mat Pro,207,43,1350,0.0319,Fitness,2025-01-27
P-1034,Yoga Mat Pro,212.67,32,1068,0.03,Fitness,2025-01-28
P-1034,Yoga Mat Pro,203.15,36,916,0.0393,Fitness,2025-01-29
P-1034,Yoga Mat Pro,207.68,46,1079,0.0426,Fitness,2025-01-30
P-1034,Yoga Mat Pro,212.51,41,1242,0.033,Fitness,2025-01-31
P-1034,Yoga Mat Pro,220.95,44,1217,0.0362,Fitness,2025-02-01
P-1034,Yoga Mat Pro,171.39,48,1294,0.0371,Fitness,2025-02-02
P-1034,Yoga Mat Pro,182.98,49,1271,0.0386,Fitness,2025-02-03
P-1034,Yoga Mat Pro,169.88,44,1152,0.0382,Fitness,2025-02-04
P-1034,Yoga Mat Pro,193.71,52,1328,0.0392,Fitness,2025-02-05
P-1034,Yoga Mat Pro,198.27,42,1193,0.0352,Fitness,2025-02-06
P-1034,Yoga Mat Pro,172.31,35,1002,0.0349,Fitness,2025-02-07
P-1034,Yoga Mat Pro,222.14,21,957,0.0219,Fitness,2025-02-08
P-1034,Yoga Mat Pro,226.72,29,996,0.0291,Fitness,2025-02-09
P-1034,Yoga Mat Pro,218.1,37,1305,0.0284,Fitness,2025-02-10
P-1034,Yoga Mat Pro,228.01,35,1223,0.0286,Fitness,2025-02-11
P-1034,Yoga Mat Pro,217.32,27,980,0.0276,Fitness,2025-02-12
P-1034,Yoga Mat Pro,219.95,52,1369,0.038,Fitness,2025-02-13
P-1034,Yoga Mat Pro,214.32,32,900,0.0356,Fitness,2025-02-14
P-1034,Yoga Mat Pro,222.61,57,1689,0.0337,Fitness,2025-02-15
P-1034,Yoga Mat Pro,221.39,50,1472,0.034,Fitness,2025-02-16
P-1034,Yoga Mat Pro,213.53,31,1049,0.0296,Fitness,2025-02-17
P-1034,Yoga Mat Pro,213.22,34,1025,0.0332,Fitness,2025-02-18
P-1034,Yoga Mat Pro,220.04,45,1292,0.0348,Fitness,2025-02-19
P-1034,Yoga Mat Pro,219.58,39,1112,0.0351,Fitness,2025-02-20
P-1034,Yoga Mat Pro,220.66,34,1195,0.0285,Fitness,2025-02-21
P-1034,Yoga Mat Pro,223.39,48,1456,0.033,Fitness,2025-02-22
P-1034,Yoga Mat Pro,224.82,53,1559,0.034,Fitness,2025-02-23
P-1034,Yoga Mat Pro,216.81,47,1429,0.0329,Fitness,2025-02-24
P-1034,Yoga Mat Pro,222.45,39,1443,0.027,Fitness,2025-02-25
P-1034,Yoga Mat Pro,219.24,35,1303,0.0269,Fitness,2025-02-26
P-1034,Yoga Mat Pro,219.26,38,1131,0.0336,Fitness,2025-02-27
P-1034,Yoga Mat Pro,221.23,46,1351,0.034,Fitness,2025-02-28
P-1034,Yoga Mat Pro,218.69,89,1909,0.0466,Fitness,2025-03-01
P-1034,Yoga Mat Pro,214.2,48,1540,0.0312,Fitness,2025-03-02
P-1034,Yoga Mat Pro,224.54,39,1215,0.0321,Fitness,2025-03-03
P-1034,Yoga Mat Pro,215.91,36,1174,0.0307,Fitness,2025-03-04
P-1034,Yoga Mat Pro,218.85,36,1124,0.032,Fitness,2025-03-05
P-1034,Yoga Mat Pro,220.29,43,1173,0.0367,Fitness,2025-03-06
P-1034,Yoga Mat Pro,218.63,37,1085,0.0341,Fitness,2025-03-07
P-1034,Yoga Mat Pro,223.06,33,1211,0.0273,Fitness,2025-03-08
P-1034,Yoga Mat Pro,214.82,50,1693,0.0295,Fitness,2025-03-09
P-1034,Yoga Mat Pro,217.54,38,1215,0.0313,Fitness,2025-03-10
P-1034,Yoga Mat Pro,217.07,36,1089,0.0331,Fitness,2025-03-11
P-1034,Yoga Mat Pro,216.76,44,1367,0.0322,Fitness,2025-03-12
P-1034,Yoga Mat Pro,220.53,32,1042,0.0307,Fitness,2025-03-13
P-1034,Yoga Mat Pro,214,58,1469,0.0395,Fitness,2025-03-14
P-1034,Yoga Mat Pro,209.32,42,1550,0.0271,Fitness,2025-03-15
P-1034,Yoga Mat Pro,218.64,53,1670,0.0317,Fitness,2025-03-16
P-1034,Yoga Mat Pro,170.44,47,1205,0.039,Fitness,2025-03-17
P-1034,Yoga Mat Pro,195.16,38,1121,0.0339,Fitness,2025-03-18
P-1034,Yoga Mat Pro,225.84,34,1210,0.0281,Fitness,2025-03-19
P-1034,Yoga Mat Pro,211.82,57,1381,0.0413,Fitness,2025-03-20
P-1034,Yoga Mat Pro,194.19,50,1500,0.0333,Fitness,2025-03-21
P-1034,Yoga Mat Pro,186.56,59,1966,0.03,Fitness,2025-03-22
P-1034,Yoga Mat Pro,218.77,32,1146,0.0279,Fitness,2025-03-23
P-1034,Yoga Mat Pro,224.28,22,1102,0.02,Fitness,2025-03-24
P-1034,Yoga Mat Pro,238.34,41,1269,0.0323,Fitness,2025-03-25
P-1034,Yoga Mat Pro,208.81,59,1719,0.0343,Fitness,2025-03-26
P-1034,Yoga Mat Pro,201.71,40,1265,0.0316,Fitness,2025-03-27
P-1034,Yoga Mat Pro,210.17,34,1117,0.0304,Fitness,2025-03-28
P-1034,Yoga Mat Pro,209.55,50,1605,0.0312,Fitness,2025-03-29
P-1034,Yoga Mat Pro,216.54,43,1387,0.031,Fitness,2025-03-30
P-1034,Yoga Mat Pro,199.78,50,1515,0.033,Fitness,2025-03-31
P-1034,Yoga Mat Pro,211.03,44,1388,0.0317,Fitness,2025-04-01
P-1034,Yoga Mat Pro,203.76,46,1242,0.037,Fitness,2025-04-02
P-1034,Yoga Mat Pro,202.5,65,1763,0.0369,Fitness,2025-04-03
P-1034,Yoga Mat Pro,214.73,25,1145,0.0218,Fitness,2025-04-04
P-1034,Yoga Mat Pro,208.19,48,1569,0.0306,Fitness,2025-04-05
P-1034,Yoga Mat Pro,214.91,45,1361,0.0331,Fitness,2025-04-06
P-1034,Yoga Mat Pro,207.72,32,1004,0.0319,Fitness,2025-04-07
P-1034,Yoga Mat Pro,195.5,49,1466,0.0334,Fitness,2025-04-08
P-1034,Yoga Mat Pro,214.24,43,1228,0.035,Fitness,2025-04-09
P-1034,Yoga Mat Pro,209.81,36,1331,0.027,Fitness,2025-04-10
P-1034,Yoga Mat Pro,207.05,57,1484,0.0384,Fitness,2025-04-11
P-1034,Yoga Mat Pro,203.33,42,1385,0.0303,Fitness,2025-04-12
P-1034,Yoga Mat Pro,201.23,38,1453,0.0262,Fitness,2025-04-13
P-1034,Yoga Mat Pro,208.5,37,1165,0.0318,Fitness,2025-04-14
P-1034,Yoga Mat Pro,209.54,46,1440,0.0319,Fitness,2025-04-15
P-1034,Yoga Mat Pro,209.24,42,1341,0.0313,Fitness,2025-04-16
P-1034,Yoga Mat Pro,212.47,38,1238,0.0307,Fitness,2025-04-17
P-1034,Yoga Mat Pro,215.78,34,1279,0.0266,Fitness,2025-04-18
P-1034,Yoga Mat Pro,209.78,35,1350,0.0259,Fitness,2025-04-19
P-1034,Yoga Mat Pro,204.57,40,1442,0.0277,Fitness,2025-04-20
P-1034,Yoga Mat Pro,220.48,43,1512,0.0284,Fitness,2025-04-21
P-1034,Yoga Mat Pro,213.51,44,1358,0.0324,Fitness,2025-04-22
P-1034,Yoga Mat Pro,208.59,59,1348,0.0438,Fitness,2025-04-23
P-1034,Yoga Mat Pro,202.29,38,1259,0.0302,Fitness,2025-04-24
P-1034,Yoga Mat Pro,215.71,32,1204,0.0266,Fitness,2025-04-25
P-1034,Yoga Mat Pro,212.97,45,1283,0.0351,Fitness,2025-04-26
P-1034,Yoga Mat Pro,211.88,42,1536,0.0273,Fitness,2025-04-27
P-1034,Yoga Mat Pro,221.87,34,1206,0.0282,Fitness,2025-04-28
P-1034,Yoga Mat Pro,194.13,37,1183,0.0313,Fitness,2025-04-29
P-1034,Yoga Mat Pro,185.61,38,1267,0.03,Fitness,2025-04-30
P-1034,Yoga Mat Pro,190.75,32,1198,0.0267,Fitness,2025-05-01
P-1034,Yoga Mat Pro,187.77,32,1139,0.0281,Fitness,2025-05-02
P-1034,Yoga Mat Pro,170.1,42,1262,0.0333,Fitness,2025-05-03
P-1034,Yoga Mat Pro,194.66,49,1495,0.0328,Fitness,2025-05-04
P-1035,Resistance Band Kit,136.53,31,845,0.0367,Fitness,2025-01-01
P-1035,Resistance Band Kit,131.66,30,702,0.0427,Fitness,2025-01-02
P-1035,Resistance Band Kit,135.8,15,722,0.0208,Fitness,2025-01-03
P-1035,Resistance Band Kit,130.84,35,776,0.0451,Fitness,2025-01-04
P-1035,Resistance Band Kit,139.1,26,698,0.0372,Fitness,2025-01-05
P-1035,Resistance Band Kit,135.61,21,599,0.0351,Fitness,2025-01-06
P-1035,Resistance Band Kit,136.73,21,596,0.0352,Fitness,2025-01-07
P-1035,Resistance Band Kit,141.54,31,860,0.036,Fitness,2025-01-08
P-1035,Resistance Band Kit,125.05,25,549,0.0455,Fitness,2025-01-09
P-1035,Resistance Band Kit,126.02,30,637,0.0471,Fitness,2025-01-10
P-1035,Resistance Band Kit,124.83,34,765,0.0444,Fitness,2025-01-11
P-1035,Resistance Band Kit,123.79,30,689,0.0435,Fitness,2025-01-12
P-1035,Resistance Band Kit,120.58,24,668,0.0359,Fitness,2025-01-13
P-1035,Resistance Band Kit,124.03,18,596,0.0302,Fitness,2025-01-14
P-1035,Resistance Band Kit,123.43,41,880,0.0466,Fitness,2025-01-15
P-1035,Resistance Band Kit,126.31,35,770,0.0455,Fitness,2025-01-16
P-1035,Resistance Band Kit,126.5,26,714,0.0364,Fitness,2025-01-17
P-1035,Resistance Band Kit,122.76,34,625,0.0544,Fitness,2025-01-18
P-1035,Resistance Band Kit,127.14,21,588,0.0357,Fitness,2025-01-19
P-1035,Resistance Band Kit,126.91,29,643,0.0451,Fitness,2025-01-20
P-1035,Resistance Band Kit,129.11,19,534,0.0356,Fitness,2025-01-21
P-1035,Resistance Band Kit,125.53,33,678,0.0487,Fitness,2025-01-22
P-1035,Resistance Band Kit,129.04,37,769,0.0481,Fitness,2025-01-23
P-1035,Resistance Band Kit,123.74,34,739,0.046,Fitness,2025-01-24
P-1035,Resistance Band Kit,129.53,33,644,0.0512,Fitness,2025-01-25
P-1035,Resistance Band Kit,130.81,34,723,0.047,Fitness,2025-01-26
P-1035,Resistance Band Kit,129.21,19,603,0.0315,Fitness,2025-01-27
P-1035,Resistance Band Kit,104.38,31,648,0.0478,Fitness,2025-01-28
P-1035,Resistance Band Kit,110.07,45,749,0.0601,Fitness,2025-01-29
P-1035,Resistance Band Kit,117.95,22,477,0.0461,Fitness,2025-01-30
P-1035,Resistance Band Kit,108.79,25,630,0.0397,Fitness,2025-01-31
P-1035,Resistance Band Kit,119.29,46,911,0.0505,Fitness,2025-02-01
P-1035,Resistance Band Kit,107.09,25,571,0.0438,Fitness,2025-02-02
P-1035,Resistance Band Kit,133.84,23,723,0.0318,Fitness,2025-02-03
P-1035,Resistance Band Kit,131.49,32,656,0.0488,Fitness,2025-02-04
P-1035,Resistance Band Kit,131.13,26,578,0.045,Fitness,2025-02-05
P-1035,Resistance Band Kit,131.97,30,744,0.0403,Fitness,2025-02-06
P-1035,Resistance Band Kit,136.4,34,642,0.053,Fitness,2025-02-07
P-1035,Resistance Band Kit,128.21,26,810,0.0321,Fitness,2025-02-08
P-1035,Resistance Band Kit,130.54,41,889,0.0461,Fitness,2025-02-09
P-1035,Resistance Band Kit,131.08,23,543,0.0424,Fitness,2025-02-10
P-1035,Resistance Band Kit,134.58,26,699,0.0372,Fitness,2025-02-11
P-1035,Resistance Band Kit,136.31,25,635,0.0394,Fitness,2025-02-12
P-1035,Resistance Band Kit,131.08,24,930,0.0258,Fitness,2025-02-13
P-1035,Resistance Band Kit,131.94,22,541,0.0407,Fitness,2025-02-14
P-1035,Resistance Band Kit,134.86,47,922,0.051,Fitness,2025-02-15
P-1035,Resistance Band Kit,133.55,40,733,0.0546,Fitness,2025-02-16
P-1035,Resistance Band Kit,131.5,22,641,0.0343,Fitness,2025-02-17
P-1035,Resistance Band Kit,133.51,31,694,0.0447,Fitness,2025-02-18
P-1035,Resistance Band Kit,135.08,28,625,0.0448,Fitness,2025-02-19
P-1035,Resistance Band Kit,131.22,22,696,0.0316,Fitness,2025-02-20
P-1035,Resistance Band Kit,130.96,32,786,0.0407,Fitness,2025-02-21
P-1035,Resistance Band Kit,134.1,45,941,0.0478,Fitness,2025-02-22
P-1035,Resistance Band Kit,132.06,27,736,0.0367,Fitness,2025-02-23
P-1035,Resistance Band Kit,131.74,30,726,0.0413,Fitness,2025-02-24
P-1035,Resistance Band Kit,133.18,31,806,0.0385,Fitness,2025-02-25
P-1035,Resistance Band Kit,129.74,26,619,0.042,Fitness,2025-02-26
P-1035,Resistance Band Kit,131.66,28,616,0.0455,Fitness,2025-02-27
P-1035,Resistance Band Kit,130.45,33,750,0.044,Fitness,2025-02-28
P-1035,Resistance Band Kit,134.1,35,902,0.0388,Fitness,2025-03-01
P-1035,Resistance Band Kit,131.77,32,809,0.0396,Fitness,2025-03-02
P-1035,Resistance Band Kit,128.63,29,807,0.0359,Fitness,2025-03-03
P-1035,Resistance Band Kit,131.6,25,656,0.0381,Fitness,2025-03-04
P-1035,Resistance Band Kit,130.44,33,881,0.0375,Fitness,2025-03-05
P-1035,Resistance Band Kit,124.73,30,686,0.0437,Fitness,2025-03-06
P-1035,Resistance Band Kit,124.37,25,678,0.0369,Fitness,2025-03-07
P-1035,Resistance Band Kit,128.9,29,757,0.0383,Fitness,2025-03-08
P-1035,Resistance Band Kit,139.17,32,802,0.0399,Fitness,2025-03-09
P-1035,Resistance Band Kit,130.86,32,746,0.0429,Fitness,2025-03-10
P-1035,Resistance Band Kit,139.28,19,602,0.0316,Fitness,2025-03-11
P-1035,Resistance Band Kit,125,29,876,0.0331,Fitness,2025-03-12
P-1035,Resistance Band Kit,124.74,33,752,0.0439,Fitness,2025-03-13
P-1035,Resistance Band Kit,114.69,32,579,0.0553,Fitness,2025-03-14
P-1035,Resistance Band Kit,114.41,44,931,0.0473,Fitness,2025-03-15
P-1035,Resistance Band Kit,113.38,48,933,0.0514,Fitness,2025-03-16
P-1035,Resistance Band Kit,114.84,25,560,0.0446,Fitness,2025-03-17
P-1035,Resistance Band Kit,123.4,39,876,0.0445,Fitness,2025-03-18
P-1035,Resistance Band Kit,128.98,20,644,0.0311,Fitness,2025-03-19
P-1035,Resistance Band Kit,127.29,32,725,0.0441,Fitness,2025-03-20
P-1035,Resistance Band Kit,124.27,31,684,0.0453,Fitness,2025-03-21
P-1035,Resistance Band Kit,125.92,36,923,0.039,Fitness,2025-03-22
P-1035,Resistance Band Kit,125.94,28,730,0.0384,Fitness,2025-03-23
P-1035,Resistance Band Kit,126.11,28,681,0.0411,Fitness,2025-03-24
P-1035,Resistance Band Kit,122.3,19,479,0.0397,Fitness,2025-03-25
P-1035,Resistance Band Kit,125.67,24,554,0.0433,Fitness,2025-03-26
P-1035,Resistance Band Kit,127.17,37,807,0.0458,Fitness,2025-03-27
P-1035,Resistance Band Kit,126.08,30,810,0.037,Fitness,2025-03-28
P-1035,Resistance Band Kit,125.19,33,721,0.0458,Fitness,2025-03-29
P-1035,Resistance Band Kit,121.15,37,934,0.0396,Fitness,2025-03-30
P-1035,Resistance Band Kit,126.24,34,863,0.0394,Fitness,2025-03-31
P-1035,Resistance Band Kit,121.63,38,831,0.0457,Fitness,2025-04-01
P-1035,Resistance Band Kit,126.64,36,782,0.046,Fitness,2025-04-02
P-1035,Resistance Band Kit,126.83,33,796,0.0415,Fitness,2025-04-03
P-1035,Resistance Band Kit,130.08,26,766,0.0339,Fitness,2025-04-04
P-1035,Resistance Band Kit,119.99,47,1037,0.0453,Fitness,2025-04-05
P-1035,Resistance Band Kit,127.32,30,850,0.0353,Fitness,2025-04-06
P-1035,Resistance Band Kit,127.71,22,692,0.0318,Fitness,2025-04-07
P-1035,Resistance Band Kit,129.05,34,791,0.043,Fitness,2025-04-08
P-1035,Resistance Band Kit,127.64,26,628,0.0414,Fitness,2025-04-09
P-1035,Resistance Band Kit,127.02,27,838,0.0322,Fitness,2025-04-10
P-1035,Resistance Band Kit,126.29,31,886,0.035,Fitness,2025-04-11
P-1035,Resistance Band Kit,126.64,31,725,0.0428,Fitness,2025-04-12
P-1035,Resistance Band Kit,127.57,28,624,0.0449,Fitness,2025-04-13
P-1035,Resistance Band Kit,125.28,30,727,0.0413,Fitness,2025-04-14
P-1035,Resistance Band Kit,125.57,24,652,0.0368,Fitness,2025-04-15
P-1035,Resistance Band Kit,129.39,29,687,0.0422,Fitness,2025-04-16
P-1035,Resistance Band Kit,130.1,24,695,0.0345,Fitness,2025-04-17
P-1035,Resistance Band Kit,126.21,35,756,0.0463,Fitness,2025-04-18
P-1035,Resistance Band Kit,131.05,20,575,0.0348,Fitness,2025-04-19
P-1035,Resistance Band Kit,132.76,33,852,0.0387,Fitness,2025-04-20
P-1035,Resistance Band Kit,129.85,40,805,0.0497,Fitness,2025-04-21
P-1035,Resistance Band Kit,131.62,20,722,0.0277,Fitness,2025-04-22
P-1035,Resistance Band Kit,127.92,18,602,0.0299,Fitness,2025-04-23
P-1035,Resistance Band Kit,108.3,30,590,0.0508,Fitness,2025-04-24
P-1035,Resistance Band Kit,107.81,28,650,0.0431,Fitness,2025-04-25
P-1035,Resistance Band Kit,117.36,27,684,0.0395,Fitness,2025-04-26
P-1035,Resistance Band Kit,114.39,31,788,0.0393,Fitness,2025-04-27
P-1035,Resistance Band Kit,115.19,27,640,0.0422,Fitness,2025-04-28
P-1035,Resistance Band Kit,106.17,30,538,0.0558,Fitness,2025-04-29
P-1035,Resistance Band Kit,132.18,15,594,0.0253,Fitness,2025-04-30
P-1035,Resistance Band Kit,133.95,37,876,0.0422,Fitness,2025-05-01
P-1035,Resistance Band Kit,132.51,26,601,0.0433,Fitness,2025-05-02
P-1035,Resistance Band Kit,133.76,30,752,0.0399,Fitness,2025-05-03
P-1035,Resistance Band Kit,135.05,19,669,0.0284,Fitness,2025-05-04
