data/ecommerce_pricing_data.csv
product_id,product_name,price,units_sold,page_views,conversion_rate,product_category,date
P-1036,Foam Roller,77.91,47,1282,0.0367,Fitness,2025-01-01
P-1036,Foam Roller,74.09,85,1927,0.0441,Fitness,2025-01-02
P-1036,Foam Roller,74.85,62,1590,0.039,Fitness,2025-01-03
P-1036,Foam Roller,76.91,59,1573,0.0375,Fitness,2025-01-04
P-1036,Foam Roller,76.16,83,1882,0.0441,Fitness,2025-01-05
P-1036,Foam Roller,74.42,58,1409,0.0412,Fitness,2025-01-06
P-1036,Foam Roller,75.85,71,1616,0.0439,Fitness,2025-01-07
P-1036,Foam Roller,78.07,71,1725,0.0412,Fitness,2025-01-08
P-1036,Foam Roller,77.69,59,1524,0.0387,Fitness,2025-01-09
P-1036,Foam Roller,72.87,76,1575,0.0483,Fitness,2025-01-10
P-1036,Foam Roller,79.46,60,1555,0.0386,Fitness,2025-01-11
P-1036,Foam Roller,74.36,73,2037,0.0358,Fitness,2025-01-12
P-1036,Foam Roller,75.97,39,1197,0.0326,Fitness,2025-01-13
P-1036,Foam Roller,78.37,68,1953,0.0348,Fitness,2025-01-14
P-1036,Foam Roller,77.02,58,1335,0.0434,Fitness,2025-01-15
P-1036,Foam Roller,74.49,53,1351,0.0392,Fitness,2025-01-16
P-1036,Foam Roller,76.66,36,1184,0.0304,Fitness,2025-01-17
P-1036,Foam Roller,74.31,57,1293,0.0441,Fitness,2025-01-18
P-1036,Foam Roller,75.71,57,1591,0.0358,Fitness,2025-01-19
P-1036,Foam Roller,75.35,53,1564,0.0339,Fitness,2025-01-20
P-1036,Foam Roller,73.53,60,1598,0.0375,Fitness,2025-01-21
P-1036,Foam Roller,77.44,66,1529,0.0432,Fitness,2025-01-22
P-1036,Foam Roller,67.11,68,1633,0.0416,Fitness,2025-01-23
P-1036,Foam Roller,61.72,53,1197,0.0443,Fitness,2025-01-24
P-1036,Foam Roller,62.38,93,1738,0.0535,Fitness,2025-01-25
P-1036,Foam Roller,70.02,78,1684,0.0463,Fitness,2025-01-26
P-1036,Foam Roller,63.07,59,1237,0.0477,Fitness,2025-01-27
P-1036,Foam Roller,67.11,78,1752,0.0445,Fitness,2025-01-28
P-1036,Foam Roller,70.55,67,1709,0.0392,Fitness,2025-01-29
P-1036,Foam Roller,75.09,59,1649,0.0358,Fitness,2025-01-30
P-1036,Foam Roller,74.82,46,1186,0.0388,Fitness,2025-01-31
P-1036,Foam Roller,71.66,52,1494,0.0348,Fitness,2025-02-01
P-1036,Foam Roller,75.22,59,1585,0.0372,Fitness,2025-02-02
P-1036,Foam Roller,74.35,46,1082,0.0425,Fitness,2025-02-03
P-1036,Foam Roller,72.97,74,1988,0.0372,Fitness,2025-02-04
P-1036,Foam Roller,71.31,71,1355,0.0524,Fitness,2025-02-05
P-1036,Foam Roller,72.91,54,1406,0.0384,Fitness,2025-02-06
P-1036,Foam Roller,73.99,45,1190,0.0378,Fitness,2025-02-07
P-1036,Foam Roller,73.55,66,1926,0.0343,Fitness,2025-02-08
P-1036,Foam Roller,72.78,78,2035,0.0383,Fitness,2025-02-09
P-1036,Foam Roller,72.97,49,1140,0.043,Fitness,2025-02-10
P-1036,Foam Roller,69.92,34,1013,0.0336,Fitness,2025-02-11
P-1036,Foam Roller,72.43,30,1063,0.0282,Fitness,2025-02-12
P-1036,Foam Roller,72.23,53,1492,0.0355,Fitness,2025-02-13
P-1036,Foam Roller,71.99,75,1893,0.0396,Fitness,2025-02-14
P-1036,Foam Roller,73.48,72,1729,0.0416,Fitness,2025-02-15
P-1036,Foam Roller,71.13,72,1648,0.0437,Fitness,2025-02-16
P-1036,Foam Roller,72.09,42,1141,0.0368,Fitness,2025-02-17
P-1036,Foam Roller,70.26,68,1580,0.043,Fitness,2025-02-18
P-1036,Foam Roller,71.35,71,1349,0.0526,Fitness,2025-02-19
P-1036,Foam Roller,73.06,73,1526,0.0478,Fitness,2025-02-20
P-1036,Foam Roller,72.62,71,1680,0.0423,Fitness,2025-02-21
P-1036,Foam Roller,69.69,102,1982,0.0515,Fitness,2025-02-22
P-1036,Foam Roller,71.79,53,1490,0.0356,Fitness,2025-02-23
P-1036,Foam Roller,71.02,67,1759,0.0381,Fitness,2025-02-24
P-1036,Foam Roller,70.28,53,1180,0.0449,Fitness,2025-02-25
P-1036,Foam Roller,68.36,69,1654,0.0417,Fitness,2025-02-26
P-1036,Foam Roller,71.21,46,1117,0.0412,Fitness,2025-02-27
P-1036,Foam Roller,81.31,39,1231,0.0317,Fitness,2025-02-28
P-1036,Foam Roller,78.3,54,1601,0.0337,Fitness,2025-03-01
P-1036,Foam Roller,83.76,49,1660,0.0295,Fitness,2025-03-02
P-1036,Foam Roller,79.37,33,1060,0.0311,Fitness,2025-03-03
P-1036,Foam Roller,81.25,39,1310,0.0298,Fitness,2025-03-04
P-1036,Foam Roller,79.23,40,1214,0.0329,Fitness,2025-03-05
P-1036,Foam Roller,78.9,35,984,0.0356,Fitness,2025-03-06
P-1036,Foam Roller,74.42,49,1271,0.0386,Fitness,2025-03-07
P-1036,Foam Roller,55.56,100,1651,0.0606,Fitness,2025-03-08
P-1036,Foam Roller,64.95,41,1304,0.0314,Fitness,2025-03-09
P-1036,Foam Roller,58.88,54,1259,0.0429,Fitness,2025-03-10
P-1036,Foam Roller,65.49,82,1660,0.0494,Fitness,2025-03-11
P-1036,Foam Roller,66.39,45,979,0.046,Fitness,2025-03-12
P-1036,Foam Roller,74.99,43,1001,0.043,Fitness,2025-03-13
P-1036,Foam Roller,75.78,66,1529,0.0432,Fitness,2025-03-14
P-1036,Foam Roller,75.39,65,1851,0.0351,Fitness,2025-03-15
P-1036,Foam Roller,74.21,62,1435,0.0432,Fitness,2025-03-16
P-1036,Foam Roller,76.58,49,1263,0.0388,Fitness,2025-03-17
P-1036,Foam Roller,77.9,55,1511,0.0364,Fitness,2025-03-18
P-1036,Foam Roller,73.66,41,1033,0.0397,Fitness,2025-03-19
P-1036,Foam Roller,76.94,50,1210,0.0413,Fitness,2025-03-20
P-1036,Foam Roller,75.6,39,1131,0.0345,Fitness,2025-03-21
P-1036,Foam Roller,75.9,59,1272,0.0464,Fitness,2025-03-22
P-1036,Foam Roller,74.54,63,1517,0.0415,Fitness,2025-03-23
P-1036,Foam Roller,78.29,69,1883,0.0366,Fitness,2025-03-24
P-1036,Foam Roller,78.43,48,1207,0.0398,Fitness,2025-03-25
P-1036,Foam Roller,75.5,59,1435,0.0411,Fitness,2025-03-26
P-1036,Foam Roller,72.07,47,1090,0.0431,Fitness,2025-03-27
P-1036,Foam Roller,75.39,55,1345,0.0409,Fitness,2025-03-28
P-1036,Foam Roller,75.47,73,1626,0.0449,Fitness,2025-03-29
P-1036,Foam Roller,76.7,50,1241,0.0403,Fitness,2025-03-30
P-1036,Foam Roller,76.93,53,1437,0.0369,Fitness,2025-03-31
P-1036,Foam Roller,77.66,43,1158,0.0371,Fitness,2025-04-01
P-1036,Foam Roller,77.93,52,1232,0.0422,Fitness,2025-04-02
P-1036,Foam Roller,77.51,52,1706,0.0305,Fitness,2025-04-03
P-1036,Foam Roller,77.94,40,1383,0.0289,Fitness,2025-04-04
P-1036,Foam Roller,78.01,55,1599,0.0344,Fitness,2025-04-05
P-1036,Foam Roller,76.99,53,1476,0.0359,Fitness,2025-04-06
P-1036,Foam Roller,77.07,76,1616,0.047,Fitness,2025-04-07
P-1036,Foam Roller,75.95,42,1243,0.0338,Fitness,2025-04-08
P-1036,Foam Roller,76.73,41,1065,0.0385,Fitness,2025-04-09
P-1036,Foam Roller,75.04,66,1307,0.0505,Fitness,2025-04-10
P-1036,Foam Roller,77.02,64,1310,0.0489,Fitness,2025-04-11
P-1036,Foam Roller,75.84,71,1467,0.0484,Fitness,2025-04-12
P-1036,Foam Roller,74.33,51,1486,0.0343,Fitness,2025-04-13
P-1036,Foam Roller,76.53,64,1527,0.0419,Fitness,2025-04-14
P-1036,Foam Roller,77.49,68,1448,0.047,Fitness,2025-04-15
P-1036,Foam Roller,75.67,53,1486,0.0357,Fitness,2025-04-16
P-1036,Foam Roller,74.74,50,1349,0.0371,Fitness,2025-04-17
P-1036,Foam Roller,74.85,60,1252,0.0479,Fitness,2025-04-18
P-1036,Foam Roller,58.86,74,1519,0.0487,Fitness,2025-04-19
P-1036,Foam Roller,58.44,75,1272,0.059,Fitness,2025-04-20
P-1036,Foam Roller,68.04,67,1168,0.0574,Fitness,2025-04-21
P-1036,Foam Roller,63.62,60,1210,0.0496,Fitness,2025-04-22
P-1036,Foam Roller,64.75,90,1492,0.0603,Fitness,2025-04-23
P-1036,Foam Roller,61.42,69,1263,0.0546,Fitness,2025-04-24
P-1036,Foam Roller,72.37,71,1508,0.0471,Fitness,2025-04-25
P-1036,Foam Roller,73.68,72,1409,0.0511,Fitness,2025-04-26
P-1036,Foam Roller,70.1,70,1431,0.0489,Fitness,2025-04-27
P-1036,Foam Roller,72.83,58,1664,0.0349,Fitness,2025-04-28
P-1036,Foam Roller,72.25,48,1198,0.0401,Fitness,2025-04-29
P-1036,Foam Roller,69.51,79,1628,0.0485,Fitness,2025-04-30
P-1036,Foam Roller,69.47,68,1483,0.0459,Fitness,2025-05-01
P-1036,Foam Roller,70.46,88,1581,0.0557,Fitness,2025-05-02
P-1036,Foam Roller,69.96,81,1810,0.0448,Fitness,2025-05-03
P-1036,Foam Roller,73.31,75,1568,0.0478,Fitness,2025-05-04
P-1037,Cycling Trainer Stand,155.37,94,1515,0.062,Fitness,2025-01-01
P-1037,Cycling Trainer Stand,159.9,87,1344,0.0647,Fitness,2025-01-02
P-1037,Cycling Trainer Stand,158.28,81,1264,0.0641,Fitness,2025-01-03
P-1037,Cycling Trainer Stand,155.97,108,1550,0.0697,Fitness,2025-01-04
P-1037,Cycling Trainer Stand,160.47,91,1441,0.0632,Fitness,2025-01-05
P-1037,Cycling Trainer Stand,165.62,79,1037,0.0762,Fitness,2025-01-06
P-1037,Cycling Trainer Stand,156.92,88,1048,0.084,Fitness,2025-01-07
P-1037,Cycling Trainer Stand,159.08,92,1218,0.0755,Fitness,2025-01-08
P-1037,Cycling Trainer Stand,159.11,86,1144,0.0752,Fitness,2025-01-09
P-1037,Cycling Trainer Stand,165.47,74,1358,0.0545,Fitness,2025-01-10
P-1037,Cycling Trainer Stand,160.58,103,1457,0.0707,Fitness,2025-01-11
P-1037,Cycling Trainer Stand,162.86,113,1394,0.0811,Fitness,2025-01-12
P-1037,Cycling Trainer Stand,163.34,61,909,0.0671,Fitness,2025-01-13
P-1037,Cycling Trainer Stand,155.54,69,1109,0.0622,Fitness,2025-01-14
P-1037,Cycling Trainer Stand,165.21,50,909,0.055,Fitness,2025-01-15
P-1037,Cycling Trainer Stand,163.68,109,1592,0.0685,Fitness,2025-01-16
P-1037,Cycling Trainer Stand,161.69,88,1401,0.0628,Fitness,2025-01-17
P-1037,Cycling Trainer Stand,151.03,92,1253,0.0734,Fitness,2025-01-18
P-1037,Cycling Trainer Stand,136.07,130,1609,0.0808,Fitness,2025-01-19
P-1037,Cycling Trainer Stand,132.02,137,1553,0.0882,Fitness,2025-01-20
P-1037,Cycling Trainer Stand,148.62,125,1412,0.0885,Fitness,2025-01-21
P-1037,Cycling Trainer Stand,141.62,169,1899,0.089,Fitness,2025-01-22
P-1037,Cycling Trainer Stand,144.38,116,1313,0.0883,Fitness,2025-01-23
P-1037,Cycling Trainer Stand,167.09,113,1625,0.0695,Fitness,2025-01-24
P-1037,Cycling Trainer Stand,160.85,94,1411,0.0666,Fitness,2025-01-25
P-1037,Cycling Trainer Stand,171.16,66,1296,0.0509,Fitness,2025-01-26
P-1037,Cycling Trainer Stand,164.8,77,1406,0.0548,Fitness,2025-01-27
P-1037,Cycling Trainer Stand,168.2,80,1212,0.066,Fitness,2025-01-28
P-1037,Cycling Trainer Stand,167.4,102,1687,0.0605,Fitness,2025-01-29
P-1037,Cycling Trainer Stand,169.48,117,1573,0.0744,Fitness,2025-01-30
P-1037,Cycling Trainer Stand,168.05,92,1379,0.0667,Fitness,2025-01-31
P-1037,Cycling Trainer Stand,166.2,93,1540,0.0604,Fitness,2025-02-01
P-1037,Cycling Trainer Stand,168.56,112,1858,0.0603,Fitness,2025-02-02
P-1037,Cycling Trainer Stand,167.03,92,1188,0.0774,Fitness,2025-02-03
P-1037,Cycling Trainer Stand,165.61,79,1082,0.073,Fitness,2025-02-04
P-1037,Cycling Trainer Stand,166.19,79,1240,0.0637,Fitness,2025-02-05
P-1037,Cycling Trainer Stand,165.76,87,1506,0.0578,Fitness,2025-02-06
P-1037,Cycling Trainer Stand,171.54,78,1353,0.0576,Fitness,2025-02-07
P-1037,Cycling Trainer Stand,171.75,92,1656,0.0556,Fitness,2025-02-08
P-1037,Cycling Trainer Stand,165.08,100,1511,0.0662,Fitness,2025-02-09
P-1037,Cycling Trainer Stand,172.77,73,1381,0.0529,Fitness,2025-02-10
P-1037,Cycling Trainer Stand,169.17,87,1561,0.0557,Fitness,2025-02-11
P-1037,Cycling Trainer Stand,167.78,95,1480,0.0642,Fitness,2025-02-12
P-1037,Cycling Trainer Stand,169.19,71,1277,0.0556,Fitness,2025-02-13
P-1037,Cycling Trainer Stand,162.99,98,1520,0.0645,Fitness,2025-02-14
P-1037,Cycling Trainer Stand,167.9,99,1715,0.0577,Fitness,2025-02-15
P-1037,Cycling Trainer Stand,166.5,96,1571,0.0611,Fitness,2025-02-16
P-1037,Cycling Trainer Stand,163.13,70,1042,0.0672,Fitness,2025-02-17
P-1037,Cycling Trainer Stand,164.01,83,1432,0.058,Fitness,2025-02-18
P-1037,Cycling Trainer Stand,173.88,64,1464,0.0437,Fitness,2025-02-19
P-1037,Cycling Trainer Stand,183.02,85,1695,0.0501,Fitness,2025-02-20
P-1037,Cycling Trainer Stand,180.25,82,1516,0.0541,Fitness,2025-02-21
P-1037,Cycling Trainer Stand,175.44,63,1244,0.0506,Fitness,2025-02-22
P-1037,Cycling Trainer Stand,170.87,107,1813,0.059,Fitness,2025-02-23
P-1037,Cycling Trainer Stand,177.47,75,1536,0.0488,Fitness,2025-02-24
P-1037,Cycling Trainer Stand,172.21,80,1526,0.0524,Fitness,2025-02-25
P-1037,Cycling Trainer Stand,174.28,59,998,0.0591,Fitness,2025-02-26
P-1037,Cycling Trainer Stand,167.28,110,1749,0.0629,Fitness,2025-02-27
P-1037,Cycling Trainer Stand,157.9,87,1583,0.055,Fitness,2025-02-28
P-1037,Cycling Trainer Stand,160.59,100,1666,0.06,Fitness,2025-03-01
P-1037,Cycling Trainer Stand,133.74,130,1738,0.0748,Fitness,2025-03-02
P-1037,Cycling Trainer Stand,128.75,110,1407,0.0782,Fitness,2025-03-03
P-1037,Cycling Trainer Stand,130.41,141,1679,0.084,Fitness,2025-03-04
P-1037,Cycling Trainer Stand,129.06,130,1317,0.0987,Fitness,2025-03-05
P-1037,Cycling Trainer Stand,139.14,98,1407,0.0697,Fitness,2025-03-06
P-1037,Cycling Trainer Stand,144.71,69,1190,0.058,Fitness,2025-03-07
P-1037,Cycling Trainer Stand,156.68,103,1816,0.0567,Fitness,2025-03-08
P-1037,Cycling Trainer Stand,154.11,64,1044,0.0613,Fitness,2025-03-09
P-1037,Cycling Trainer Stand,155.86,92,1393,0.066,Fitness,2025-03-10
P-1037,Cycling Trainer Stand,160.98,74,1033,0.0716,Fitness,2025-03-11
P-1037,Cycling Trainer Stand,153.53,65,1112,0.0585,Fitness,2025-03-12
P-1037,Cycling Trainer Stand,157,71,1180,0.0602,Fitness,2025-03-13
P-1037,Cycling Trainer Stand,158.21,78,1154,0.0676,Fitness,2025-03-14
P-1037,Cycling Trainer Stand,155.45,89,1699,0.0524,Fitness,2025-03-15
P-1037,Cycling Trainer Stand,149.06,71,1202,0.0591,Fitness,2025-03-16
P-1037,Cycling Trainer Stand,154.87,85,1308,0.065,Fitness,2025-03-17
P-1037,Cycling Trainer Stand,153.21,81,1247,0.065,Fitness,2025-03-18
P-1037,Cycling Trainer Stand,152.34,103,1449,0.0711,Fitness,2025-03-19
P-1037,Cycling Trainer Stand,155.4,87,1245,0.0699,Fitness,2025-03-20
P-1037,Cycling Trainer Stand,157.6,67,1145,0.0585,Fitness,2025-03-21
P-1037,Cycling Trainer Stand,159.24,87,1642,0.053,Fitness,2025-03-22
P-1037,Cycling Trainer Stand,161.4,112,1842,0.0608,Fitness,2025-03-23
P-1037,Cycling Trainer Stand,156.69,57,1092,0.0522,Fitness,2025-03-24
P-1037,Cycling Trainer Stand,161.13,79,1496,0.0528,Fitness,2025-03-25
P-1037,Cycling Trainer Stand,162.05,60,1010,0.0594,Fitness,2025-03-26
P-1037,Cycling Trainer Stand,156.47,72,1203,0.0599,Fitness,2025-03-27
P-1037,Cycling Trainer Stand,157.11,67,1457,0.046,Fitness,2025-03-28
P-1037,Cycling Trainer Stand,158.92,98,1699,0.0577,Fitness,2025-03-29
P-1037,Cycling Trainer Stand,161.14,79,1556,0.0508,Fitness,2025-03-30
P-1037,Cycling Trainer Stand,163.76,86,1424,0.0604,Fitness,2025-03-31
P-1037,Cycling Trainer Stand,159.08,78,1302,0.0599,Fitness,2025-04-01
P-1037,Cycling Trainer Stand,165,111,1376,0.0807,Fitness,2025-04-02
P-1037,Cycling Trainer Stand,159.46,115,1700,0.0676,Fitness,2025-04-03
P-1037,Cycling Trainer Stand,157.05,77,1177,0.0654,Fitness,2025-04-04
P-1037,Cycling Trainer Stand,165.49,114,1821,0.0626,Fitness,2025-04-05
P-1037,Cycling Trainer Stand,167.78,87,1372,0.0634,Fitness,2025-04-06
P-1037,Cycling Trainer Stand,165.84,70,1113,0.0629,Fitness,2025-04-07
P-1037,Cycling Trainer Stand,162.08,59,1226,0.0481,Fitness,2025-04-08
P-1037,Cycling Trainer Stand,163.84,98,1320,0.0742,Fitness,2025-04-09
P-1037,Cycling Trainer Stand,162.51,61,1103,0.0553,Fitness,2025-04-10
P-1037,Cycling Trainer Stand,168.25,86,1300,0.0662,Fitness,2025-04-11
P-1037,Cycling Trainer Stand,170.07,86,1261,0.0682,Fitness,2025-04-12
P-1037,Cycling Trainer Stand,167.02,84,1116,0.0753,Fitness,2025-04-13
P-1037,Cycling Trainer Stand,131.41,98,1133,0.0865,Fitness,2025-04-14
P-1037,Cycling Trainer Stand,155.82,83,1254,0.0662,Fitness,2025-04-15
P-1037,Cycling Trainer Stand,142.81,113,1325,0.0853,Fitness,2025-04-16
P-1037,Cycling Trainer Stand,135.31,105,1252,0.0839,Fitness,2025-04-17
P-1037,Cycling Trainer Stand,153.25,83,1234,0.0673,Fitness,2025-04-18
P-1037,Cycling Trainer Stand,146.35,110,1508,0.0729,Fitness,2025-04-19
P-1037,Cycling Trainer Stand,171.87,85,1523,0.0558,Fitness,2025-04-20
P-1037,Cycling Trainer Stand,175.09,105,1616,0.065,Fitness,2025-04-21
P-1037,Cycling Trainer Stand,160.95,75,1236,0.0607,Fitness,2025-04-22
P-1037,Cycling Trainer Stand,170.6,58,1014,0.0572,Fitness,2025-04-23
P-1037,Cycling Trainer Stand,166.4,62,1214,0.0511,Fitness,2025-04-24
P-1037,Cycling Trainer Stand,170.95,79,1165,0.0678,Fitness,2025-04-25
P-1037,Cycling Trainer Stand,169.07,65,1136,0.0572,Fitness,2025-04-26
P-1037,Cycling Trainer Stand,185.85,72,1183,0.0609,Fitness,2025-04-27
P-1037,Cycling Trainer Stand,184.29,75,1110,0.0676,Fitness,2025-04-28
P-1037,Cycling Trainer Stand,183.98,59,1062,0.0556,Fitness,2025-04-29
P-1037,Cycling Trainer Stand,191.95,61,1159,0.0526,Fitness,2025-04-30
P-1037,Cycling Trainer Stand,175.39,91,1394,0.0653,Fitness,2025-05-01
P-1037,Cycling Trainer Stand,193.43,78,1280,0.0609,Fitness,2025-05-02
P-1037,Cycling Trainer Stand,178.07,104,1706,0.061,Fitness,2025-05-03
P-1037,Cycling Trainer Stand,182.26,104,1577,0.0659,Fitness,2025-05-04
