data/ecommerce_pricing_data.csv
product_id,product_name,price,units_sold,page_views,conversion_rate,product_category,date
P-1038,Hydration Vest,169.83,35,1035,0.0338,Fitness,2025-01-01
P-1038,Hydration Vest,165.69,34,981,0.0347,Fitness,2025-01-02
P-1038,Hydration Vest,168.52,38,1101,0.0345,Fitness,2025-01-03
P-1038,Hydration Vest,172.67,24,1030,0.0233,Fitness,2025-01-04
P-1038,Hydration Vest,171.77,23,1074,0.0214,Fitness,2025-01-05
P-1038,Hydration Vest,164.77,28,757,0.037,Fitness,2025-01-06
P-1038,Hydration Vest,162.82,28,935,0.0299,Fitness,2025-01-07
P-1038,Hydration Vest,170.73,26,960,0.0271,Fitness,2025-01-08
P-1038,Hydration Vest,168.62,32,915,0.035,Fitness,2025-01-09
P-1038,Hydration Vest,166.45,24,800,0.03,Fitness,2025-01-10
P-1038,Hydration Vest,169.56,27,1169,0.0231,Fitness,2025-01-11
P-1038,Hydration Vest,170.83,29,1263,0.023,Fitness,2025-01-12
P-1038,Hydration Vest,146.27,23,768,0.0299,Fitness,2025-01-13
P-1038,Hydration Vest,147.57,34,1057,0.0322,Fitness,2025-01-14
P-1038,Hydration Vest,150.97,21,785,0.0268,Fitness,2025-01-15
P-1038,Hydration Vest,150.91,24,790,0.0304,Fitness,2025-01-16
P-1038,Hydration Vest,146.21,26,888,0.0293,Fitness,2025-01-17
P-1038,Hydration Vest,143.63,31,975,0.0318,Fitness,2025-01-18
P-1038,Hydration Vest,171.67,31,1242,0.025,Fitness,2025-01-19
P-1038,Hydration Vest,174.69,31,787,0.0394,Fitness,2025-01-20
P-1038,Hydration Vest,172.64,23,850,0.0271,Fitness,2025-01-21
P-1038,Hydration Vest,177.62,19,852,0.0223,Fitness,2025-01-22
P-1038,Hydration Vest,176.59,26,1023,0.0254,Fitness,2025-01-23
P-1038,Hydration Vest,177.76,19,885,0.0215,Fitness,2025-01-24
P-1038,Hydration Vest,178.86,24,1109,0.0216,Fitness,2025-01-25
P-1038,Hydration Vest,176.21,29,1046,0.0277,Fitness,2025-01-26
P-1038,Hydration Vest,177.06,15,772,0.0194,Fitness,2025-01-27
P-1038,Hydration Vest,176.81,26,960,0.0271,Fitness,2025-01-28
P-1038,Hydration Vest,173.15,24,1075,0.0223,Fitness,2025-01-29
P-1038,Hydration Vest,179.28,19,972,0.0195,Fitness,2025-01-30
P-1038,Hydration Vest,173.74,30,1349,0.0222,Fitness,2025-01-31
P-1038,Hydration Vest,173.03,25,1022,0.0245,Fitness,2025-02-01
P-1038,Hydration Vest,173.85,37,1472,0.0251,Fitness,2025-02-02
P-1038,Hydration Vest,175.66,28,1305,0.0215,Fitness,2025-02-03
P-1038,Hydration Vest,178.52,19,877,0.0217,Fitness,2025-02-04
P-1038,Hydration Vest,176.63,17,940,0.0181,Fitness,2025-02-05
P-1038,Hydration Vest,180.68,20,864,0.0231,Fitness,2025-02-06
P-1038,Hydration Vest,171.22,17,891,0.0191,Fitness,2025-02-07
P-1038,Hydration Vest,176.91,27,1046,0.0258,Fitness,2025-02-08
P-1038,Hydration Vest,178.63,15,1059,0.0142,Fitness,2025-02-09
P-1038,Hydration Vest,192.18,27,1251,0.0216,Fitness,2025-02-10
P-1038,Hydration Vest,190.59,25,1182,0.0212,Fitness,2025-02-11
P-1038,Hydration Vest,190.09,26,1173,0.0222,Fitness,2025-02-12
P-1038,Hydration Vest,188.97,24,1007,0.0238,Fitness,2025-02-13
P-1038,Hydration Vest,188.69,19,979,0.0194,Fitness,2025-02-14
P-1038,Hydration Vest,189.5,36,1311,0.0275,Fitness,2025-02-15
P-1038,Hydration Vest,185.36,15,929,0.0161,Fitness,2025-02-16
P-1038,Hydration Vest,182.22,21,790,0.0266,Fitness,2025-02-17
P-1038,Hydration Vest,170.83,26,1035,0.0251,Fitness,2025-02-18
P-1038,Hydration Vest,171.28,23,920,0.025,Fitness,2025-02-19
P-1038,Hydration Vest,173.56,34,1485,0.0229,Fitness,2025-02-20
P-1038,Hydration Vest,167.56,27,957,0.0282,Fitness,2025-02-21
P-1038,Hydration Vest,168.77,25,1119,0.0223,Fitness,2025-02-22
P-1038,Hydration Vest,171.71,25,955,0.0262,Fitness,2025-02-23
P-1038,Hydration Vest,172.2,26,1033,0.0252,Fitness,2025-02-24
P-1038,Hydration Vest,149.99,25,930,0.0269,Fitness,2025-02-25
P-1038,Hydration Vest,143.05,29,1073,0.027,Fitness,2025-02-26
P-1038,Hydration Vest,149.59,45,1055,0.0427,Fitness,2025-02-27
P-1038,Hydration Vest,139.33,29,921,0.0315,Fitness,2025-02-28
P-1038,Hydration Vest,156.29,44,1578,0.0279,Fitness,2025-03-01
P-1038,Hydration Vest,147.59,33,1110,0.0297,Fitness,2025-03-02
P-1038,Hydration Vest,169.07,27,1117,0.0242,Fitness,2025-03-03
P-1038,Hydration Vest,165.82,44,1326,0.0332,Fitness,2025-03-04
P-1038,Hydration Vest,159.72,30,1016,0.0295,Fitness,2025-03-05
P-1038,Hydration Vest,168.17,20,882,0.0227,Fitness,2025-03-06
P-1038,Hydration Vest,160.7,25,853,0.0293,Fitness,2025-03-07
P-1038,Hydration Vest,167.3,26,1133,0.0229,Fitness,2025-03-08
P-1038,Hydration Vest,166.6,40,1032,0.0388,Fitness,2025-03-09
P-1038,Hydration Vest,169.24,32,1316,0.0243,Fitness,2025-03-10
P-1038,Hydration Vest,165.35,17,934,0.0182,Fitness,2025-03-11
P-1038,Hydration Vest,169.08,23,915,0.0251,Fitness,2025-03-12
P-1038,Hydration Vest,167.19,33,1356,0.0243,Fitness,2025-03-13
P-1038,Hydration Vest,163.7,23,939,0.0245,Fitness,2025-03-14
P-1038,Hydration Vest,164.77,21,952,0.0221,Fitness,2025-03-15
P-1038,Hydration Vest,169.07,30,1075,0.0279,Fitness,2025-03-16
P-1038,Hydration Vest,164.08,18,738,0.0244,Fitness,2025-03-17
P-1038,Hydration Vest,168.02,27,959,0.0282,Fitness,2025-03-18
P-1038,Hydration Vest,168.72,25,985,0.0254,Fitness,2025-03-19
P-1038,Hydration Vest,169.9,23,970,0.0237,Fitness,2025-03-20
P-1038,Hydration Vest,167.41,21,996,0.0211,Fitness,2025-03-21
P-1038,Hydration Vest,165.35,25,844,0.0296,Fitness,2025-03-22
P-1038,Hydration Vest,171.96,28,1297,0.0216,Fitness,2025-03-23
P-1038,Hydration Vest,167.15,11,699,0.0157,Fitness,2025-03-24
P-1038,Hydration Vest,169.55,18,834,0.0216,Fitness,2025-03-25
P-1038,Hydration Vest,165,23,1005,0.0229,Fitness,2025-03-26
P-1038,Hydration Vest,169.31,19,854,0.0222,Fitness,2025-03-27
P-1038,Hydration Vest,172.62,25,1033,0.0242,Fitness,2025-03-28
P-1038,Hydration Vest,168.51,20,1024,0.0195,Fitness,2025-03-29
P-1038,Hydration Vest,172.74,23,989,0.0233,Fitness,2025-03-30
P-1038,Hydration Vest,166.47,18,832,0.0216,Fitness,2025-03-31
P-1038,Hydration Vest,174.6,25,1153,0.0217,Fitness,2025-04-01
P-1038,Hydration Vest,168.86,28,888,0.0315,Fitness,2025-04-02
P-1038,Hydration Vest,171.67,20,855,0.0234,Fitness,2025-04-03
P-1038,Hydration Vest,167.66,17,905,0.0188,Fitness,2025-04-04
P-1038,Hydration Vest,168.69,34,1098,0.031,Fitness,2025-04-05
P-1038,Hydration Vest,168.29,26,1074,0.0242,Fitness,2025-04-06
P-1038,Hydration Vest,166.59,15,761,0.0197,Fitness,2025-04-07
P-1038,Hydration Vest,170.94,25,1041,0.024,Fitness,2025-04-08
P-1038,Hydration Vest,149.92,36,860,0.0419,Fitness,2025-04-09
P-1038,Hydration Vest,160.1,27,937,0.0288,Fitness,2025-04-10
P-1038,Hydration Vest,158.52,21,719,0.0292,Fitness,2025-04-11
P-1038,Hydration Vest,159.68,22,887,0.0248,Fitness,2025-04-12
P-1038,Hydration Vest,156.87,26,880,0.0295,Fitness,2025-04-13
P-1038,Hydration Vest,162.32,26,854,0.0304,Fitness,2025-04-14
P-1038,Hydration Vest,172.09,18,928,0.0194,Fitness,2025-04-15
P-1038,Hydration Vest,175.13,22,872,0.0252,Fitness,2025-04-16
P-1038,Hydration Vest,171.54,26,935,0.0278,Fitness,2025-04-17
P-1038,Hydration Vest,187.89,18,850,0.0212,Fitness,2025-04-18
P-1038,Hydration Vest,186.02,20,908,0.022,Fitness,2025-04-19
P-1038,Hydration Vest,194.13,17,904,0.0188,Fitness,2025-04-20
P-1038,Hydration Vest,191.59,18,789,0.0228,Fitness,2025-04-21
P-1038,Hydration Vest,186.99,9,679,0.0133,Fitness,2025-04-22
P-1038,Hydration Vest,198.49,21,955,0.022,Fitness,2025-04-23
P-1038,Hydration Vest,197.76,22,923,0.0238,Fitness,2025-04-24
P-1038,Hydration Vest,195.51,15,725,0.0207,Fitness,2025-04-25
P-1038,Hydration Vest,175.85,24,1065,0.0225,Fitness,2025-04-26
P-1038,Hydration Vest,177.69,29,1085,0.0267,Fitness,2025-04-27
P-1038,Hydration Vest,174.75,22,871,0.0253,Fitness,2025-04-28
P-1038,Hydration Vest,177.09,19,910,0.0209,Fitness,2025-04-29
P-1038,Hydration Vest,178.23,15,707,0.0212,Fitness,2025-04-30
P-1038,Hydration Vest,173.4,26,935,0.0278,Fitness,2025-05-01
P-1038,Hydration Vest,172.87,30,1019,0.0294,Fitness,2025-05-02
P-1038,Hydration Vest,177.3,22,809,0.0272,Fitness,2025-05-03
P-1038,Hydration Vest,171.13,36,1224,0.0294,Fitness,2025-05-04
P-1039,Recovery Massage Gun,110.09,23,736,0.0313,Fitness,2025-01-01
P-1039,Recovery Massage Gun,105.4,26,834,0.0312,Fitness,2025-01-02
P-1039,Recovery Massage Gun,107.55,35,985,0.0355,Fitness,2025-01-03
P-1039,Recovery Massage Gun,109.59,33,1044,0.0316,Fitness,2025-01-04
P-1039,Recovery Massage Gun,105.86,28,839,0.0334,Fitness,2025-01-05
P-1039,Recovery Massage Gun,107.56,23,671,0.0343,Fitness,2025-01-06
P-1039,Recovery Massage Gun,109.21,22,670,0.0328,Fitness,2025-01-07
P-1039,Recovery Massage Gun,96.67,33,925,0.0357,Fitness,2025-01-08
P-1039,Recovery Massage Gun,97.33,27,608,0.0444,Fitness,2025-01-09
P-1039,Recovery Massage Gun,98.71,23,537,0.0428,Fitness,2025-01-10
P-1039,Recovery Massage Gun,93.58,27,778,0.0347,Fitness,2025-01-11
P-1039,Recovery Massage Gun,97.03,37,952,0.0389,Fitness,2025-01-12
P-1039,Recovery Massage Gun,90.6,27,733,0.0368,Fitness,2025-01-13
P-1039,Recovery Massage Gun,108.51,21,658,0.0319,Fitness,2025-01-14
P-1039,Recovery Massage Gun,108,37,908,0.0407,Fitness,2025-01-15
P-1039,Recovery Massage Gun,106.87,24,695,0.0345,Fitness,2025-01-16
P-1039,Recovery Massage Gun,105.61,27,669,0.0404,Fitness,2025-01-17
P-1039,Recovery Massage Gun,104.86,26,708,0.0367,Fitness,2025-01-18
P-1039,Recovery Massage Gun,106.21,23,876,0.0263,Fitness,2025-01-19
P-1039,Recovery Massage Gun,106.63,18,740,0.0243,Fitness,2025-01-20
P-1039,Recovery Massage Gun,104.32,21,757,0.0277,Fitness,2025-01-21
P-1039,Recovery Massage Gun,106.88,26,744,0.0349,Fitness,2025-01-22
P-1039,Recovery Massage Gun,109.67,24,666,0.036,Fitness,2025-01-23
P-1039,Recovery Massage Gun,104.07,25,660,0.0379,Fitness,2025-01-24
P-1039,Recovery Massage Gun,101.76,22,808,0.0272,Fitness,2025-01-25
P-1039,Recovery Massage Gun,105.37,19,665,0.0286,Fitness,2025-01-26
P-1039,Recovery Massage Gun,104.55,16,573,0.0279,Fitness,2025-01-27
P-1039,Recovery Massage Gun,104.43,32,807,0.0397,Fitness,2025-01-28
P-1039,Recovery Massage Gun,103.21,18,542,0.0332,Fitness,2025-01-29
P-1039,Recovery Massage Gun,104.48,28,659,0.0425,Fitness,2025-01-30
P-1039,Recovery Massage Gun,104.2,24,577,0.0416,Fitness,2025-01-31
P-1039,Recovery Massage Gun,114.26,24,665,0.0361,Fitness,2025-02-01
P-1039,Recovery Massage Gun,113.83,28,805,0.0348,Fitness,2025-02-02
P-1039,Recovery Massage Gun,113.09,24,690,0.0348,Fitness,2025-02-03
P-1039,Recovery Massage Gun,114.12,21,589,0.0357,Fitness,2025-02-04
P-1039,Recovery Massage Gun,112.6,21,783,0.0268,Fitness,2025-02-05
P-1039,Recovery Massage Gun,113.06,23,720,0.0319,Fitness,2025-02-06
P-1039,Recovery Massage Gun,114.48,19,776,0.0245,Fitness,2025-02-07
P-1039,Recovery Massage Gun,113.85,24,696,0.0345,Fitness,2025-02-08
P-1039,Recovery Massage Gun,102.19,22,631,0.0349,Fitness,2025-02-09
P-1039,Recovery Massage Gun,100.09,20,602,0.0332,Fitness,2025-02-10
P-1039,Recovery Massage Gun,101.2,19,579,0.0328,Fitness,2025-02-11
P-1039,Recovery Massage Gun,101.82,25,698,0.0358,Fitness,2025-02-12
P-1039,Recovery Massage Gun,100.25,33,739,0.0447,Fitness,2025-02-13
P-1039,Recovery Massage Gun,101.29,19,717,0.0265,Fitness,2025-02-14
P-1039,Recovery Massage Gun,99.97,21,659,0.0319,Fitness,2025-02-15
P-1039,Recovery Massage Gun,100.68,25,662,0.0378,Fitness,2025-02-16
P-1039,Recovery Massage Gun,102.04,12,493,0.0243,Fitness,2025-02-17
P-1039,Recovery Massage Gun,99.12,19,614,0.0309,Fitness,2025-02-18
P-1039,Recovery Massage Gun,99.9,22,683,0.0322,Fitness,2025-02-19
P-1039,Recovery Massage Gun,87.29,24,555,0.0432,Fitness,2025-02-20
P-1039,Recovery Massage Gun,85.19,24,670,0.0358,Fitness,2025-02-21
P-1039,Recovery Massage Gun,86.68,25,632,0.0396,Fitness,2025-02-22
P-1039,Recovery Massage Gun,82.65,35,806,0.0434,Fitness,2025-02-23
P-1039,Recovery Massage Gun,94.75,19,621,0.0306,Fitness,2025-02-24
P-1039,Recovery Massage Gun,93.35,15,536,0.028,Fitness,2025-02-25
P-1039,Recovery Massage Gun,103.2,20,667,0.03,Fitness,2025-02-26
P-1039,Recovery Massage Gun,102.03,18,661,0.0272,Fitness,2025-02-27
P-1039,Recovery Massage Gun,101.83,27,659,0.041,Fitness,2025-02-28
P-1039,Recovery Massage Gun,104.48,27,876,0.0308,Fitness,2025-03-01
P-1039,Recovery Massage Gun,102.53,24,757,0.0317,Fitness,2025-03-02
P-1039,Recovery Massage Gun,105.44,20,619,0.0323,Fitness,2025-03-03
P-1039,Recovery Massage Gun,103.22,17,533,0.0319,Fitness,2025-03-04
P-1039,Recovery Massage Gun,102.38,15,539,0.0278,Fitness,2025-03-05
P-1039,Recovery Massage Gun,104.86,21,715,0.0294,Fitness,2025-03-06
P-1039,Recovery Massage Gun,103.63,20,613,0.0326,Fitness,2025-03-07
P-1039,Recovery Massage Gun,105.49,35,712,0.0492,Fitness,2025-03-08
P-1039,Recovery Massage Gun,102.29,14,561,0.025,Fitness,2025-03-09
P-1039,Recovery Massage Gun,107.95,23,648,0.0355,Fitness,2025-03-10
P-1039,Recovery Massage Gun,105.2,13,476,0.0273,Fitness,2025-03-11
P-1039,Recovery Massage Gun,104.59,19,698,0.0272,Fitness,2025-03-12
P-1039,Recovery Massage Gun,105.26,17,603,0.0282,Fitness,2025-03-13
P-1039,Recovery Massage Gun,103.72,14,482,0.029,Fitness,2025-03-14
P-1039,Recovery Massage Gun,105.18,26,844,0.0308,Fitness,2025-03-15
P-1039,Recovery Massage Gun,105.75,27,764,0.0353,Fitness,2025-03-16
P-1039,Recovery Massage Gun,104.48,18,637,0.0283,Fitness,2025-03-17
P-1039,Recovery Massage Gun,105.89,21,528,0.0398,Fitness,2025-03-18
P-1039,Recovery Massage Gun,105.93,17,596,0.0285,Fitness,2025-03-19
P-1039,Recovery Massage Gun,106.5,24,695,0.0345,Fitness,2025-03-20
P-1039,Recovery Massage Gun,108.48,23,653,0.0352,Fitness,2025-03-21
P-1039,Recovery Massage Gun,108.99,32,721,0.0444,Fitness,2025-03-22
P-1039,Recovery Massage Gun,108.81,29,647,0.0448,Fitness,2025-03-23
P-1039,Recovery Massage Gun,107.52,15,554,0.0271,Fitness,2025-03-24
P-1039,Recovery Massage Gun,107.83,26,618,0.0421,Fitness,2025-03-25
P-1039,Recovery Massage Gun,108.37,20,528,0.0379,Fitness,2025-03-26
P-1039,Recovery Massage Gun,104.16,21,591,0.0355,Fitness,2025-03-27
P-1039,Recovery Massage Gun,106.8,23,593,0.0388,Fitness,2025-03-28
P-1039,Recovery Massage Gun,106.09,27,735,0.0367,Fitness,2025-03-29
P-1039,Recovery Massage Gun,106.03,26,617,0.0421,Fitness,2025-03-30
P-1039,Recovery Massage Gun,110.88,26,665,0.0391,Fitness,2025-03-31
P-1039,Recovery Massage Gun,107.81,28,698,0.0401,Fitness,2025-04-01
P-1039,Recovery Massage Gun,107,30,604,0.0497,Fitness,2025-04-02
P-1039,Recovery Massage Gun,108.46,18,508,0.0354,Fitness,2025-04-03
P-1039,Recovery Massage Gun,88.82,30,657,0.0457,Fitness,2025-04-04
P-1039,Recovery Massage Gun,96.24,34,772,0.044,Fitness,2025-04-05
P-1039,Recovery Massage Gun,96.6,28,617,0.0454,Fitness,2025-04-06
P-1039,Recovery Massage Gun,91.57,29,558,0.052,Fitness,2025-04-07
P-1039,Recovery Massage Gun,92.26,30,523,0.0574,Fitness,2025-04-08
P-1039,Recovery Massage Gun,109.5,18,542,0.0332,Fitness,2025-04-09
P-1039,Recovery Massage Gun,112.71,17,720,0.0236,Fitness,2025-04-10
P-1039,Recovery Massage Gun,116.25,22,733,0.03,Fitness,2025-04-11
P-1039,Recovery Massage Gun,114.29,23,669,0.0344,Fitness,2025-04-12
P-1039,Recovery Massage Gun,110.75,29,702,0.0413,Fitness,2025-04-13
P-1039,Recovery Massage Gun,116.63,15,584,0.0257,Fitness,2025-04-14
P-1039,Recovery Massage Gun,116.28,16,491,0.0326,Fitness,2025-04-15
P-1039,Recovery Massage Gun,113.88,27,754,0.0358,Fitness,2025-04-16
P-1039,Recovery Massage Gun,103.71,25,647,0.0386,Fitness,2025-04-17
P-1039,Recovery Massage Gun,104.03,20,631,0.0317,Fitness,2025-04-18
P-1039,Recovery Massage Gun,108.4,16,602,0.0266,Fitness,2025-04-19
P-1039,Recovery Massage Gun,106.07,22,614,0.0358,Fitness,2025-04-20
P-1039,Recovery Massage Gun,105.11,26,629,0.0413,Fitness,2025-04-21
P-1039,Recovery Massage Gun,103.61,18,540,0.0333,Fitness,2025-04-22
P-1039,Recovery Massage Gun,102.87,21,598,0.0351,Fitness,2025-04-23
P-1039,Recovery Massage Gun,103.22,32,626,0.0511,Fitness,2025-04-24
P-1039,Recovery Massage Gun,103.29,32,701,0.0456,Fitness,2025-04-25
P-1039,Recovery Massage Gun,102.95,21,744,0.0282,Fitness,2025-04-26
P-1039,Recovery Massage Gun,102.74,21,553,0.038,Fitness,2025-04-27
P-1039,Recovery Massage Gun,105.77,13,535,0.0243,Fitness,2025-04-28
P-1039,Recovery Massage Gun,103.5,27,741,0.0364,Fitness,2025-04-29
P-1039,Recovery Massage Gun,103.5,24,654,0.0367,Fitness,2025-04-30
P-1039,Recovery Massage Gun,105.41,19,667,0.0285,Fitness,2025-05-01
P-1039,Recovery Massage Gun,104.3,28,840,0.0333,Fitness,2025-05-02
P-1039,Recovery Massage Gun,98.59,37,986,0.0375,Fitness,2025-05-03
P-1039,Recovery Massage Gun,102.42,30,845,0.0355,Fitness,2025-05-04
