data/ecommerce_pricing_data.csv
product_id,product_name,price,units_sold,page_views,conversion_rate,product_category,date
P-1040,Balance Board,185.92,91,1203,0.0756,Fitness,2025-01-01
P-1040,Balance Board,187.86,80,1305,0.0613,Fitness,2025-01-02
P-1040,Balance Board,146.14,66,866,0.0762,Fitness,2025-01-03
P-1040,Balance Board,159.78,99,1175,0.0843,Fitness,2025-01-04
P-1040,Balance Board,166.68,151,1904,0.0793,Fitness,2025-01-05
P-1040,Balance Board,168.77,117,1504,0.0778,Fitness,2025-01-06
P-1040,Balance Board,157.38,99,1290,0.0767,Fitness,2025-01-07
P-1040,Balance Board,159.54,127,1305,0.0973,Fitness,2025-01-08
P-1040,Balance Board,194.91,68,1127,0.0603,Fitness,2025-01-09
P-1040,Balance Board,196.54,69,1363,0.0506,Fitness,2025-01-10
P-1040,Balance Board,188.26,61,1104,0.0553,Fitness,2025-01-11
P-1040,Balance Board,200.95,67,1113,0.0602,Fitness,2025-01-12
P-1040,Balance Board,195.31,71,1308,0.0543,Fitness,2025-01-13
P-1040,Balance Board,195.64,77,1223,0.063,Fitness,2025-01-14
P-1040,Balance Board,198.23,83,1292,0.0642,Fitness,2025-01-15
P-1040,Balance Board,195.82,87,1238,0.0703,Fitness,2025-01-16
P-1040,Balance Board,190.08,66,1009,0.0654,Fitness,2025-01-17
P-1040,Balance Board,195.26,87,1468,0.0593,Fitness,2025-01-18
P-1040,Balance Board,201.4,73,1204,0.0606,Fitness,2025-01-19
P-1040,Balance Board,194.5,61,1056,0.0578,Fitness,2025-01-20
P-1040,Balance Board,195.66,62,983,0.0631,Fitness,2025-01-21
P-1040,Balance Board,194.83,95,1257,0.0756,Fitness,2025-01-22
P-1040,Balance Board,212.47,53,1046,0.0507,Fitness,2025-01-23
P-1040,Balance Board,211.33,61,1172,0.052,Fitness,2025-01-24
P-1040,Balance Board,213.63,62,1306,0.0475,Fitness,2025-01-25
P-1040,Balance Board,221.97,87,1556,0.0559,Fitness,2025-01-26
P-1040,Balance Board,222.97,54,956,0.0565,Fitness,2025-01-27
P-1040,Balance Board,220.33,88,1434,0.0614,Fitness,2025-01-28
P-1040,Balance Board,220.45,86,1433,0.06,Fitness,2025-01-29
P-1040,Balance Board,221.74,52,943,0.0551,Fitness,2025-01-30
P-1040,Balance Board,204.45,67,1072,0.0625,Fitness,2025-01-31
P-1040,Balance Board,205.5,92,1627,0.0565,Fitness,2025-02-01
P-1040,Balance Board,203.9,78,1579,0.0494,Fitness,2025-02-02
P-1040,Balance Board,197.59,83,1345,0.0617,Fitness,2025-02-03
P-1040,Balance Board,202.57,46,1022,0.045,Fitness,2025-02-04
P-1040,Balance Board,201.43,69,1246,0.0554,Fitness,2025-02-05
P-1040,Balance Board,199.57,72,1280,0.0563,Fitness,2025-02-06
P-1040,Balance Board,198.03,65,1089,0.0597,Fitness,2025-02-07
P-1040,Balance Board,201.76,92,1293,0.0712,Fitness,2025-02-08
P-1040,Balance Board,200.92,87,1344,0.0647,Fitness,2025-02-09
P-1040,Balance Board,190.06,78,1209,0.0645,Fitness,2025-02-10
P-1040,Balance Board,202.3,54,1122,0.0481,Fitness,2025-02-11
P-1040,Balance Board,204.93,70,1384,0.0506,Fitness,2025-02-12
P-1040,Balance Board,199.37,81,1351,0.06,Fitness,2025-02-13
P-1040,Balance Board,199.48,69,1057,0.0653,Fitness,2025-02-14
P-1040,Balance Board,179.16,100,1394,0.0717,Fitness,2025-02-15
P-1040,Balance Board,170.21,101,1381,0.0731,Fitness,2025-02-16
P-1040,Balance Board,160.72,94,1340,0.0701,Fitness,2025-02-17
P-1040,Balance Board,166.95,109,1429,0.0763,Fitness,2025-02-18
P-1040,Balance Board,153.6,159,1502,0.1059,Fitness,2025-02-19
P-1040,Balance Board,167.44,87,1179,0.0738,Fitness,2025-02-20
P-1040,Balance Board,200.4,48,1004,0.0478,Fitness,2025-02-21
P-1040,Balance Board,193.18,85,1552,0.0548,Fitness,2025-02-22
P-1040,Balance Board,192.26,104,1657,0.0628,Fitness,2025-02-23
P-1040,Balance Board,193.33,58,1037,0.0559,Fitness,2025-02-24
P-1040,Balance Board,196.99,81,1117,0.0725,Fitness,2025-02-25
P-1040,Balance Board,190.66,79,1567,0.0504,Fitness,2025-02-26
P-1040,Balance Board,194.38,72,1198,0.0601,Fitness,2025-02-27
P-1040,Balance Board,192.85,73,1171,0.0623,Fitness,2025-02-28
P-1040,Balance Board,190.74,123,2045,0.0601,Fitness,2025-03-01
P-1040,Balance Board,193.55,93,1717,0.0542,Fitness,2025-03-02
P-1040,Balance Board,185.99,70,1408,0.0497,Fitness,2025-03-03
P-1040,Balance Board,183.98,98,1250,0.0784,Fitness,2025-03-04
P-1040,Balance Board,190.61,86,1677,0.0513,Fitness,2025-03-05
P-1040,Balance Board,189.77,64,1314,0.0487,Fitness,2025-03-06
P-1040,Balance Board,195.68,65,1264,0.0514,Fitness,2025-03-07
P-1040,Balance Board,187.65,99,1362,0.0727,Fitness,2025-03-08
P-1040,Balance Board,189.49,97,1652,0.0587,Fitness,2025-03-09
P-1040,Balance Board,184.75,90,1440,0.0625,Fitness,2025-03-10
P-1040,Balance Board,182.18,50,976,0.0512,Fitness,2025-03-11
P-1040,Balance Board,187.63,78,1075,0.0726,Fitness,2025-03-12
P-1040,Balance Board,189.11,95,1347,0.0705,Fitness,2025-03-13
P-1040,Balance Board,184.31,65,1316,0.0494,Fitness,2025-03-14
P-1040,Balance Board,184.34,88,1319,0.0667,Fitness,2025-03-15
P-1040,Balance Board,186.61,98,1730,0.0566,Fitness,2025-03-16
P-1040,Balance Board,185.74,71,1465,0.0485,Fitness,2025-03-17
P-1040,Balance Board,192,70,1221,0.0573,Fitness,2025-03-18
P-1040,Balance Board,187.14,72,1306,0.0551,Fitness,2025-03-19
P-1040,Balance Board,190.08,68,1350,0.0504,Fitness,2025-03-20
P-1040,Balance Board,195.91,62,1047,0.0592,Fitness,2025-03-21
P-1040,Balance Board,188.94,84,1227,0.0685,Fitness,2025-03-22
P-1040,Balance Board,190.02,84,1669,0.0503,Fitness,2025-03-23
P-1040,Balance Board,181.4,101,1606,0.0629,Fitness,2025-03-24
P-1040,Balance Board,193.72,85,1490,0.057,Fitness,2025-03-25
P-1040,Balance Board,189.17,100,1688,0.0592,Fitness,2025-03-26
P-1040,Balance Board,187.64,60,983,0.061,Fitness,2025-03-27
P-1040,Balance Board,191.63,85,1251,0.0679,Fitness,2025-03-28
P-1040,Balance Board,198.6,79,1460,0.0541,Fitness,2025-03-29
P-1040,Balance Board,154.5,112,1584,0.0707,Fitness,2025-03-30
P-1040,Balance Board,174.83,78,1083,0.072,Fitness,2025-03-31
P-1040,Balance Board,182.4,86,1582,0.0544,Fitness,2025-04-01
P-1040,Balance Board,185.18,92,1351,0.0681,Fitness,2025-04-02
P-1040,Balance Board,189.72,96,1602,0.0599,Fitness,2025-04-03
P-1040,Balance Board,190.04,70,1237,0.0566,Fitness,2025-04-04
P-1040,Balance Board,208.55,85,1619,0.0525,Fitness,2025-04-05
P-1040,Balance Board,219.02,71,1577,0.045,Fitness,2025-04-06
P-1040,Balance Board,214.09,56,1139,0.0492,Fitness,2025-04-07
P-1040,Balance Board,194.02,52,1147,0.0453,Fitness,2025-04-08
P-1040,Balance Board,196.71,47,1103,0.0426,Fitness,2025-04-09
P-1040,Balance Board,201.45,57,1111,0.0513,Fitness,2025-04-10
P-1040,Balance Board,202.49,65,1304,0.0498,Fitness,2025-04-11
P-1040,Balance Board,203.58,80,1543,0.0518,Fitness,2025-04-12
P-1040,Balance Board,194.51,42,885,0.0475,Fitness,2025-04-13
P-1040,Balance Board,201.17,66,1127,0.0586,Fitness,2025-04-14
P-1040,Balance Board,198.37,67,1108,0.0605,Fitness,2025-04-15
P-1040,Balance Board,202.4,69,1066,0.0647,Fitness,2025-04-16
P-1040,Balance Board,199.34,75,1292,0.058,Fitness,2025-04-17
P-1040,Balance Board,206.65,64,907,0.0706,Fitness,2025-04-18
P-1040,Balance Board,202.89,58,1080,0.0537,Fitness,2025-04-19
P-1040,Balance Board,203.67,81,1371,0.0591,Fitness,2025-04-20
P-1040,Balance Board,194.5,77,1233,0.0624,Fitness,2025-04-21
P-1040,Balance Board,201.7,63,1130,0.0558,Fitness,2025-04-22
P-1040,Balance Board,202.48,62,1065,0.0582,Fitness,2025-04-23
P-1040,Balance Board,207.04,34,851,0.04,Fitness,2025-04-24
P-1040,Balance Board,203.57,88,1447,0.0608,Fitness,2025-04-25
P-1040,Balance Board,205.77,75,1179,0.0636,Fitness,2025-04-26
P-1040,Balance Board,203.72,94,1423,0.0661,Fitness,2025-04-27
P-1040,Balance Board,199.16,70,1069,0.0655,Fitness,2025-04-28
P-1040,Balance Board,195.41,76,1289,0.059,Fitness,2025-04-29
P-1040,Balance Board,203.01,61,1003,0.0608,Fitness,2025-04-30
P-1040,Balance Board,200.94,78,1149,0.0679,Fitness,2025-05-01
P-1040,Balance Board,203.23,61,1096,0.0557,Fitness,2025-05-02
P-1040,Balance Board,202.57,107,1697,0.0631,Fitness,2025-05-03
P-1040,Balance Board,191.35,82,1124,0.073,Fitness,2025-05-04
P-1041,Organic Coffee Beans,10.01,158,2042,0.0774,Grocery,2025-01-01
P-1041,Organic Coffee Beans,9.88,203,2452,0.0828,Grocery,2025-01-02
P-1041,Organic Coffee Beans,9.89,188,2215,0.0849,Grocery,2025-01-03
P-1041,Organic Coffee Beans,10,187,2299,0.0813,Grocery,2025-01-04
P-1041,Organic Coffee Beans,9.77,220,2878,0.0764,Grocery,2025-01-05
P-1041,Organic Coffee Beans,9.63,167,2041,0.0818,Grocery,2025-01-06
P-1041,Organic Coffee Beans,9.86,135,1798,0.0751,Grocery,2025-01-07
P-1041,Organic Coffee Beans,9.64,165,2003,0.0824,Grocery,2025-01-08
P-1041,Organic Coffee Beans,9.61,150,1692,0.0887,Grocery,2025-01-09
P-1041,Organic Coffee Beans,9.48,188,1880,0.1,Grocery,2025-01-10
P-1041,Organic Coffee Beans,9.95,197,2172,0.0907,Grocery,2025-01-11
P-1041,Organic Coffee Beans,9.68,178,2178,0.0817,Grocery,2025-01-12
P-1041,Organic Coffee Beans,9.6,119,1606,0.0741,Grocery,2025-01-13
P-1041,Organic Coffee Beans,9.8,148,2075,0.0713,Grocery,2025-01-14
P-1041,Organic Coffee Beans,9.43,148,1882,0.0786,Grocery,2025-01-15
P-1041,Organic Coffee Beans,9.76,202,2495,0.081,Grocery,2025-01-16
P-1041,Organic Coffee Beans,9.54,146,1763,0.0828,Grocery,2025-01-17
P-1041,Organic Coffee Beans,9.61,168,2180,0.0771,Grocery,2025-01-18
P-1041,Organic Coffee Beans,10.73,166,2366,0.0702,Grocery,2025-01-19
P-1041,Organic Coffee Beans,10.58,147,2008,0.0732,Grocery,2025-01-20
P-1041,Organic Coffee Beans,10.66,114,1616,0.0705,Grocery,2025-01-21
P-1041,Organic Coffee Beans,10.49,132,1958,0.0674,Grocery,2025-01-22
P-1041,Organic Coffee Beans,9.88,134,1444,0.0928,Grocery,2025-01-23
P-1041,Organic Coffee Beans,10.44,129,1705,0.0757,Grocery,2025-01-24
P-1041,Organic Coffee Beans,9.96,168,1814,0.0926,Grocery,2025-01-25
P-1041,Organic Coffee Beans,10.31,240,2553,0.094,Grocery,2025-01-26
P-1041,Organic Coffee Beans,9.33,149,1611,0.0925,Grocery,2025-01-27
P-1041,Organic Coffee Beans,9.58,188,1786,0.1053,Grocery,2025-01-28
P-1041,Organic Coffee Beans,9.62,116,1485,0.0781,Grocery,2025-01-29
P-1041,Organic Coffee Beans,9.44,198,2242,0.0883,Grocery,2025-01-30
P-1041,Organic Coffee Beans,9.5,198,2054,0.0964,Grocery,2025-01-31
P-1041,Organic Coffee Beans,9.43,168,2271,0.074,Grocery,2025-02-01
P-1041,Organic Coffee Beans,9.25,179,2058,0.087,Grocery,2025-02-02
P-1041,Organic Coffee Beans,9.7,157,1701,0.0923,Grocery,2025-02-03
P-1041,Organic Coffee Beans,9.73,181,2203,0.0822,Grocery,2025-02-04
P-1041,Organic Coffee Beans,9.48,161,1790,0.0899,Grocery,2025-02-05
P-1041,Organic Coffee Beans,9.44,182,1978,0.092,Grocery,2025-02-06
P-1041,Organic Coffee Beans,8.13,169,1799,0.0939,Grocery,2025-02-07
P-1041,Organic Coffee Beans,8.14,157,1526,0.1029,Grocery,2025-02-08
P-1041,Organic Coffee Beans,8.19,171,1995,0.0857,Grocery,2025-02-09
P-1041,Organic Coffee Beans,8.14,257,2283,0.1126,Grocery,2025-02-10
P-1041,Organic Coffee Beans,8.9,222,2203,0.1008,Grocery,2025-02-11
P-1041,Organic Coffee Beans,7.93,169,1852,0.0913,Grocery,2025-02-12
P-1041,Organic Coffee Beans,9.68,163,1829,0.0891,Grocery,2025-02-13
P-1041,Organic Coffee Beans,9.91,206,2123,0.097,Grocery,2025-02-14
P-1041,Organic Coffee Beans,9.5,194,2189,0.0886,Grocery,2025-02-15
P-1041,Organic Coffee Beans,9.94,212,2088,0.1015,Grocery,2025-02-16
P-1041,Organic Coffee Beans,9.52,211,2257,0.0935,Grocery,2025-02-17
P-1041,Organic Coffee Beans,9.87,146,1987,0.0735,Grocery,2025-02-18
P-1041,Organic Coffee Beans,10.09,141,1713,0.0823,Grocery,2025-02-19
P-1041,Organic Coffee Beans,9.7,164,1344,0.122,Grocery,2025-02-20
P-1041,Organic Coffee Beans,9.87,167,1792,0.0932,Grocery,2025-02-21
P-1041,Organic Coffee Beans,10.06,150,2119,0.0708,Grocery,2025-02-22
P-1041,Organic Coffee Beans,10,230,2524,0.0911,Grocery,2025-02-23
P-1041,Organic Coffee Beans,9.71,191,1775,0.1076,Grocery,2025-02-24
P-1041,Organic Coffee Beans,10.27,167,2132,0.0783,Grocery,2025-02-25
P-1041,Organic Coffee Beans,10.19,166,1758,0.0944,Grocery,2025-02-26
P-1041,Organic Coffee Beans,10,200,2287,0.0875,Grocery,2025-02-27
P-1041,Organic Coffee Beans,9.88,204,2139,0.0954,Grocery,2025-02-28
P-1041,Organic Coffee Beans,10.37,183,2436,0.0751,Grocery,2025-03-01
P-1041,Organic Coffee Beans,10.15,271,2725,0.0994,Grocery,2025-03-02
P-1041,Organic Coffee Beans,10.03,147,1893,0.0777,Grocery,2025-03-03
P-1041,Organic Coffee Beans,10.1,196,2193,0.0894,Grocery,2025-03-04
P-1041,Organic Coffee Beans,10.09,197,1943,0.1014,Grocery,2025-03-05
P-1041,Organic Coffee Beans,10.44,203,2387,0.085,Grocery,2025-03-06
P-1041,Organic Coffee Beans,9.82,191,2146,0.089,Grocery,2025-03-07
P-1041,Organic Coffee Beans,10.21,205,2248,0.0912,Grocery,2025-03-08
P-1041,Organic Coffee Beans,9.93,129,1754,0.0735,Grocery,2025-03-09
P-1041,Organic Coffee Beans,10.26,187,1879,0.0995,Grocery,2025-03-10
P-1041,Organic Coffee Beans,10.07,148,2002,0.0739,Grocery,2025-03-11
P-1041,Organic Coffee Beans,10.11,173,1730,0.1,Grocery,2025-03-12
P-1041,Organic Coffee Beans,10.21,177,2059,0.086,Grocery,2025-03-13
P-1041,Organic Coffee Beans,10.18,196,1973,0.0993,Grocery,2025-03-14
P-1041,Organic Coffee Beans,10.08,310,2998,0.1034,Grocery,2025-03-15
P-1041,Organic Coffee Beans,9.88,220,2279,0.0965,Grocery,2025-03-16
P-1041,Organic Coffee Beans,10.42,157,1965,0.0799,Grocery,2025-03-17
P-1041,Organic Coffee Beans,10.32,177,2066,0.0857,Grocery,2025-03-18
P-1041,Organic Coffee Beans,9.88,189,1992,0.0949,Grocery,2025-03-19
P-1041,Organic Coffee Beans,10.05,141,1746,0.0808,Grocery,2025-03-20
P-1041,Organic Coffee Beans,10.12,260,2293,0.1134,Grocery,2025-03-21
P-1041,Organic Coffee Beans,9.04,151,1722,0.0877,Grocery,2025-03-22
P-1041,Organic Coffee Beans,8.42,224,2130,0.1052,Grocery,2025-03-23
P-1041,Organic Coffee Beans,8.95,168,2149,0.0782,Grocery,2025-03-24
P-1041,Organic Coffee Beans,8.56,191,2067,0.0924,Grocery,2025-03-25
P-1041,Organic Coffee Beans,9.01,216,2304,0.0938,Grocery,2025-03-26
P-1041,Organic Coffee Beans,9.33,250,2483,0.1007,Grocery,2025-03-27
P-1041,Organic Coffee Beans,10.67,165,1905,0.0866,Grocery,2025-03-28
P-1041,Organic Coffee Beans,10.68,270,2694,0.1002,Grocery,2025-03-29
P-1041,Organic Coffee Beans,10.33,251,2216,0.1133,Grocery,2025-03-30
P-1041,Organic Coffee Beans,10.42,194,1960,0.099,Grocery,2025-03-31
P-1041,Organic Coffee Beans,10.62,198,2621,0.0755,Grocery,2025-04-01
P-1041,Organic Coffee Beans,10.41,267,2705,0.0987,Grocery,2025-04-02
P-1041,Organic Coffee Beans,10.06,276,2925,0.0944,Grocery,2025-04-03
P-1041,Organic Coffee Beans,9.71,166,1821,0.0912,Grocery,2025-04-04
P-1041,Organic Coffee Beans,9.75,185,2240,0.0826,Grocery,2025-04-05
P-1041,Organic Coffee Beans,9.51,198,2212,0.0895,Grocery,2025-04-06
P-1041,Organic Coffee Beans,9.72,173,2058,0.0841,Grocery,2025-04-07
P-1041,Organic Coffee Beans,9.6,184,2088,0.0881,Grocery,2025-04-08
P-1041,Organic Coffee Beans,9.49,167,1981,0.0843,Grocery,2025-04-09
P-1041,Organic Coffee Beans,9.72,225,1986,0.1133,Grocery,2025-04-10
P-1041,Organic Coffee Beans,9.87,227,2593,0.0875,Grocery,2025-04-11
P-1041,Organic Coffee Beans,9.52,168,2154,0.078,Grocery,2025-04-12
P-1041,Organic Coffee Beans,9.5,233,2760,0.0844,Grocery,2025-04-13
P-1041,Organic Coffee Beans,9.37,221,2173,0.1017,Grocery,2025-04-14
P-1041,Organic Coffee Beans,9.43,180,2474,0.0728,Grocery,2025-04-15
P-1041,Organic Coffee Beans,9.15,177,2050,0.0863,Grocery,2025-04-16
P-1041,Organic Coffee Beans,9.48,143,2031,0.0704,Grocery,2025-04-17
P-1041,Organic Coffee Beans,9.53,234,2286,0.1024,Grocery,2025-04-18
P-1041,Organic Coffee Beans,9.42,179,2095,0.0854,Grocery,2025-04-19
P-1041,Organic Coffee Beans,9.78,236,2605,0.0906,Grocery,2025-04-20
P-1041,Organic Coffee Beans,9.75,172,2252,0.0764,Grocery,2025-04-21
P-1041,Organic Coffee Beans,9.35,196,2346,0.0835,Grocery,2025-04-22
P-1041,Organic Coffee Beans,9.49,124,1793,0.0692,Grocery,2025-04-23
P-1041,Organic Coffee Beans,9.55,166,2149,0.0772,Grocery,2025-04-24
P-1041,Organic Coffee Beans,9.77,195,1982,0.0984,Grocery,2025-04-25
P-1041,Organic Coffee Beans,9.39,294,3090,0.0951,Grocery,2025-04-26
P-1041,Organic Coffee Beans,9.71,203,2334,0.087,Grocery,2025-04-27
P-1041,Organic Coffee Beans,9.46,186,2178,0.0854,Grocery,2025-04-28
P-1041,Organic Coffee Beans,9.57,220,2688,0.0818,Grocery,2025-04-29
P-1041,Organic Coffee Beans,9.83,187,2224,0.0841,Grocery,2025-04-30
P-1041,Organic Coffee Beans,9.55,236,2799,0.0843,Grocery,2025-05-01
P-1041,Organic Coffee Beans,9.67,166,2150,0.0772,Grocery,2025-05-02
P-1041,Organic Coffee Beans,9.52,270,3365,0.0802,Grocery,2025-05-03
P-1041,Organic Coffee Beans,8.64,290,3283,0.0883,Grocery,2025-05-04
