data/ecommerce_pricing_data.csv
product_id,product_name,price,units_sold,page_views,conversion_rate,product_category,date
P-1042,Protein Granola,16.3,113,896,0.1261,Grocery,2025-01-01
P-1042,Protein Granola,16.94,85,640,0.1328,Grocery,2025-01-02
P-1042,Protein Granola,16.11,87,605,0.1438,Grocery,2025-01-03
P-1042,Protein Granola,16.83,82,689,0.119,Grocery,2025-01-04
P-1042,Protein Granola,16.91,92,827,0.1112,Grocery,2025-01-05
P-1042,Protein Granola,16.75,79,609,0.1297,Grocery,2025-01-06
P-1042,Protein Granola,16.34,63,604,0.1043,Grocery,2025-01-07
P-1042,Protein Granola,17.06,77,540,0.1426,Grocery,2025-01-08
P-1042,Protein Granola,16.95,94,686,0.137,Grocery,2025-01-09
P-1042,Protein Granola,18.64,73,624,0.117,Grocery,2025-01-10
P-1042,Protein Granola,18.7,71,769,0.0923,Grocery,2025-01-11
P-1042,Protein Granola,19.04,92,806,0.1141,Grocery,2025-01-12
P-1042,Protein Granola,18.65,70,642,0.109,Grocery,2025-01-13
P-1042,Protein Granola,19.59,74,538,0.1375,Grocery,2025-01-14
P-1042,Protein Granola,18.15,87,641,0.1357,Grocery,2025-01-15
P-1042,Protein Granola,17.67,82,724,0.1133,Grocery,2025-01-16
P-1042,Protein Granola,18.8,72,567,0.127,Grocery,2025-01-17
P-1042,Protein Granola,17.48,105,808,0.13,Grocery,2025-01-18
P-1042,Protein Granola,17.62,105,968,0.1085,Grocery,2025-01-19
P-1042,Protein Granola,17.43,89,662,0.1344,Grocery,2025-01-20
P-1042,Protein Granola,17.65,99,740,0.1338,Grocery,2025-01-21
P-1042,Protein Granola,17.12,103,678,0.1519,Grocery,2025-01-22
P-1042,Protein Granola,17.14,65,563,0.1155,Grocery,2025-01-23
P-1042,Protein Granola,17.78,82,696,0.1178,Grocery,2025-01-24
P-1042,Protein Granola,17.61,84,754,0.1114,Grocery,2025-01-25
P-1042,Protein Granola,17.25,83,685,0.1212,Grocery,2025-01-26
P-1042,Protein Granola,18.07,73,570,0.1281,Grocery,2025-01-27
P-1042,Protein Granola,18.13,102,753,0.1355,Grocery,2025-01-28
P-1042,Protein Granola,17.66,73,632,0.1155,Grocery,2025-01-29
P-1042,Protein Granola,17.24,95,727,0.1307,Grocery,2025-01-30
P-1042,Protein Granola,17.81,91,598,0.1522,Grocery,2025-01-31
P-1042,Protein Granola,18,106,950,0.1116,Grocery,2025-02-01
P-1042,Protein Granola,16.44,96,777,0.1236,Grocery,2025-02-02
P-1042,Protein Granola,15.63,90,771,0.1167,Grocery,2025-02-03
P-1042,Protein Granola,15.13,90,647,0.1391,Grocery,2025-02-04
P-1042,Protein Granola,15,105,833,0.1261,Grocery,2025-02-05
P-1042,Protein Granola,14.06,76,596,0.1275,Grocery,2025-02-06
P-1042,Protein Granola,16.32,83,594,0.1397,Grocery,2025-02-07
P-1042,Protein Granola,18.11,107,751,0.1425,Grocery,2025-02-08
P-1042,Protein Granola,17.89,120,773,0.1552,Grocery,2025-02-09
P-1042,Protein Granola,18.53,104,751,0.1385,Grocery,2025-02-10
P-1042,Protein Granola,18.2,73,520,0.1404,Grocery,2025-02-11
P-1042,Protein Granola,17.82,95,775,0.1226,Grocery,2025-02-12
P-1042,Protein Granola,17.84,117,825,0.1418,Grocery,2025-02-13
P-1042,Protein Granola,18,121,840,0.144,Grocery,2025-02-14
P-1042,Protein Granola,17.53,121,910,0.133,Grocery,2025-02-15
P-1042,Protein Granola,17.88,96,920,0.1043,Grocery,2025-02-16
P-1042,Protein Granola,17.34,69,603,0.1144,Grocery,2025-02-17
P-1042,Protein Granola,17.52,106,819,0.1294,Grocery,2025-02-18
P-1042,Protein Granola,17.93,84,755,0.1113,Grocery,2025-02-19
P-1042,Protein Granola,18.28,106,809,0.131,Grocery,2025-02-20
P-1042,Protein Granola,17.87,102,755,0.1351,Grocery,2025-02-21
P-1042,Protein Granola,17.48,100,772,0.1295,Grocery,2025-02-22
P-1042,Protein Granola,18.06,119,907,0.1312,Grocery,2025-02-23
P-1042,Protein Granola,17.75,86,801,0.1074,Grocery,2025-02-24
P-1042,Protein Granola,18.09,117,927,0.1262,Grocery,2025-02-25
P-1042,Protein Granola,17.5,118,826,0.1429,Grocery,2025-02-26
P-1042,Protein Granola,18.3,97,780,0.1244,Grocery,2025-02-27
P-1042,Protein Granola,17.38,112,906,0.1236,Grocery,2025-02-28
P-1042,Protein Granola,18.07,123,959,0.1283,Grocery,2025-03-01
P-1042,Protein Granola,16.94,114,873,0.1306,Grocery,2025-03-02
P-1042,Protein Granola,17.24,90,786,0.1145,Grocery,2025-03-03
P-1042,Protein Granola,17.38,108,875,0.1234,Grocery,2025-03-04
P-1042,Protein Granola,17.52,71,648,0.1096,Grocery,2025-03-05
P-1042,Protein Granola,16.9,118,931,0.1267,Grocery,2025-03-06
P-1042,Protein Granola,16.35,87,775,0.1123,Grocery,2025-03-07
P-1042,Protein Granola,16.23,148,1172,0.1263,Grocery,2025-03-08
P-1042,Protein Granola,17.57,94,748,0.1257,Grocery,2025-03-09
P-1042,Protein Granola,16.42,98,697,0.1406,Grocery,2025-03-10
P-1042,Protein Granola,17.27,115,926,0.1242,Grocery,2025-03-11
P-1042,Protein Granola,17.55,75,728,0.103,Grocery,2025-03-12
P-1042,Protein Granola,16.74,115,892,0.1289,Grocery,2025-03-13
P-1042,Protein Granola,17.09,73,716,0.102,Grocery,2025-03-14
P-1042,Protein Granola,16.86,126,956,0.1318,Grocery,2025-03-15
P-1042,Protein Granola,16.27,82,772,0.1062,Grocery,2025-03-16
P-1042,Protein Granola,15.4,104,734,0.1417,Grocery,2025-03-17
P-1042,Protein Granola,16.86,81,708,0.1144,Grocery,2025-03-18
P-1042,Protein Granola,15.36,84,626,0.1342,Grocery,2025-03-19
P-1042,Protein Granola,17.73,101,833,0.1212,Grocery,2025-03-20
P-1042,Protein Granola,15.82,88,909,0.0968,Grocery,2025-03-21
P-1042,Protein Granola,14.58,118,956,0.1234,Grocery,2025-03-22
P-1042,Protein Granola,18.22,98,959,0.1022,Grocery,2025-03-23
P-1042,Protein Granola,17.87,83,647,0.1283,Grocery,2025-03-24
P-1042,Protein Granola,17.5,63,549,0.1148,Grocery,2025-03-25
P-1042,Protein Granola,16.88,112,764,0.1466,Grocery,2025-03-26
P-1042,Protein Granola,17.52,68,602,0.113,Grocery,2025-03-27
P-1042,Protein Granola,16.36,80,804,0.0995,Grocery,2025-03-28
P-1042,Protein Granola,17.45,120,1000,0.12,Grocery,2025-03-29
P-1042,Protein Granola,17.46,108,774,0.1395,Grocery,2025-03-30
P-1042,Protein Granola,17.43,107,894,0.1197,Grocery,2025-03-31
P-1042,Protein Granola,16.49,79,862,0.0916,Grocery,2025-04-01
P-1042,Protein Granola,16.43,97,692,0.1402,Grocery,2025-04-02
P-1042,Protein Granola,17.34,97,784,0.1237,Grocery,2025-04-03
P-1042,Protein Granola,17.21,116,895,0.1296,Grocery,2025-04-04
P-1042,Protein Granola,16.56,99,872,0.1135,Grocery,2025-04-05
P-1042,Protein Granola,17.49,88,871,0.101,Grocery,2025-04-06
P-1042,Protein Granola,17.45,79,672,0.1176,Grocery,2025-04-07
P-1042,Protein Granola,17.17,74,695,0.1065,Grocery,2025-04-08
P-1042,Protein Granola,16.9,86,644,0.1335,Grocery,2025-04-09
P-1042,Protein Granola,17.08,64,651,0.0983,Grocery,2025-04-10
P-1042,Protein Granola,16.97,116,854,0.1358,Grocery,2025-04-11
P-1042,Protein Granola,17.69,89,851,0.1046,Grocery,2025-04-12
P-1042,Protein Granola,17.54,119,1022,0.1164,Grocery,2025-04-13
P-1042,Protein Granola,17.09,69,639,0.108,Grocery,2025-04-14
P-1042,Protein Granola,17.14,86,710,0.1211,Grocery,2025-04-15
P-1042,Protein Granola,17.63,65,576,0.1128,Grocery,2025-04-16
P-1042,Protein Granola,17.37,64,514,0.1245,Grocery,2025-04-17
P-1042,Protein Granola,17.91,92,780,0.1179,Grocery,2025-04-18
P-1042,Protein Granola,17.47,89,810,0.1099,Grocery,2025-04-19
P-1042,Protein Granola,17.86,126,1114,0.1131,Grocery,2025-04-20
P-1042,Protein Granola,18.07,86,708,0.1215,Grocery,2025-04-21
P-1042,Protein Granola,17.69,83,664,0.125,Grocery,2025-04-22
P-1042,Protein Granola,17.58,63,667,0.0945,Grocery,2025-04-23
P-1042,Protein Granola,17.33,82,720,0.1139,Grocery,2025-04-24
P-1042,Protein Granola,17.57,82,630,0.1302,Grocery,2025-04-25
P-1042,Protein Granola,17.24,84,823,0.1021,Grocery,2025-04-26
P-1042,Protein Granola,18.1,94,782,0.1202,Grocery,2025-04-27
P-1042,Protein Granola,17.87,42,499,0.0842,Grocery,2025-04-28
P-1042,Protein Granola,13.71,61,546,0.1117,Grocery,2025-04-29
P-1042,Protein Granola,15.79,86,685,0.1255,Grocery,2025-04-30
P-1042,Protein Granola,15.46,90,658,0.1368,Grocery,2025-05-01
P-1042,Protein Granola,16.1,108,790,0.1367,Grocery,2025-05-02
P-1042,Protein Granola,16.37,133,1056,0.1259,Grocery,2025-05-03
P-1042,Protein Granola,15.25,132,947,0.1394,Grocery,2025-05-04
P-1043,Sparkling Water Pack,39.03,414,2083,0.1988,Grocery,2025-01-01
P-1043,Sparkling Water Pack,37.71,416,2006,0.2074,Grocery,2025-01-02
P-1043,Sparkling Water Pack,35.5,455,2295,0.1983,Grocery,2025-01-03
P-1043,Sparkling Water Pack,36.44,395,2255,0.1752,Grocery,2025-01-04
P-1043,Sparkling Water Pack,36.09,381,2156,0.1767,Grocery,2025-01-05
P-1043,Sparkling Water Pack,38.1,334,2001,0.1669,Grocery,2025-01-06
P-1043,Sparkling Water Pack,36.4,265,1449,0.1829,Grocery,2025-01-07
P-1043,Sparkling Water Pack,37.46,297,1647,0.1803,Grocery,2025-01-08
P-1043,Sparkling Water Pack,33.97,438,2351,0.1863,Grocery,2025-01-09
P-1043,Sparkling Water Pack,33.66,349,1989,0.1755,Grocery,2025-01-10
P-1043,Sparkling Water Pack,33.65,400,2103,0.1902,Grocery,2025-01-11
P-1043,Sparkling Water Pack,34.57,342,2067,0.1655,Grocery,2025-01-12
P-1043,Sparkling Water Pack,33.52,309,1409,0.2193,Grocery,2025-01-13
P-1043,Sparkling Water Pack,33.65,369,1896,0.1946,Grocery,2025-01-14
P-1043,Sparkling Water Pack,33.12,381,1827,0.2085,Grocery,2025-01-15
P-1043,Sparkling Water Pack,33.23,335,1552,0.2159,Grocery,2025-01-16
P-1043,Sparkling Water Pack,32.64,340,1975,0.1722,Grocery,2025-01-17
P-1043,Sparkling Water Pack,32.47,377,1936,0.1947,Grocery,2025-01-18
P-1043,Sparkling Water Pack,33.78,302,1517,0.1991,Grocery,2025-01-19
P-1043,Sparkling Water Pack,32.58,381,1873,0.2034,Grocery,2025-01-20
P-1043,Sparkling Water Pack,33.59,319,1601,0.1993,Grocery,2025-01-21
P-1043,Sparkling Water Pack,33.95,278,1627,0.1709,Grocery,2025-01-22
P-1043,Sparkling Water Pack,33.14,288,1575,0.1829,Grocery,2025-01-23
P-1043,Sparkling Water Pack,33.2,348,1538,0.2263,Grocery,2025-01-24
P-1043,Sparkling Water Pack,33.08,447,2484,0.18,Grocery,2025-01-25
P-1043,Sparkling Water Pack,32.66,427,2097,0.2036,Grocery,2025-01-26
P-1043,Sparkling Water Pack,32.66,270,1340,0.2015,Grocery,2025-01-27
P-1043,Sparkling Water Pack,30.37,323,1545,0.2091,Grocery,2025-01-28
P-1043,Sparkling Water Pack,27,352,1608,0.2189,Grocery,2025-01-29
P-1043,Sparkling Water Pack,27.69,309,1421,0.2175,Grocery,2025-01-30
P-1043,Sparkling Water Pack,30.68,324,1875,0.1728,Grocery,2025-01-31
P-1043,Sparkling Water Pack,30.7,439,2004,0.2191,Grocery,2025-02-01
P-1043,Sparkling Water Pack,29.09,433,2125,0.2038,Grocery,2025-02-02
P-1043,Sparkling Water Pack,34.09,422,2262,0.1866,Grocery,2025-02-03
P-1043,Sparkling Water Pack,33.58,512,2254,0.2272,Grocery,2025-02-04
P-1043,Sparkling Water Pack,33.13,433,1846,0.2346,Grocery,2025-02-05
P-1043,Sparkling Water Pack,33.52,338,1768,0.1912,Grocery,2025-02-06
P-1043,Sparkling Water Pack,34.47,310,1674,0.1852,Grocery,2025-02-07
P-1043,Sparkling Water Pack,33.62,425,1946,0.2184,Grocery,2025-02-08
P-1043,Sparkling Water Pack,33.58,368,1661,0.2216,Grocery,2025-02-09
P-1043,Sparkling Water Pack,33.27,352,1872,0.188,Grocery,2025-02-10
P-1043,Sparkling Water Pack,34.65,392,1698,0.2309,Grocery,2025-02-11
P-1043,Sparkling Water Pack,34.01,264,1365,0.1934,Grocery,2025-02-12
P-1043,Sparkling Water Pack,34.43,350,1846,0.1896,Grocery,2025-02-13
P-1043,Sparkling Water Pack,34.13,327,1716,0.1906,Grocery,2025-02-14
P-1043,Sparkling Water Pack,34.22,337,1601,0.2105,Grocery,2025-02-15
P-1043,Sparkling Water Pack,34.09,436,1971,0.2212,Grocery,2025-02-16
P-1043,Sparkling Water Pack,34.01,487,2204,0.221,Grocery,2025-02-17
P-1043,Sparkling Water Pack,34.77,311,1504,0.2068,Grocery,2025-02-18
P-1043,Sparkling Water Pack,33.85,500,1913,0.2614,Grocery,2025-02-19
P-1043,Sparkling Water Pack,34.91,361,1640,0.2201,Grocery,2025-02-20
P-1043,Sparkling Water Pack,35.13,312,1623,0.1922,Grocery,2025-02-21
P-1043,Sparkling Water Pack,34.8,410,2192,0.187,Grocery,2025-02-22
P-1043,Sparkling Water Pack,35.63,591,2616,0.2259,Grocery,2025-02-23
P-1043,Sparkling Water Pack,35.7,403,1889,0.2133,Grocery,2025-02-24
P-1043,Sparkling Water Pack,34.42,356,1781,0.1999,Grocery,2025-02-25
P-1043,Sparkling Water Pack,34.57,290,1327,0.2185,Grocery,2025-02-26
P-1043,Sparkling Water Pack,34.25,437,2141,0.2041,Grocery,2025-02-27
P-1043,Sparkling Water Pack,35.96,450,2041,0.2205,Grocery,2025-02-28
P-1043,Sparkling Water Pack,35.62,428,1819,0.2353,Grocery,2025-03-01
P-1043,Sparkling Water Pack,35.54,375,1711,0.2192,Grocery,2025-03-02
P-1043,Sparkling Water Pack,35.18,536,2176,0.2463,Grocery,2025-03-03
P-1043,Sparkling Water Pack,34.06,436,1767,0.2467,Grocery,2025-03-04
P-1043,Sparkling Water Pack,35.39,420,2040,0.2059,Grocery,2025-03-05
P-1043,Sparkling Water Pack,35.16,346,1757,0.1969,Grocery,2025-03-06
P-1043,Sparkling Water Pack,35.19,469,2040,0.2299,Grocery,2025-03-07
P-1043,Sparkling Water Pack,34.67,468,1973,0.2372,Grocery,2025-03-08
P-1043,Sparkling Water Pack,38.98,365,1946,0.1876,Grocery,2025-03-09
P-1043,Sparkling Water Pack,38.75,346,1628,0.2125,Grocery,2025-03-10
P-1043,Sparkling Water Pack,37.71,335,1566,0.2139,Grocery,2025-03-11
P-1043,Sparkling Water Pack,33.03,327,1571,0.2081,Grocery,2025-03-12
P-1043,Sparkling Water Pack,31.45,365,1478,0.247,Grocery,2025-03-13
P-1043,Sparkling Water Pack,33.89,390,2000,0.195,Grocery,2025-03-14
P-1043,Sparkling Water Pack,33.73,457,1833,0.2493,Grocery,2025-03-15
P-1043,Sparkling Water Pack,33.19,449,2154,0.2084,Grocery,2025-03-16
P-1043,Sparkling Water Pack,31.5,385,1785,0.2157,Grocery,2025-03-17
P-1043,Sparkling Water Pack,35.4,384,1824,0.2105,Grocery,2025-03-18
P-1043,Sparkling Water Pack,35.19,369,1684,0.2191,Grocery,2025-03-19
P-1043,Sparkling Water Pack,34.08,450,2169,0.2075,Grocery,2025-03-20
P-1043,Sparkling Water Pack,34.15,313,1527,0.205,Grocery,2025-03-21
P-1043,Sparkling Water Pack,34.31,385,1959,0.1965,Grocery,2025-03-22
P-1043,Sparkling Water Pack,34.61,674,2904,0.2321,Grocery,2025-03-23
P-1043,Sparkling Water Pack,33.82,358,1756,0.2039,Grocery,2025-03-24
P-1043,Sparkling Water Pack,34.7,469,2347,0.1998,Grocery,2025-03-25
P-1043,Sparkling Water Pack,35.27,355,1782,0.1992,Grocery,2025-03-26
P-1043,Sparkling Water Pack,33.27,384,2248,0.1708,Grocery,2025-03-27
P-1043,Sparkling Water Pack,33.9,425,2049,0.2074,Grocery,2025-03-28
P-1043,Sparkling Water Pack,33.62,406,2309,0.1758,Grocery,2025-03-29
P-1043,Sparkling Water Pack,33.48,374,1842,0.203,Grocery,2025-03-30
P-1043,Sparkling Water Pack,34.06,438,2006,0.2183,Grocery,2025-03-31
P-1043,Sparkling Water Pack,35.59,447,2033,0.2199,Grocery,2025-04-01
P-1043,Sparkling Water Pack,34.51,529,2404,0.22,Grocery,2025-04-02
P-1043,Sparkling Water Pack,33.02,419,2025,0.2069,Grocery,2025-04-03
P-1043,Sparkling Water Pack,34.41,369,1743,0.2117,Grocery,2025-04-04
P-1043,Sparkling Water Pack,33.32,510,2473,0.2062,Grocery,2025-04-05
P-1043,Sparkling Water Pack,33.97,476,2287,0.2081,Grocery,2025-04-06
P-1043,Sparkling Water Pack,33.56,321,1614,0.1989,Grocery,2025-04-07
P-1043,Sparkling Water Pack,33.25,421,1900,0.2216,Grocery,2025-04-08
P-1043,Sparkling Water Pack,34.26,304,1848,0.1645,Grocery,2025-04-09
P-1043,Sparkling Water Pack,32.78,554,2242,0.2471,Grocery,2025-04-10
P-1043,Sparkling Water Pack,32.69,403,2134,0.1888,Grocery,2025-04-11
P-1043,Sparkling Water Pack,33.53,312,1856,0.1681,Grocery,2025-04-12
P-1043,Sparkling Water Pack,32.92,407,1982,0.2053,Grocery,2025-04-13
P-1043,Sparkling Water Pack,33.59,491,2333,0.2105,Grocery,2025-04-14
P-1043,Sparkling Water Pack,33.46,388,2182,0.1778,Grocery,2025-04-15
P-1043,Sparkling Water Pack,33.58,378,1773,0.2132,Grocery,2025-04-16
P-1043,Sparkling Water Pack,32.31,364,1881,0.1935,Grocery,2025-04-17
P-1043,Sparkling Water Pack,33.8,355,1819,0.1952,Grocery,2025-04-18
P-1043,Sparkling Water Pack,33.02,553,2630,0.2103,Grocery,2025-04-19
P-1043,Sparkling Water Pack,33.86,393,2071,0.1898,Grocery,2025-04-20
P-1043,Sparkling Water Pack,32.78,409,1819,0.2248,Grocery,2025-04-21
P-1043,Sparkling Water Pack,32.86,477,2355,0.2025,Grocery,2025-04-22
P-1043,Sparkling Water Pack,32.71,499,2467,0.2023,Grocery,2025-04-23
P-1043,Sparkling Water Pack,29.33,455,2293,0.1984,Grocery,2025-04-24
P-1043,Sparkling Water Pack,29.24,299,1561,0.1915,Grocery,2025-04-25
P-1043,Sparkling Water Pack,30.67,499,2182,0.2287,Grocery,2025-04-26
P-1043,Sparkling Water Pack,30.5,539,2685,0.2007,Grocery,2025-04-27
P-1043,Sparkling Water Pack,28.43,385,1811,0.2126,Grocery,2025-04-28
P-1043,Sparkling Water Pack,30.49,504,2131,0.2365,Grocery,2025-04-29
P-1043,Sparkling Water Pack,33.61,315,1893,0.1664,Grocery,2025-04-30
P-1043,Sparkling Water Pack,34.03,372,2286,0.1627,Grocery,2025-05-01
P-1043,Sparkling Water Pack,34.33,365,2104,0.1735,Grocery,2025-05-02
P-1043,Sparkling Water Pack,33.95,418,2228,0.1876,Grocery,2025-05-03
P-1043,Sparkling Water Pack,34.42,598,2985,0.2003,Grocery,2025-05-04
