data/ecommerce_pricing_data.csv
product_id,product_name,price,units_sold,page_views,conversion_rate,product_category,date
P-1044,Olive Oil Tin,23.51,428,2026,0.2113,Grocery,2025-01-01
P-1044,Olive Oil Tin,23.97,240,1457,0.1647,Grocery,2025-01-02
P-1044,Olive Oil Tin,23.99,369,1796,0.2055,Grocery,2025-01-03
P-1044,Olive Oil Tin,24.04,359,1683,0.2133,Grocery,2025-01-04
P-1044,Olive Oil Tin,23.13,339,1667,0.2034,Grocery,2025-01-05
P-1044,Olive Oil Tin,23.82,259,1334,0.1942,Grocery,2025-01-06
P-1044,Olive Oil Tin,23.5,327,1734,0.1886,Grocery,2025-01-07
P-1044,Olive Oil Tin,22.86,364,1816,0.2004,Grocery,2025-01-08
P-1044,Olive Oil Tin,23.03,264,1535,0.172,Grocery,2025-01-09
P-1044,Olive Oil Tin,23.79,253,1361,0.1859,Grocery,2025-01-10
P-1044,Olive Oil Tin,23.59,312,1603,0.1946,Grocery,2025-01-11
P-1044,Olive Oil Tin,23.08,248,1302,0.1905,Grocery,2025-01-12
P-1044,Olive Oil Tin,23.97,161,999,0.1612,Grocery,2025-01-13
P-1044,Olive Oil Tin,23.71,242,1359,0.1781,Grocery,2025-01-14
P-1044,Olive Oil Tin,23.24,214,1295,0.1653,Grocery,2025-01-15
P-1044,Olive Oil Tin,23.25,333,1895,0.1757,Grocery,2025-01-16
P-1044,Olive Oil Tin,22.98,260,1380,0.1884,Grocery,2025-01-17
P-1044,Olive Oil Tin,23.4,275,1471,0.1869,Grocery,2025-01-18
P-1044,Olive Oil Tin,23.59,316,1474,0.2144,Grocery,2025-01-19
P-1044,Olive Oil Tin,23.88,192,1178,0.163,Grocery,2025-01-20
P-1044,Olive Oil Tin,23.47,234,1151,0.2033,Grocery,2025-01-21
P-1044,Olive Oil Tin,22.79,299,1496,0.1999,Grocery,2025-01-22
P-1044,Olive Oil Tin,19.35,316,1462,0.2161,Grocery,2025-01-23
P-1044,Olive Oil Tin,18.94,368,1564,0.2353,Grocery,2025-01-24
P-1044,Olive Oil Tin,18.36,295,1469,0.2008,Grocery,2025-01-25
P-1044,Olive Oil Tin,20.85,476,1797,0.2649,Grocery,2025-01-26
P-1044,Olive Oil Tin,20.41,349,1544,0.226,Grocery,2025-01-27
P-1044,Olive Oil Tin,19.95,308,1525,0.202,Grocery,2025-01-28
P-1044,Olive Oil Tin,23.14,219,1215,0.1802,Grocery,2025-01-29
P-1044,Olive Oil Tin,23.3,269,1377,0.1954,Grocery,2025-01-30
P-1044,Olive Oil Tin,23.41,423,1879,0.2251,Grocery,2025-01-31
P-1044,Olive Oil Tin,23.23,353,1626,0.2171,Grocery,2025-02-01
P-1044,Olive Oil Tin,23.13,347,1628,0.2131,Grocery,2025-02-02
P-1044,Olive Oil Tin,23.1,415,1795,0.2312,Grocery,2025-02-03
P-1044,Olive Oil Tin,23.44,240,1334,0.1799,Grocery,2025-02-04
P-1044,Olive Oil Tin,23.59,383,1518,0.2523,Grocery,2025-02-05
P-1044,Olive Oil Tin,23.71,306,1250,0.2448,Grocery,2025-02-06
P-1044,Olive Oil Tin,22.81,378,1674,0.2258,Grocery,2025-02-07
P-1044,Olive Oil Tin,23.87,395,1809,0.2184,Grocery,2025-02-08
P-1044,Olive Oil Tin,23.48,424,1559,0.272,Grocery,2025-02-09
P-1044,Olive Oil Tin,23.95,275,1243,0.2212,Grocery,2025-02-10
P-1044,Olive Oil Tin,23.53,304,1451,0.2095,Grocery,2025-02-11
P-1044,Olive Oil Tin,24.04,220,1187,0.1853,Grocery,2025-02-12
P-1044,Olive Oil Tin,24.16,184,1134,0.1623,Grocery,2025-02-13
P-1044,Olive Oil Tin,23.13,263,1402,0.1876,Grocery,2025-02-14
P-1044,Olive Oil Tin,23.5,298,1552,0.192,Grocery,2025-02-15
P-1044,Olive Oil Tin,23.82,338,1423,0.2375,Grocery,2025-02-16
P-1044,Olive Oil Tin,24.17,251,1195,0.21,Grocery,2025-02-17
P-1044,Olive Oil Tin,23.9,310,1493,0.2076,Grocery,2025-02-18
P-1044,Olive Oil Tin,24.16,253,1104,0.2292,Grocery,2025-02-19
P-1044,Olive Oil Tin,24.28,368,1477,0.2492,Grocery,2025-02-20
P-1044,Olive Oil Tin,24.42,339,1352,0.2507,Grocery,2025-02-21
P-1044,Olive Oil Tin,24.29,222,1077,0.2061,Grocery,2025-02-22
P-1044,Olive Oil Tin,23.64,198,1110,0.1784,Grocery,2025-02-23
P-1044,Olive Oil Tin,24.29,346,1573,0.22,Grocery,2025-02-24
P-1044,Olive Oil Tin,24.61,321,1327,0.2419,Grocery,2025-02-25
P-1044,Olive Oil Tin,24.05,287,1435,0.2,Grocery,2025-02-26
P-1044,Olive Oil Tin,25.3,306,1612,0.1898,Grocery,2025-02-27
P-1044,Olive Oil Tin,26.44,280,1549,0.1808,Grocery,2025-02-28
P-1044,Olive Oil Tin,26.13,382,1887,0.2024,Grocery,2025-03-01
P-1044,Olive Oil Tin,26.67,387,2147,0.1803,Grocery,2025-03-02
P-1044,Olive Oil Tin,25.23,325,1466,0.2217,Grocery,2025-03-03
P-1044,Olive Oil Tin,27.86,325,1594,0.2039,Grocery,2025-03-04
P-1044,Olive Oil Tin,26.79,319,1790,0.1782,Grocery,2025-03-05
P-1044,Olive Oil Tin,26.94,350,1815,0.1928,Grocery,2025-03-06
P-1044,Olive Oil Tin,23.55,308,1150,0.2678,Grocery,2025-03-07
P-1044,Olive Oil Tin,21.1,314,1292,0.243,Grocery,2025-03-08
P-1044,Olive Oil Tin,22.81,420,1822,0.2305,Grocery,2025-03-09
P-1044,Olive Oil Tin,22.41,456,1640,0.278,Grocery,2025-03-10
P-1044,Olive Oil Tin,21.1,377,1501,0.2512,Grocery,2025-03-11
P-1044,Olive Oil Tin,21.27,360,1552,0.232,Grocery,2025-03-12
P-1044,Olive Oil Tin,23.32,233,1259,0.1851,Grocery,2025-03-13
P-1044,Olive Oil Tin,24.62,375,1769,0.212,Grocery,2025-03-14
P-1044,Olive Oil Tin,24.04,338,1555,0.2174,Grocery,2025-03-15
P-1044,Olive Oil Tin,24.16,269,1424,0.1889,Grocery,2025-03-16
P-1044,Olive Oil Tin,23.68,313,1478,0.2118,Grocery,2025-03-17
P-1044,Olive Oil Tin,24.58,318,1377,0.2309,Grocery,2025-03-18
P-1044,Olive Oil Tin,24.15,301,1564,0.1925,Grocery,2025-03-19
P-1044,Olive Oil Tin,23.92,310,1374,0.2256,Grocery,2025-03-20
P-1044,Olive Oil Tin,24.12,294,1580,0.1861,Grocery,2025-03-21
P-1044,Olive Oil Tin,24.19,320,1696,0.1887,Grocery,2025-03-22
P-1044,Olive Oil Tin,23.84,384,1654,0.2322,Grocery,2025-03-23
P-1044,Olive Oil Tin,24.59,322,1621,0.1986,Grocery,2025-03-24
P-1044,Olive Oil Tin,24.14,330,1572,0.2099,Grocery,2025-03-25
P-1044,Olive Oil Tin,23.8,329,1664,0.1977,Grocery,2025-03-26
P-1044,Olive Oil Tin,24.52,317,1772,0.1789,Grocery,2025-03-27
P-1044,Olive Oil Tin,23.98,246,1479,0.1663,Grocery,2025-03-28
P-1044,Olive Oil Tin,23.88,401,2259,0.1775,Grocery,2025-03-29
P-1044,Olive Oil Tin,23.11,403,1720,0.2343,Grocery,2025-03-30
P-1044,Olive Oil Tin,23.88,344,1538,0.2237,Grocery,2025-03-31
P-1044,Olive Oil Tin,23.97,249,1165,0.2137,Grocery,2025-04-01
P-1044,Olive Oil Tin,22.91,272,1562,0.1741,Grocery,2025-04-02
P-1044,Olive Oil Tin,23.73,490,2142,0.2288,Grocery,2025-04-03
P-1044,Olive Oil Tin,24.03,296,1641,0.1804,Grocery,2025-04-04
P-1044,Olive Oil Tin,22.96,344,1703,0.202,Grocery,2025-04-05
P-1044,Olive Oil Tin,22.5,287,1406,0.2041,Grocery,2025-04-06
P-1044,Olive Oil Tin,23.19,328,1692,0.1939,Grocery,2025-04-07
P-1044,Olive Oil Tin,22.86,358,1549,0.2311,Grocery,2025-04-08
P-1044,Olive Oil Tin,23.65,255,1409,0.181,Grocery,2025-04-09
P-1044,Olive Oil Tin,23.57,314,1542,0.2036,Grocery,2025-04-10
P-1044,Olive Oil Tin,22.8,291,1392,0.2091,Grocery,2025-04-11
P-1044,Olive Oil Tin,22.04,334,1587,0.2105,Grocery,2025-04-12
P-1044,Olive Oil Tin,22.85,436,1941,0.2246,Grocery,2025-04-13
P-1044,Olive Oil Tin,23.19,406,1869,0.2172,Grocery,2025-04-14
P-1044,Olive Oil Tin,22.17,339,1610,0.2106,Grocery,2025-04-15
P-1044,Olive Oil Tin,22.8,292,1621,0.1801,Grocery,2025-04-16
P-1044,Olive Oil Tin,22.76,324,1686,0.1922,Grocery,2025-04-17
P-1044,Olive Oil Tin,22.7,261,1744,0.1497,Grocery,2025-04-18
P-1044,Olive Oil Tin,20.85,365,1737,0.2101,Grocery,2025-04-19
P-1044,Olive Oil Tin,20.68,353,1862,0.1896,Grocery,2025-04-20
P-1044,Olive Oil Tin,19.95,326,1567,0.208,Grocery,2025-04-21
P-1044,Olive Oil Tin,20.86,282,1408,0.2003,Grocery,2025-04-22
P-1044,Olive Oil Tin,20.01,385,1780,0.2163,Grocery,2025-04-23
P-1044,Olive Oil Tin,18.64,322,1488,0.2164,Grocery,2025-04-24
P-1044,Olive Oil Tin,23.89,266,1476,0.1802,Grocery,2025-04-25
P-1044,Olive Oil Tin,23.37,343,1941,0.1767,Grocery,2025-04-26
P-1044,Olive Oil Tin,24.04,253,1291,0.196,Grocery,2025-04-27
P-1044,Olive Oil Tin,23.24,271,1462,0.1854,Grocery,2025-04-28
P-1044,Olive Oil Tin,23.51,306,1793,0.1707,Grocery,2025-04-29
P-1044,Olive Oil Tin,23.85,295,1457,0.2025,Grocery,2025-04-30
P-1044,Olive Oil Tin,23.56,307,1676,0.1832,Grocery,2025-05-01
P-1044,Olive Oil Tin,23.98,258,1409,0.1831,Grocery,2025-05-02
P-1044,Olive Oil Tin,24.2,349,1988,0.1756,Grocery,2025-05-03
P-1044,Olive Oil Tin,24.04,400,2208,0.1812,Grocery,2025-05-04
P-1045,Dried Mango Slices,13.17,96,653,0.147,Grocery,2025-01-01
P-1045,Dried Mango Slices,12.89,165,825,0.2,Grocery,2025-01-02
P-1045,Dried Mango Slices,13.16,142,727,0.1953,Grocery,2025-01-03
P-1045,Dried Mango Slices,13.05,139,768,0.181,Grocery,2025-01-04
P-1045,Dried Mango Slices,13.48,170,846,0.2009,Grocery,2025-01-05
P-1045,Dried Mango Slices,12.89,122,594,0.2054,Grocery,2025-01-06
P-1045,Dried Mango Slices,12.81,81,467,0.1734,Grocery,2025-01-07
P-1045,Dried Mango Slices,13.1,133,796,0.1671,Grocery,2025-01-08
P-1045,Dried Mango Slices,12.88,130,701,0.1854,Grocery,2025-01-09
P-1045,Dried Mango Slices,13.04,146,753,0.1939,Grocery,2025-01-10
P-1045,Dried Mango Slices,13.57,171,847,0.2019,Grocery,2025-01-11
P-1045,Dried Mango Slices,13.18,138,782,0.1765,Grocery,2025-01-12
P-1045,Dried Mango Slices,13.27,161,713,0.2258,Grocery,2025-01-13
P-1045,Dried Mango Slices,13.13,100,543,0.1842,Grocery,2025-01-14
P-1045,Dried Mango Slices,13.14,110,587,0.1874,Grocery,2025-01-15
P-1045,Dried Mango Slices,13.1,146,699,0.2089,Grocery,2025-01-16
P-1045,Dried Mango Slices,13.29,160,893,0.1792,Grocery,2025-01-17
P-1045,Dried Mango Slices,11.88,180,788,0.2284,Grocery,2025-01-18
P-1045,Dried Mango Slices,10.93,141,698,0.202,Grocery,2025-01-19
P-1045,Dried Mango Slices,10.95,153,780,0.1962,Grocery,2025-01-20
P-1045,Dried Mango Slices,11.56,153,786,0.1947,Grocery,2025-01-21
P-1045,Dried Mango Slices,11.45,147,852,0.1725,Grocery,2025-01-22
P-1045,Dried Mango Slices,11.61,164,772,0.2124,Grocery,2025-01-23
P-1045,Dried Mango Slices,13.02,125,600,0.2083,Grocery,2025-01-24
P-1045,Dried Mango Slices,12.99,141,755,0.1868,Grocery,2025-01-25
P-1045,Dried Mango Slices,12.74,166,845,0.1964,Grocery,2025-01-26
P-1045,Dried Mango Slices,12.94,131,752,0.1742,Grocery,2025-01-27
P-1045,Dried Mango Slices,12.8,98,550,0.1782,Grocery,2025-01-28
P-1045,Dried Mango Slices,12.58,136,781,0.1741,Grocery,2025-01-29
P-1045,Dried Mango Slices,12.57,124,654,0.1896,Grocery,2025-01-30
P-1045,Dried Mango Slices,12.36,167,794,0.2103,Grocery,2025-01-31
P-1045,Dried Mango Slices,13.13,187,1006,0.1859,Grocery,2025-02-01
P-1045,Dried Mango Slices,12.4,166,877,0.1893,Grocery,2025-02-02
P-1045,Dried Mango Slices,12.78,114,574,0.1986,Grocery,2025-02-03
P-1045,Dried Mango Slices,12.99,127,751,0.1691,Grocery,2025-02-04
P-1045,Dried Mango Slices,12.52,121,777,0.1557,Grocery,2025-02-05
P-1045,Dried Mango Slices,12.75,108,688,0.157,Grocery,2025-02-06
P-1045,Dried Mango Slices,12.23,129,726,0.1777,Grocery,2025-02-07
P-1045,Dried Mango Slices,12.36,171,982,0.1741,Grocery,2025-02-08
P-1045,Dried Mango Slices,12.61,146,776,0.1881,Grocery,2025-02-09
P-1045,Dried Mango Slices,12.82,109,702,0.1553,Grocery,2025-02-10
P-1045,Dried Mango Slices,12.23,123,698,0.1762,Grocery,2025-02-11
P-1045,Dried Mango Slices,12.86,113,626,0.1805,Grocery,2025-02-12
P-1045,Dried Mango Slices,12.49,129,710,0.1817,Grocery,2025-02-13
P-1045,Dried Mango Slices,12.5,137,619,0.2213,Grocery,2025-02-14
P-1045,Dried Mango Slices,12.19,207,1045,0.1981,Grocery,2025-02-15
P-1045,Dried Mango Slices,12.09,177,962,0.184,Grocery,2025-02-16
P-1045,Dried Mango Slices,12.36,121,797,0.1518,Grocery,2025-02-17
P-1045,Dried Mango Slices,12.12,138,834,0.1655,Grocery,2025-02-18
P-1045,Dried Mango Slices,13.2,119,676,0.176,Grocery,2025-02-19
P-1045,Dried Mango Slices,12.82,150,713,0.2104,Grocery,2025-02-20
P-1045,Dried Mango Slices,13.57,102,700,0.1457,Grocery,2025-02-21
P-1045,Dried Mango Slices,13.4,180,875,0.2057,Grocery,2025-02-22
P-1045,Dried Mango Slices,13.71,172,889,0.1935,Grocery,2025-02-23
P-1045,Dried Mango Slices,13.34,141,745,0.1893,Grocery,2025-02-24
P-1045,Dried Mango Slices,12.87,144,682,0.2111,Grocery,2025-02-25
P-1045,Dried Mango Slices,13.46,154,815,0.189,Grocery,2025-02-26
P-1045,Dried Mango Slices,12.38,181,925,0.1957,Grocery,2025-02-27
P-1045,Dried Mango Slices,12.23,147,775,0.1897,Grocery,2025-02-28
P-1045,Dried Mango Slices,12.35,152,903,0.1683,Grocery,2025-03-01
P-1045,Dried Mango Slices,11.27,140,759,0.1845,Grocery,2025-03-02
P-1045,Dried Mango Slices,11.16,138,776,0.1778,Grocery,2025-03-03
P-1045,Dried Mango Slices,9.94,152,733,0.2074,Grocery,2025-03-04
P-1045,Dried Mango Slices,10.37,134,721,0.1859,Grocery,2025-03-05
P-1045,Dried Mango Slices,10.34,145,644,0.2252,Grocery,2025-03-06
P-1045,Dried Mango Slices,9.92,124,605,0.205,Grocery,2025-03-07
P-1045,Dried Mango Slices,12.56,122,646,0.1889,Grocery,2025-03-08
P-1045,Dried Mango Slices,12.67,113,635,0.178,Grocery,2025-03-09
P-1045,Dried Mango Slices,12.43,139,744,0.1868,Grocery,2025-03-10
P-1045,Dried Mango Slices,12.43,128,649,0.1972,Grocery,2025-03-11
P-1045,Dried Mango Slices,12.7,145,650,0.2231,Grocery,2025-03-12
P-1045,Dried Mango Slices,12.8,108,562,0.1922,Grocery,2025-03-13
P-1045,Dried Mango Slices,12.68,126,545,0.2312,Grocery,2025-03-14
P-1045,Dried Mango Slices,12.83,134,718,0.1866,Grocery,2025-03-15
P-1045,Dried Mango Slices,12.97,125,704,0.1776,Grocery,2025-03-16
P-1045,Dried Mango Slices,12.35,115,548,0.2099,Grocery,2025-03-17
P-1045,Dried Mango Slices,13.26,109,631,0.1727,Grocery,2025-03-18
P-1045,Dried Mango Slices,12.75,133,533,0.2495,Grocery,2025-03-19
P-1045,Dried Mango Slices,12.96,151,709,0.213,Grocery,2025-03-20
P-1045,Dried Mango Slices,12.78,95,498,0.1908,Grocery,2025-03-21
P-1045,Dried Mango Slices,12.8,104,645,0.1612,Grocery,2025-03-22
P-1045,Dried Mango Slices,13.04,163,863,0.1889,Grocery,2025-03-23
P-1045,Dried Mango Slices,12.99,133,692,0.1922,Grocery,2025-03-24
P-1045,Dried Mango Slices,13.21,96,460,0.2087,Grocery,2025-03-25
P-1045,Dried Mango Slices,13.04,123,688,0.1788,Grocery,2025-03-26
P-1045,Dried Mango Slices,12.9,124,620,0.2,Grocery,2025-03-27
P-1045,Dried Mango Slices,13.01,123,608,0.2023,Grocery,2025-03-28
P-1045,Dried Mango Slices,12.97,157,880,0.1784,Grocery,2025-03-29
P-1045,Dried Mango Slices,12.97,179,833,0.2149,Grocery,2025-03-30
P-1045,Dried Mango Slices,13.23,124,618,0.2006,Grocery,2025-03-31
P-1045,Dried Mango Slices,12.78,108,674,0.1602,Grocery,2025-04-01
P-1045,Dried Mango Slices,12.88,136,698,0.1948,Grocery,2025-04-02
P-1045,Dried Mango Slices,13.24,150,820,0.1829,Grocery,2025-04-03
P-1045,Dried Mango Slices,12.93,109,605,0.1802,Grocery,2025-04-04
P-1045,Dried Mango Slices,13.42,168,853,0.197,Grocery,2025-04-05
P-1045,Dried Mango Slices,13.33,87,554,0.157,Grocery,2025-04-06
P-1045,Dried Mango Slices,13.03,129,585,0.2205,Grocery,2025-04-07
P-1045,Dried Mango Slices,13.57,122,638,0.1912,Grocery,2025-04-08
P-1045,Dried Mango Slices,12.88,143,679,0.2106,Grocery,2025-04-09
P-1045,Dried Mango Slices,13.29,139,783,0.1775,Grocery,2025-04-10
P-1045,Dried Mango Slices,12.78,117,592,0.1976,Grocery,2025-04-11
P-1045,Dried Mango Slices,13.22,161,742,0.217,Grocery,2025-04-12
P-1045,Dried Mango Slices,12.87,148,819,0.1807,Grocery,2025-04-13
P-1045,Dried Mango Slices,10.91,120,558,0.2151,Grocery,2025-04-14
P-1045,Dried Mango Slices,11.18,177,729,0.2428,Grocery,2025-04-15
P-1045,Dried Mango Slices,10.46,89,528,0.1686,Grocery,2025-04-16
P-1045,Dried Mango Slices,11.15,131,641,0.2044,Grocery,2025-04-17
P-1045,Dried Mango Slices,10.48,125,614,0.2036,Grocery,2025-04-18
P-1045,Dried Mango Slices,11.39,182,805,0.2261,Grocery,2025-04-19
P-1045,Dried Mango Slices,12.46,139,660,0.2106,Grocery,2025-04-20
P-1045,Dried Mango Slices,12.8,94,625,0.1504,Grocery,2025-04-21
P-1045,Dried Mango Slices,12.65,176,840,0.2095,Grocery,2025-04-22
P-1045,Dried Mango Slices,13.18,140,721,0.1942,Grocery,2025-04-23
P-1045,Dried Mango Slices,12.4,124,595,0.2084,Grocery,2025-04-24
P-1045,Dried Mango Slices,12.51,106,618,0.1715,Grocery,2025-04-25
P-1045,Dried Mango Slices,12.71,129,535,0.2411,Grocery,2025-04-26
P-1045,Dried Mango Slices,14.18,152,819,0.1856,Grocery,2025-04-27
P-1045,Dried Mango Slices,13.99,104,592,0.1757,Grocery,2025-04-28
P-1045,Dried Mango Slices,13.8,156,614,0.2541,Grocery,2025-04-29
P-1045,Dried Mango Slices,13.85,127,730,0.174,Grocery,2025-04-30
P-1045,Dried Mango Slices,13.66,188,832,0.226,Grocery,2025-05-01
P-1045,Dried Mango Slices,13.71,193,1017,0.1898,Grocery,2025-05-02
P-1045,Dried Mango Slices,13.81,91,615,0.148,Grocery,2025-05-03
P-1045,Dried Mango Slices,13.42,122,748,0.1631,Grocery,2025-05-04
