data/ecommerce_pricing_data.csv
product_id,product_name,price,units_sold,page_views,conversion_rate,product_category,date
P-1046,Plant-Based Jerky,5.17,530,2982,0.1777,Grocery,2025-01-01
P-1046,Plant-Based Jerky,5.12,609,3190,0.1909,Grocery,2025-01-02
P-1046,Plant-Based Jerky,5.31,544,2389,0.2277,Grocery,2025-01-03
P-1046,Plant-Based Jerky,5.21,675,3639,0.1855,Grocery,2025-01-04
P-1046,Plant-Based Jerky,5.2,557,2764,0.2015,Grocery,2025-01-05
P-1046,Plant-Based Jerky,5.19,461,2578,0.1788,Grocery,2025-01-06
P-1046,Plant-Based Jerky,5.08,678,3183,0.213,Grocery,2025-01-07
P-1046,Plant-Based Jerky,5.23,685,3552,0.1928,Grocery,2025-01-08
P-1046,Plant-Based Jerky,5.18,710,3732,0.1902,Grocery,2025-01-09
P-1046,Plant-Based Jerky,5.05,454,2693,0.1686,Grocery,2025-01-10
P-1046,Plant-Based Jerky,5.14,570,3494,0.1631,Grocery,2025-01-11
P-1046,Plant-Based Jerky,5.19,585,3433,0.1704,Grocery,2025-01-12
P-1046,Plant-Based Jerky,4.38,601,2548,0.2359,Grocery,2025-01-13
P-1046,Plant-Based Jerky,4.24,597,2784,0.2144,Grocery,2025-01-14
P-1046,Plant-Based Jerky,4.3,405,2102,0.1927,Grocery,2025-01-15
P-1046,Plant-Based Jerky,4.28,537,2608,0.2059,Grocery,2025-01-16
P-1046,Plant-Based Jerky,4.3,697,3754,0.1857,Grocery,2025-01-17
P-1046,Plant-Based Jerky,4.66,705,3489,0.2021,Grocery,2025-01-18
P-1046,Plant-Based Jerky,5.05,497,2535,0.1961,Grocery,2025-01-19
P-1046,Plant-Based Jerky,5.13,444,2917,0.1522,Grocery,2025-01-20
P-1046,Plant-Based Jerky,5.13,568,2948,0.1927,Grocery,2025-01-21
P-1046,Plant-Based Jerky,5.02,607,3014,0.2014,Grocery,2025-01-22
P-1046,Plant-Based Jerky,5.06,521,2929,0.1779,Grocery,2025-01-23
P-1046,Plant-Based Jerky,4.97,834,3986,0.2092,Grocery,2025-01-24
P-1046,Plant-Based Jerky,4.89,586,3432,0.1707,Grocery,2025-01-25
P-1046,Plant-Based Jerky,4.95,545,2817,0.1935,Grocery,2025-01-26
P-1046,Plant-Based Jerky,4.75,459,2331,0.1969,Grocery,2025-01-27
P-1046,Plant-Based Jerky,5.02,687,3987,0.1723,Grocery,2025-01-28
P-1046,Plant-Based Jerky,5.05,448,2490,0.1799,Grocery,2025-01-29
P-1046,Plant-Based Jerky,4.76,397,2374,0.1672,Grocery,2025-01-30
P-1046,Plant-Based Jerky,4.95,433,2767,0.1565,Grocery,2025-01-31
P-1046,Plant-Based Jerky,4.87,616,3444,0.1789,Grocery,2025-02-01
P-1046,Plant-Based Jerky,4.81,558,2855,0.1954,Grocery,2025-02-02
P-1046,Plant-Based Jerky,5.04,380,2416,0.1573,Grocery,2025-02-03
P-1046,Plant-Based Jerky,4.98,514,2584,0.1989,Grocery,2025-02-04
P-1046,Plant-Based Jerky,4.78,613,3264,0.1878,Grocery,2025-02-05
P-1046,Plant-Based Jerky,4.77,403,2372,0.1699,Grocery,2025-02-06
P-1046,Plant-Based Jerky,4.95,629,2998,0.2098,Grocery,2025-02-07
P-1046,Plant-Based Jerky,4.85,577,3548,0.1626,Grocery,2025-02-08
P-1046,Plant-Based Jerky,4.72,496,2532,0.1959,Grocery,2025-02-09
P-1046,Plant-Based Jerky,5.17,446,2711,0.1645,Grocery,2025-02-10
P-1046,Plant-Based Jerky,5.33,430,2801,0.1535,Grocery,2025-02-11
P-1046,Plant-Based Jerky,4.97,526,3049,0.1725,Grocery,2025-02-12
P-1046,Plant-Based Jerky,5.34,411,2360,0.1742,Grocery,2025-02-13
P-1046,Plant-Based Jerky,5.23,454,2786,0.163,Grocery,2025-02-14
P-1046,Plant-Based Jerky,5.16,431,2788,0.1546,Grocery,2025-02-15
P-1046,Plant-Based Jerky,5.43,397,2869,0.1384,Grocery,2025-02-16
P-1046,Plant-Based Jerky,5.42,400,2314,0.1729,Grocery,2025-02-17
P-1046,Plant-Based Jerky,4.67,492,2670,0.1843,Grocery,2025-02-18
P-1046,Plant-Based Jerky,4.73,474,2612,0.1815,Grocery,2025-02-19
P-1046,Plant-Based Jerky,4.75,535,2946,0.1816,Grocery,2025-02-20
P-1046,Plant-Based Jerky,4.76,422,2537,0.1663,Grocery,2025-02-21
P-1046,Plant-Based Jerky,4.89,524,3276,0.16,Grocery,2025-02-22
P-1046,Plant-Based Jerky,4.88,496,2847,0.1742,Grocery,2025-02-23
P-1046,Plant-Based Jerky,4.77,459,2394,0.1917,Grocery,2025-02-24
P-1046,Plant-Based Jerky,4.3,540,2905,0.1859,Grocery,2025-02-25
P-1046,Plant-Based Jerky,4.2,628,2828,0.2221,Grocery,2025-02-26
P-1046,Plant-Based Jerky,4.14,549,2752,0.1995,Grocery,2025-02-27
P-1046,Plant-Based Jerky,4.11,535,2524,0.212,Grocery,2025-02-28
P-1046,Plant-Based Jerky,4.36,548,2962,0.185,Grocery,2025-03-01
P-1046,Plant-Based Jerky,4.01,810,3716,0.218,Grocery,2025-03-02
P-1046,Plant-Based Jerky,4.9,507,2797,0.1813,Grocery,2025-03-03
P-1046,Plant-Based Jerky,4.84,566,2827,0.2002,Grocery,2025-03-04
P-1046,Plant-Based Jerky,4.79,422,2341,0.1803,Grocery,2025-03-05
P-1046,Plant-Based Jerky,5.09,538,3118,0.1725,Grocery,2025-03-06
P-1046,Plant-Based Jerky,4.9,677,3364,0.2012,Grocery,2025-03-07
P-1046,Plant-Based Jerky,4.77,675,3117,0.2166,Grocery,2025-03-08
P-1046,Plant-Based Jerky,4.89,589,3205,0.1838,Grocery,2025-03-09
P-1046,Plant-Based Jerky,4.93,400,2529,0.1582,Grocery,2025-03-10
P-1046,Plant-Based Jerky,5.03,453,2321,0.1952,Grocery,2025-03-11
P-1046,Plant-Based Jerky,5.14,438,2226,0.1968,Grocery,2025-03-12
P-1046,Plant-Based Jerky,5.28,317,1897,0.1671,Grocery,2025-03-13
P-1046,Plant-Based Jerky,4.9,566,2660,0.2128,Grocery,2025-03-14
P-1046,Plant-Based Jerky,5.25,414,2311,0.1791,Grocery,2025-03-15
P-1046,Plant-Based Jerky,5.02,547,3333,0.1641,Grocery,2025-03-16
P-1046,Plant-Based Jerky,5.06,445,2745,0.1621,Grocery,2025-03-17
P-1046,Plant-Based Jerky,5.02,455,2576,0.1766,Grocery,2025-03-18
P-1046,Plant-Based Jerky,5.24,390,2078,0.1877,Grocery,2025-03-19
P-1046,Plant-Based Jerky,4.99,503,2318,0.217,Grocery,2025-03-20
P-1046,Plant-Based Jerky,5.06,593,2800,0.2118,Grocery,2025-03-21
P-1046,Plant-Based Jerky,5.02,714,3519,0.2029,Grocery,2025-03-22
P-1046,Plant-Based Jerky,5.1,734,3114,0.2357,Grocery,2025-03-23
P-1046,Plant-Based Jerky,5.03,544,2829,0.1923,Grocery,2025-03-24
P-1046,Plant-Based Jerky,5.04,473,2061,0.2295,Grocery,2025-03-25
P-1046,Plant-Based Jerky,5.19,420,2674,0.1571,Grocery,2025-03-26
P-1046,Plant-Based Jerky,5.15,475,2449,0.194,Grocery,2025-03-27
P-1046,Plant-Based Jerky,5.2,484,2851,0.1698,Grocery,2025-03-28
P-1046,Plant-Based Jerky,5.06,612,2858,0.2141,Grocery,2025-03-29
P-1046,Plant-Based Jerky,4.96,332,2363,0.1405,Grocery,2025-03-30
P-1046,Plant-Based Jerky,5.2,564,2913,0.1936,Grocery,2025-03-31
P-1046,Plant-Based Jerky,5.11,369,2024,0.1823,Grocery,2025-04-01
P-1046,Plant-Based Jerky,5.33,444,2548,0.1743,Grocery,2025-04-02
P-1046,Plant-Based Jerky,5.17,553,2725,0.2029,Grocery,2025-04-03
P-1046,Plant-Based Jerky,5.16,652,2704,0.2411,Grocery,2025-04-04
P-1046,Plant-Based Jerky,5.18,747,3540,0.211,Grocery,2025-04-05
P-1046,Plant-Based Jerky,5.1,509,2839,0.1793,Grocery,2025-04-06
P-1046,Plant-Based Jerky,5.07,532,2413,0.2205,Grocery,2025-04-07
P-1046,Plant-Based Jerky,5.19,395,2235,0.1767,Grocery,2025-04-08
P-1046,Plant-Based Jerky,4.26,549,2336,0.235,Grocery,2025-04-09
P-1046,Plant-Based Jerky,4.58,540,2793,0.1933,Grocery,2025-04-10
P-1046,Plant-Based Jerky,4.5,568,2519,0.2255,Grocery,2025-04-11
P-1046,Plant-Based Jerky,4.56,535,3129,0.171,Grocery,2025-04-12
P-1046,Plant-Based Jerky,4.75,679,3350,0.2027,Grocery,2025-04-13
P-1046,Plant-Based Jerky,4.43,495,2169,0.2282,Grocery,2025-04-14
P-1046,Plant-Based Jerky,5.02,495,2452,0.2019,Grocery,2025-04-15
P-1046,Plant-Based Jerky,4.95,574,2863,0.2005,Grocery,2025-04-16
P-1046,Plant-Based Jerky,5.01,561,2959,0.1896,Grocery,2025-04-17
P-1046,Plant-Based Jerky,5.67,440,2543,0.173,Grocery,2025-04-18
P-1046,Plant-Based Jerky,5.16,813,4703,0.1729,Grocery,2025-04-19
P-1046,Plant-Based Jerky,5.58,436,2463,0.177,Grocery,2025-04-20
P-1046,Plant-Based Jerky,5.12,487,2447,0.199,Grocery,2025-04-21
P-1046,Plant-Based Jerky,5.14,596,3279,0.1818,Grocery,2025-04-22
P-1046,Plant-Based Jerky,5.21,434,2290,0.1895,Grocery,2025-04-23
P-1046,Plant-Based Jerky,5.6,540,2682,0.2013,Grocery,2025-04-24
P-1046,Plant-Based Jerky,5.18,598,2793,0.2141,Grocery,2025-04-25
P-1046,Plant-Based Jerky,4.84,467,2312,0.202,Grocery,2025-04-26
P-1046,Plant-Based Jerky,5.04,584,2953,0.1978,Grocery,2025-04-27
P-1046,Plant-Based Jerky,4.84,508,2345,0.2166,Grocery,2025-04-28
P-1046,Plant-Based Jerky,4.6,679,3119,0.2177,Grocery,2025-04-29
P-1046,Plant-Based Jerky,4.97,479,2441,0.1962,Grocery,2025-04-30
P-1046,Plant-Based Jerky,4.91,595,3134,0.1899,Grocery,2025-05-01
P-1046,Plant-Based Jerky,4.78,606,2949,0.2055,Grocery,2025-05-02
P-1046,Plant-Based Jerky,4.93,663,3518,0.1885,Grocery,2025-05-03
P-1046,Plant-Based Jerky,4.69,713,3217,0.2216,Grocery,2025-05-04
P-1047,Almond Butter Jar,20.47,189,1490,0.1268,Grocery,2025-01-01
P-1047,Almond Butter Jar,20.61,148,1210,0.1223,Grocery,2025-01-02
P-1047,Almond Butter Jar,20.41,238,1979,0.1203,Grocery,2025-01-03
P-1047,Almond Butter Jar,20.27,221,1603,0.1379,Grocery,2025-01-04
P-1047,Almond Butter Jar,20.15,225,1781,0.1263,Grocery,2025-01-05
P-1047,Almond Butter Jar,20.67,215,1748,0.123,Grocery,2025-01-06
P-1047,Almond Butter Jar,20.2,243,1662,0.1462,Grocery,2025-01-07
P-1047,Almond Butter Jar,19.19,216,1700,0.1271,Grocery,2025-01-08
P-1047,Almond Butter Jar,17.8,263,1592,0.1652,Grocery,2025-01-09
P-1047,Almond Butter Jar,18.36,194,1391,0.1395,Grocery,2025-01-10
P-1047,Almond Butter Jar,17.76,298,1730,0.1723,Grocery,2025-01-11
P-1047,Almond Butter Jar,17.97,278,1835,0.1515,Grocery,2025-01-12
P-1047,Almond Butter Jar,17.02,285,1743,0.1635,Grocery,2025-01-13
P-1047,Almond Butter Jar,20.21,198,1369,0.1446,Grocery,2025-01-14
P-1047,Almond Butter Jar,19.8,156,1343,0.1162,Grocery,2025-01-15
P-1047,Almond Butter Jar,19.93,221,1472,0.1501,Grocery,2025-01-16
P-1047,Almond Butter Jar,19.98,225,1315,0.1711,Grocery,2025-01-17
P-1047,Almond Butter Jar,19.17,231,1655,0.1396,Grocery,2025-01-18
P-1047,Almond Butter Jar,19.8,221,1544,0.1431,Grocery,2025-01-19
P-1047,Almond Butter Jar,19.24,162,1031,0.1571,Grocery,2025-01-20
P-1047,Almond Butter Jar,19.22,202,1450,0.1393,Grocery,2025-01-21
P-1047,Almond Butter Jar,19.69,194,1383,0.1403,Grocery,2025-01-22
P-1047,Almond Butter Jar,19.97,211,1481,0.1425,Grocery,2025-01-23
P-1047,Almond Butter Jar,18.89,231,1575,0.1467,Grocery,2025-01-24
P-1047,Almond Butter Jar,18.85,163,1255,0.1299,Grocery,2025-01-25
P-1047,Almond Butter Jar,19.86,285,2080,0.137,Grocery,2025-01-26
P-1047,Almond Butter Jar,19.48,214,1505,0.1422,Grocery,2025-01-27
P-1047,Almond Butter Jar,19.09,199,1449,0.1373,Grocery,2025-01-28
P-1047,Almond Butter Jar,18.2,162,1095,0.1479,Grocery,2025-01-29
P-1047,Almond Butter Jar,19.9,226,1483,0.1524,Grocery,2025-01-30
P-1047,Almond Butter Jar,19.6,201,1375,0.1462,Grocery,2025-01-31
P-1047,Almond Butter Jar,20.18,226,1961,0.1152,Grocery,2025-02-01
P-1047,Almond Butter Jar,20.76,232,1505,0.1542,Grocery,2025-02-02
P-1047,Almond Butter Jar,20.53,193,1456,0.1326,Grocery,2025-02-03
P-1047,Almond Butter Jar,20.81,177,1241,0.1426,Grocery,2025-02-04
P-1047,Almond Butter Jar,21.64,173,1384,0.125,Grocery,2025-02-05
P-1047,Almond Butter Jar,21.68,190,1186,0.1602,Grocery,2025-02-06
P-1047,Almond Butter Jar,19.82,233,1544,0.1509,Grocery,2025-02-07
P-1047,Almond Butter Jar,21.36,178,1524,0.1168,Grocery,2025-02-08
P-1047,Almond Butter Jar,19.99,174,1223,0.1423,Grocery,2025-02-09
P-1047,Almond Butter Jar,19.75,212,1182,0.1794,Grocery,2025-02-10
P-1047,Almond Butter Jar,20.14,206,1372,0.1501,Grocery,2025-02-11
P-1047,Almond Butter Jar,19.44,206,1334,0.1544,Grocery,2025-02-12
P-1047,Almond Butter Jar,19.48,148,1051,0.1408,Grocery,2025-02-13
P-1047,Almond Butter Jar,18.99,146,999,0.1461,Grocery,2025-02-14
P-1047,Almond Butter Jar,19.36,216,1204,0.1794,Grocery,2025-02-15
P-1047,Almond Butter Jar,20.12,238,1458,0.1632,Grocery,2025-02-16
P-1047,Almond Butter Jar,19.94,128,937,0.1366,Grocery,2025-02-17
P-1047,Almond Butter Jar,19.72,220,1802,0.1221,Grocery,2025-02-18
P-1047,Almond Butter Jar,19.92,149,1013,0.1471,Grocery,2025-02-19
P-1047,Almond Butter Jar,17.46,248,1570,0.158,Grocery,2025-02-20
P-1047,Almond Butter Jar,18.3,227,1322,0.1717,Grocery,2025-02-21
P-1047,Almond Butter Jar,17.35,250,1323,0.189,Grocery,2025-02-22
P-1047,Almond Butter Jar,17.92,269,1813,0.1484,Grocery,2025-02-23
P-1047,Almond Butter Jar,17.41,235,1413,0.1663,Grocery,2025-02-24
P-1047,Almond Butter Jar,17.82,201,1161,0.1731,Grocery,2025-02-25
P-1047,Almond Butter Jar,20.05,222,1377,0.1612,Grocery,2025-02-26
P-1047,Almond Butter Jar,20.68,196,1354,0.1448,Grocery,2025-02-27
P-1047,Almond Butter Jar,20.32,264,1429,0.1847,Grocery,2025-02-28
P-1047,Almond Butter Jar,20.25,204,1467,0.1391,Grocery,2025-03-01
P-1047,Almond Butter Jar,20.55,282,2087,0.1351,Grocery,2025-03-02
P-1047,Almond Butter Jar,20.51,324,1919,0.1688,Grocery,2025-03-03
P-1047,Almond Butter Jar,20.1,193,1304,0.148,Grocery,2025-03-04
P-1047,Almond Butter Jar,20.3,205,1471,0.1394,Grocery,2025-03-05
P-1047,Almond Butter Jar,20.76,186,1256,0.1481,Grocery,2025-03-06
P-1047,Almond Butter Jar,20.21,208,1361,0.1528,Grocery,2025-03-07
P-1047,Almond Butter Jar,20.81,255,1540,0.1656,Grocery,2025-03-08
P-1047,Almond Butter Jar,20.18,196,1414,0.1386,Grocery,2025-03-09
P-1047,Almond Butter Jar,20.81,247,1656,0.1492,Grocery,2025-03-10
P-1047,Almond Butter Jar,19.89,215,1224,0.1757,Grocery,2025-03-11
P-1047,Almond Butter Jar,19.97,252,1524,0.1654,Grocery,2025-03-12
P-1047,Almond Butter Jar,20.8,198,1473,0.1344,Grocery,2025-03-13
P-1047,Almond Butter Jar,20.32,203,1231,0.1649,Grocery,2025-03-14
P-1047,Almond Butter Jar,20.96,264,1675,0.1576,Grocery,2025-03-15
P-1047,Almond Butter Jar,20.73,223,1453,0.1535,Grocery,2025-03-16
P-1047,Almond Butter Jar,20.36,308,1869,0.1648,Grocery,2025-03-17
P-1047,Almond Butter Jar,20.43,207,1357,0.1525,Grocery,2025-03-18
P-1047,Almond Butter Jar,20.17,188,1282,0.1466,Grocery,2025-03-19
P-1047,Almond Butter Jar,20.05,221,1464,0.151,Grocery,2025-03-20
P-1047,Almond Butter Jar,20.55,261,1397,0.1868,Grocery,2025-03-21
P-1047,Almond Butter Jar,20.63,212,1339,0.1583,Grocery,2025-03-22
P-1047,Almond Butter Jar,20.22,310,1740,0.1782,Grocery,2025-03-23
P-1047,Almond Butter Jar,20.3,217,1435,0.1512,Grocery,2025-03-24
P-1047,Almond Butter Jar,20.33,232,1526,0.152,Grocery,2025-03-25
P-1047,Almond Butter Jar,19.8,241,1450,0.1662,Grocery,2025-03-26
P-1047,Almond Butter Jar,19.74,197,1332,0.1479,Grocery,2025-03-27
P-1047,Almond Butter Jar,20.18,339,1855,0.1827,Grocery,2025-03-28
P-1047,Almond Butter Jar,19.67,268,1384,0.1936,Grocery,2025-03-29
P-1047,Almond Butter Jar,20.5,198,1422,0.1392,Grocery,2025-03-30
P-1047,Almond Butter Jar,20.31,235,1397,0.1682,Grocery,2025-03-31
P-1047,Almond Butter Jar,20.34,191,1345,0.142,Grocery,2025-04-01
P-1047,Almond Butter Jar,19.78,175,1458,0.12,Grocery,2025-04-02
P-1047,Almond Butter Jar,19.83,328,2148,0.1527,Grocery,2025-04-03
P-1047,Almond Butter Jar,17.99,282,1607,0.1755,Grocery,2025-04-04
P-1047,Almond Butter Jar,17.25,411,2504,0.1641,Grocery,2025-04-05
P-1047,Almond Butter Jar,17.24,229,1275,0.1796,Grocery,2025-04-06
P-1047,Almond Butter Jar,16.51,232,1284,0.1807,Grocery,2025-04-07
P-1047,Almond Butter Jar,16.3,298,1568,0.1901,Grocery,2025-04-08
P-1047,Almond Butter Jar,18.57,202,1407,0.1436,Grocery,2025-04-09
P-1047,Almond Butter Jar,20.73,208,1362,0.1527,Grocery,2025-04-10
P-1047,Almond Butter Jar,20.82,227,1724,0.1317,Grocery,2025-04-11
P-1047,Almond Butter Jar,22.09,187,1347,0.1388,Grocery,2025-04-12
P-1047,Almond Butter Jar,21.51,218,1746,0.1249,Grocery,2025-04-13
P-1047,Almond Butter Jar,20.44,236,1945,0.1213,Grocery,2025-04-14
P-1047,Almond Butter Jar,20.36,195,1252,0.1558,Grocery,2025-04-15
P-1047,Almond Butter Jar,21.23,188,1324,0.142,Grocery,2025-04-16
P-1047,Almond Butter Jar,19.46,198,1343,0.1474,Grocery,2025-04-17
P-1047,Almond Butter Jar,19.08,267,1642,0.1626,Grocery,2025-04-18
P-1047,Almond Butter Jar,19.49,279,1731,0.1612,Grocery,2025-04-19
P-1047,Almond Butter Jar,19.44,299,2050,0.1459,Grocery,2025-04-20
P-1047,Almond Butter Jar,19.01,199,1295,0.1537,Grocery,2025-04-21
P-1047,Almond Butter Jar,19.17,237,1637,0.1448,Grocery,2025-04-22
P-1047,Almond Butter Jar,18.55,215,1328,0.1619,Grocery,2025-04-23
P-1047,Almond Butter Jar,19.34,206,1518,0.1357,Grocery,2025-04-24
P-1047,Almond Butter Jar,19.56,201,1355,0.1483,Grocery,2025-04-25
P-1047,Almond Butter Jar,19.55,222,1836,0.1209,Grocery,2025-04-26
P-1047,Almond Butter Jar,19.48,220,1313,0.1676,Grocery,2025-04-27
P-1047,Almond Butter Jar,19.21,248,1730,0.1434,Grocery,2025-04-28
P-1047,Almond Butter Jar,19.6,183,1435,0.1275,Grocery,2025-04-29
P-1047,Almond Butter Jar,18.98,211,1436,0.1469,Grocery,2025-04-30
P-1047,Almond Butter Jar,19.47,193,1699,0.1136,Grocery,2025-05-01
P-1047,Almond Butter Jar,19.58,240,1631,0.1471,Grocery,2025-05-02
P-1047,Almond Butter Jar,19.19,233,1516,0.1537,Grocery,2025-05-03
P-1047,Almond Butter Jar,19.23,249,1787,0.1393,Grocery,2025-05-04
