data/ecommerce_pricing_data.csv
product_id,product_name,price,units_sold,page_views,conversion_rate,product_category,date
P-1048,Herbal Tea Sampler,30.83,451,2796,0.1613,Grocery,2025-01-01
P-1048,Herbal Tea Sampler,31.75,434,3023,0.1436,Grocery,2025-01-02
P-1048,Herbal Tea Sampler,26.56,411,2286,0.1798,Grocery,2025-01-03
P-1048,Herbal Tea Sampler,26.71,404,2953,0.1368,Grocery,2025-01-04
P-1048,Herbal Tea Sampler,27.49,383,2888,0.1326,Grocery,2025-01-05
P-1048,Herbal Tea Sampler,28.57,476,2920,0.163,Grocery,2025-01-06
P-1048,Herbal Tea Sampler,27.59,402,2738,0.1468,Grocery,2025-01-07
P-1048,Herbal Tea Sampler,26.53,413,3028,0.1364,Grocery,2025-01-08
P-1048,Herbal Tea Sampler,30.23,328,2623,0.125,Grocery,2025-01-09
P-1048,Herbal Tea Sampler,31.03,435,3212,0.1354,Grocery,2025-01-10
P-1048,Herbal Tea Sampler,29.68,493,3025,0.163,Grocery,2025-01-11
P-1048,Herbal Tea Sampler,30.45,345,2373,0.1454,Grocery,2025-01-12
P-1048,Herbal Tea Sampler,30.29,312,2671,0.1168,Grocery,2025-01-13
P-1048,Herbal Tea Sampler,29.33,307,2307,0.1331,Grocery,2025-01-14
P-1048,Herbal Tea Sampler,29.64,315,2448,0.1287,Grocery,2025-01-15
P-1048,Herbal Tea Sampler,29.86,320,2299,0.1392,Grocery,2025-01-16
P-1048,Herbal Tea Sampler,30.25,457,2905,0.1573,Grocery,2025-01-17
P-1048,Herbal Tea Sampler,30.28,341,2403,0.1419,Grocery,2025-01-18
P-1048,Herbal Tea Sampler,29.97,323,2402,0.1345,Grocery,2025-01-19
P-1048,Herbal Tea Sampler,29.5,308,2640,0.1167,Grocery,2025-01-20
P-1048,Herbal Tea Sampler,29.06,368,2963,0.1242,Grocery,2025-01-21
P-1048,Herbal Tea Sampler,29.26,345,2752,0.1254,Grocery,2025-01-22
P-1048,Herbal Tea Sampler,33.7,199,1772,0.1123,Grocery,2025-01-23
P-1048,Herbal Tea Sampler,31.43,230,1852,0.1242,Grocery,2025-01-24
P-1048,Herbal Tea Sampler,31.05,248,2282,0.1087,Grocery,2025-01-25
P-1048,Herbal Tea Sampler,31.65,341,2803,0.1217,Grocery,2025-01-26
P-1048,Herbal Tea Sampler,30.92,264,2078,0.127,Grocery,2025-01-27
P-1048,Herbal Tea Sampler,32.69,352,2741,0.1284,Grocery,2025-01-28
P-1048,Herbal Tea Sampler,31.93,377,3309,0.1139,Grocery,2025-01-29
P-1048,Herbal Tea Sampler,32.14,299,2351,0.1272,Grocery,2025-01-30
P-1048,Herbal Tea Sampler,28.5,263,2082,0.1263,Grocery,2025-01-31
P-1048,Herbal Tea Sampler,29.53,425,2984,0.1424,Grocery,2025-02-01
P-1048,Herbal Tea Sampler,29,454,3138,0.1447,Grocery,2025-02-02
P-1048,Herbal Tea Sampler,29.27,288,2402,0.1199,Grocery,2025-02-03
P-1048,Herbal Tea Sampler,28.67,312,2311,0.135,Grocery,2025-02-04
P-1048,Herbal Tea Sampler,29.23,215,1967,0.1093,Grocery,2025-02-05
P-1048,Herbal Tea Sampler,28.21,276,1983,0.1392,Grocery,2025-02-06
P-1048,Herbal Tea Sampler,28.91,411,2864,0.1435,Grocery,2025-02-07
P-1048,Herbal Tea Sampler,27.93,335,2223,0.1507,Grocery,2025-02-08
P-1048,Herbal Tea Sampler,28.74,267,2159,0.1237,Grocery,2025-02-09
P-1048,Herbal Tea Sampler,27.64,237,2057,0.1152,Grocery,2025-02-10
P-1048,Herbal Tea Sampler,28.22,342,2774,0.1233,Grocery,2025-02-11
P-1048,Herbal Tea Sampler,29.37,268,2258,0.1187,Grocery,2025-02-12
P-1048,Herbal Tea Sampler,30.2,188,1669,0.1126,Grocery,2025-02-13
P-1048,Herbal Tea Sampler,27.94,282,2183,0.1292,Grocery,2025-02-14
P-1048,Herbal Tea Sampler,23.94,380,2230,0.1704,Grocery,2025-02-15
P-1048,Herbal Tea Sampler,24.71,340,2450,0.1388,Grocery,2025-02-16
P-1048,Herbal Tea Sampler,24.1,408,2221,0.1837,Grocery,2025-02-17
P-1048,Herbal Tea Sampler,22.04,285,1896,0.1503,Grocery,2025-02-18
P-1048,Herbal Tea Sampler,23.89,335,2455,0.1365,Grocery,2025-02-19
P-1048,Herbal Tea Sampler,25.51,278,1819,0.1528,Grocery,2025-02-20
P-1048,Herbal Tea Sampler,29.09,303,2248,0.1348,Grocery,2025-02-21
P-1048,Herbal Tea Sampler,28.85,317,2364,0.1341,Grocery,2025-02-22
P-1048,Herbal Tea Sampler,28.41,314,2402,0.1307,Grocery,2025-02-23
P-1048,Herbal Tea Sampler,28.17,264,2048,0.1289,Grocery,2025-02-24
P-1048,Herbal Tea Sampler,29.49,305,2174,0.1403,Grocery,2025-02-25
P-1048,Herbal Tea Sampler,29.08,368,2662,0.1382,Grocery,2025-02-26
P-1048,Herbal Tea Sampler,28.61,352,2092,0.1683,Grocery,2025-02-27
P-1048,Herbal Tea Sampler,28.64,284,2195,0.1294,Grocery,2025-02-28
P-1048,Herbal Tea Sampler,29.29,463,3031,0.1528,Grocery,2025-03-01
P-1048,Herbal Tea Sampler,29.15,297,2321,0.128,Grocery,2025-03-02
P-1048,Herbal Tea Sampler,28.8,413,2878,0.1435,Grocery,2025-03-03
P-1048,Herbal Tea Sampler,28.53,321,2116,0.1517,Grocery,2025-03-04
P-1048,Herbal Tea Sampler,29.02,347,2491,0.1393,Grocery,2025-03-05
P-1048,Herbal Tea Sampler,29.76,265,2040,0.1299,Grocery,2025-03-06
P-1048,Herbal Tea Sampler,29.18,404,2793,0.1446,Grocery,2025-03-07
P-1048,Herbal Tea Sampler,29.08,351,2514,0.1396,Grocery,2025-03-08
P-1048,Herbal Tea Sampler,29.68,358,2226,0.1608,Grocery,2025-03-09
P-1048,Herbal Tea Sampler,31.16,249,1807,0.1378,Grocery,2025-03-10
P-1048,Herbal Tea Sampler,29.7,209,1647,0.1269,Grocery,2025-03-11
P-1048,Herbal Tea Sampler,31.57,329,2185,0.1506,Grocery,2025-03-12
P-1048,Herbal Tea Sampler,29.93,246,1873,0.1313,Grocery,2025-03-13
P-1048,Herbal Tea Sampler,30.51,224,1639,0.1367,Grocery,2025-03-14
P-1048,Herbal Tea Sampler,30.02,434,2545,0.1705,Grocery,2025-03-15
P-1048,Herbal Tea Sampler,30.76,312,2440,0.1279,Grocery,2025-03-16
P-1048,Herbal Tea Sampler,30.44,306,2052,0.1491,Grocery,2025-03-17
P-1048,Herbal Tea Sampler,30.15,293,1775,0.1651,Grocery,2025-03-18
P-1048,Herbal Tea Sampler,30.42,326,1967,0.1657,Grocery,2025-03-19
P-1048,Herbal Tea Sampler,29.71,200,1526,0.1311,Grocery,2025-03-20
P-1048,Herbal Tea Sampler,30.87,388,2644,0.1467,Grocery,2025-03-21
P-1048,Herbal Tea Sampler,31.55,393,2828,0.139,Grocery,2025-03-22
P-1048,Herbal Tea Sampler,30.55,433,2819,0.1536,Grocery,2025-03-23
P-1048,Herbal Tea Sampler,31.32,289,2092,0.1381,Grocery,2025-03-24
P-1048,Herbal Tea Sampler,31.03,390,2525,0.1545,Grocery,2025-03-25
P-1048,Herbal Tea Sampler,29.87,289,2164,0.1335,Grocery,2025-03-26
P-1048,Herbal Tea Sampler,30.65,216,1458,0.1481,Grocery,2025-03-27
P-1048,Herbal Tea Sampler,29.94,302,2361,0.1279,Grocery,2025-03-28
P-1048,Herbal Tea Sampler,30.61,394,2767,0.1424,Grocery,2025-03-29
P-1048,Herbal Tea Sampler,27.45,305,1985,0.1537,Grocery,2025-03-30
P-1048,Herbal Tea Sampler,27.92,456,2637,0.1729,Grocery,2025-03-31
P-1048,Herbal Tea Sampler,27.54,412,2725,0.1512,Grocery,2025-04-01
P-1048,Herbal Tea Sampler,31.19,323,2657,0.1216,Grocery,2025-04-02
P-1048,Herbal Tea Sampler,28.56,356,2602,0.1368,Grocery,2025-04-03
P-1048,Herbal Tea Sampler,28.39,444,2551,0.174,Grocery,2025-04-04
P-1048,Herbal Tea Sampler,33.69,338,2503,0.135,Grocery,2025-04-05
P-1048,Herbal Tea Sampler,32.35,392,2825,0.1388,Grocery,2025-04-06
P-1048,Herbal Tea Sampler,34.72,368,2493,0.1476,Grocery,2025-04-07
P-1048,Herbal Tea Sampler,30.05,283,2226,0.1271,Grocery,2025-04-08
P-1048,Herbal Tea Sampler,30.78,365,2766,0.132,Grocery,2025-04-09
P-1048,Herbal Tea Sampler,29.57,339,2575,0.1317,Grocery,2025-04-10
P-1048,Herbal Tea Sampler,30.33,364,2151,0.1692,Grocery,2025-04-11
P-1048,Herbal Tea Sampler,29.97,333,2172,0.1533,Grocery,2025-04-12
P-1048,Herbal Tea Sampler,30.12,427,2769,0.1542,Grocery,2025-04-13
P-1048,Herbal Tea Sampler,29.65,329,2047,0.1607,Grocery,2025-04-14
P-1048,Herbal Tea Sampler,29.7,408,2657,0.1536,Grocery,2025-04-15
P-1048,Herbal Tea Sampler,29.04,318,2312,0.1375,Grocery,2025-04-16
P-1048,Herbal Tea Sampler,29.99,330,1934,0.1706,Grocery,2025-04-17
P-1048,Herbal Tea Sampler,30.31,326,2391,0.1363,Grocery,2025-04-18
P-1048,Herbal Tea Sampler,29.94,405,2850,0.1421,Grocery,2025-04-19
P-1048,Herbal Tea Sampler,29.07,372,2269,0.1639,Grocery,2025-04-20
P-1048,Herbal Tea Sampler,29.37,393,2234,0.1759,Grocery,2025-04-21
P-1048,Herbal Tea Sampler,28.96,316,2029,0.1557,Grocery,2025-04-22
P-1048,Herbal Tea Sampler,29.61,342,2605,0.1313,Grocery,2025-04-23
P-1048,Herbal Tea Sampler,29.23,370,2191,0.1689,Grocery,2025-04-24
P-1048,Herbal Tea Sampler,28.33,297,2312,0.1285,Grocery,2025-04-25
P-1048,Herbal Tea Sampler,28.3,459,2887,0.159,Grocery,2025-04-26
P-1048,Herbal Tea Sampler,28.86,311,2275,0.1367,Grocery,2025-04-27
P-1048,Herbal Tea Sampler,28.76,422,2746,0.1537,Grocery,2025-04-28
P-1048,Herbal Tea Sampler,28.58,342,1907,0.1793,Grocery,2025-04-29
P-1048,Herbal Tea Sampler,28.82,377,2584,0.1459,Grocery,2025-04-30
P-1048,Herbal Tea Sampler,28.29,378,2536,0.1491,Grocery,2025-05-01
P-1048,Herbal Tea Sampler,28.22,519,3611,0.1437,Grocery,2025-05-02
P-1048,Herbal Tea Sampler,28.18,410,2808,0.146,Grocery,2025-05-03
P-1048,Herbal Tea Sampler,27.66,566,3637,0.1556,Grocery,2025-05-04
